#
# A fatal error has been detected by the Java Runtime Environment:
#
#  SIGSEGV (0xb) at pc=0x00007b4899a8bb29, pid=43754, tid=43780
#
# JRE version: OpenJDK Runtime Environment Temurin-17.0.15+6 (17.0.15+6) (build 17.0.15+6)
# Java VM: OpenJDK 64-Bit Server VM Temurin-17.0.15+6 (17.0.15+6, mixed mode, sharing, tiered, compressed oops, compressed class ptrs, g1 gc, linux-amd64)
# Problematic frame:
# C  [libGLdispatch.so.0+0x5b29]
#
# Core dump will be written. Default location: Core dumps may be processed with "/usr/lib/systemd/systemd-coredump %P %u %g %s %t %c %h" (or dumping to /home/tom/Documents/GitHub/OpenWorldEngine/core.43754)
#
# If you would like to submit a bug report, please visit:
#   https://github.com/adoptium/adoptium-support/issues
# The crash happened outside the Java Virtual Machine in native code.
# See problematic frame for where to report the bug.
#

---------------  S U M M A R Y ------------

Command Line: -Dfile.encoding=UTF-8 -Duser.country=GB -Duser.language=en -Duser.variant Main

Host: AMD Ryzen 3 4100 4-Core Processor, 8 cores, 15G, Nobara release 41 (Forty One)
Time: Tue Jun  3 17:50:21 2025 BST elapsed time: 0.343575 seconds (0d 0h 0m 0s)

---------------  T H R E A D  ---------------

Current thread (0x00007b48c8d3e640):  JavaThread "Thread-1" [_thread_in_native, id=43780, stack(0x00007b4898982000,0x00007b4898a82000)]

Stack: [0x00007b4898982000,0x00007b4898a82000],  sp=0x00007b4898a80588,  free space=1017k
Native frames: (J=compiled Java code, j=interpreted, Vv=VM code, C=native code)
C  [libGLdispatch.so.0+0x5b29]

Java frames: (J=compiled Java code, j=interpreted, Vv=VM code)
j  com.raylib.Raylib.LoadTexture(Ljava/lang/String;)Lcom/raylib/Raylib$Texture;+0
j  dev.spruce.game.assets.managers.TileTextureManager.<init>()V+33
j  dev.spruce.game.assets.Assets.<init>()V+9
j  dev.spruce.game.assets.Assets.getInstance()Ldev/spruce/game/assets/Assets;+10
j  dev.spruce.game.sound.SoundPlayer.run()V+0
j  java.lang.Thread.run()V+11 java.base@17.0.15
v  ~StubRoutines::call_stub

siginfo: si_signo: 11 (SIGSEGV), si_code: 1 (SEGV_MAPERR), si_addr: 0x0000000000000998

Registers:
RAX=0x0000000000000000, RBX=0x0000000000000020, RCX=0x0000000000000004, RDX=0x0000000000000020
RSP=0x00007b4898a80588, RBP=0x0000000000000001, RSI=0x0000000000000000, RDI=0x0000000000000de1
R8 =0x0000000000000001, R9 =0x0000000000000007, R10=0x00007b47fc0022d0, R11=0x8ab573225b54cd30
R12=0x00007b4898a80690, R13=0x0000000000000004, R14=0x0000000000000004, R15=0x00007b48c8d3e640
RIP=0x00007b4899a8bb29, EFLAGS=0x0000000000010246, CSGSFS=0x002b000000000033, ERR=0x0000000000000004
  TRAPNO=0x000000000000000e

XMM[0]=0x0000000000000000 0x00007b48c828cb90
XMM[1]=0x0000002000000020 0x00007b47fc002fb0
XMM[2]=0xffffffffffff0000 0x0000000000000000
XMM[3]=0xffffffffffff0000 0x0000000000000000
XMM[4]=0x0000000000000000 0x00007b47fc000090
XMM[5]=0x1680c153e04af389 0x05881fcaf6e0e80c
XMM[6]=0x00007b47fc00239c 0x00007b47fc0022d0
XMM[7]=0x2e2e2e2e2e2e2e2e 0x2e2e2e2e2e2e2e2e
XMM[8]=0x0001000600050001 0x0003000000000002
XMM[9]=0x0000000000000000 0x0000000000000000
XMM[10]=0x0000000000000000 0x3f3f3f3f3f3f3f3f
XMM[11]=0x0000000000000000 0x9999999999999999
XMM[12]=0x0000000000000000 0x2020202020202020
XMM[13]=0x0000000000000000 0x000000003acccccd
XMM[14]=0x0000000000000000 0x000000003acccccd
XMM[15]=0x0000000000000000 0x0000000000000000
  MXCSR=0x00001fa0


Register to memory mapping:

RAX=0x0 is NULL
RBX=0x0000000000000020 is an unknown value
RCX=0x0000000000000004 is an unknown value
RDX=0x0000000000000020 is an unknown value
RSP=0x00007b4898a80588 is pointing into the stack for thread: 0x00007b48c8d3e640
RBP=0x0000000000000001 is an unknown value
RSI=0x0 is NULL
RDI=0x0000000000000de1 is an unknown value
R8 =0x0000000000000001 is an unknown value
R9 =0x0000000000000007 is an unknown value
R10=0x00007b47fc0022d0 points into unknown readable memory: 0x00000007b47fc002 | 02 c0 7f b4 07 00 00 00
R11=0x8ab573225b54cd30 is an unknown value
R12=0x00007b4898a80690 is pointing into the stack for thread: 0x00007b48c8d3e640
R13=0x0000000000000004 is an unknown value
R14=0x0000000000000004 is an unknown value
R15=0x00007b48c8d3e640 is a thread


Top of Stack: (sp=0x00007b4898a80588)
0x00007b4898a80588:   00007b4899de749f 00007b4898a805e0
0x00007b4898a80598:   00007b47fc002fb0 0000000000000001
0x00007b4898a805a8:   00007b47fc002020 00007b47fc0022d0
0x00007b4898a805b8:   00007b4898a80640 00007b47fc002020
0x00007b4898a805c8:   0000002000000020 0000000000000000
0x00007b4898a805d8:   00007b47fc0022c0 00007b4898a80620
0x00007b4898a805e8:   00007b48cfd9c00e 00007b47fc002fb0
0x00007b4898a805f8:   0924943b35f86e00 0000000400000001
0x00007b4898a80608:   0000000000000020 0000000000000001
0x00007b4898a80618:   00007b4898a80690 0000000000000020
0x00007b4898a80628:   0000000000000004 00007b48c8d3e640
0x00007b4898a80638:   00007b4899ea9ffd 00007b47fc002020
0x00007b4898a80648:   00007b4898a80750 00007b47fc002020
0x00007b4898a80658:   00007b484742eb40 00007b4898a807d0
0x00007b4898a80668:   00007b4899eaa057 00007b47fc002fb0
0x00007b4898a80678:   0000002000000020 0000000400000001
0x00007b4898a80688:   00007b4899eaa037 0000000000000000
0x00007b4898a80698:   0000000000000000 00007b4800000000
0x00007b4898a806a8:   0000000000000014 00007b47fc002fb0
0x00007b4898a806b8:   0000002000000020 0000000400000001
0x00007b4898a806c8:   0924943b35f86e00 0000000000000000
0x00007b4898a806d8:   00007b4899cd88cf 00007b48c8d3e640
0x00007b4898a806e8:   00007b4898a807d0 00007b4898a807c0
0x00007b4898a806f8:   00007b48c8d3e8f0 0000000000000000
0x00007b4898a80708:   0000000000000000 00007b47fc001ff0
0x00007b4898a80718:   00007b48c8d3e640 00007b4898a80750
0x00007b4898a80728:   00007b484742eb48 0000000000000000
0x00007b4898a80738:   0924943b35f86e00 00007b484742eb48
0x00007b4898a80748:   0000000000000000 00007b4898a807b0
0x00007b4898a80758:   00007b48b87445da 00007b48b8744316
0x00007b4898a80768:   00007b4898a80768 00007b484742eb40
0x00007b4898a80778:   00007b4898a807d0 00007b4847459558 

Instructions: (pc=0x00007b4899a8bb29)
0x00007b4899a8ba29:   ff a0 f0 2e 00 00 41 ff a3 88 02 00 00 66 2e 0f
0x00007b4899a8ba39:   1f 84 00 00 00 00 00 64 48 8b 04 25 10 ff ff ff
0x00007b4899a8ba49:   ff a0 70 16 00 00 41 ff a3 90 02 00 00 66 2e 0f
0x00007b4899a8ba59:   1f 84 00 00 00 00 00 64 48 8b 04 25 10 ff ff ff
0x00007b4899a8ba69:   ff a0 20 2f 00 00 41 ff a3 98 02 00 00 66 2e 0f
0x00007b4899a8ba79:   1f 84 00 00 00 00 00 64 48 8b 04 25 10 ff ff ff
0x00007b4899a8ba89:   ff a0 70 16 00 00 41 ff a3 a0 02 00 00 66 2e 0f
0x00007b4899a8ba99:   1f 84 00 00 00 00 00 64 48 8b 04 25 10 ff ff ff
0x00007b4899a8baa9:   ff a0 e0 18 00 00 41 ff a3 a8 02 00 00 66 2e 0f
0x00007b4899a8bab9:   1f 84 00 00 00 00 00 64 48 8b 04 25 10 ff ff ff
0x00007b4899a8bac9:   ff a0 90 1e 00 00 41 ff a3 b0 02 00 00 66 2e 0f
0x00007b4899a8bad9:   1f 84 00 00 00 00 00 64 48 8b 04 25 10 ff ff ff
0x00007b4899a8bae9:   ff a0 18 3d 00 00 41 ff a3 b8 02 00 00 66 2e 0f
0x00007b4899a8baf9:   1f 84 00 00 00 00 00 f3 0f 1e fa 48 8b 05 a5 a4
0x00007b4899a8bb09:   06 00 64 4c 8b 18 41 ff a3 c0 02 00 00 66 2e 0f
0x00007b4899a8bb19:   1f 84 00 00 00 00 00 64 48 8b 04 25 10 ff ff ff
0x00007b4899a8bb29:   ff a0 98 09 00 00 41 ff a3 c8 02 00 00 66 2e 0f
0x00007b4899a8bb39:   1f 84 00 00 00 00 00 64 48 8b 04 25 10 ff ff ff
0x00007b4899a8bb49:   ff a0 98 09 00 00 41 ff a3 d0 02 00 00 66 2e 0f
0x00007b4899a8bb59:   1f 84 00 00 00 00 00 64 48 8b 04 25 10 ff ff ff
0x00007b4899a8bb69:   ff a0 c8 20 00 00 41 ff a3 d8 02 00 00 66 2e 0f
0x00007b4899a8bb79:   1f 84 00 00 00 00 00 f3 0f 1e fa 48 8b 05 25 a4
0x00007b4899a8bb89:   06 00 64 4c 8b 18 41 ff a3 e0 02 00 00 66 2e 0f
0x00007b4899a8bb99:   1f 84 00 00 00 00 00 64 48 8b 04 25 10 ff ff ff
0x00007b4899a8bba9:   ff a0 88 1e 00 00 41 ff a3 e8 02 00 00 66 2e 0f
0x00007b4899a8bbb9:   1f 84 00 00 00 00 00 64 48 8b 04 25 10 ff ff ff
0x00007b4899a8bbc9:   ff a0 18 1a 00 00 41 ff a3 f0 02 00 00 66 2e 0f
0x00007b4899a8bbd9:   1f 84 00 00 00 00 00 64 48 8b 04 25 10 ff ff ff
0x00007b4899a8bbe9:   ff a0 88 2f 00 00 41 ff a3 f8 02 00 00 66 2e 0f
0x00007b4899a8bbf9:   1f 84 00 00 00 00 00 64 48 8b 04 25 10 ff ff ff
0x00007b4899a8bc09:   ff a0 88 2f 00 00 41 ff a3 00 03 00 00 66 2e 0f
0x00007b4899a8bc19:   1f 84 00 00 00 00 00 64 48 8b 04 25 10 ff ff ff 


Stack slot to memory mapping:
stack at sp + 0 slots: 0x00007b4899de749f: rlLoadTexture+0x000000000000004f in /home/tom/.javacpp/cache/jaylib-5.5.0-2.jar/com/raylib/linux-x86_64/libjniRaylib.so at 0x00007b4899c00000
stack at sp + 1 slots: 0x00007b4898a805e0 is pointing into the stack for thread: 0x00007b48c8d3e640
stack at sp + 2 slots: 0x00007b47fc002fb0 points into unknown readable memory: 0x6800226800226800 | 00 68 22 00 68 22 00 68
stack at sp + 3 slots: 0x0000000000000001 is an unknown value
stack at sp + 4 slots: 0x00007b47fc002020 points into unknown readable memory: 0x00000007b47fc002 | 02 c0 7f b4 07 00 00 00
stack at sp + 5 slots: 0x00007b47fc0022d0 points into unknown readable memory: 0x00000007b47fc002 | 02 c0 7f b4 07 00 00 00
stack at sp + 6 slots: 0x00007b4898a80640 is pointing into the stack for thread: 0x00007b48c8d3e640
stack at sp + 7 slots: 0x00007b47fc002020 points into unknown readable memory: 0x00000007b47fc002 | 02 c0 7f b4 07 00 00 00


---------------  P R O C E S S  ---------------

Threads class SMR info:
_java_thread_list=0x00007b48c8d3d880, length=13, elements={
0x00007b48c802a290, 0x00007b48c818d5c0, 0x00007b48c818e9a0, 0x00007b48c8193f40,
0x00007b48c81952f0, 0x00007b48c8196700, 0x00007b48c81980b0, 0x00007b48c81995e0,
0x00007b48c81a2a40, 0x00007b48c81aaac0, 0x00007b48c81add00, 0x00007b48c8279bd0,
0x00007b48c8d3e640
}

Java Threads: ( => current thread )
  0x00007b48c802a290 JavaThread "main" [_thread_in_vm, id=43756, stack(0x00007b48ce700000,0x00007b48ce800000)]
  0x00007b48c818d5c0 JavaThread "Reference Handler" daemon [_thread_blocked, id=43763, stack(0x00007b48a8cc7000,0x00007b48a8dc7000)]
  0x00007b48c818e9a0 JavaThread "Finalizer" daemon [_thread_blocked, id=43764, stack(0x00007b48a8bc6000,0x00007b48a8cc6000)]
  0x00007b48c8193f40 JavaThread "Signal Dispatcher" daemon [_thread_blocked, id=43765, stack(0x00007b48a8ac5000,0x00007b48a8bc5000)]
  0x00007b48c81952f0 JavaThread "Service Thread" daemon [_thread_blocked, id=43766, stack(0x00007b48a89c4000,0x00007b48a8ac4000)]
  0x00007b48c8196700 JavaThread "Monitor Deflation Thread" daemon [_thread_blocked, id=43767, stack(0x00007b48a88c3000,0x00007b48a89c3000)]
  0x00007b48c81980b0 JavaThread "C2 CompilerThread0" daemon [_thread_blocked, id=43768, stack(0x00007b48a87c2000,0x00007b48a88c2000)]
  0x00007b48c81995e0 JavaThread "C1 CompilerThread0" daemon [_thread_blocked, id=43769, stack(0x00007b48a86c1000,0x00007b48a87c1000)]
  0x00007b48c81a2a40 JavaThread "Sweeper thread" daemon [_thread_blocked, id=43770, stack(0x00007b48a85c0000,0x00007b48a86c0000)]
  0x00007b48c81aaac0 JavaThread "Notification Thread" daemon [_thread_blocked, id=43771, stack(0x00007b48a84bf000,0x00007b48a85bf000)]
  0x00007b48c81add00 JavaThread "Common-Cleaner" daemon [_thread_blocked, id=43773, stack(0x00007b48a82bd000,0x00007b48a83bd000)]
  0x00007b48c8279bd0 JavaThread "JavaCPP Deallocator" daemon [_thread_blocked, id=43774, stack(0x00007b4899b00000,0x00007b4899c00000)]
=>0x00007b48c8d3e640 JavaThread "Thread-1" [_thread_in_native, id=43780, stack(0x00007b4898982000,0x00007b4898a82000)]

Other Threads:
  0x00007b48c8189630 VMThread "VM Thread" [stack: 0x00007b48a8dc8000,0x00007b48a8ec8000] [id=43762]
  0x00007b48c81ac7f0 WatcherThread [stack: 0x00007b48a83be000,0x00007b48a84be000] [id=43772]
  0x00007b48c8094c80 GCTaskThread "GC Thread#0" [stack: 0x00007b48cc500000,0x00007b48cc600000] [id=43757]
  0x00007b48c80a5950 ConcurrentGCThread "G1 Main Marker" [stack: 0x00007b48cc3ff000,0x00007b48cc4ff000] [id=43758]
  0x00007b48c80a68c0 ConcurrentGCThread "G1 Conc#0" [stack: 0x00007b48cc2fe000,0x00007b48cc3fe000] [id=43759]
  0x00007b48c815a260 ConcurrentGCThread "G1 Refine#0" [stack: 0x00007b48a909b000,0x00007b48a919b000] [id=43760]
  0x00007b48c815b160 ConcurrentGCThread "G1 Service" [stack: 0x00007b48a8f9a000,0x00007b48a909a000] [id=43761]

Threads with active compile tasks:

VM state: not at safepoint (normal execution)

VM Mutex/Monitor currently owned by a thread: None

Heap address: 0x0000000709400000, size: 3948 MB, Compressed Oops mode: Zero based, Oop shift amount: 3

CDS archive(s) mapped at: [0x00007b484b000000-0x00007b484bbc9000-0x00007b484bbc9000), size 12357632, SharedBaseAddress: 0x00007b484b000000, ArchiveRelocationMode: 1.
Compressed class space mapped at: 0x00007b484c000000-0x00007b488c000000, reserved size: 1073741824
Narrow klass base: 0x00007b484b000000, Narrow klass shift: 0, Narrow klass range: 0x100000000

GC Precious Log:
 CPUs: 8 total, 8 available
 Memory: 15788M
 Large Page Support: Disabled
 NUMA Support: Disabled
 Compressed Oops: Enabled (Zero based)
 Heap Region Size: 2M
 Heap Min Capacity: 8M
 Heap Initial Capacity: 248M
 Heap Max Capacity: 3948M
 Pre-touch: Disabled
 Parallel Workers: 8
 Concurrent Workers: 2
 Concurrent Refinement Workers: 8
 Periodic GC: Disabled

Heap:
 garbage-first heap   total 258048K, used 6068K [0x0000000709400000, 0x0000000800000000)
  region size 2048K, 3 young (6144K), 0 survivors (0K)
 Metaspace       used 2686K, committed 2944K, reserved 1114112K
  class space    used 273K, committed 384K, reserved 1048576K

Heap Regions: E=young(eden), S=young(survivor), O=old, HS=humongous(starts), HC=humongous(continues), CS=collection set, F=free, OA=open archive, CA=closed archive, TAMS=top-at-mark-start (previous, next)
|   0|0x0000000709400000, 0x0000000709400000, 0x0000000709600000|  0%| F|  |TAMS 0x0000000709400000, 0x0000000709400000| Untracked 
|   1|0x0000000709600000, 0x0000000709600000, 0x0000000709800000|  0%| F|  |TAMS 0x0000000709600000, 0x0000000709600000| Untracked 
|   2|0x0000000709800000, 0x0000000709800000, 0x0000000709a00000|  0%| F|  |TAMS 0x0000000709800000, 0x0000000709800000| Untracked 
|   3|0x0000000709a00000, 0x0000000709a00000, 0x0000000709c00000|  0%| F|  |TAMS 0x0000000709a00000, 0x0000000709a00000| Untracked 
|   4|0x0000000709c00000, 0x0000000709c00000, 0x0000000709e00000|  0%| F|  |TAMS 0x0000000709c00000, 0x0000000709c00000| Untracked 
|   5|0x0000000709e00000, 0x0000000709e00000, 0x000000070a000000|  0%| F|  |TAMS 0x0000000709e00000, 0x0000000709e00000| Untracked 
|   6|0x000000070a000000, 0x000000070a000000, 0x000000070a200000|  0%| F|  |TAMS 0x000000070a000000, 0x000000070a000000| Untracked 
|   7|0x000000070a200000, 0x000000070a200000, 0x000000070a400000|  0%| F|  |TAMS 0x000000070a200000, 0x000000070a200000| Untracked 
|   8|0x000000070a400000, 0x000000070a400000, 0x000000070a600000|  0%| F|  |TAMS 0x000000070a400000, 0x000000070a400000| Untracked 
|   9|0x000000070a600000, 0x000000070a600000, 0x000000070a800000|  0%| F|  |TAMS 0x000000070a600000, 0x000000070a600000| Untracked 
|  10|0x000000070a800000, 0x000000070a800000, 0x000000070aa00000|  0%| F|  |TAMS 0x000000070a800000, 0x000000070a800000| Untracked 
|  11|0x000000070aa00000, 0x000000070aa00000, 0x000000070ac00000|  0%| F|  |TAMS 0x000000070aa00000, 0x000000070aa00000| Untracked 
|  12|0x000000070ac00000, 0x000000070ac00000, 0x000000070ae00000|  0%| F|  |TAMS 0x000000070ac00000, 0x000000070ac00000| Untracked 
|  13|0x000000070ae00000, 0x000000070ae00000, 0x000000070b000000|  0%| F|  |TAMS 0x000000070ae00000, 0x000000070ae00000| Untracked 
|  14|0x000000070b000000, 0x000000070b000000, 0x000000070b200000|  0%| F|  |TAMS 0x000000070b000000, 0x000000070b000000| Untracked 
|  15|0x000000070b200000, 0x000000070b200000, 0x000000070b400000|  0%| F|  |TAMS 0x000000070b200000, 0x000000070b200000| Untracked 
|  16|0x000000070b400000, 0x000000070b400000, 0x000000070b600000|  0%| F|  |TAMS 0x000000070b400000, 0x000000070b400000| Untracked 
|  17|0x000000070b600000, 0x000000070b600000, 0x000000070b800000|  0%| F|  |TAMS 0x000000070b600000, 0x000000070b600000| Untracked 
|  18|0x000000070b800000, 0x000000070b800000, 0x000000070ba00000|  0%| F|  |TAMS 0x000000070b800000, 0x000000070b800000| Untracked 
|  19|0x000000070ba00000, 0x000000070ba00000, 0x000000070bc00000|  0%| F|  |TAMS 0x000000070ba00000, 0x000000070ba00000| Untracked 
|  20|0x000000070bc00000, 0x000000070bc00000, 0x000000070be00000|  0%| F|  |TAMS 0x000000070bc00000, 0x000000070bc00000| Untracked 
|  21|0x000000070be00000, 0x000000070be00000, 0x000000070c000000|  0%| F|  |TAMS 0x000000070be00000, 0x000000070be00000| Untracked 
|  22|0x000000070c000000, 0x000000070c000000, 0x000000070c200000|  0%| F|  |TAMS 0x000000070c000000, 0x000000070c000000| Untracked 
|  23|0x000000070c200000, 0x000000070c200000, 0x000000070c400000|  0%| F|  |TAMS 0x000000070c200000, 0x000000070c200000| Untracked 
|  24|0x000000070c400000, 0x000000070c400000, 0x000000070c600000|  0%| F|  |TAMS 0x000000070c400000, 0x000000070c400000| Untracked 
|  25|0x000000070c600000, 0x000000070c600000, 0x000000070c800000|  0%| F|  |TAMS 0x000000070c600000, 0x000000070c600000| Untracked 
|  26|0x000000070c800000, 0x000000070c800000, 0x000000070ca00000|  0%| F|  |TAMS 0x000000070c800000, 0x000000070c800000| Untracked 
|  27|0x000000070ca00000, 0x000000070ca00000, 0x000000070cc00000|  0%| F|  |TAMS 0x000000070ca00000, 0x000000070ca00000| Untracked 
|  28|0x000000070cc00000, 0x000000070cc00000, 0x000000070ce00000|  0%| F|  |TAMS 0x000000070cc00000, 0x000000070cc00000| Untracked 
|  29|0x000000070ce00000, 0x000000070ce00000, 0x000000070d000000|  0%| F|  |TAMS 0x000000070ce00000, 0x000000070ce00000| Untracked 
|  30|0x000000070d000000, 0x000000070d000000, 0x000000070d200000|  0%| F|  |TAMS 0x000000070d000000, 0x000000070d000000| Untracked 
|  31|0x000000070d200000, 0x000000070d200000, 0x000000070d400000|  0%| F|  |TAMS 0x000000070d200000, 0x000000070d200000| Untracked 
|  32|0x000000070d400000, 0x000000070d400000, 0x000000070d600000|  0%| F|  |TAMS 0x000000070d400000, 0x000000070d400000| Untracked 
|  33|0x000000070d600000, 0x000000070d600000, 0x000000070d800000|  0%| F|  |TAMS 0x000000070d600000, 0x000000070d600000| Untracked 
|  34|0x000000070d800000, 0x000000070d800000, 0x000000070da00000|  0%| F|  |TAMS 0x000000070d800000, 0x000000070d800000| Untracked 
|  35|0x000000070da00000, 0x000000070da00000, 0x000000070dc00000|  0%| F|  |TAMS 0x000000070da00000, 0x000000070da00000| Untracked 
|  36|0x000000070dc00000, 0x000000070dc00000, 0x000000070de00000|  0%| F|  |TAMS 0x000000070dc00000, 0x000000070dc00000| Untracked 
|  37|0x000000070de00000, 0x000000070de00000, 0x000000070e000000|  0%| F|  |TAMS 0x000000070de00000, 0x000000070de00000| Untracked 
|  38|0x000000070e000000, 0x000000070e000000, 0x000000070e200000|  0%| F|  |TAMS 0x000000070e000000, 0x000000070e000000| Untracked 
|  39|0x000000070e200000, 0x000000070e200000, 0x000000070e400000|  0%| F|  |TAMS 0x000000070e200000, 0x000000070e200000| Untracked 
|  40|0x000000070e400000, 0x000000070e400000, 0x000000070e600000|  0%| F|  |TAMS 0x000000070e400000, 0x000000070e400000| Untracked 
|  41|0x000000070e600000, 0x000000070e600000, 0x000000070e800000|  0%| F|  |TAMS 0x000000070e600000, 0x000000070e600000| Untracked 
|  42|0x000000070e800000, 0x000000070e800000, 0x000000070ea00000|  0%| F|  |TAMS 0x000000070e800000, 0x000000070e800000| Untracked 
|  43|0x000000070ea00000, 0x000000070ea00000, 0x000000070ec00000|  0%| F|  |TAMS 0x000000070ea00000, 0x000000070ea00000| Untracked 
|  44|0x000000070ec00000, 0x000000070ec00000, 0x000000070ee00000|  0%| F|  |TAMS 0x000000070ec00000, 0x000000070ec00000| Untracked 
|  45|0x000000070ee00000, 0x000000070ee00000, 0x000000070f000000|  0%| F|  |TAMS 0x000000070ee00000, 0x000000070ee00000| Untracked 
|  46|0x000000070f000000, 0x000000070f000000, 0x000000070f200000|  0%| F|  |TAMS 0x000000070f000000, 0x000000070f000000| Untracked 
|  47|0x000000070f200000, 0x000000070f200000, 0x000000070f400000|  0%| F|  |TAMS 0x000000070f200000, 0x000000070f200000| Untracked 
|  48|0x000000070f400000, 0x000000070f400000, 0x000000070f600000|  0%| F|  |TAMS 0x000000070f400000, 0x000000070f400000| Untracked 
|  49|0x000000070f600000, 0x000000070f600000, 0x000000070f800000|  0%| F|  |TAMS 0x000000070f600000, 0x000000070f600000| Untracked 
|  50|0x000000070f800000, 0x000000070f800000, 0x000000070fa00000|  0%| F|  |TAMS 0x000000070f800000, 0x000000070f800000| Untracked 
|  51|0x000000070fa00000, 0x000000070fa00000, 0x000000070fc00000|  0%| F|  |TAMS 0x000000070fa00000, 0x000000070fa00000| Untracked 
|  52|0x000000070fc00000, 0x000000070fc00000, 0x000000070fe00000|  0%| F|  |TAMS 0x000000070fc00000, 0x000000070fc00000| Untracked 
|  53|0x000000070fe00000, 0x000000070fe00000, 0x0000000710000000|  0%| F|  |TAMS 0x000000070fe00000, 0x000000070fe00000| Untracked 
|  54|0x0000000710000000, 0x0000000710000000, 0x0000000710200000|  0%| F|  |TAMS 0x0000000710000000, 0x0000000710000000| Untracked 
|  55|0x0000000710200000, 0x0000000710200000, 0x0000000710400000|  0%| F|  |TAMS 0x0000000710200000, 0x0000000710200000| Untracked 
|  56|0x0000000710400000, 0x0000000710400000, 0x0000000710600000|  0%| F|  |TAMS 0x0000000710400000, 0x0000000710400000| Untracked 
|  57|0x0000000710600000, 0x0000000710600000, 0x0000000710800000|  0%| F|  |TAMS 0x0000000710600000, 0x0000000710600000| Untracked 
|  58|0x0000000710800000, 0x0000000710800000, 0x0000000710a00000|  0%| F|  |TAMS 0x0000000710800000, 0x0000000710800000| Untracked 
|  59|0x0000000710a00000, 0x0000000710a00000, 0x0000000710c00000|  0%| F|  |TAMS 0x0000000710a00000, 0x0000000710a00000| Untracked 
|  60|0x0000000710c00000, 0x0000000710c00000, 0x0000000710e00000|  0%| F|  |TAMS 0x0000000710c00000, 0x0000000710c00000| Untracked 
|  61|0x0000000710e00000, 0x0000000710e00000, 0x0000000711000000|  0%| F|  |TAMS 0x0000000710e00000, 0x0000000710e00000| Untracked 
|  62|0x0000000711000000, 0x0000000711000000, 0x0000000711200000|  0%| F|  |TAMS 0x0000000711000000, 0x0000000711000000| Untracked 
|  63|0x0000000711200000, 0x0000000711200000, 0x0000000711400000|  0%| F|  |TAMS 0x0000000711200000, 0x0000000711200000| Untracked 
|  64|0x0000000711400000, 0x0000000711400000, 0x0000000711600000|  0%| F|  |TAMS 0x0000000711400000, 0x0000000711400000| Untracked 
|  65|0x0000000711600000, 0x0000000711600000, 0x0000000711800000|  0%| F|  |TAMS 0x0000000711600000, 0x0000000711600000| Untracked 
|  66|0x0000000711800000, 0x0000000711800000, 0x0000000711a00000|  0%| F|  |TAMS 0x0000000711800000, 0x0000000711800000| Untracked 
|  67|0x0000000711a00000, 0x0000000711a00000, 0x0000000711c00000|  0%| F|  |TAMS 0x0000000711a00000, 0x0000000711a00000| Untracked 
|  68|0x0000000711c00000, 0x0000000711c00000, 0x0000000711e00000|  0%| F|  |TAMS 0x0000000711c00000, 0x0000000711c00000| Untracked 
|  69|0x0000000711e00000, 0x0000000711e00000, 0x0000000712000000|  0%| F|  |TAMS 0x0000000711e00000, 0x0000000711e00000| Untracked 
|  70|0x0000000712000000, 0x0000000712000000, 0x0000000712200000|  0%| F|  |TAMS 0x0000000712000000, 0x0000000712000000| Untracked 
|  71|0x0000000712200000, 0x0000000712200000, 0x0000000712400000|  0%| F|  |TAMS 0x0000000712200000, 0x0000000712200000| Untracked 
|  72|0x0000000712400000, 0x0000000712400000, 0x0000000712600000|  0%| F|  |TAMS 0x0000000712400000, 0x0000000712400000| Untracked 
|  73|0x0000000712600000, 0x0000000712600000, 0x0000000712800000|  0%| F|  |TAMS 0x0000000712600000, 0x0000000712600000| Untracked 
|  74|0x0000000712800000, 0x0000000712800000, 0x0000000712a00000|  0%| F|  |TAMS 0x0000000712800000, 0x0000000712800000| Untracked 
|  75|0x0000000712a00000, 0x0000000712a00000, 0x0000000712c00000|  0%| F|  |TAMS 0x0000000712a00000, 0x0000000712a00000| Untracked 
|  76|0x0000000712c00000, 0x0000000712c00000, 0x0000000712e00000|  0%| F|  |TAMS 0x0000000712c00000, 0x0000000712c00000| Untracked 
|  77|0x0000000712e00000, 0x0000000712e00000, 0x0000000713000000|  0%| F|  |TAMS 0x0000000712e00000, 0x0000000712e00000| Untracked 
|  78|0x0000000713000000, 0x0000000713000000, 0x0000000713200000|  0%| F|  |TAMS 0x0000000713000000, 0x0000000713000000| Untracked 
|  79|0x0000000713200000, 0x0000000713200000, 0x0000000713400000|  0%| F|  |TAMS 0x0000000713200000, 0x0000000713200000| Untracked 
|  80|0x0000000713400000, 0x0000000713400000, 0x0000000713600000|  0%| F|  |TAMS 0x0000000713400000, 0x0000000713400000| Untracked 
|  81|0x0000000713600000, 0x0000000713600000, 0x0000000713800000|  0%| F|  |TAMS 0x0000000713600000, 0x0000000713600000| Untracked 
|  82|0x0000000713800000, 0x0000000713800000, 0x0000000713a00000|  0%| F|  |TAMS 0x0000000713800000, 0x0000000713800000| Untracked 
|  83|0x0000000713a00000, 0x0000000713a00000, 0x0000000713c00000|  0%| F|  |TAMS 0x0000000713a00000, 0x0000000713a00000| Untracked 
|  84|0x0000000713c00000, 0x0000000713c00000, 0x0000000713e00000|  0%| F|  |TAMS 0x0000000713c00000, 0x0000000713c00000| Untracked 
|  85|0x0000000713e00000, 0x0000000713e00000, 0x0000000714000000|  0%| F|  |TAMS 0x0000000713e00000, 0x0000000713e00000| Untracked 
|  86|0x0000000714000000, 0x0000000714000000, 0x0000000714200000|  0%| F|  |TAMS 0x0000000714000000, 0x0000000714000000| Untracked 
|  87|0x0000000714200000, 0x0000000714200000, 0x0000000714400000|  0%| F|  |TAMS 0x0000000714200000, 0x0000000714200000| Untracked 
|  88|0x0000000714400000, 0x0000000714400000, 0x0000000714600000|  0%| F|  |TAMS 0x0000000714400000, 0x0000000714400000| Untracked 
|  89|0x0000000714600000, 0x0000000714600000, 0x0000000714800000|  0%| F|  |TAMS 0x0000000714600000, 0x0000000714600000| Untracked 
|  90|0x0000000714800000, 0x0000000714800000, 0x0000000714a00000|  0%| F|  |TAMS 0x0000000714800000, 0x0000000714800000| Untracked 
|  91|0x0000000714a00000, 0x0000000714a00000, 0x0000000714c00000|  0%| F|  |TAMS 0x0000000714a00000, 0x0000000714a00000| Untracked 
|  92|0x0000000714c00000, 0x0000000714c00000, 0x0000000714e00000|  0%| F|  |TAMS 0x0000000714c00000, 0x0000000714c00000| Untracked 
|  93|0x0000000714e00000, 0x0000000714e00000, 0x0000000715000000|  0%| F|  |TAMS 0x0000000714e00000, 0x0000000714e00000| Untracked 
|  94|0x0000000715000000, 0x0000000715000000, 0x0000000715200000|  0%| F|  |TAMS 0x0000000715000000, 0x0000000715000000| Untracked 
|  95|0x0000000715200000, 0x0000000715200000, 0x0000000715400000|  0%| F|  |TAMS 0x0000000715200000, 0x0000000715200000| Untracked 
|  96|0x0000000715400000, 0x0000000715400000, 0x0000000715600000|  0%| F|  |TAMS 0x0000000715400000, 0x0000000715400000| Untracked 
|  97|0x0000000715600000, 0x0000000715600000, 0x0000000715800000|  0%| F|  |TAMS 0x0000000715600000, 0x0000000715600000| Untracked 
|  98|0x0000000715800000, 0x0000000715800000, 0x0000000715a00000|  0%| F|  |TAMS 0x0000000715800000, 0x0000000715800000| Untracked 
|  99|0x0000000715a00000, 0x0000000715a00000, 0x0000000715c00000|  0%| F|  |TAMS 0x0000000715a00000, 0x0000000715a00000| Untracked 
| 100|0x0000000715c00000, 0x0000000715c00000, 0x0000000715e00000|  0%| F|  |TAMS 0x0000000715c00000, 0x0000000715c00000| Untracked 
| 101|0x0000000715e00000, 0x0000000715e00000, 0x0000000716000000|  0%| F|  |TAMS 0x0000000715e00000, 0x0000000715e00000| Untracked 
| 102|0x0000000716000000, 0x0000000716000000, 0x0000000716200000|  0%| F|  |TAMS 0x0000000716000000, 0x0000000716000000| Untracked 
| 103|0x0000000716200000, 0x0000000716200000, 0x0000000716400000|  0%| F|  |TAMS 0x0000000716200000, 0x0000000716200000| Untracked 
| 104|0x0000000716400000, 0x0000000716400000, 0x0000000716600000|  0%| F|  |TAMS 0x0000000716400000, 0x0000000716400000| Untracked 
| 105|0x0000000716600000, 0x0000000716600000, 0x0000000716800000|  0%| F|  |TAMS 0x0000000716600000, 0x0000000716600000| Untracked 
| 106|0x0000000716800000, 0x0000000716800000, 0x0000000716a00000|  0%| F|  |TAMS 0x0000000716800000, 0x0000000716800000| Untracked 
| 107|0x0000000716a00000, 0x0000000716a00000, 0x0000000716c00000|  0%| F|  |TAMS 0x0000000716a00000, 0x0000000716a00000| Untracked 
| 108|0x0000000716c00000, 0x0000000716c00000, 0x0000000716e00000|  0%| F|  |TAMS 0x0000000716c00000, 0x0000000716c00000| Untracked 
| 109|0x0000000716e00000, 0x0000000716e00000, 0x0000000717000000|  0%| F|  |TAMS 0x0000000716e00000, 0x0000000716e00000| Untracked 
| 110|0x0000000717000000, 0x0000000717000000, 0x0000000717200000|  0%| F|  |TAMS 0x0000000717000000, 0x0000000717000000| Untracked 
| 111|0x0000000717200000, 0x0000000717200000, 0x0000000717400000|  0%| F|  |TAMS 0x0000000717200000, 0x0000000717200000| Untracked 
| 112|0x0000000717400000, 0x0000000717400000, 0x0000000717600000|  0%| F|  |TAMS 0x0000000717400000, 0x0000000717400000| Untracked 
| 113|0x0000000717600000, 0x0000000717600000, 0x0000000717800000|  0%| F|  |TAMS 0x0000000717600000, 0x0000000717600000| Untracked 
| 114|0x0000000717800000, 0x0000000717800000, 0x0000000717a00000|  0%| F|  |TAMS 0x0000000717800000, 0x0000000717800000| Untracked 
| 115|0x0000000717a00000, 0x0000000717a00000, 0x0000000717c00000|  0%| F|  |TAMS 0x0000000717a00000, 0x0000000717a00000| Untracked 
| 116|0x0000000717c00000, 0x0000000717c00000, 0x0000000717e00000|  0%| F|  |TAMS 0x0000000717c00000, 0x0000000717c00000| Untracked 
| 117|0x0000000717e00000, 0x0000000717e00000, 0x0000000718000000|  0%| F|  |TAMS 0x0000000717e00000, 0x0000000717e00000| Untracked 
| 118|0x0000000718000000, 0x0000000718000000, 0x0000000718200000|  0%| F|  |TAMS 0x0000000718000000, 0x0000000718000000| Untracked 
| 119|0x0000000718200000, 0x0000000718200000, 0x0000000718400000|  0%| F|  |TAMS 0x0000000718200000, 0x0000000718200000| Untracked 
| 120|0x0000000718400000, 0x0000000718400000, 0x0000000718600000|  0%| F|  |TAMS 0x0000000718400000, 0x0000000718400000| Untracked 
| 121|0x0000000718600000, 0x00000007187c2948, 0x0000000718800000| 88%| E|  |TAMS 0x0000000718600000, 0x0000000718600000| Complete 
| 122|0x0000000718800000, 0x0000000718a00000, 0x0000000718a00000|100%| E|CS|TAMS 0x0000000718800000, 0x0000000718800000| Complete 
| 123|0x0000000718a00000, 0x0000000718c00000, 0x0000000718c00000|100%| E|CS|TAMS 0x0000000718a00000, 0x0000000718a00000| Complete 
|1972|0x00000007ffc00000, 0x00000007ffd75000, 0x00000007ffe00000| 72%|OA|  |TAMS 0x00000007ffc00000, 0x00000007ffc00000| Untracked 
|1973|0x00000007ffe00000, 0x00000007ffe78000, 0x0000000800000000| 23%|CA|  |TAMS 0x00000007ffe00000, 0x00000007ffe00000| Untracked 

Card table byte_map: [0x00007b48ccdb6000,0x00007b48cd56c000] _byte_map_base: 0x00007b48c956c000

Marking Bits (Prev, Next): (CMBitMap*) 0x00007b48c8095710, (CMBitMap*) 0x00007b48c8095750
 Prev Bits: [0x00007b48ad450000, 0x00007b48b1200000)
 Next Bits: [0x00007b48a96a0000, 0x00007b48ad450000)

Polling page: 0x00007b48cfc2b000

Metaspace:

Usage:
  Non-class:      2.38 MB used.
      Class:    273.65 KB used.
       Both:      2.64 MB used.

Virtual space:
  Non-class space:       64.00 MB reserved,       2.50 MB (  4%) committed,  1 nodes.
      Class space:        1.00 GB reserved,     384.00 KB ( <1%) committed,  1 nodes.
             Both:        1.06 GB reserved,       2.88 MB ( <1%) committed. 

Chunk freelists:
   Non-Class:  10.97 MB
       Class:  15.60 MB
        Both:  26.57 MB

MaxMetaspaceSize: unlimited
CompressedClassSpaceSize: 1.00 GB
Initial GC threshold: 21.00 MB
Current GC threshold: 21.00 MB
CDS: on
MetaspaceReclaimPolicy: balanced
 - commit_granule_bytes: 65536.
 - commit_granule_words: 8192.
 - virtual_space_node_default_size: 8388608.
 - enlarge_chunks_in_place: 1.
 - new_chunks_are_fully_committed: 0.
 - uncommit_free_chunks: 1.
 - use_allocation_guard: 0.
 - handle_deallocations: 1.


Internal statistics:

num_allocs_failed_limit: 0.
num_arena_births: 76.
num_arena_deaths: 0.
num_vsnodes_births: 2.
num_vsnodes_deaths: 0.
num_space_committed: 46.
num_space_uncommitted: 0.
num_chunks_returned_to_freelist: 0.
num_chunks_taken_from_freelist: 142.
num_chunk_merges: 0.
num_chunk_splits: 92.
num_chunks_enlarged: 56.
num_inconsistent_stats: 0.

CodeHeap 'non-profiled nmethods': size=120028Kb used=203Kb max_used=203Kb free=119824Kb
 bounds [0x00007b48b8cc9000, 0x00007b48b8f39000, 0x00007b48c0200000]
CodeHeap 'profiled nmethods': size=120028Kb used=894Kb max_used=894Kb free=119133Kb
 bounds [0x00007b48b1200000, 0x00007b48b1470000, 0x00007b48b8737000]
CodeHeap 'non-nmethods': size=5704Kb used=1164Kb max_used=1178Kb free=4539Kb
 bounds [0x00007b48b8737000, 0x00007b48b89a7000, 0x00007b48b8cc9000]
 total_blobs=1105 nmethods=644 adapters=375
 compilation: enabled
              stopped_count=0, restarted_count=0
 full_count=0

Compilation events (20 events):
Event: 0.337 Thread 0x00007b48c81995e0  561       1       java.net.URLStreamHandler::getDefaultPort (2 bytes)
Event: 0.337 Thread 0x00007b48c81995e0 nmethod 561 0x00007b48b8cf4a10 code [0x00007b48b8cf4ba0, 0x00007b48b8cf4c70]
Event: 0.337 Thread 0x00007b48c81995e0  575       3       java.lang.invoke.MemberName$Factory::resolveOrFail (79 bytes)
Event: 0.337 Thread 0x00007b48c81995e0 nmethod 575 0x00007b48b12cad10 code [0x00007b48b12caf20, 0x00007b48b12cb5f0]
Event: 0.338 Thread 0x00007b48c81995e0  577       3       sun.invoke.util.BytecodeDescriptor::unparseSig (49 bytes)
Event: 0.338 Thread 0x00007b48c81995e0 nmethod 577 0x00007b48b12cb890 code [0x00007b48b12cbac0, 0x00007b48b12cbfe0]
Event: 0.338 Thread 0x00007b48c81995e0  578       3       sun.invoke.util.Wrapper::forBasicType (16 bytes)
Event: 0.338 Thread 0x00007b48c81995e0 nmethod 578 0x00007b48b12cc210 code [0x00007b48b12cc3c0, 0x00007b48b12cc560]
Event: 0.340 Thread 0x00007b48c81980b0 nmethod 571 0x00007b48b8cf5310 code [0x00007b48b8cf54a0, 0x00007b48b8cf59b8]
Event: 0.340 Thread 0x00007b48c81980b0  572       4       java.lang.AbstractStringBuilder::ensureCapacityInternal (39 bytes)
Event: 0.341 Thread 0x00007b48c81995e0  580       3       jdk.internal.ref.CleanerImpl::getCleanerImpl (13 bytes)
Event: 0.341 Thread 0x00007b48c81995e0 nmethod 580 0x00007b48b12cc610 code [0x00007b48b12cc7c0, 0x00007b48b12cca80]
Event: 0.341 Thread 0x00007b48c81995e0  581       3       java.lang.ref.Cleaner$1::apply (9 bytes)
Event: 0.341 Thread 0x00007b48c81995e0 nmethod 581 0x00007b48b12ccb90 code [0x00007b48b12ccd40, 0x00007b48b12ccfb0]
Event: 0.341 Thread 0x00007b48c81995e0  582       3       java.lang.ref.Cleaner$1::apply (5 bytes)
Event: 0.341 Thread 0x00007b48c81995e0 nmethod 582 0x00007b48b12cd090 code [0x00007b48b12cd220, 0x00007b48b12cd330]
Event: 0.341 Thread 0x00007b48c81995e0  584       3       java.lang.System$2::findBootstrapClassOrNull (5 bytes)
Event: 0.342 Thread 0x00007b48c81995e0 nmethod 584 0x00007b48b12cd410 code [0x00007b48b12cd5e0, 0x00007b48b12cd7f0]
Event: 0.342 Thread 0x00007b48c81995e0  585       3       java.lang.ClassLoader::findBootstrapClassOrNull (14 bytes)
Event: 0.342 Thread 0x00007b48c81995e0 nmethod 585 0x00007b48b12cd910 code [0x00007b48b12cdac0, 0x00007b48b12cdc70]

GC Heap History (0 events):
No events

Dll operation events (9 events):
Event: 0.001 Loaded shared library /home/tom/.jdks/temurin-17.0.15/lib/libjava.so
Event: 0.015 Loaded shared library /home/tom/.jdks/temurin-17.0.15/lib/libjsvml.so
Event: 0.048 Loaded shared library /home/tom/.jdks/temurin-17.0.15/lib/libnio.so
Event: 0.052 Loaded shared library /home/tom/.jdks/temurin-17.0.15/lib/libzip.so
Event: 0.081 Loaded shared library /home/tom/.jdks/temurin-17.0.15/lib/libjimage.so
Event: 0.113 Loaded shared library /usr/lib/libraylib.so.5.5.0
Event: 0.126 Loaded shared library /home/tom/.javacpp/cache/jaylib-5.5.0-2.jar/com/raylib/linux-x86_64/libjniRaylib.so
Event: 0.319 Loaded shared library /home/tom/.jdks/temurin-17.0.15/lib/libawt.so
Event: 0.321 Loaded shared library /home/tom/.jdks/temurin-17.0.15/lib/libawt_xawt.so

Deoptimization events (6 events):
Event: 0.137 Thread 0x00007b48c802a290 DEOPT PACKING pc=0x00007b48b1225fb6 sp=0x00007b48ce7fc4a0
Event: 0.137 Thread 0x00007b48c802a290 DEOPT UNPACKING pc=0x00007b48b878de2f sp=0x00007b48ce7fb8e0 mode 0
Event: 0.144 Thread 0x00007b48c802a290 DEOPT PACKING pc=0x00007b48b1206342 sp=0x00007b48ce7fc5f0
Event: 0.144 Thread 0x00007b48c802a290 DEOPT UNPACKING pc=0x00007b48b878de2f sp=0x00007b48ce7fba88 mode 0
Event: 0.335 Thread 0x00007b48c802a290 DEOPT PACKING pc=0x00007b48b122751a sp=0x00007b48ce7fda70
Event: 0.335 Thread 0x00007b48c802a290 DEOPT UNPACKING pc=0x00007b48b878de2f sp=0x00007b48ce7fcf08 mode 0

Classes loaded (20 events):
Event: 0.339 Loading class java/util/stream/SpinedBuffer done
Event: 0.339 Loading class java/util/stream/Nodes$SpinedNodeBuilder done
Event: 0.341 Loading class java/lang/NoSuchFieldError
Event: 0.341 Loading class java/lang/NoSuchFieldError done
Event: 0.341 Loading class java/lang/StrictMath
Event: 0.341 Loading class java/lang/StrictMath done
Event: 0.341 Loading class javax/sound/sampled/UnsupportedAudioFileException
Event: 0.341 Loading class javax/sound/sampled/UnsupportedAudioFileException done
Event: 0.341 Loading class javax/sound/sampled/LineUnavailableException
Event: 0.341 Loading class javax/sound/sampled/LineUnavailableException done
Event: 0.341 Loading class javax/sound/sampled/Line$Info
Event: 0.341 Loading class javax/sound/sampled/Line$Info done
Event: 0.342 Loading class javax/sound/sampled/DataLine$Info
Event: 0.342 Loading class javax/sound/sampled/DataLine$Info done
Event: 0.342 Loading class javax/sound/sampled/Control$Type
Event: 0.342 Loading class javax/sound/sampled/Control$Type done
Event: 0.342 Loading class javax/sound/sampled/FloatControl$Type
Event: 0.342 Loading class javax/sound/sampled/FloatControl$Type done
Event: 0.343 Loading class java/lang/Math$RandomNumberGeneratorHolder
Event: 0.343 Loading class java/lang/Math$RandomNumberGeneratorHolder done

Classes unloaded (0 events):
No events

Classes redefined (0 events):
No events

Internal exceptions (14 events):
Event: 0.066 Thread 0x00007b48c802a290 Exception <a 'java/lang/NoSuchMethodError'{0x0000000718ba1648}: 'int java.lang.invoke.DirectMethodHandle$Holder.invokeStaticInit(java.lang.Object, java.lang.Object, java.lang.Object, java.lang.Object)'> (0x0000000718ba1648) 
thrown [src/hotspot/share/interpreter/linkResolver.cpp, line 758]
Event: 0.068 Thread 0x00007b48c802a290 Exception <a 'java/lang/NoSuchMethodError'{0x0000000718baad90}: 'java.lang.Object java.lang.invoke.DirectMethodHandle$Holder.invokeInterface(java.lang.Object, java.lang.Object)'> (0x0000000718baad90) 
thrown [src/hotspot/share/interpreter/linkResolver.cpp, line 758]
Event: 0.069 Thread 0x00007b48c802a290 Exception <a 'java/lang/IncompatibleClassChangeError'{0x0000000718bae2e0}: Found class java.lang.Object, but interface was expected> (0x0000000718bae2e0) 
thrown [src/hotspot/share/interpreter/linkResolver.cpp, line 826]
Event: 0.069 Thread 0x00007b48c802a290 Exception <a 'java/lang/NoSuchMethodError'{0x0000000718bb1278}: 'void java.lang.invoke.DirectMethodHandle$Holder.invokeStatic(java.lang.Object, java.lang.Object)'> (0x0000000718bb1278) 
thrown [src/hotspot/share/interpreter/linkResolver.cpp, line 758]
Event: 0.070 Thread 0x00007b48c802a290 Exception <a 'java/lang/NoSuchMethodError'{0x0000000718bb48e8}: 'void java.lang.invoke.DirectMethodHandle$Holder.invokeStaticInit(java.lang.Object, java.lang.Object)'> (0x0000000718bb48e8) 
thrown [src/hotspot/share/interpreter/linkResolver.cpp, line 758]
Event: 0.071 Thread 0x00007b48c802a290 Exception <a 'java/lang/NoSuchMethodError'{0x0000000718bbaac8}: 'int java.lang.invoke.DirectMethodHandle$Holder.invokeStaticInit(java.lang.Object, java.lang.Object)'> (0x0000000718bbaac8) 
thrown [src/hotspot/share/interpreter/linkResolver.cpp, line 758]
Event: 0.124 Thread 0x00007b48c802a290 Exception <a 'java/lang/NoSuchMethodError'{0x000000071891d7c0}: 'java.lang.Object java.lang.invoke.DirectMethodHandle$Holder.invokeStatic(java.lang.Object, int, java.lang.Object)'> (0x000000071891d7c0) 
thrown [src/hotspot/share/interpreter/linkResolver.cpp, line 758]
Event: 0.314 Thread 0x00007b48c802a290 Exception <a 'java/lang/ClassNotFoundException'{0x000000071864b098}: sun/awt/resources/spi/awtProvider> (0x000000071864b098) 
thrown [src/hotspot/share/classfile/systemDictionary.cpp, line 256]
Event: 0.327 Thread 0x00007b48c802a290 Exception <a 'java/io/FileNotFoundException'{0x0000000718686840}> (0x0000000718686840) 
thrown [src/hotspot/share/prims/jni.cpp, line 516]
Event: 0.332 Thread 0x00007b48c802a290 Exception <a 'java/io/FileNotFoundException'{0x00000007186b3510}> (0x00000007186b3510) 
thrown [src/hotspot/share/prims/jni.cpp, line 516]
Event: 0.336 Thread 0x00007b48c802a290 Exception <a 'java/lang/NoSuchMethodError'{0x00000007186d25d0}: 'double java.lang.invoke.DirectMethodHandle$Holder.invokeStatic(java.lang.Object, java.lang.Object)'> (0x00000007186d25d0) 
thrown [src/hotspot/share/interpreter/linkResolver.cpp, line 758]
Event: 0.336 Thread 0x00007b48c802a290 Exception <a 'java/lang/NoSuchMethodError'{0x00000007186d94b8}: 'java.lang.Object java.lang.invoke.Invokers$Holder.invokeExact_MT(java.lang.Object, java.lang.Object, java.lang.Object, java.lang.Object, java.lang.Object, java.lang.Object)'> (0x00000007186d94b8) 
thrown [src/hotspot/share/interpreter/linkResolver.cpp, line 758]
Event: 0.337 Thread 0x00007b48c802a290 Exception <a 'java/lang/NoSuchMethodError'{0x00000007186e1cb8}: 'int java.lang.invoke.DirectMethodHandle$Holder.invokeSpecial(java.lang.Object, java.lang.Object, java.lang.Object)'> (0x00000007186e1cb8) 
thrown [src/hotspot/share/interpreter/linkResolver.cpp, line 758]
Event: 0.342 Thread 0x00007b48c802a290 Exception <a 'java/lang/NoSuchMethodError'{0x00000007186f5968}: 'void java.lang.invoke.DirectMethodHandle$Holder.invokeStatic(java.lang.Object, java.lang.Object, java.lang.Object)'> (0x00000007186f5968) 
thrown [src/hotspot/share/interpreter/linkResolver.cpp, line 758]

VM Operations (0 events):
No events

Memory protections (13 events):
Event: 0.001 Protecting memory [0x00007b48ce700000,0x00007b48ce704000] with protection modes 0
Event: 0.017 Protecting memory [0x00007b48a8cc7000,0x00007b48a8ccb000] with protection modes 0
Event: 0.017 Protecting memory [0x00007b48a8bc6000,0x00007b48a8bca000] with protection modes 0
Event: 0.019 Protecting memory [0x00007b48a8ac5000,0x00007b48a8ac9000] with protection modes 0
Event: 0.019 Protecting memory [0x00007b48a89c4000,0x00007b48a89c8000] with protection modes 0
Event: 0.019 Protecting memory [0x00007b48a88c3000,0x00007b48a88c7000] with protection modes 0
Event: 0.019 Protecting memory [0x00007b48a87c2000,0x00007b48a87c6000] with protection modes 0
Event: 0.019 Protecting memory [0x00007b48a86c1000,0x00007b48a86c5000] with protection modes 0
Event: 0.019 Protecting memory [0x00007b48a85c0000,0x00007b48a85c4000] with protection modes 0
Event: 0.022 Protecting memory [0x00007b48a84bf000,0x00007b48a84c3000] with protection modes 0
Event: 0.023 Protecting memory [0x00007b48a82bd000,0x00007b48a82c1000] with protection modes 0
Event: 0.132 Protecting memory [0x00007b4899b00000,0x00007b4899b04000] with protection modes 0
Event: 0.342 Protecting memory [0x00007b4898982000,0x00007b4898986000] with protection modes 0

Nmethod flushes (0 events):
No events

Events (13 events):
Event: 0.015 Thread 0x00007b48c802a290 Thread added: 0x00007b48c802a290
Event: 0.017 Thread 0x00007b48c802a290 Thread added: 0x00007b48c818d5c0
Event: 0.017 Thread 0x00007b48c802a290 Thread added: 0x00007b48c818e9a0
Event: 0.019 Thread 0x00007b48c802a290 Thread added: 0x00007b48c8193f40
Event: 0.019 Thread 0x00007b48c802a290 Thread added: 0x00007b48c81952f0
Event: 0.019 Thread 0x00007b48c802a290 Thread added: 0x00007b48c8196700
Event: 0.019 Thread 0x00007b48c802a290 Thread added: 0x00007b48c81980b0
Event: 0.019 Thread 0x00007b48c802a290 Thread added: 0x00007b48c81995e0
Event: 0.019 Thread 0x00007b48c802a290 Thread added: 0x00007b48c81a2a40
Event: 0.022 Thread 0x00007b48c802a290 Thread added: 0x00007b48c81aaac0
Event: 0.023 Thread 0x00007b48c802a290 Thread added: 0x00007b48c81add00
Event: 0.131 Thread 0x00007b48c802a290 Thread added: 0x00007b48c8279bd0
Event: 0.342 Thread 0x00007b48c802a290 Thread added: 0x00007b48c8d3e640


Dynamic libraries:
41520000-41522000 r-xs 00000000 00:01 62571                              /memfd:/.glXXXXXX (deleted)
4191f000-419ce000 rw-p 00000000 00:00 0 
709400000-718c00000 rw-p 00000000 00:00 0 
718c00000-7ffc00000 ---p 00000000 00:00 0 
7ffc00000-7ffd00000 rw-p 00000000 00:00 0 
7ffd00000-7ffd75000 rw-p 00c79000 00:28 1033232                          /home/tom/.jdks/temurin-17.0.15/lib/server/classes.jsa
7ffd75000-7ffe00000 rw-p 00000000 00:00 0 
7ffe00000-7ffe78000 rw-p 00c01000 00:28 1033232                          /home/tom/.jdks/temurin-17.0.15/lib/server/classes.jsa
7ffe78000-800000000 rw-p 00000000 00:00 0 
646f17445000-646f17446000 r--p 00000000 00:28 1033380                    /home/tom/.jdks/temurin-17.0.15/bin/java
646f17446000-646f17447000 r-xp 00001000 00:28 1033380                    /home/tom/.jdks/temurin-17.0.15/bin/java
646f17447000-646f17448000 r--p 00002000 00:28 1033380                    /home/tom/.jdks/temurin-17.0.15/bin/java
646f17448000-646f17449000 r--p 00002000 00:28 1033380                    /home/tom/.jdks/temurin-17.0.15/bin/java
646f17449000-646f1744a000 rw-p 00003000 00:28 1033380                    /home/tom/.jdks/temurin-17.0.15/bin/java
646f1967c000-646f196c4000 rw-p 00000000 00:00 0                          [heap]
7b47fc000000-7b47fc021000 rw-p 00000000 00:00 0 
7b47fc021000-7b4800000000 ---p 00000000 00:00 0 
7b4800200000-7b4800445000 r--p 00000000 00:28 439067                     /usr/lib64/libnvidia-gpucomp.so.570.124.04
7b4800445000-7b4803021000 r-xp 00245000 00:28 439067                     /usr/lib64/libnvidia-gpucomp.so.570.124.04
7b4803021000-7b4803c75000 r--p 02e21000 00:28 439067                     /usr/lib64/libnvidia-gpucomp.so.570.124.04
7b4803c75000-7b4803de9000 r--p 03a74000 00:28 439067                     /usr/lib64/libnvidia-gpucomp.so.570.124.04
7b4803de9000-7b4803ecc000 rw-p 03be8000 00:28 439067                     /usr/lib64/libnvidia-gpucomp.so.570.124.04
7b4803ecc000-7b4803fa7000 rw-p 00000000 00:00 0 
7b4804000000-7b4804021000 rw-p 00000000 00:00 0 
7b4804021000-7b4808000000 ---p 00000000 00:00 0 
7b4808000000-7b4808021000 rw-p 00000000 00:00 0 
7b4808021000-7b480c000000 ---p 00000000 00:00 0 
7b480c000000-7b480c021000 rw-p 00000000 00:00 0 
7b480c021000-7b4810000000 ---p 00000000 00:00 0 
7b4810000000-7b4810021000 rw-p 00000000 00:00 0 
7b4810021000-7b4814000000 ---p 00000000 00:00 0 
7b4814000000-7b4814179000 rw-p 00000000 00:00 0 
7b4814179000-7b4818000000 ---p 00000000 00:00 0 
7b4818000000-7b4818021000 rw-p 00000000 00:00 0 
7b4818021000-7b481c000000 ---p 00000000 00:00 0 
7b481c000000-7b481c021000 rw-p 00000000 00:00 0 
7b481c021000-7b4820000000 ---p 00000000 00:00 0 
7b4820000000-7b48200f5000 rw-p 00000000 00:00 0 
7b48200f5000-7b4824000000 ---p 00000000 00:00 0 
7b4824000000-7b4824021000 rw-p 00000000 00:00 0 
7b4824021000-7b4828000000 ---p 00000000 00:00 0 
7b482a200000-7b4837f97000 r--p 00000000 00:28 32291                      /usr/lib/locale/locale-archive
7b4838000000-7b4838021000 rw-p 00000000 00:00 0 
7b4838021000-7b483c000000 ---p 00000000 00:00 0 
7b483c000000-7b483c021000 rw-p 00000000 00:00 0 
7b483c021000-7b4840000000 ---p 00000000 00:00 0 
7b4840000000-7b4840021000 rw-p 00000000 00:00 0 
7b4840021000-7b4844000000 ---p 00000000 00:00 0 
7b4844c00000-7b4844e53000 r-xp 00000000 00:28 439064                     /usr/lib64/libnvidia-glcore.so.570.124.04
7b4844e53000-7b4844e74000 rwxp 00253000 00:28 439064                     /usr/lib64/libnvidia-glcore.so.570.124.04
7b4844e74000-7b4845000000 r-xp 00274000 00:28 439064                     /usr/lib64/libnvidia-glcore.so.570.124.04
7b4845000000-7b4845c00000 r-xp 00400000 00:28 439064                     /usr/lib64/libnvidia-glcore.so.570.124.04
7b4845c00000-7b4846c7a000 r-xp 01000000 00:28 439064                     /usr/lib64/libnvidia-glcore.so.570.124.04
7b4846c7a000-7b4846c7b000 ---p 0207a000 00:28 439064                     /usr/lib64/libnvidia-glcore.so.570.124.04
7b4846c7b000-7b4846df0000 r--p 0207a000 00:28 439064                     /usr/lib64/libnvidia-glcore.so.570.124.04
7b4846df0000-7b4846e52000 rw-p 021ef000 00:28 439064                     /usr/lib64/libnvidia-glcore.so.570.124.04
7b4846e52000-7b4846e70000 rw-p 00000000 00:00 0 
7b4847000000-7b4847170000 rw-p 00000000 00:00 0 
7b4847170000-7b4847400000 ---p 00000000 00:00 0 
7b4847400000-7b4847510000 rw-p 00000000 00:00 0 
7b4847510000-7b484b000000 ---p 00000000 00:00 0 
7b484b000000-7b484bbc9000 rw-p 00001000 00:28 1033232                    /home/tom/.jdks/temurin-17.0.15/lib/server/classes.jsa
7b484bbc9000-7b484c000000 ---p 00000000 00:00 0 
7b484c000000-7b484c030000 rw-p 00000000 00:00 0 
7b484c030000-7b484c040000 ---p 00000000 00:00 0 
7b484c040000-7b484c070000 rw-p 00000000 00:00 0 
7b484c070000-7b488c000000 ---p 00000000 00:00 0 
7b488c000000-7b488c021000 rw-p 00000000 00:00 0 
7b488c021000-7b4890000000 ---p 00000000 00:00 0 
7b4890000000-7b4890021000 rw-p 00000000 00:00 0 
7b4890021000-7b4894000000 ---p 00000000 00:00 0 
7b4894000000-7b4894021000 rw-p 00000000 00:00 0 
7b4894021000-7b4898000000 ---p 00000000 00:00 0 
7b4898981000-7b4898982000 ---p 00000000 00:00 0 
7b4898982000-7b4898986000 ---p 00000000 00:00 0 
7b4898986000-7b4898a82000 rw-p 00000000 00:00 0 
7b4898a82000-7b4898a96000 r--p 00000000 00:28 1033186                    /home/tom/.jdks/temurin-17.0.15/lib/libawt_xawt.so
7b4898a96000-7b4898add000 r-xp 00014000 00:28 1033186                    /home/tom/.jdks/temurin-17.0.15/lib/libawt_xawt.so
7b4898add000-7b4898af5000 r--p 0005b000 00:28 1033186                    /home/tom/.jdks/temurin-17.0.15/lib/libawt_xawt.so
7b4898af5000-7b4898af6000 ---p 00073000 00:28 1033186                    /home/tom/.jdks/temurin-17.0.15/lib/libawt_xawt.so
7b4898af6000-7b4898afb000 r--p 00073000 00:28 1033186                    /home/tom/.jdks/temurin-17.0.15/lib/libawt_xawt.so
7b4898afb000-7b4898afd000 rw-p 00078000 00:28 1033186                    /home/tom/.jdks/temurin-17.0.15/lib/libawt_xawt.so
7b4898afd000-7b4898aff000 rw-p 00000000 00:00 0 
7b4898aff000-7b4898b2c000 r--p 00000000 00:28 1033206                    /home/tom/.jdks/temurin-17.0.15/lib/libawt.so
7b4898b2c000-7b4898baf000 r-xp 0002d000 00:28 1033206                    /home/tom/.jdks/temurin-17.0.15/lib/libawt.so
7b4898baf000-7b4898bbc000 r--p 000b0000 00:28 1033206                    /home/tom/.jdks/temurin-17.0.15/lib/libawt.so
7b4898bbc000-7b4898bbd000 r--p 000bc000 00:28 1033206                    /home/tom/.jdks/temurin-17.0.15/lib/libawt.so
7b4898bbd000-7b4898bc8000 rw-p 000bd000 00:28 1033206                    /home/tom/.jdks/temurin-17.0.15/lib/libawt.so
7b4898bc8000-7b4898bed000 rw-p 00000000 00:00 0 
7b4898bed000-7b4898ded000 rw-s 00000000 00:06 1025                       /dev/nvidiactl
7b4898ded000-7b4898e6d000 rw-s 00000000 00:06 1025                       /dev/nvidiactl
7b4898e6d000-7b4898f6d000 rw-s 00000000 00:06 1025                       /dev/nvidiactl
7b4898f6d000-7b4898fed000 rw-s 00000000 00:06 1025                       /dev/nvidiactl
7b4898fed000-7b4899000000 rw-s 00000000 00:06 1025                       /dev/nvidiactl
7b4899000000-7b4899022000 r-xp 00000000 00:28 439061                     /usr/lib64/libnvidia-allocator.so.570.124.04
7b4899022000-7b4899222000 ---p 00022000 00:28 439061                     /usr/lib64/libnvidia-allocator.so.570.124.04
7b4899222000-7b489922a000 r--p 00022000 00:28 439061                     /usr/lib64/libnvidia-allocator.so.570.124.04
7b489922a000-7b489922b000 rw-p 0002a000 00:28 439061                     /usr/lib64/libnvidia-allocator.so.570.124.04
7b489922b000-7b489922c000 rw-p 00000000 00:00 0 
7b489922f000-7b489926f000 rw-s 00000000 00:06 1025                       /dev/nvidiactl
7b489926f000-7b489928f000 rw-s 00000000 00:06 1025                       /dev/nvidiactl
7b489928f000-7b48992cf000 rw-s 00000000 00:06 1025                       /dev/nvidiactl
7b48992cf000-7b48992ef000 rw-s 00000000 00:06 1025                       /dev/nvidiactl
7b48992ef000-7b489936f000 rw-s 00000000 00:06 1027                       /dev/nvidia0
7b489936f000-7b48993af000 rw-s 00000000 00:06 1025                       /dev/nvidiactl
7b48993af000-7b48993b0000 r--p 00000000 00:28 57514                      /usr/lib64/libsystemd.so.0.39.0
7b48993b0000-7b489944f000 r-xp 00001000 00:28 57514                      /usr/lib64/libsystemd.so.0.39.0
7b489944f000-7b4899494000 r--p 000a0000 00:28 57514                      /usr/lib64/libsystemd.so.0.39.0
7b4899494000-7b48994a0000 r--p 000e4000 00:28 57514                      /usr/lib64/libsystemd.so.0.39.0
7b48994a0000-7b48994a1000 rw-p 000f0000 00:28 57514                      /usr/lib64/libsystemd.so.0.39.0
7b48994a1000-7b48994a2000 rw-p 00000000 00:00 0 
7b48994a2000-7b48994af000 r--p 00000000 00:28 56557                      /usr/lib64/libdbus-1.so.3.32.4
7b48994af000-7b48994e2000 r-xp 0000d000 00:28 56557                      /usr/lib64/libdbus-1.so.3.32.4
7b48994e2000-7b48994f3000 r--p 00040000 00:28 56557                      /usr/lib64/libdbus-1.so.3.32.4
7b48994f3000-7b48994f5000 r--p 00050000 00:28 56557                      /usr/lib64/libdbus-1.so.3.32.4
7b48994f5000-7b48994f6000 rw-p 00052000 00:28 56557                      /usr/lib64/libdbus-1.so.3.32.4
7b48994f6000-7b4899506000 r--p 00000000 00:28 439065                     /usr/lib64/libnvidia-glsi.so.570.124.04
7b4899506000-7b4899565000 r-xp 00010000 00:28 439065                     /usr/lib64/libnvidia-glsi.so.570.124.04
7b4899565000-7b4899582000 r--p 0006f000 00:28 439065                     /usr/lib64/libnvidia-glsi.so.570.124.04
7b4899582000-7b4899588000 r--p 0008b000 00:28 439065                     /usr/lib64/libnvidia-glsi.so.570.124.04
7b4899588000-7b4899589000 rw-p 00091000 00:28 439065                     /usr/lib64/libnvidia-glsi.so.570.124.04
7b4899589000-7b4899591000 rw-p 00000000 00:00 0 
7b4899591000-7b48995e2000 r--p 00000000 00:28 439059                     /usr/lib64/libGLX_nvidia.so.570.124.04
7b48995e2000-7b489963e000 r-xp 00051000 00:28 439059                     /usr/lib64/libGLX_nvidia.so.570.124.04
7b489963e000-7b4899673000 rwxp 000ad000 00:28 439059                     /usr/lib64/libGLX_nvidia.so.570.124.04
7b4899673000-7b4899674000 r-xp 000e2000 00:28 439059                     /usr/lib64/libGLX_nvidia.so.570.124.04
7b4899674000-7b4899694000 r--p 000e3000 00:28 439059                     /usr/lib64/libGLX_nvidia.so.570.124.04
7b4899694000-7b48996b4000 r--p 00102000 00:28 439059                     /usr/lib64/libGLX_nvidia.so.570.124.04
7b48996b4000-7b48996b9000 rw-p 00122000 00:28 439059                     /usr/lib64/libGLX_nvidia.so.570.124.04
7b48996b9000-7b48996bb000 rw-p 00000000 00:00 0 
7b48996bb000-7b48996bc000 r--p 00000000 00:28 56347                      /usr/lib64/libX11.so.6.4.0
7b48996bc000-7b4899754000 r-xp 00001000 00:28 56347                      /usr/lib64/libX11.so.6.4.0
7b4899754000-7b48997f9000 r--p 00099000 00:28 56347                      /usr/lib64/libX11.so.6.4.0
7b48997f9000-7b48997fc000 r--p 0013d000 00:28 56347                      /usr/lib64/libX11.so.6.4.0
7b48997fc000-7b4899800000 rw-p 00140000 00:28 56347                      /usr/lib64/libX11.so.6.4.0
7b4899800000-7b4899801000 r--p 00000000 00:28 57505                      /usr/lib64/libstdc++.so.6.0.33
7b4899801000-7b4899938000 r-xp 00001000 00:28 57505                      /usr/lib64/libstdc++.so.6.0.33
7b4899938000-7b4899a51000 r--p 00138000 00:28 57505                      /usr/lib64/libstdc++.so.6.0.33
7b4899a51000-7b4899a5e000 r--p 00250000 00:28 57505                      /usr/lib64/libstdc++.so.6.0.33
7b4899a5e000-7b4899a5f000 rw-p 0025d000 00:28 57505                      /usr/lib64/libstdc++.so.6.0.33
7b4899a5f000-7b4899a63000 rw-p 00000000 00:00 0 
7b4899a6a000-7b4899a6d000 rw-s 00000000 00:06 1025                       /dev/nvidiactl
7b4899a6d000-7b4899a6f000 rw-s 00000000 00:01 62571                      /memfd:/.glXXXXXX (deleted)
7b4899a6f000-7b4899a7c000 r-xp 00000000 00:28 56595                      /usr/lib64/libdrm.so.2.124.0
7b4899a7c000-7b4899a84000 r--p 0000d000 00:28 56595                      /usr/lib64/libdrm.so.2.124.0
7b4899a84000-7b4899a85000 r--p 00015000 00:28 56595                      /usr/lib64/libdrm.so.2.124.0
7b4899a85000-7b4899a86000 rw-p 00000000 00:00 0 
7b4899a86000-7b4899a88000 r--p 00000000 00:28 55912                      /usr/lib64/libGLdispatch.so.0.0.0
7b4899a88000-7b4899a8b000 r-xp 00002000 00:28 55912                      /usr/lib64/libGLdispatch.so.0.0.0
7b4899a8b000-7b4899ac6000 r-xp 00005000 00:28 55912                      /usr/lib64/libGLdispatch.so.0.0.0
7b4899ac6000-7b4899ac7000 r-xp 00040000 00:28 55912                      /usr/lib64/libGLdispatch.so.0.0.0
7b4899ac7000-7b4899ada000 r--p 00041000 00:28 55912                      /usr/lib64/libGLdispatch.so.0.0.0
7b4899ada000-7b4899af6000 r--p 00054000 00:28 55912                      /usr/lib64/libGLdispatch.so.0.0.0
7b4899af6000-7b4899af7000 rw-p 00070000 00:28 55912                      /usr/lib64/libGLdispatch.so.0.0.0
7b4899af7000-7b4899aff000 rw-p 00000000 00:00 0 
7b4899aff000-7b4899b00000 ---p 00000000 00:00 0 
7b4899b00000-7b4899b04000 ---p 00000000 00:00 0 
7b4899b04000-7b4899c00000 rw-p 00000000 00:00 0 
7b4899c00000-7b4899c6d000 r--p 00000000 00:28 441577                     /home/tom/.javacpp/cache/jaylib-5.5.0-2.jar/com/raylib/linux-x86_64/libjniRaylib.so
7b4899c6d000-7b4899ed1000 r-xp 0006d000 00:28 441577                     /home/tom/.javacpp/cache/jaylib-5.5.0-2.jar/com/raylib/linux-x86_64/libjniRaylib.so
7b4899ed1000-7b4899f63000 r--p 002d1000 00:28 441577                     /home/tom/.javacpp/cache/jaylib-5.5.0-2.jar/com/raylib/linux-x86_64/libjniRaylib.so
7b4899f63000-7b4899f64000 ---p 00363000 00:28 441577                     /home/tom/.javacpp/cache/jaylib-5.5.0-2.jar/com/raylib/linux-x86_64/libjniRaylib.so
7b4899f64000-7b4899f65000 r--p 00363000 00:28 441577                     /home/tom/.javacpp/cache/jaylib-5.5.0-2.jar/com/raylib/linux-x86_64/libjniRaylib.so
7b4899f65000-7b4899f6f000 rw-p 00364000 00:28 441577                     /home/tom/.javacpp/cache/jaylib-5.5.0-2.jar/com/raylib/linux-x86_64/libjniRaylib.so
7b4899f6f000-7b4899fa9000 rw-p 00000000 00:00 0 
7b4899faa000-7b4899fae000 rw-s 00000000 00:06 1025                       /dev/nvidiactl
7b4899fae000-7b4899fb0000 rw-s 00000000 00:06 1025                       /dev/nvidiactl
7b4899fc8000-7b4899fcc000 r-xp 00000000 00:28 56369                      /usr/lib64/libXtst.so.6.1.0
7b4899fcc000-7b4899fce000 r--p 00004000 00:28 56369                      /usr/lib64/libXtst.so.6.1.0
7b4899fce000-7b4899fcf000 r--p 00005000 00:28 56369                      /usr/lib64/libXtst.so.6.1.0
7b4899fcf000-7b4899fd0000 rw-p 00006000 00:28 56369                      /usr/lib64/libXtst.so.6.1.0
7b4899fd0000-7b4899fd4000 r-xp 00000000 00:28 57708                      /usr/lib64/libxcb-xfixes.so.0.0.0
7b4899fd4000-7b4899fd8000 r--p 00004000 00:28 57708                      /usr/lib64/libxcb-xfixes.so.0.0.0
7b4899fd8000-7b4899fd9000 r--p 00008000 00:28 57708                      /usr/lib64/libxcb-xfixes.so.0.0.0
7b4899fd9000-7b4899fda000 rw-p 00009000 00:28 57708                      /usr/lib64/libxcb-xfixes.so.0.0.0
7b4899fda000-7b4899fde000 r-xp 00000000 00:28 57705                      /usr/lib64/libxcb-sync.so.1.0.0
7b4899fde000-7b4899fe1000 r--p 00004000 00:28 57705                      /usr/lib64/libxcb-sync.so.1.0.0
7b4899fe1000-7b4899fe2000 r--p 00007000 00:28 57705                      /usr/lib64/libxcb-sync.so.1.0.0
7b4899fe2000-7b4899fe3000 rw-p 00008000 00:28 57705                      /usr/lib64/libxcb-sync.so.1.0.0
7b4899fe3000-7b4899fed000 r-xp 00000000 00:28 57692                      /usr/lib64/libxcb-glx.so.0.0.0
7b4899fed000-7b4899ffd000 r--p 0000a000 00:28 57692                      /usr/lib64/libxcb-glx.so.0.0.0
7b4899ffd000-7b4899fff000 r--p 0001a000 00:28 57692                      /usr/lib64/libxcb-glx.so.0.0.0
7b4899fff000-7b489a000000 rw-p 0001c000 00:28 57692                      /usr/lib64/libxcb-glx.so.0.0.0
7b489a000000-7b489c021000 rw-p 00000000 00:00 0 
7b489c021000-7b48a0000000 ---p 00000000 00:00 0 
7b48a0000000-7b48a0021000 rw-p 00000000 00:00 0 
7b48a0021000-7b48a4000000 ---p 00000000 00:00 0 
7b48a4000000-7b48a4021000 rw-p 00000000 00:00 0 
7b48a4021000-7b48a8000000 ---p 00000000 00:00 0 
7b48a8001000-7b48a8003000 r-xp 00000000 00:28 57696                      /usr/lib64/libxcb-present.so.0.0.0
7b48a8003000-7b48a8005000 r--p 00002000 00:28 57696                      /usr/lib64/libxcb-present.so.0.0.0
7b48a8005000-7b48a8006000 r--p 00003000 00:28 57696                      /usr/lib64/libxcb-present.so.0.0.0
7b48a8006000-7b48a8007000 rw-p 00004000 00:28 57696                      /usr/lib64/libxcb-present.so.0.0.0
7b48a8007000-7b48a800a000 r-xp 00000000 00:28 57690                      /usr/lib64/libxcb-dri3.so.0.1.0
7b48a800a000-7b48a800c000 r--p 00003000 00:28 57690                      /usr/lib64/libxcb-dri3.so.0.1.0
7b48a800c000-7b48a800d000 r--p 00005000 00:28 57690                      /usr/lib64/libxcb-dri3.so.0.1.0
7b48a800d000-7b48a800e000 rw-p 00006000 00:28 57690                      /usr/lib64/libxcb-dri3.so.0.1.0
7b48a800e000-7b48a8010000 r--p 00000000 00:28 55909                      /usr/lib64/libGLX.so.0.0.0
7b48a8010000-7b48a802b000 r-xp 00002000 00:28 55909                      /usr/lib64/libGLX.so.0.0.0
7b48a802b000-7b48a802d000 r--p 0001d000 00:28 55909                      /usr/lib64/libGLX.so.0.0.0
7b48a802d000-7b48a802e000 r--p 0001f000 00:28 55909                      /usr/lib64/libGLX.so.0.0.0
7b48a802e000-7b48a802f000 rw-p 00020000 00:28 55909                      /usr/lib64/libGLX.so.0.0.0
7b48a802f000-7b48a803f000 rw-p 00000000 00:00 0 
7b48a803f000-7b48a8043000 rw-s 00000000 00:06 1025                       /dev/nvidiactl
7b48a8043000-7b48a8046000 r--p 00000000 00:28 56496                      /usr/lib64/libcap.so.2.70
7b48a8046000-7b48a804c000 r-xp 00003000 00:28 56496                      /usr/lib64/libcap.so.2.70
7b48a804c000-7b48a804e000 r--p 00009000 00:28 56496                      /usr/lib64/libcap.so.2.70
7b48a804e000-7b48a804f000 r--p 0000a000 00:28 56496                      /usr/lib64/libcap.so.2.70
7b48a804f000-7b48a8050000 rw-p 0000b000 00:28 56496                      /usr/lib64/libcap.so.2.70
7b48a8050000-7b48a8060000 rw-s 00000000 00:06 1027                       /dev/nvidia0
7b48a8060000-7b48a8061000 r--p 00000000 00:28 56346                      /usr/lib64/libX11-xcb.so.1.0.0
7b48a8061000-7b48a8062000 r-xp 00001000 00:28 56346                      /usr/lib64/libX11-xcb.so.1.0.0
7b48a8062000-7b48a8063000 r--p 00002000 00:28 56346                      /usr/lib64/libX11-xcb.so.1.0.0
7b48a8063000-7b48a8064000 r--p 00002000 00:28 56346                      /usr/lib64/libX11-xcb.so.1.0.0
7b48a8064000-7b48a8065000 rw-p 00000000 00:00 0 
7b48a8065000-7b48a8066000 r--p 00000000 00:28 56361                      /usr/lib64/libXinerama.so.1.0.0
7b48a8066000-7b48a8067000 r-xp 00001000 00:28 56361                      /usr/lib64/libXinerama.so.1.0.0
7b48a8067000-7b48a8068000 r--p 00002000 00:28 56361                      /usr/lib64/libXinerama.so.1.0.0
7b48a8068000-7b48a8069000 r--p 00002000 00:28 56361                      /usr/lib64/libXinerama.so.1.0.0
7b48a8069000-7b48a806a000 rw-p 00003000 00:28 56361                      /usr/lib64/libXinerama.so.1.0.0
7b48a806a000-7b48a806c000 r--p 00000000 00:28 56357                      /usr/lib64/libXfixes.so.3.1.0
7b48a806c000-7b48a806f000 r-xp 00002000 00:28 56357                      /usr/lib64/libXfixes.so.3.1.0
7b48a806f000-7b48a8070000 r--p 00005000 00:28 56357                      /usr/lib64/libXfixes.so.3.1.0
7b48a8070000-7b48a8071000 r--p 00005000 00:28 56357                      /usr/lib64/libXfixes.so.3.1.0
7b48a8071000-7b48a8072000 rw-p 00006000 00:28 56357                      /usr/lib64/libXfixes.so.3.1.0
7b48a8072000-7b48a807a000 r-xp 00000000 00:28 56353                      /usr/lib64/libXcursor.so.1.0.2
7b48a807a000-7b48a807e000 r--p 00008000 00:28 56353                      /usr/lib64/libXcursor.so.1.0.2
7b48a807e000-7b48a807f000 r--p 0000c000 00:28 56353                      /usr/lib64/libXcursor.so.1.0.2
7b48a807f000-7b48a8080000 rw-p 00000000 00:00 0 
7b48a8080000-7b48a8088000 r-xp 00000000 00:28 56366                      /usr/lib64/libXrender.so.1.3.0
7b48a8088000-7b48a808b000 r--p 00008000 00:28 56366                      /usr/lib64/libXrender.so.1.3.0
7b48a808b000-7b48a808c000 r--p 0000a000 00:28 56366                      /usr/lib64/libXrender.so.1.3.0
7b48a808c000-7b48a808d000 rw-p 0000b000 00:28 56366                      /usr/lib64/libXrender.so.1.3.0
7b48a808d000-7b48a808f000 r--p 00000000 00:28 56365                      /usr/lib64/libXrandr.so.2.2.0
7b48a808f000-7b48a8096000 r-xp 00002000 00:28 56365                      /usr/lib64/libXrandr.so.2.2.0
7b48a8096000-7b48a8098000 r--p 00009000 00:28 56365                      /usr/lib64/libXrandr.so.2.2.0
7b48a8098000-7b48a8099000 r--p 0000a000 00:28 56365                      /usr/lib64/libXrandr.so.2.2.0
7b48a8099000-7b48a809a000 rw-p 0000b000 00:28 56365                      /usr/lib64/libXrandr.so.2.2.0
7b48a809a000-7b48a809b000 r--p 00000000 00:28 56360                      /usr/lib64/libXi.so.6.1.0
7b48a809b000-7b48a80a7000 r-xp 00001000 00:28 56360                      /usr/lib64/libXi.so.6.1.0
7b48a80a7000-7b48a80ab000 r--p 0000d000 00:28 56360                      /usr/lib64/libXi.so.6.1.0
7b48a80ab000-7b48a80ac000 r--p 00010000 00:28 56360                      /usr/lib64/libXi.so.6.1.0
7b48a80ac000-7b48a80ad000 rw-p 00011000 00:28 56360                      /usr/lib64/libXi.so.6.1.0
7b48a80ad000-7b48a80c3000 r-xp 00000000 00:28 57716                      /usr/lib64/libxcb.so.1.1.0
7b48a80c3000-7b48a80d7000 r--p 00016000 00:28 57716                      /usr/lib64/libxcb.so.1.1.0
7b48a80d7000-7b48a80d8000 r--p 0002a000 00:28 57716                      /usr/lib64/libxcb.so.1.1.0
7b48a80d8000-7b48a80d9000 rw-p 0002b000 00:28 57716                      /usr/lib64/libxcb.so.1.1.0
7b48a80d9000-7b48a8105000 r--p 00000000 00:28 590948                     /usr/lib/libraylib.so.5.5.0
7b48a8105000-7b48a821b000 r-xp 0002c000 00:28 590948                     /usr/lib/libraylib.so.5.5.0
7b48a821b000-7b48a8284000 r--p 00142000 00:28 590948                     /usr/lib/libraylib.so.5.5.0
7b48a8284000-7b48a8288000 r--p 001aa000 00:28 590948                     /usr/lib/libraylib.so.5.5.0
7b48a8288000-7b48a828c000 rw-p 001ae000 00:28 590948                     /usr/lib/libraylib.so.5.5.0
7b48a828c000-7b48a82bc000 rw-p 00000000 00:00 0 
7b48a82bc000-7b48a82bd000 ---p 00000000 00:00 0 
7b48a82bd000-7b48a82c1000 ---p 00000000 00:00 0 
7b48a82c1000-7b48a83bd000 rw-p 00000000 00:00 0 
7b48a83bd000-7b48a83be000 ---p 00000000 00:00 0 
7b48a83be000-7b48a84be000 rw-p 00000000 00:00 0 
7b48a84be000-7b48a84bf000 ---p 00000000 00:00 0 
7b48a84bf000-7b48a84c3000 ---p 00000000 00:00 0 
7b48a84c3000-7b48a85bf000 rw-p 00000000 00:00 0 
7b48a85bf000-7b48a85c0000 ---p 00000000 00:00 0 
7b48a85c0000-7b48a85c4000 ---p 00000000 00:00 0 
7b48a85c4000-7b48a86c0000 rw-p 00000000 00:00 0 
7b48a86c0000-7b48a86c1000 ---p 00000000 00:00 0 
7b48a86c1000-7b48a86c5000 ---p 00000000 00:00 0 
7b48a86c5000-7b48a87c1000 rw-p 00000000 00:00 0 
7b48a87c1000-7b48a87c2000 ---p 00000000 00:00 0 
7b48a87c2000-7b48a87c6000 ---p 00000000 00:00 0 
7b48a87c6000-7b48a88c2000 rw-p 00000000 00:00 0 
7b48a88c2000-7b48a88c3000 ---p 00000000 00:00 0 
7b48a88c3000-7b48a88c7000 ---p 00000000 00:00 0 
7b48a88c7000-7b48a89c3000 rw-p 00000000 00:00 0 
7b48a89c3000-7b48a89c4000 ---p 00000000 00:00 0 
7b48a89c4000-7b48a89c8000 ---p 00000000 00:00 0 
7b48a89c8000-7b48a8ac4000 rw-p 00000000 00:00 0 
7b48a8ac4000-7b48a8ac5000 ---p 00000000 00:00 0 
7b48a8ac5000-7b48a8ac9000 ---p 00000000 00:00 0 
7b48a8ac9000-7b48a8bc5000 rw-p 00000000 00:00 0 
7b48a8bc5000-7b48a8bc6000 ---p 00000000 00:00 0 
7b48a8bc6000-7b48a8bca000 ---p 00000000 00:00 0 
7b48a8bca000-7b48a8cc6000 rw-p 00000000 00:00 0 
7b48a8cc6000-7b48a8cc7000 ---p 00000000 00:00 0 
7b48a8cc7000-7b48a8ccb000 ---p 00000000 00:00 0 
7b48a8ccb000-7b48a8dc7000 rw-p 00000000 00:00 0 
7b48a8dc7000-7b48a8dc8000 ---p 00000000 00:00 0 
7b48a8dc8000-7b48a8ec8000 rw-p 00000000 00:00 0 
7b48a8ec8000-7b48a8ecd000 r--p 00000000 00:28 1033213                    /home/tom/.jdks/temurin-17.0.15/lib/libjsvml.so
7b48a8ecd000-7b48a8f0e000 r-xp 00005000 00:28 1033213                    /home/tom/.jdks/temurin-17.0.15/lib/libjsvml.so
7b48a8f0e000-7b48a8f97000 r--p 00046000 00:28 1033213                    /home/tom/.jdks/temurin-17.0.15/lib/libjsvml.so
7b48a8f97000-7b48a8f98000 r--p 000ce000 00:28 1033213                    /home/tom/.jdks/temurin-17.0.15/lib/libjsvml.so
7b48a8f98000-7b48a8f99000 rw-p 000cf000 00:28 1033213                    /home/tom/.jdks/temurin-17.0.15/lib/libjsvml.so
7b48a8f99000-7b48a8f9a000 ---p 00000000 00:00 0 
7b48a8f9a000-7b48a909a000 rw-p 00000000 00:00 0 
7b48a909a000-7b48a909b000 ---p 00000000 00:00 0 
7b48a909b000-7b48a919b000 rw-p 00000000 00:00 0 
7b48a919b000-7b48a9a80000 rw-p 00000000 00:00 0 
7b48a9a80000-7b48ad440000 ---p 00000000 00:00 0 
7b48ad440000-7b48ad830000 rw-p 00000000 00:00 0 
7b48ad830000-7b48b11f0000 ---p 00000000 00:00 0 
7b48b11f0000-7b48b1200000 rw-p 00000000 00:00 0 
7b48b1200000-7b48b1470000 rwxp 00000000 00:00 0 
7b48b1470000-7b48b8737000 ---p 00000000 00:00 0 
7b48b8737000-7b48b89a7000 rwxp 00000000 00:00 0 
7b48b89a7000-7b48b8cc9000 ---p 00000000 00:00 0 
7b48b8cc9000-7b48b8f39000 rwxp 00000000 00:00 0 
7b48b8f39000-7b48c0200000 ---p 00000000 00:00 0 
7b48c0200000-7b48c7e02000 r--s 00000000 00:28 1033181                    /home/tom/.jdks/temurin-17.0.15/lib/modules
7b48c7e02000-7b48c7e06000 r--p 00000000 00:28 56356                      /usr/lib64/libXext.so.6.4.0
7b48c7e06000-7b48c7e11000 r-xp 00004000 00:28 56356                      /usr/lib64/libXext.so.6.4.0
7b48c7e11000-7b48c7e14000 r--p 0000f000 00:28 56356                      /usr/lib64/libXext.so.6.4.0
7b48c7e14000-7b48c7e15000 r--p 00011000 00:28 56356                      /usr/lib64/libXext.so.6.4.0
7b48c7e15000-7b48c7e16000 rw-p 00012000 00:28 56356                      /usr/lib64/libXext.so.6.4.0
7b48c7e16000-7b48c7e1a000 r-xp 00000000 00:28 56372                      /usr/lib64/libXxf86vm.so.1.0.0
7b48c7e1a000-7b48c7e1c000 r--p 00004000 00:28 56372                      /usr/lib64/libXxf86vm.so.1.0.0
7b48c7e1c000-7b48c7e1d000 r--p 00005000 00:28 56372                      /usr/lib64/libXxf86vm.so.1.0.0
7b48c7e1d000-7b48c7e1e000 rw-p 00006000 00:28 56372                      /usr/lib64/libXxf86vm.so.1.0.0
7b48c7e1e000-7b48c7e1f000 r--p 00000000 00:28 56712                      /usr/lib64/libgcc_s-14-20250110.so.1
7b48c7e1f000-7b48c7e43000 r-xp 00001000 00:28 56712                      /usr/lib64/libgcc_s-14-20250110.so.1
7b48c7e43000-7b48c7e4b000 r--p 00025000 00:28 56712                      /usr/lib64/libgcc_s-14-20250110.so.1
7b48c7e4b000-7b48c7e4c000 r--p 0002c000 00:28 56712                      /usr/lib64/libgcc_s-14-20250110.so.1
7b48c7e4c000-7b48c8d5b000 rw-p 00000000 00:00 0 
7b48c8d5b000-7b48cc000000 ---p 00000000 00:00 0 
7b48cc001000-7b48cc002000 r--p 00000000 00:28 56350                      /usr/lib64/libXau.so.6.0.0
7b48cc002000-7b48cc004000 r-xp 00001000 00:28 56350                      /usr/lib64/libXau.so.6.0.0
7b48cc004000-7b48cc005000 r--p 00003000 00:28 56350                      /usr/lib64/libXau.so.6.0.0
7b48cc005000-7b48cc006000 r--p 00003000 00:28 56350                      /usr/lib64/libXau.so.6.0.0
7b48cc006000-7b48cc007000 rw-p 00000000 00:00 0 
7b48cc007000-7b48cc008000 r--p 00000000 00:28 294601                     /usr/share/locale/en_GB/LC_MESSAGES/libc.mo
7b48cc008000-7b48cc00f000 r-xp 00000000 00:28 57697                      /usr/lib64/libxcb-randr.so.0.1.0
7b48cc00f000-7b48cc019000 r--p 00007000 00:28 57697                      /usr/lib64/libxcb-randr.so.0.1.0
7b48cc019000-7b48cc01a000 r--p 00011000 00:28 57697                      /usr/lib64/libxcb-randr.so.0.1.0
7b48cc01a000-7b48cc01b000 rw-p 00012000 00:28 57697                      /usr/lib64/libxcb-randr.so.0.1.0
7b48cc01b000-7b48cc01c000 r--p 00000000 00:28 439071                     /usr/lib64/libnvidia-tls.so.570.124.04
7b48cc01c000-7b48cc01e000 r-xp 00001000 00:28 439071                     /usr/lib64/libnvidia-tls.so.570.124.04
7b48cc01e000-7b48cc01f000 r--p 00003000 00:28 439071                     /usr/lib64/libnvidia-tls.so.570.124.04
7b48cc01f000-7b48cc020000 r--p 00003000 00:28 439071                     /usr/lib64/libnvidia-tls.so.570.124.04
7b48cc020000-7b48cc021000 rw-p 00004000 00:28 439071                     /usr/lib64/libnvidia-tls.so.570.124.04
7b48cc021000-7b48cc028000 r--s 00000000 00:28 60335                      /usr/lib64/gconv/gconv-modules.cache
7b48cc028000-7b48cc0c4000 rw-p 00000000 00:00 0 
7b48cc0c4000-7b48cc0c5000 rw-s 00000000 00:06 1027                       /dev/nvidia0
7b48cc0c5000-7b48cc0c7000 r--p 00000000 00:28 1033182                    /home/tom/.jdks/temurin-17.0.15/lib/libzip.so
7b48cc0c7000-7b48cc0d9000 r-xp 00002000 00:28 1033182                    /home/tom/.jdks/temurin-17.0.15/lib/libzip.so
7b48cc0d9000-7b48cc0e1000 r--p 00014000 00:28 1033182                    /home/tom/.jdks/temurin-17.0.15/lib/libzip.so
7b48cc0e1000-7b48cc0e2000 r--p 0001b000 00:28 1033182                    /home/tom/.jdks/temurin-17.0.15/lib/libzip.so
7b48cc0e2000-7b48cc0e3000 rw-p 0001c000 00:28 1033182                    /home/tom/.jdks/temurin-17.0.15/lib/libzip.so
7b48cc0e3000-7b48cc0e7000 r--p 00000000 00:28 1033226                    /home/tom/.jdks/temurin-17.0.15/lib/libnet.so
7b48cc0e7000-7b48cc0f5000 r-xp 00004000 00:28 1033226                    /home/tom/.jdks/temurin-17.0.15/lib/libnet.so
7b48cc0f5000-7b48cc0f9000 r--p 00012000 00:28 1033226                    /home/tom/.jdks/temurin-17.0.15/lib/libnet.so
7b48cc0f9000-7b48cc0fa000 r--p 00015000 00:28 1033226                    /home/tom/.jdks/temurin-17.0.15/lib/libnet.so
7b48cc0fa000-7b48cc0fb000 rw-p 00016000 00:28 1033226                    /home/tom/.jdks/temurin-17.0.15/lib/libnet.so
7b48cc0fb000-7b48cc2fd000 rw-p 00000000 00:00 0 
7b48cc2fd000-7b48cc2fe000 ---p 00000000 00:00 0 
7b48cc2fe000-7b48cc3fe000 rw-p 00000000 00:00 0 
7b48cc3fe000-7b48cc3ff000 ---p 00000000 00:00 0 
7b48cc3ff000-7b48cc4ff000 rw-p 00000000 00:00 0 
7b48cc4ff000-7b48cc500000 ---p 00000000 00:00 0 
7b48cc500000-7b48cc600000 rw-p 00000000 00:00 0 
7b48cc600000-7b48cc67c000 rw-p 00000000 00:00 0 
7b48cc67c000-7b48ccdb4000 ---p 00000000 00:00 0 
7b48ccdb4000-7b48cce32000 rw-p 00000000 00:00 0 
7b48cce32000-7b48cd56a000 ---p 00000000 00:00 0 
7b48cd56a000-7b48cd5e8000 rw-p 00000000 00:00 0 
7b48cd5e8000-7b48cdd20000 ---p 00000000 00:00 0 
7b48cdd20000-7b48ce52f000 rw-p 00000000 00:00 0 
7b48ce52f000-7b48ce615000 ---p 00000000 00:00 0 
7b48ce615000-7b48ce61a000 rw-p 00000000 00:00 0 
7b48ce61a000-7b48ce700000 ---p 00000000 00:00 0 
7b48ce700000-7b48ce704000 ---p 00000000 00:00 0 
7b48ce704000-7b48ce800000 rw-p 00000000 00:00 0 
7b48ce800000-7b48cea53000 r--p 00000000 00:28 1033234                    /home/tom/.jdks/temurin-17.0.15/lib/server/libjvm.so
7b48cea53000-7b48cf77c000 r-xp 00253000 00:28 1033234                    /home/tom/.jdks/temurin-17.0.15/lib/server/libjvm.so
7b48cf77c000-7b48cfa09000 r--p 00f7c000 00:28 1033234                    /home/tom/.jdks/temurin-17.0.15/lib/server/libjvm.so
7b48cfa09000-7b48cfa0a000 ---p 01209000 00:28 1033234                    /home/tom/.jdks/temurin-17.0.15/lib/server/libjvm.so
7b48cfa0a000-7b48cfac3000 r--p 01209000 00:28 1033234                    /home/tom/.jdks/temurin-17.0.15/lib/server/libjvm.so
7b48cfac3000-7b48cfaf8000 rw-p 012c2000 00:28 1033234                    /home/tom/.jdks/temurin-17.0.15/lib/server/libjvm.so
7b48cfaf8000-7b48cfb53000 rw-p 00000000 00:00 0 
7b48cfb53000-7b48cfb54000 rw-s 00000000 00:06 1025                       /dev/nvidiactl
7b48cfb54000-7b48cfb55000 rw-s 00000000 00:06 1025                       /dev/nvidiactl
7b48cfb55000-7b48cfb56000 r--s 00000000 00:06 1025                       /dev/nvidiactl
7b48cfb56000-7b48cfb5d000 r--p 00000000 00:28 1033235                    /home/tom/.jdks/temurin-17.0.15/lib/libnio.so
7b48cfb5d000-7b48cfb66000 r-xp 00007000 00:28 1033235                    /home/tom/.jdks/temurin-17.0.15/lib/libnio.so
7b48cfb66000-7b48cfb6a000 r--p 00010000 00:28 1033235                    /home/tom/.jdks/temurin-17.0.15/lib/libnio.so
7b48cfb6a000-7b48cfb6b000 ---p 00014000 00:28 1033235                    /home/tom/.jdks/temurin-17.0.15/lib/libnio.so
7b48cfb6b000-7b48cfb6c000 r--p 00014000 00:28 1033235                    /home/tom/.jdks/temurin-17.0.15/lib/libnio.so
7b48cfb6c000-7b48cfb6d000 rw-p 00015000 00:28 1033235                    /home/tom/.jdks/temurin-17.0.15/lib/libnio.so
7b48cfb6d000-7b48cfbf2000 rw-p 00000000 00:00 0 
7b48cfbf2000-7b48cfbf9000 ---p 00000000 00:00 0 
7b48cfbf9000-7b48cfc07000 r--p 00000000 00:28 1033185                    /home/tom/.jdks/temurin-17.0.15/lib/libjava.so
7b48cfc07000-7b48cfc19000 r-xp 0000e000 00:28 1033185                    /home/tom/.jdks/temurin-17.0.15/lib/libjava.so
7b48cfc19000-7b48cfc1f000 r--p 00020000 00:28 1033185                    /home/tom/.jdks/temurin-17.0.15/lib/libjava.so
7b48cfc1f000-7b48cfc20000 ---p 00026000 00:28 1033185                    /home/tom/.jdks/temurin-17.0.15/lib/libjava.so
7b48cfc20000-7b48cfc21000 r--p 00026000 00:28 1033185                    /home/tom/.jdks/temurin-17.0.15/lib/libjava.so
7b48cfc21000-7b48cfc22000 rw-p 00027000 00:28 1033185                    /home/tom/.jdks/temurin-17.0.15/lib/libjava.so
7b48cfc22000-7b48cfc23000 rw-p 00000000 00:00 0 
7b48cfc23000-7b48cfc2b000 rw-s 00000000 00:33 413                        /tmp/hsperfdata_tom/43754
7b48cfc2b000-7b48cfc2c000 ---p 00000000 00:00 0 
7b48cfc2c000-7b48cfc2d000 r--p 00000000 00:00 0 
7b48cfc2d000-7b48cfc2e000 r--p 00000000 00:28 57049                      /usr/lib64/libm.so.6
7b48cfc2e000-7b48cfca7000 r-xp 00001000 00:28 57049                      /usr/lib64/libm.so.6
7b48cfca7000-7b48cfd11000 r--p 0007a000 00:28 57049                      /usr/lib64/libm.so.6
7b48cfd11000-7b48cfd12000 r--p 000e3000 00:28 57049                      /usr/lib64/libm.so.6
7b48cfd12000-7b48cfd13000 rw-p 000e4000 00:28 57049                      /usr/lib64/libm.so.6
7b48cfd13000-7b48cfd14000 r--p 00000000 00:28 57426                      /usr/lib64/librt.so.1
7b48cfd14000-7b48cfd15000 r-xp 00001000 00:28 57426                      /usr/lib64/librt.so.1
7b48cfd15000-7b48cfd16000 r--p 00002000 00:28 57426                      /usr/lib64/librt.so.1
7b48cfd16000-7b48cfd17000 r--p 00002000 00:28 57426                      /usr/lib64/librt.so.1
7b48cfd17000-7b48cfd1a000 rw-p 00000000 00:00 0 
7b48cfd1a000-7b48cfd1b000 r--p 00000000 00:28 56480                      /usr/lib64/libc.so.6
7b48cfd1b000-7b48cfe8a000 r-xp 00001000 00:28 56480                      /usr/lib64/libc.so.6
7b48cfe8a000-7b48cfeff000 r--p 00170000 00:28 56480                      /usr/lib64/libc.so.6
7b48cfeff000-7b48cff03000 r--p 001e5000 00:28 56480                      /usr/lib64/libc.so.6
7b48cff03000-7b48cff05000 rw-p 001e9000 00:28 56480                      /usr/lib64/libc.so.6
7b48cff05000-7b48cff0d000 rw-p 00000000 00:00 0 
7b48cff0d000-7b48cff0e000 r--p 00000000 00:28 56581                      /usr/lib64/libdl.so.2
7b48cff0e000-7b48cff0f000 r-xp 00001000 00:28 56581                      /usr/lib64/libdl.so.2
7b48cff0f000-7b48cff10000 r--p 00002000 00:28 56581                      /usr/lib64/libdl.so.2
7b48cff10000-7b48cff11000 r--p 00002000 00:28 56581                      /usr/lib64/libdl.so.2
7b48cff11000-7b48cff12000 rw-p 00000000 00:00 0 
7b48cff12000-7b48cff13000 r--p 00000000 00:28 57375                      /usr/lib64/libpthread.so.0
7b48cff13000-7b48cff14000 r-xp 00001000 00:28 57375                      /usr/lib64/libpthread.so.0
7b48cff14000-7b48cff15000 r--p 00002000 00:28 57375                      /usr/lib64/libpthread.so.0
7b48cff15000-7b48cff16000 r--p 00002000 00:28 57375                      /usr/lib64/libpthread.so.0
7b48cff16000-7b48cff17000 rw-p 00000000 00:00 0 
7b48cff17000-7b48cff18000 ---p 00000000 00:00 0 
7b48cff18000-7b48cff1c000 r--p 00000000 00:28 1033217                    /home/tom/.jdks/temurin-17.0.15/lib/libjimage.so
7b48cff1c000-7b48cff2f000 r-xp 00004000 00:28 1033217                    /home/tom/.jdks/temurin-17.0.15/lib/libjimage.so
7b48cff2f000-7b48cff35000 r--p 00017000 00:28 1033217                    /home/tom/.jdks/temurin-17.0.15/lib/libjimage.so
7b48cff35000-7b48cff37000 r--p 0001c000 00:28 1033217                    /home/tom/.jdks/temurin-17.0.15/lib/libjimage.so
7b48cff37000-7b48cff38000 rw-p 0001e000 00:28 1033217                    /home/tom/.jdks/temurin-17.0.15/lib/libjimage.so
7b48cff38000-7b48cff3b000 r--p 00000000 00:28 1033190                    /home/tom/.jdks/temurin-17.0.15/lib/libjli.so
7b48cff3b000-7b48cff4b000 r-xp 00003000 00:28 1033190                    /home/tom/.jdks/temurin-17.0.15/lib/libjli.so
7b48cff4b000-7b48cff52000 r--p 00013000 00:28 1033190                    /home/tom/.jdks/temurin-17.0.15/lib/libjli.so
7b48cff52000-7b48cff53000 r--p 00019000 00:28 1033190                    /home/tom/.jdks/temurin-17.0.15/lib/libjli.so
7b48cff53000-7b48cff54000 rw-p 0001a000 00:28 1033190                    /home/tom/.jdks/temurin-17.0.15/lib/libjli.so
7b48cff54000-7b48cff56000 rw-p 00000000 00:00 0 
7b48cff56000-7b48cff58000 r--p 00000000 00:00 0                          [vvar]
7b48cff58000-7b48cff5a000 r--p 00000000 00:00 0                          [vvar_vclock]
7b48cff5a000-7b48cff5c000 r-xp 00000000 00:00 0                          [vdso]
7b48cff5c000-7b48cff5d000 r--p 00000000 00:28 55890                      /usr/lib64/ld-linux-x86-64.so.2
7b48cff5d000-7b48cff86000 r-xp 00001000 00:28 55890                      /usr/lib64/ld-linux-x86-64.so.2
7b48cff86000-7b48cff91000 r--p 0002a000 00:28 55890                      /usr/lib64/ld-linux-x86-64.so.2
7b48cff91000-7b48cff93000 r--p 00035000 00:28 55890                      /usr/lib64/ld-linux-x86-64.so.2
7b48cff93000-7b48cff95000 rw-p 00037000 00:28 55890                      /usr/lib64/ld-linux-x86-64.so.2
7ffdf9ce9000-7ffdf9d0a000 rw-p 00000000 00:00 0                          [stack]
ffffffffff600000-ffffffffff601000 --xp 00000000 00:00 0                  [vsyscall]


VM Arguments:
jvm_args: -Dfile.encoding=UTF-8 -Duser.country=GB -Duser.language=en -Duser.variant 
java_command: Main
java_class_path (initial): /home/tom/Documents/GitHub/OpenWorldEngine/build/classes/java/main:/home/tom/Documents/GitHub/OpenWorldEngine/build/resources/main:/home/tom/.gradle/caches/modules-2/files-2.1/uk.co.electronstudio.jaylib/jaylib/5.5.0-2/f2131af8a2b69fa2333d92510f15f0d5fab72636/jaylib-5.5.0-2.jar
Launcher Type: SUN_STANDARD

[Global flags]
     intx CICompilerCount                          = 4                                         {product} {ergonomic}
     uint ConcGCThreads                            = 2                                         {product} {ergonomic}
     uint G1ConcRefinementThreads                  = 8                                         {product} {ergonomic}
   size_t G1HeapRegionSize                         = 2097152                                   {product} {ergonomic}
    uintx GCDrainStackTargetSize                   = 64                                        {product} {ergonomic}
   size_t InitialHeapSize                          = 260046848                                 {product} {ergonomic}
   size_t MarkStackSize                            = 4194304                                   {product} {ergonomic}
   size_t MaxHeapSize                              = 4139778048                                {product} {ergonomic}
   size_t MaxNewSize                               = 2483027968                                {product} {ergonomic}
   size_t MinHeapDeltaBytes                        = 2097152                                   {product} {ergonomic}
   size_t MinHeapSize                              = 8388608                                   {product} {ergonomic}
    uintx NonNMethodCodeHeapSize                   = 5839372                                {pd product} {ergonomic}
    uintx NonProfiledCodeHeapSize                  = 122909434                              {pd product} {ergonomic}
    uintx ProfiledCodeHeapSize                     = 122909434                              {pd product} {ergonomic}
    uintx ReservedCodeCacheSize                    = 251658240                              {pd product} {ergonomic}
     bool SegmentedCodeCache                       = true                                      {product} {ergonomic}
   size_t SoftMaxHeapSize                          = 4139778048                             {manageable} {ergonomic}
     bool UseCompressedClassPointers               = true                           {product lp64_product} {ergonomic}
     bool UseCompressedOops                        = true                           {product lp64_product} {ergonomic}
     bool UseG1GC                                  = true                                      {product} {ergonomic}

Logging:
Log output configuration:
 #0: stdout all=warning uptime,level,tags
 #1: stderr all=off uptime,level,tags

Environment Variables:
PATH=/tmp/.mount_osu.Ap7R3etJ/usr/bin/:/home/tom/.local/bin:/home/tom/bin:/usr/local/bin:/usr/bin:/bin:/usr/local/sbin:/usr/sbin:/sbin:/home/tom/.dotnet/tools
SHELL=/bin/bash
DISPLAY=:0
LANG=en_GB.utf8
LC_NUMERIC=en_GB.utf8
LC_TIME=en_GB.utf8

Active Locale:
LC_ALL=en_GB.utf8
LC_COLLATE=en_GB.utf8
LC_CTYPE=en_GB.utf8
LC_MESSAGES=en_GB.utf8
LC_MONETARY=en_GB.utf8
LC_NUMERIC=en_GB.utf8
LC_TIME=en_GB.utf8

Signal Handlers:
   SIGSEGV: crash_handler in libjvm.so, mask=11100100010111111101111111111110, flags=SA_RESTART|SA_SIGINFO, unblocked
    SIGBUS: crash_handler in libjvm.so, mask=11100100010111111101111111111110, flags=SA_RESTART|SA_SIGINFO, unblocked
    SIGFPE: crash_handler in libjvm.so, mask=11100100010111111101111111111110, flags=SA_RESTART|SA_SIGINFO, unblocked
   SIGPIPE: javaSignalHandler in libjvm.so, mask=11100100010111111101111111111110, flags=SA_RESTART|SA_SIGINFO, blocked
   SIGXFSZ: javaSignalHandler in libjvm.so, mask=11100100010111111101111111111110, flags=SA_RESTART|SA_SIGINFO, blocked
    SIGILL: crash_handler in libjvm.so, mask=11100100010111111101111111111110, flags=SA_RESTART|SA_SIGINFO, unblocked
   SIGUSR2: SR_handler in libjvm.so, mask=00100000000000000000000000000000, flags=SA_RESTART|SA_SIGINFO, blocked
    SIGHUP: UserHandler in libjvm.so, mask=11100100010111111101111111111110, flags=SA_RESTART|SA_SIGINFO, blocked
    SIGINT: UserHandler in libjvm.so, mask=11100100010111111101111111111110, flags=SA_RESTART|SA_SIGINFO, blocked
   SIGTERM: UserHandler in libjvm.so, mask=11100100010111111101111111111110, flags=SA_RESTART|SA_SIGINFO, blocked
   SIGQUIT: UserHandler in libjvm.so, mask=11100100010111111101111111111110, flags=SA_RESTART|SA_SIGINFO, blocked
   SIGTRAP: crash_handler in libjvm.so, mask=11100100010111111101111111111110, flags=SA_RESTART|SA_SIGINFO, unblocked


Periodic native trim disabled


---------------  S Y S T E M  ---------------

OS:
Nobara release 41 (Forty One)
uname: Linux 6.13.5-200.nobara.fc41.x86_64 #1 SMP PREEMPT_DYNAMIC Thu Feb 27 18:52:39 UTC 2025 x86_64
OS uptime: 0 days 7:56 hours
libc: glibc 2.40 NPTL 2.40 
rlimit (soft/hard): STACK 8192k/infinity , CORE infinity/infinity , NPROC 62306/62306 , NOFILE 1048576/1048576 , AS infinity/infinity , CPU infinity/infinity , DATA infinity/infinity , FSIZE infinity/infinity , MEMLOCK 8192k/8192k
load average: 1.16 1.06 0.95

/proc/meminfo:
MemTotal:       16167600 kB
MemFree:         1886180 kB
MemAvailable:    8614756 kB
Buffers:            3608 kB
Cached:          6959260 kB
SwapCached:            0 kB
Active:          8273888 kB
Inactive:        4853280 kB
Active(anon):    6264712 kB
Inactive(anon):    17624 kB
Active(file):    2009176 kB
Inactive(file):  4835656 kB
Unevictable:         152 kB
Mlocked:             152 kB
SwapTotal:      26172312 kB
SwapFree:       26172056 kB
Zswap:                 0 kB
Zswapped:              0 kB
Dirty:              3748 kB
Writeback:             0 kB
AnonPages:       6080028 kB
Mapped:          2481312 kB
Shmem:            118044 kB
KReclaimable:     220372 kB
Slab:             428760 kB
SReclaimable:     220372 kB
SUnreclaim:       208388 kB
KernelStack:       23696 kB
PageTables:        50116 kB
SecPageTables:      5284 kB
NFS_Unstable:          0 kB
Bounce:                0 kB
WritebackTmp:          0 kB
CommitLimit:    34256112 kB
Committed_AS:   15761820 kB
VmallocTotal:   34359738367 kB
VmallocUsed:      137276 kB
VmallocChunk:          0 kB
Percpu:             8768 kB
HardwareCorrupted:     0 kB
AnonHugePages:   3106816 kB
ShmemHugePages:        0 kB
ShmemPmdMapped:        0 kB
FileHugePages:   2629632 kB
FilePmdMapped:   1183744 kB
CmaTotal:              0 kB
CmaFree:               0 kB
Unaccepted:            0 kB
HugePages_Total:       0
HugePages_Free:        0
HugePages_Rsvd:        0
HugePages_Surp:        0
Hugepagesize:       2048 kB
Hugetlb:               0 kB
DirectMap4k:     1393592 kB
DirectMap2M:    13078528 kB
DirectMap1G:     2097152 kB

/sys/kernel/mm/transparent_hugepage/enabled: [always] madvise never
/sys/kernel/mm/transparent_hugepage/hpage_pmd_size: 2097152
/sys/kernel/mm/transparent_hugepage/defrag (defrag/compaction efforts parameter): always defer [defer+madvise] madvise never

Process Memory:
Virtual Size: 7455472K (peak: 7521008K)
Resident Set Size: 163108K (peak: 163108K) (anon: 51688K, file: 111420K, shmem: 0K)
Swapped out: 0K
C-Heap outstanding allocations: 37853K, retained: 2346K
glibc malloc tunables: (default)

/proc/sys/kernel/threads-max (system-wide limit on the number of threads): 124612
/proc/sys/vm/max_map_count (maximum number of memory map areas a process may have): 16777216
/proc/sys/vm/swappiness (control to define how aggressively the kernel swaps out anonymous memory): 100
/proc/sys/kernel/pid_max (system-wide limit on number of process identifiers): 4194304

container information not found.
Steal ticks since vm start: 0
Steal ticks percentage since vm start:  0.000

CPU: total 8 (initial active 8) (8 cores per cpu, 2 threads per core) family 23 model 96 stepping 1 microcode 0x860010d, cx8, cmov, fxsr, ht, mmx, 3dnowpref, sse, sse2, sse3, ssse3, sse4a, sse4.1, sse4.2, popcnt, lzcnt, tsc, tscinvbit, avx, avx2, aes, clmul, bmi1, bmi2, adx, sha, fma, vzeroupper, clflush, clflushopt
CPU Model and flags from /proc/cpuinfo:
model name	: AMD Ryzen 3 4100 4-Core Processor
flags		: fpu vme de pse tsc msr pae mce cx8 apic sep mtrr pge mca cmov pat pse36 clflush mmx fxsr sse sse2 ht syscall nx mmxext fxsr_opt pdpe1gb rdtscp lm constant_tsc rep_good nopl xtopology nonstop_tsc cpuid extd_apicid aperfmperf rapl pni pclmulqdq monitor ssse3 fma cx16 sse4_1 sse4_2 x2apic movbe popcnt aes xsave avx f16c rdrand lahf_lm cmp_legacy svm extapic cr8_legacy abm sse4a misalignsse 3dnowprefetch osvw ibs skinit wdt tce topoext perfctr_core perfctr_nb bpext perfctr_llc mwaitx cpb cat_l3 cdp_l3 hw_pstate ssbd mba ibrs ibpb stibp vmmcall fsgsbase bmi1 avx2 smep bmi2 cqm rdt_a rdseed adx smap clflushopt clwb sha_ni xsaveopt xsavec xgetbv1 cqm_llc cqm_occup_llc cqm_mbm_total cqm_mbm_local clzero irperf xsaveerptr rdpru wbnoinvd cppc arat npt lbrv svm_lock nrip_save tsc_scale vmcb_clean flushbyasid decodeassists pausefilter pfthreshold avic v_vmsave_vmload vgif v_spec_ctrl umip rdpid overflow_recov succor smca

Online cpus: 0-7
Offline cpus: 
BIOS frequency limitation: <Not Available>
Frequency switch latency (ns): 0
Available cpu frequencies: <Not Available>
Current governor: powersave
Core performance/turbo boost: 1

Memory: 4k page, physical 16167600k(1886180k free), swap 26172312k(26172056k free)
Page Sizes: 4k

vm_info: OpenJDK 64-Bit Server VM (17.0.15+6) for linux-amd64 JRE (17.0.15+6), built on Apr 15 2025 00:00:00 by "admin" with gcc 10.3.0

END.
