#
# A fatal error has been detected by the Java Runtime Environment:
#
#  SIGSEGV (0xb) at pc=0x0000000000000000, pid=44508, tid=44514
#
# JRE version: OpenJDK Runtime Environment Temurin-17.0.15+6 (17.0.15+6) (build 17.0.15+6)
# Java VM: OpenJDK 64-Bit Server VM Temurin-17.0.15+6 (17.0.15+6, mixed mode, sharing, tiered, compressed oops, compressed class ptrs, g1 gc, linux-amd64)
# Problematic frame:
# C  [libjniRaylib.so+0x1e749f]  rlLoadTexture+0x4f
#
# Core dump will be written. Default location: Core dumps may be processed with "/usr/lib/systemd/systemd-coredump %P %u %g %s %t %c %h" (or dumping to /home/tom/Documents/GitHub/OpenWorldEngine/core.44508)
#
# If you would like to submit a bug report, please visit:
#   https://github.com/adoptium/adoptium-support/issues
# The crash happened outside the Java Virtual Machine in native code.
# See problematic frame for where to report the bug.
#

---------------  S U M M A R Y ------------

Command Line: -Dfile.encoding=UTF-8 -Duser.country=GB -Duser.language=en -Duser.variant Main

Host: AMD Ryzen 3 4100 4-Core Processor, 8 cores, 15G, Nobara release 41 (Forty One)
Time: Tue Jun  3 17:54:36 2025 BST elapsed time: 0.139748 seconds (0d 0h 0m 0s)

---------------  T H R E A D  ---------------

Current thread (0x00007951ac02a290):  JavaThread "main" [_thread_in_native, id=44514, stack(0x00007951b1900000,0x00007951b1a00000)]

Stack: [0x00007951b1900000,0x00007951b1a00000],  sp=0x00007951b19fe5a0,  free space=1017k
Native frames: (J=compiled Java code, j=interpreted, Vv=VM code, C=native code)
C  [libjniRaylib.so+0x1e749f]  rlLoadTexture+0x4f

Java frames: (J=compiled Java code, j=interpreted, Vv=VM code)
j  com.raylib.Raylib.LoadTexture(Ljava/lang/String;)Lcom/raylib/Raylib$Texture;+0
j  dev.spruce.game.assets.managers.TileTextureManager.<init>()V+33
j  dev.spruce.game.assets.Assets.<init>()V+9
j  dev.spruce.game.assets.Assets.getInstance()Ldev/spruce/game/assets/Assets;+10
j  dev.spruce.game.Game.start()V+76
j  Main.main([Ljava/lang/String;)V+9
v  ~StubRoutines::call_stub

siginfo: si_signo: 11 (SIGSEGV), si_code: 1 (SEGV_MAPERR), si_addr: 0x0000000000000000

Registers:
RAX=0x000079517d17c798, RBX=0x0000000000000020, RCX=0x0000000000000004, RDX=0x0000000000000020
RSP=0x00007951b19fe598, RBP=0x0000000000000001, RSI=0x0000000000000000, RDI=0x0000000000000de1
R8 =0x0000000000000001, R9 =0x0000000000000007, R10=0x00007951ac29c840, R11=0xaeee68e9f97d12a3
R12=0x00007951b19fe6a0, R13=0x0000000000000004, R14=0x0000000000000004, R15=0x00007951ac02a290
RIP=0x0000000000000000, EFLAGS=0x0000000000010246, CSGSFS=0x002b000000000033, ERR=0x0000000000000014
  TRAPNO=0x000000000000000e

XMM[0]=0x0000000000000000 0x00007951ac2a6140
XMM[1]=0x0000002000000020 0x00007951ac2a6150
XMM[2]=0xffffffffffff0000 0x0000000000000000
XMM[3]=0xffffffffffff0000 0x0000000000000000
XMM[4]=0x0000000000000000 0x00007951ac000090
XMM[5]=0x1680c153e04af389 0x05881fcaf6e0e80c
XMM[6]=0x00007951ac29c90c 0x00007951ac29c840
XMM[7]=0x2e2e2e2e2e2e2e2e 0x2e2e2e2e2e2e2e2e
XMM[8]=0x0001002700140041 0x1094010000010006
XMM[9]=0x0000000000000000 0x0000000000000000
XMM[10]=0x0000000000000000 0x3f3f3f3f3f3f3f3f
XMM[11]=0x0000000000000000 0x9999999999999999
XMM[12]=0x0000000000000000 0x2020202020202020
XMM[13]=0x0000000000000000 0x12835b01d807aa98
XMM[14]=0x0000000000000000 0x59f111f13956c25b
XMM[15]=0x0000000000000000 0x0000000000000000
  MXCSR=0x00001fa0


Register to memory mapping:

RAX=0x000079517d17c798: glad_glBindTexture+0x0000000000000000 in /home/tom/.javacpp/cache/jaylib-5.5.0-2.jar/com/raylib/linux-x86_64/libjniRaylib.so at 0x000079517ce00000
RBX=0x0000000000000020 is an unknown value
RCX=0x0000000000000004 is an unknown value
RDX=0x0000000000000020 is an unknown value
RSP=0x00007951b19fe598 is pointing into the stack for thread: 0x00007951ac02a290
RBP=0x0000000000000001 is an unknown value
RSI=0x0 is NULL
RDI=0x0000000000000de1 is an unknown value
R8 =0x0000000000000001 is an unknown value
R9 =0x0000000000000007 is an unknown value
R10=0x00007951ac29c840 points into unknown readable memory: 0x0000000000000000 | 00 00 00 00 00 00 00 00
R11=0xaeee68e9f97d12a3 is an unknown value
R12=0x00007951b19fe6a0 is pointing into the stack for thread: 0x00007951ac02a290
R13=0x0000000000000004 is an unknown value
R14=0x0000000000000004 is an unknown value
R15=0x00007951ac02a290 is a thread


Top of Stack: (sp=0x00007951b19fe598)
0x00007951b19fe598:   000079517cfe749f 00007951b19fe5f0
0x00007951b19fe5a8:   00007951ac2a6150 0000000000000001
0x00007951b19fe5b8:   00007951ac29c820 00007951ac29c840
0x00007951b19fe5c8:   00007951b19fe650 00007951ac29c820
0x00007951b19fe5d8:   0000002000000020 0000000000000000
0x00007951b19fe5e8:   00007951ac29c830 00007951b19fe630
0x00007951b19fe5f8:   00007951b2f6b00e 00007951ac2a6150
0x00007951b19fe608:   047f33c64c3f4200 0000000400000001
0x00007951b19fe618:   0000000000000020 0000000000000001
0x00007951b19fe628:   00007951b19fe6a0 0000000000000020
0x00007951b19fe638:   0000000000000004 00007951ac02a290
0x00007951b19fe648:   000079517d0a9ffd 00007951ac29c820
0x00007951b19fe658:   00007951b19fe760 00007951ac29c820
0x00007951b19fe668:   000079512b431428 00007951b19fe7e8
0x00007951b19fe678:   000079517d0aa057 00007951ac2a6150
0x00007951b19fe688:   0000002000000020 0000000400000001
0x00007951b19fe698:   000079517d0aa037 0000000000000000
0x00007951b19fe6a8:   0000000000000000 0000795100000000
0x00007951b19fe6b8:   0000000000000014 00007951ac2a6150
0x00007951b19fe6c8:   0000002000000020 0000000400000001
0x00007951b19fe6d8:   047f33c64c3f4200 0000000000000000
0x00007951b19fe6e8:   000079517ced88cf 00007951ac02a290
0x00007951b19fe6f8:   00007951b19fe7e8 00007951b19fe7d8
0x00007951b19fe708:   00007951ac02a540 0000000000000000
0x00007951b19fe718:   0000000000000000 00007951ac29c750
0x00007951b19fe728:   00007951ac02a290 00007951b19fe760
0x00007951b19fe738:   000079512b431430 0000000000000000
0x00007951b19fe748:   047f33c64c3f4200 000079512b431430
0x00007951b19fe758:   0000000000000000 00007951b19fe7c8
0x00007951b19fe768:   000079519c7445da 0000000000000000
0x00007951b19fe778:   000079519c744316 00007951b19fe780
0x00007951b19fe788:   000079512b431428 00007951b19fe7e8 

Instructions: (pc=0x000079517cfe749f)
0x000079517cfe739f:   00 48 8d 05 42 b6 0f 00 c3 0f 1f 84 00 00 00 00
0x000079517cfe73af:   00 48 8d 05 28 b6 0f 00 c3 0f 1f 84 00 00 00 00
0x000079517cfe73bf:   00 48 8d 05 14 b6 0f 00 c3 0f 1f 84 00 00 00 00
0x000079517cfe73cf:   00 48 8d 05 f7 b5 0f 00 c3 0f 1f 84 00 00 00 00
0x000079517cfe73df:   00 48 8d 05 dd b5 0f 00 c3 0f 1f 84 00 00 00 00
0x000079517cfe73ef:   00 48 8d 05 c9 b5 0f 00 c3 0f 1f 84 00 00 00 00
0x000079517cfe73ff:   00 48 8d 05 b0 b5 0f 00 c3 0f 1f 84 00 00 00 00
0x000079517cfe740f:   00 48 8d 05 97 b5 0f 00 c3 0f 1f 84 00 00 00 00
0x000079517cfe741f:   00 48 8d 05 7e b5 0f 00 c3 0f 1f 84 00 00 00 00
0x000079517cfe742f:   00 48 8d 05 67 b5 0f 00 c3 0f 1f 84 00 00 00 00
0x000079517cfe743f:   00 48 8d 05 50 b5 0f 00 c3 48 8d 05 2c 1d 0f 00
0x000079517cfe744f:   c3 f3 0f 1e fa 41 57 41 56 41 55 41 89 cd 41 54
0x000079517cfe745f:   55 53 48 83 ec 78 48 89 7c 24 08 bf e1 0d 00 00
0x000079517cfe746f:   89 74 24 38 31 f6 89 54 24 3c 44 89 44 24 10 64
0x000079517cfe747f:   48 8b 04 25 28 00 00 00 48 89 44 24 68 31 c0 48
0x000079517cfe748f:   8d 05 03 53 19 00 c7 44 24 40 00 00 00 00 ff 10
0x000079517cfe749f:   80 3d 09 b3 19 00 00 75 0d 41 8d 45 f2 83 f8 03
0x000079517cfe74af:   0f 86 d3 03 00 00 80 3d f4 b2 19 00 01 74 0a 41
0x000079517cfe74bf:   83 fd 12 0f 84 18 04 00 00 80 3d e2 b2 19 00 00
0x000079517cfe74cf:   75 0d 41 8d 45 ed 83 f8 01 0f 86 ca 03 00 00 80
0x000079517cfe74df:   3d cd b2 19 00 00 75 0d 41 8d 45 eb 83 f8 01 0f
0x000079517cfe74ef:   86 d0 03 00 00 80 3d b8 b2 19 00 00 0f 84 3f 03
0x000079517cfe74ff:   00 00 48 8d 05 90 41 19 00 be 01 00 00 00 bf f5
0x000079517cfe750f:   0c 00 00 ff 10 48 8d 05 2d 4b 19 00 48 8d 74 24
0x000079517cfe751f:   40 bf 01 00 00 00 ff 10 48 8d 05 6a 52 19 00 8b
0x000079517cfe752f:   74 24 40 bf e1 0d 00 00 ff 10 44 8b 44 24 10 45
0x000079517cfe753f:   85 c0 0f 8e b9 03 00 00 41 8d 45 ff 4c 8b 64 24
0x000079517cfe754f:   08 44 8b 7c 24 3c 31 ed 89 44 24 14 41 8d 45 f2
0x000079517cfe755f:   44 8b 74 24 38 89 44 24 30 41 8d 45 f0 89 44 24
0x000079517cfe756f:   34 48 8d 44 24 4c 48 89 44 24 28 48 8d 44 24 48
0x000079517cfe757f:   48 89 44 24 20 48 8d 44 24 44 48 89 44 24 18 e9
0x000079517cfe758f:   f1 00 00 00 0f 1f 44 00 00 83 7c 24 30 01 0f 86 


Stack slot to memory mapping:
stack at sp + 0 slots: 0x00007951b19fe5f0 is pointing into the stack for thread: 0x00007951ac02a290
stack at sp + 1 slots: 0x00007951ac2a6150 points into unknown readable memory: 0x6800226800226800 | 00 68 22 00 68 22 00 68
stack at sp + 2 slots: 0x0000000000000001 is an unknown value
stack at sp + 3 slots: 0x00007951ac29c820 points into unknown readable memory: 0x00000007951ac29c | 9c c2 1a 95 07 00 00 00
stack at sp + 4 slots: 0x00007951ac29c840 points into unknown readable memory: 0x0000000000000000 | 00 00 00 00 00 00 00 00
stack at sp + 5 slots: 0x00007951b19fe650 is pointing into the stack for thread: 0x00007951ac02a290
stack at sp + 6 slots: 0x00007951ac29c820 points into unknown readable memory: 0x00000007951ac29c | 9c c2 1a 95 07 00 00 00
stack at sp + 7 slots: 0x0000002000000020 is an unknown value


---------------  P R O C E S S  ---------------

Threads class SMR info:
_java_thread_list=0x00007951ac293ae0, length=12, elements={
0x00007951ac02a290, 0x00007951ac18d5c0, 0x00007951ac18e9a0, 0x00007951ac193f40,
0x00007951ac1952f0, 0x00007951ac196700, 0x00007951ac1980b0, 0x00007951ac1995e0,
0x00007951ac1a2a40, 0x00007951ac1aabf0, 0x00007951ac1ada40, 0x00007951ac292c80
}

Java Threads: ( => current thread )
=>0x00007951ac02a290 JavaThread "main" [_thread_in_native, id=44514, stack(0x00007951b1900000,0x00007951b1a00000)]
  0x00007951ac18d5c0 JavaThread "Reference Handler" daemon [_thread_blocked, id=44521, stack(0x000079517ddff000,0x000079517deff000)]
  0x00007951ac18e9a0 JavaThread "Finalizer" daemon [_thread_blocked, id=44522, stack(0x000079517dcfe000,0x000079517ddfe000)]
  0x00007951ac193f40 JavaThread "Signal Dispatcher" daemon [_thread_blocked, id=44523, stack(0x000079517dbfd000,0x000079517dcfd000)]
  0x00007951ac1952f0 JavaThread "Service Thread" daemon [_thread_blocked, id=44524, stack(0x000079517dafc000,0x000079517dbfc000)]
  0x00007951ac196700 JavaThread "Monitor Deflation Thread" daemon [_thread_blocked, id=44525, stack(0x000079517d9fb000,0x000079517dafb000)]
  0x00007951ac1980b0 JavaThread "C2 CompilerThread0" daemon [_thread_blocked, id=44526, stack(0x000079517d8fa000,0x000079517d9fa000)]
  0x00007951ac1995e0 JavaThread "C1 CompilerThread0" daemon [_thread_blocked, id=44527, stack(0x000079517d7f9000,0x000079517d8f9000)]
  0x00007951ac1a2a40 JavaThread "Sweeper thread" daemon [_thread_blocked, id=44528, stack(0x000079517d6f8000,0x000079517d7f8000)]
  0x00007951ac1aabf0 JavaThread "Notification Thread" daemon [_thread_blocked, id=44529, stack(0x000079517d5f7000,0x000079517d6f7000)]
  0x00007951ac1ada40 JavaThread "Common-Cleaner" daemon [_thread_blocked, id=44531, stack(0x000079517d3f5000,0x000079517d4f5000)]
  0x00007951ac292c80 JavaThread "JavaCPP Deallocator" daemon [_thread_blocked, id=44536, stack(0x000079517cd00000,0x000079517ce00000)]

Other Threads:
  0x00007951ac189630 VMThread "VM Thread" [stack: 0x000079517df00000,0x000079517e000000] [id=44520]
  0x00007951ac1ac530 WatcherThread [stack: 0x000079517d4f6000,0x000079517d5f6000] [id=44530]
  0x00007951ac094c80 GCTaskThread "GC Thread#0" [stack: 0x00007951b05ec000,0x00007951b06ec000] [id=44515]
  0x00007951ac0a5950 ConcurrentGCThread "G1 Main Marker" [stack: 0x00007951b04eb000,0x00007951b05eb000] [id=44516]
  0x00007951ac0a68c0 ConcurrentGCThread "G1 Conc#0" [stack: 0x00007951b03ea000,0x00007951b04ea000] [id=44517]
  0x00007951ac15a260 ConcurrentGCThread "G1 Refine#0" [stack: 0x000079518c230000,0x000079518c330000] [id=44518]
  0x00007951ac15b160 ConcurrentGCThread "G1 Service" [stack: 0x000079518c12f000,0x000079518c22f000] [id=44519]

Threads with active compile tasks:

VM state: not at safepoint (normal execution)

VM Mutex/Monitor currently owned by a thread: None

Heap address: 0x0000000709400000, size: 3948 MB, Compressed Oops mode: Zero based, Oop shift amount: 3

CDS archive(s) mapped at: [0x000079512f000000-0x000079512fbc9000-0x000079512fbc9000), size 12357632, SharedBaseAddress: 0x000079512f000000, ArchiveRelocationMode: 1.
Compressed class space mapped at: 0x0000795130000000-0x0000795170000000, reserved size: 1073741824
Narrow klass base: 0x000079512f000000, Narrow klass shift: 0, Narrow klass range: 0x100000000

GC Precious Log:
 CPUs: 8 total, 8 available
 Memory: 15788M
 Large Page Support: Disabled
 NUMA Support: Disabled
 Compressed Oops: Enabled (Zero based)
 Heap Region Size: 2M
 Heap Min Capacity: 8M
 Heap Initial Capacity: 248M
 Heap Max Capacity: 3948M
 Pre-touch: Disabled
 Parallel Workers: 8
 Concurrent Workers: 2
 Concurrent Refinement Workers: 8
 Periodic GC: Disabled

Heap:
 garbage-first heap   total 258048K, used 6068K [0x0000000709400000, 0x0000000800000000)
  region size 2048K, 3 young (6144K), 0 survivors (0K)
 Metaspace       used 2013K, committed 2176K, reserved 1114112K
  class space    used 191K, committed 256K, reserved 1048576K

Heap Regions: E=young(eden), S=young(survivor), O=old, HS=humongous(starts), HC=humongous(continues), CS=collection set, F=free, OA=open archive, CA=closed archive, TAMS=top-at-mark-start (previous, next)
|   0|0x0000000709400000, 0x0000000709400000, 0x0000000709600000|  0%| F|  |TAMS 0x0000000709400000, 0x0000000709400000| Untracked 
|   1|0x0000000709600000, 0x0000000709600000, 0x0000000709800000|  0%| F|  |TAMS 0x0000000709600000, 0x0000000709600000| Untracked 
|   2|0x0000000709800000, 0x0000000709800000, 0x0000000709a00000|  0%| F|  |TAMS 0x0000000709800000, 0x0000000709800000| Untracked 
|   3|0x0000000709a00000, 0x0000000709a00000, 0x0000000709c00000|  0%| F|  |TAMS 0x0000000709a00000, 0x0000000709a00000| Untracked 
|   4|0x0000000709c00000, 0x0000000709c00000, 0x0000000709e00000|  0%| F|  |TAMS 0x0000000709c00000, 0x0000000709c00000| Untracked 
|   5|0x0000000709e00000, 0x0000000709e00000, 0x000000070a000000|  0%| F|  |TAMS 0x0000000709e00000, 0x0000000709e00000| Untracked 
|   6|0x000000070a000000, 0x000000070a000000, 0x000000070a200000|  0%| F|  |TAMS 0x000000070a000000, 0x000000070a000000| Untracked 
|   7|0x000000070a200000, 0x000000070a200000, 0x000000070a400000|  0%| F|  |TAMS 0x000000070a200000, 0x000000070a200000| Untracked 
|   8|0x000000070a400000, 0x000000070a400000, 0x000000070a600000|  0%| F|  |TAMS 0x000000070a400000, 0x000000070a400000| Untracked 
|   9|0x000000070a600000, 0x000000070a600000, 0x000000070a800000|  0%| F|  |TAMS 0x000000070a600000, 0x000000070a600000| Untracked 
|  10|0x000000070a800000, 0x000000070a800000, 0x000000070aa00000|  0%| F|  |TAMS 0x000000070a800000, 0x000000070a800000| Untracked 
|  11|0x000000070aa00000, 0x000000070aa00000, 0x000000070ac00000|  0%| F|  |TAMS 0x000000070aa00000, 0x000000070aa00000| Untracked 
|  12|0x000000070ac00000, 0x000000070ac00000, 0x000000070ae00000|  0%| F|  |TAMS 0x000000070ac00000, 0x000000070ac00000| Untracked 
|  13|0x000000070ae00000, 0x000000070ae00000, 0x000000070b000000|  0%| F|  |TAMS 0x000000070ae00000, 0x000000070ae00000| Untracked 
|  14|0x000000070b000000, 0x000000070b000000, 0x000000070b200000|  0%| F|  |TAMS 0x000000070b000000, 0x000000070b000000| Untracked 
|  15|0x000000070b200000, 0x000000070b200000, 0x000000070b400000|  0%| F|  |TAMS 0x000000070b200000, 0x000000070b200000| Untracked 
|  16|0x000000070b400000, 0x000000070b400000, 0x000000070b600000|  0%| F|  |TAMS 0x000000070b400000, 0x000000070b400000| Untracked 
|  17|0x000000070b600000, 0x000000070b600000, 0x000000070b800000|  0%| F|  |TAMS 0x000000070b600000, 0x000000070b600000| Untracked 
|  18|0x000000070b800000, 0x000000070b800000, 0x000000070ba00000|  0%| F|  |TAMS 0x000000070b800000, 0x000000070b800000| Untracked 
|  19|0x000000070ba00000, 0x000000070ba00000, 0x000000070bc00000|  0%| F|  |TAMS 0x000000070ba00000, 0x000000070ba00000| Untracked 
|  20|0x000000070bc00000, 0x000000070bc00000, 0x000000070be00000|  0%| F|  |TAMS 0x000000070bc00000, 0x000000070bc00000| Untracked 
|  21|0x000000070be00000, 0x000000070be00000, 0x000000070c000000|  0%| F|  |TAMS 0x000000070be00000, 0x000000070be00000| Untracked 
|  22|0x000000070c000000, 0x000000070c000000, 0x000000070c200000|  0%| F|  |TAMS 0x000000070c000000, 0x000000070c000000| Untracked 
|  23|0x000000070c200000, 0x000000070c200000, 0x000000070c400000|  0%| F|  |TAMS 0x000000070c200000, 0x000000070c200000| Untracked 
|  24|0x000000070c400000, 0x000000070c400000, 0x000000070c600000|  0%| F|  |TAMS 0x000000070c400000, 0x000000070c400000| Untracked 
|  25|0x000000070c600000, 0x000000070c600000, 0x000000070c800000|  0%| F|  |TAMS 0x000000070c600000, 0x000000070c600000| Untracked 
|  26|0x000000070c800000, 0x000000070c800000, 0x000000070ca00000|  0%| F|  |TAMS 0x000000070c800000, 0x000000070c800000| Untracked 
|  27|0x000000070ca00000, 0x000000070ca00000, 0x000000070cc00000|  0%| F|  |TAMS 0x000000070ca00000, 0x000000070ca00000| Untracked 
|  28|0x000000070cc00000, 0x000000070cc00000, 0x000000070ce00000|  0%| F|  |TAMS 0x000000070cc00000, 0x000000070cc00000| Untracked 
|  29|0x000000070ce00000, 0x000000070ce00000, 0x000000070d000000|  0%| F|  |TAMS 0x000000070ce00000, 0x000000070ce00000| Untracked 
|  30|0x000000070d000000, 0x000000070d000000, 0x000000070d200000|  0%| F|  |TAMS 0x000000070d000000, 0x000000070d000000| Untracked 
|  31|0x000000070d200000, 0x000000070d200000, 0x000000070d400000|  0%| F|  |TAMS 0x000000070d200000, 0x000000070d200000| Untracked 
|  32|0x000000070d400000, 0x000000070d400000, 0x000000070d600000|  0%| F|  |TAMS 0x000000070d400000, 0x000000070d400000| Untracked 
|  33|0x000000070d600000, 0x000000070d600000, 0x000000070d800000|  0%| F|  |TAMS 0x000000070d600000, 0x000000070d600000| Untracked 
|  34|0x000000070d800000, 0x000000070d800000, 0x000000070da00000|  0%| F|  |TAMS 0x000000070d800000, 0x000000070d800000| Untracked 
|  35|0x000000070da00000, 0x000000070da00000, 0x000000070dc00000|  0%| F|  |TAMS 0x000000070da00000, 0x000000070da00000| Untracked 
|  36|0x000000070dc00000, 0x000000070dc00000, 0x000000070de00000|  0%| F|  |TAMS 0x000000070dc00000, 0x000000070dc00000| Untracked 
|  37|0x000000070de00000, 0x000000070de00000, 0x000000070e000000|  0%| F|  |TAMS 0x000000070de00000, 0x000000070de00000| Untracked 
|  38|0x000000070e000000, 0x000000070e000000, 0x000000070e200000|  0%| F|  |TAMS 0x000000070e000000, 0x000000070e000000| Untracked 
|  39|0x000000070e200000, 0x000000070e200000, 0x000000070e400000|  0%| F|  |TAMS 0x000000070e200000, 0x000000070e200000| Untracked 
|  40|0x000000070e400000, 0x000000070e400000, 0x000000070e600000|  0%| F|  |TAMS 0x000000070e400000, 0x000000070e400000| Untracked 
|  41|0x000000070e600000, 0x000000070e600000, 0x000000070e800000|  0%| F|  |TAMS 0x000000070e600000, 0x000000070e600000| Untracked 
|  42|0x000000070e800000, 0x000000070e800000, 0x000000070ea00000|  0%| F|  |TAMS 0x000000070e800000, 0x000000070e800000| Untracked 
|  43|0x000000070ea00000, 0x000000070ea00000, 0x000000070ec00000|  0%| F|  |TAMS 0x000000070ea00000, 0x000000070ea00000| Untracked 
|  44|0x000000070ec00000, 0x000000070ec00000, 0x000000070ee00000|  0%| F|  |TAMS 0x000000070ec00000, 0x000000070ec00000| Untracked 
|  45|0x000000070ee00000, 0x000000070ee00000, 0x000000070f000000|  0%| F|  |TAMS 0x000000070ee00000, 0x000000070ee00000| Untracked 
|  46|0x000000070f000000, 0x000000070f000000, 0x000000070f200000|  0%| F|  |TAMS 0x000000070f000000, 0x000000070f000000| Untracked 
|  47|0x000000070f200000, 0x000000070f200000, 0x000000070f400000|  0%| F|  |TAMS 0x000000070f200000, 0x000000070f200000| Untracked 
|  48|0x000000070f400000, 0x000000070f400000, 0x000000070f600000|  0%| F|  |TAMS 0x000000070f400000, 0x000000070f400000| Untracked 
|  49|0x000000070f600000, 0x000000070f600000, 0x000000070f800000|  0%| F|  |TAMS 0x000000070f600000, 0x000000070f600000| Untracked 
|  50|0x000000070f800000, 0x000000070f800000, 0x000000070fa00000|  0%| F|  |TAMS 0x000000070f800000, 0x000000070f800000| Untracked 
|  51|0x000000070fa00000, 0x000000070fa00000, 0x000000070fc00000|  0%| F|  |TAMS 0x000000070fa00000, 0x000000070fa00000| Untracked 
|  52|0x000000070fc00000, 0x000000070fc00000, 0x000000070fe00000|  0%| F|  |TAMS 0x000000070fc00000, 0x000000070fc00000| Untracked 
|  53|0x000000070fe00000, 0x000000070fe00000, 0x0000000710000000|  0%| F|  |TAMS 0x000000070fe00000, 0x000000070fe00000| Untracked 
|  54|0x0000000710000000, 0x0000000710000000, 0x0000000710200000|  0%| F|  |TAMS 0x0000000710000000, 0x0000000710000000| Untracked 
|  55|0x0000000710200000, 0x0000000710200000, 0x0000000710400000|  0%| F|  |TAMS 0x0000000710200000, 0x0000000710200000| Untracked 
|  56|0x0000000710400000, 0x0000000710400000, 0x0000000710600000|  0%| F|  |TAMS 0x0000000710400000, 0x0000000710400000| Untracked 
|  57|0x0000000710600000, 0x0000000710600000, 0x0000000710800000|  0%| F|  |TAMS 0x0000000710600000, 0x0000000710600000| Untracked 
|  58|0x0000000710800000, 0x0000000710800000, 0x0000000710a00000|  0%| F|  |TAMS 0x0000000710800000, 0x0000000710800000| Untracked 
|  59|0x0000000710a00000, 0x0000000710a00000, 0x0000000710c00000|  0%| F|  |TAMS 0x0000000710a00000, 0x0000000710a00000| Untracked 
|  60|0x0000000710c00000, 0x0000000710c00000, 0x0000000710e00000|  0%| F|  |TAMS 0x0000000710c00000, 0x0000000710c00000| Untracked 
|  61|0x0000000710e00000, 0x0000000710e00000, 0x0000000711000000|  0%| F|  |TAMS 0x0000000710e00000, 0x0000000710e00000| Untracked 
|  62|0x0000000711000000, 0x0000000711000000, 0x0000000711200000|  0%| F|  |TAMS 0x0000000711000000, 0x0000000711000000| Untracked 
|  63|0x0000000711200000, 0x0000000711200000, 0x0000000711400000|  0%| F|  |TAMS 0x0000000711200000, 0x0000000711200000| Untracked 
|  64|0x0000000711400000, 0x0000000711400000, 0x0000000711600000|  0%| F|  |TAMS 0x0000000711400000, 0x0000000711400000| Untracked 
|  65|0x0000000711600000, 0x0000000711600000, 0x0000000711800000|  0%| F|  |TAMS 0x0000000711600000, 0x0000000711600000| Untracked 
|  66|0x0000000711800000, 0x0000000711800000, 0x0000000711a00000|  0%| F|  |TAMS 0x0000000711800000, 0x0000000711800000| Untracked 
|  67|0x0000000711a00000, 0x0000000711a00000, 0x0000000711c00000|  0%| F|  |TAMS 0x0000000711a00000, 0x0000000711a00000| Untracked 
|  68|0x0000000711c00000, 0x0000000711c00000, 0x0000000711e00000|  0%| F|  |TAMS 0x0000000711c00000, 0x0000000711c00000| Untracked 
|  69|0x0000000711e00000, 0x0000000711e00000, 0x0000000712000000|  0%| F|  |TAMS 0x0000000711e00000, 0x0000000711e00000| Untracked 
|  70|0x0000000712000000, 0x0000000712000000, 0x0000000712200000|  0%| F|  |TAMS 0x0000000712000000, 0x0000000712000000| Untracked 
|  71|0x0000000712200000, 0x0000000712200000, 0x0000000712400000|  0%| F|  |TAMS 0x0000000712200000, 0x0000000712200000| Untracked 
|  72|0x0000000712400000, 0x0000000712400000, 0x0000000712600000|  0%| F|  |TAMS 0x0000000712400000, 0x0000000712400000| Untracked 
|  73|0x0000000712600000, 0x0000000712600000, 0x0000000712800000|  0%| F|  |TAMS 0x0000000712600000, 0x0000000712600000| Untracked 
|  74|0x0000000712800000, 0x0000000712800000, 0x0000000712a00000|  0%| F|  |TAMS 0x0000000712800000, 0x0000000712800000| Untracked 
|  75|0x0000000712a00000, 0x0000000712a00000, 0x0000000712c00000|  0%| F|  |TAMS 0x0000000712a00000, 0x0000000712a00000| Untracked 
|  76|0x0000000712c00000, 0x0000000712c00000, 0x0000000712e00000|  0%| F|  |TAMS 0x0000000712c00000, 0x0000000712c00000| Untracked 
|  77|0x0000000712e00000, 0x0000000712e00000, 0x0000000713000000|  0%| F|  |TAMS 0x0000000712e00000, 0x0000000712e00000| Untracked 
|  78|0x0000000713000000, 0x0000000713000000, 0x0000000713200000|  0%| F|  |TAMS 0x0000000713000000, 0x0000000713000000| Untracked 
|  79|0x0000000713200000, 0x0000000713200000, 0x0000000713400000|  0%| F|  |TAMS 0x0000000713200000, 0x0000000713200000| Untracked 
|  80|0x0000000713400000, 0x0000000713400000, 0x0000000713600000|  0%| F|  |TAMS 0x0000000713400000, 0x0000000713400000| Untracked 
|  81|0x0000000713600000, 0x0000000713600000, 0x0000000713800000|  0%| F|  |TAMS 0x0000000713600000, 0x0000000713600000| Untracked 
|  82|0x0000000713800000, 0x0000000713800000, 0x0000000713a00000|  0%| F|  |TAMS 0x0000000713800000, 0x0000000713800000| Untracked 
|  83|0x0000000713a00000, 0x0000000713a00000, 0x0000000713c00000|  0%| F|  |TAMS 0x0000000713a00000, 0x0000000713a00000| Untracked 
|  84|0x0000000713c00000, 0x0000000713c00000, 0x0000000713e00000|  0%| F|  |TAMS 0x0000000713c00000, 0x0000000713c00000| Untracked 
|  85|0x0000000713e00000, 0x0000000713e00000, 0x0000000714000000|  0%| F|  |TAMS 0x0000000713e00000, 0x0000000713e00000| Untracked 
|  86|0x0000000714000000, 0x0000000714000000, 0x0000000714200000|  0%| F|  |TAMS 0x0000000714000000, 0x0000000714000000| Untracked 
|  87|0x0000000714200000, 0x0000000714200000, 0x0000000714400000|  0%| F|  |TAMS 0x0000000714200000, 0x0000000714200000| Untracked 
|  88|0x0000000714400000, 0x0000000714400000, 0x0000000714600000|  0%| F|  |TAMS 0x0000000714400000, 0x0000000714400000| Untracked 
|  89|0x0000000714600000, 0x0000000714600000, 0x0000000714800000|  0%| F|  |TAMS 0x0000000714600000, 0x0000000714600000| Untracked 
|  90|0x0000000714800000, 0x0000000714800000, 0x0000000714a00000|  0%| F|  |TAMS 0x0000000714800000, 0x0000000714800000| Untracked 
|  91|0x0000000714a00000, 0x0000000714a00000, 0x0000000714c00000|  0%| F|  |TAMS 0x0000000714a00000, 0x0000000714a00000| Untracked 
|  92|0x0000000714c00000, 0x0000000714c00000, 0x0000000714e00000|  0%| F|  |TAMS 0x0000000714c00000, 0x0000000714c00000| Untracked 
|  93|0x0000000714e00000, 0x0000000714e00000, 0x0000000715000000|  0%| F|  |TAMS 0x0000000714e00000, 0x0000000714e00000| Untracked 
|  94|0x0000000715000000, 0x0000000715000000, 0x0000000715200000|  0%| F|  |TAMS 0x0000000715000000, 0x0000000715000000| Untracked 
|  95|0x0000000715200000, 0x0000000715200000, 0x0000000715400000|  0%| F|  |TAMS 0x0000000715200000, 0x0000000715200000| Untracked 
|  96|0x0000000715400000, 0x0000000715400000, 0x0000000715600000|  0%| F|  |TAMS 0x0000000715400000, 0x0000000715400000| Untracked 
|  97|0x0000000715600000, 0x0000000715600000, 0x0000000715800000|  0%| F|  |TAMS 0x0000000715600000, 0x0000000715600000| Untracked 
|  98|0x0000000715800000, 0x0000000715800000, 0x0000000715a00000|  0%| F|  |TAMS 0x0000000715800000, 0x0000000715800000| Untracked 
|  99|0x0000000715a00000, 0x0000000715a00000, 0x0000000715c00000|  0%| F|  |TAMS 0x0000000715a00000, 0x0000000715a00000| Untracked 
| 100|0x0000000715c00000, 0x0000000715c00000, 0x0000000715e00000|  0%| F|  |TAMS 0x0000000715c00000, 0x0000000715c00000| Untracked 
| 101|0x0000000715e00000, 0x0000000715e00000, 0x0000000716000000|  0%| F|  |TAMS 0x0000000715e00000, 0x0000000715e00000| Untracked 
| 102|0x0000000716000000, 0x0000000716000000, 0x0000000716200000|  0%| F|  |TAMS 0x0000000716000000, 0x0000000716000000| Untracked 
| 103|0x0000000716200000, 0x0000000716200000, 0x0000000716400000|  0%| F|  |TAMS 0x0000000716200000, 0x0000000716200000| Untracked 
| 104|0x0000000716400000, 0x0000000716400000, 0x0000000716600000|  0%| F|  |TAMS 0x0000000716400000, 0x0000000716400000| Untracked 
| 105|0x0000000716600000, 0x0000000716600000, 0x0000000716800000|  0%| F|  |TAMS 0x0000000716600000, 0x0000000716600000| Untracked 
| 106|0x0000000716800000, 0x0000000716800000, 0x0000000716a00000|  0%| F|  |TAMS 0x0000000716800000, 0x0000000716800000| Untracked 
| 107|0x0000000716a00000, 0x0000000716a00000, 0x0000000716c00000|  0%| F|  |TAMS 0x0000000716a00000, 0x0000000716a00000| Untracked 
| 108|0x0000000716c00000, 0x0000000716c00000, 0x0000000716e00000|  0%| F|  |TAMS 0x0000000716c00000, 0x0000000716c00000| Untracked 
| 109|0x0000000716e00000, 0x0000000716e00000, 0x0000000717000000|  0%| F|  |TAMS 0x0000000716e00000, 0x0000000716e00000| Untracked 
| 110|0x0000000717000000, 0x0000000717000000, 0x0000000717200000|  0%| F|  |TAMS 0x0000000717000000, 0x0000000717000000| Untracked 
| 111|0x0000000717200000, 0x0000000717200000, 0x0000000717400000|  0%| F|  |TAMS 0x0000000717200000, 0x0000000717200000| Untracked 
| 112|0x0000000717400000, 0x0000000717400000, 0x0000000717600000|  0%| F|  |TAMS 0x0000000717400000, 0x0000000717400000| Untracked 
| 113|0x0000000717600000, 0x0000000717600000, 0x0000000717800000|  0%| F|  |TAMS 0x0000000717600000, 0x0000000717600000| Untracked 
| 114|0x0000000717800000, 0x0000000717800000, 0x0000000717a00000|  0%| F|  |TAMS 0x0000000717800000, 0x0000000717800000| Untracked 
| 115|0x0000000717a00000, 0x0000000717a00000, 0x0000000717c00000|  0%| F|  |TAMS 0x0000000717a00000, 0x0000000717a00000| Untracked 
| 116|0x0000000717c00000, 0x0000000717c00000, 0x0000000717e00000|  0%| F|  |TAMS 0x0000000717c00000, 0x0000000717c00000| Untracked 
| 117|0x0000000717e00000, 0x0000000717e00000, 0x0000000718000000|  0%| F|  |TAMS 0x0000000717e00000, 0x0000000717e00000| Untracked 
| 118|0x0000000718000000, 0x0000000718000000, 0x0000000718200000|  0%| F|  |TAMS 0x0000000718000000, 0x0000000718000000| Untracked 
| 119|0x0000000718200000, 0x0000000718200000, 0x0000000718400000|  0%| F|  |TAMS 0x0000000718200000, 0x0000000718200000| Untracked 
| 120|0x0000000718400000, 0x0000000718400000, 0x0000000718600000|  0%| F|  |TAMS 0x0000000718400000, 0x0000000718400000| Untracked 
| 121|0x0000000718600000, 0x0000000718670a50, 0x0000000718800000| 22%| E|  |TAMS 0x0000000718600000, 0x0000000718600000| Complete 
| 122|0x0000000718800000, 0x0000000718a00000, 0x0000000718a00000|100%| E|CS|TAMS 0x0000000718800000, 0x0000000718800000| Complete 
| 123|0x0000000718a00000, 0x0000000718c00000, 0x0000000718c00000|100%| E|CS|TAMS 0x0000000718a00000, 0x0000000718a00000| Complete 
|1972|0x00000007ffc00000, 0x00000007ffd75000, 0x00000007ffe00000| 72%|OA|  |TAMS 0x00000007ffc00000, 0x00000007ffc00000| Untracked 
|1973|0x00000007ffe00000, 0x00000007ffe78000, 0x0000000800000000| 23%|CA|  |TAMS 0x00000007ffe00000, 0x00000007ffe00000| Untracked 

Card table byte_map: [0x0000795194a4a000,0x0000795195200000] _byte_map_base: 0x0000795191200000

Marking Bits (Prev, Next): (CMBitMap*) 0x00007951ac095710, (CMBitMap*) 0x00007951ac095750
 Prev Bits: [0x00007951904e4000, 0x0000795194294000)
 Next Bits: [0x000079518c734000, 0x00007951904e4000)

Polling page: 0x00007951b2dfa000

Metaspace:

Usage:
  Non-class:      1.78 MB used.
      Class:    191.55 KB used.
       Both:      1.97 MB used.

Virtual space:
  Non-class space:       64.00 MB reserved,       1.88 MB (  3%) committed,  1 nodes.
      Class space:        1.00 GB reserved,     256.00 KB ( <1%) committed,  1 nodes.
             Both:        1.06 GB reserved,       2.12 MB ( <1%) committed. 

Chunk freelists:
   Non-Class:  11.17 MB
       Class:  15.64 MB
        Both:  26.81 MB

MaxMetaspaceSize: unlimited
CompressedClassSpaceSize: 1.00 GB
Initial GC threshold: 21.00 MB
Current GC threshold: 21.00 MB
CDS: on
MetaspaceReclaimPolicy: balanced
 - commit_granule_bytes: 65536.
 - commit_granule_words: 8192.
 - virtual_space_node_default_size: 8388608.
 - enlarge_chunks_in_place: 1.
 - new_chunks_are_fully_committed: 0.
 - uncommit_free_chunks: 1.
 - use_allocation_guard: 0.
 - handle_deallocations: 1.


Internal statistics:

num_allocs_failed_limit: 0.
num_arena_births: 36.
num_arena_deaths: 0.
num_vsnodes_births: 2.
num_vsnodes_deaths: 0.
num_space_committed: 34.
num_space_uncommitted: 0.
num_chunks_returned_to_freelist: 0.
num_chunks_taken_from_freelist: 82.
num_chunk_merges: 0.
num_chunk_splits: 56.
num_chunks_enlarged: 40.
num_inconsistent_stats: 0.

CodeHeap 'non-profiled nmethods': size=120028Kb used=153Kb max_used=153Kb free=119874Kb
 bounds [0x000079519ccc9000, 0x000079519cf39000, 0x00007951a4200000]
CodeHeap 'profiled nmethods': size=120028Kb used=642Kb max_used=642Kb free=119385Kb
 bounds [0x0000795195200000, 0x0000795195470000, 0x000079519c737000]
CodeHeap 'non-nmethods': size=5704Kb used=1150Kb max_used=1164Kb free=4554Kb
 bounds [0x000079519c737000, 0x000079519c9a7000, 0x000079519ccc9000]
 total_blobs=930 nmethods=486 adapters=358
 compilation: enabled
              stopped_count=0, restarted_count=0
 full_count=0

Compilation events (20 events):
Event: 0.128 Thread 0x00007951ac1980b0 nmethod 447 0x000079519ccedd90 code [0x000079519ccedf40, 0x000079519ccee488]
Event: 0.128 Thread 0x00007951ac1980b0  474       4       java.lang.StringLatin1::indexOfChar (33 bytes)
Event: 0.129 Thread 0x00007951ac1995e0  478   !   3       jdk.internal.loader.BuiltinClassLoader::loadClassOrNull (143 bytes)
Event: 0.130 Thread 0x00007951ac1980b0 nmethod 474 0x000079519ccee790 code [0x000079519ccee920, 0x000079519cceea98]
Event: 0.130 Thread 0x00007951ac1980b0  449       4       java.lang.StringLatin1::lastIndexOf (40 bytes)
Event: 0.131 Thread 0x00007951ac1995e0 nmethod 478 0x0000795195296f90 code [0x00007951952972c0, 0x0000795195298750]
Event: 0.131 Thread 0x00007951ac1995e0  480       3       jdk.internal.ref.CleanerImpl::getCleanerImpl (13 bytes)
Event: 0.131 Thread 0x00007951ac1995e0 nmethod 480 0x0000795195298f90 code [0x0000795195299140, 0x0000795195299400]
Event: 0.131 Thread 0x00007951ac1995e0  479       3       java.lang.ClassLoader::getClassLoadingLock (35 bytes)
Event: 0.132 Thread 0x00007951ac1995e0 nmethod 479 0x0000795195299510 code [0x00007951952996e0, 0x00007951952999e0]
Event: 0.132 Thread 0x00007951ac1995e0  481       3       java.util.WeakHashMap::matchesKey (33 bytes)
Event: 0.132 Thread 0x00007951ac1995e0 nmethod 481 0x0000795195299b90 code [0x0000795195299d60, 0x000079519529a270]
Event: 0.132 Thread 0x00007951ac1995e0  482   !   3       java.util.zip.Inflater::inflate (418 bytes)
Event: 0.133 Thread 0x00007951ac1980b0 nmethod 449 0x000079519cceeb90 code [0x000079519cceed20, 0x000079519cceeef8]
Event: 0.133 Thread 0x00007951ac1980b0  484 %     4       java.lang.StringLatin1::indexOf @ 30 (121 bytes)
Event: 0.136 Thread 0x00007951ac1995e0 nmethod 482 0x000079519529a410 code [0x000079519529a6e0, 0x000079519529b860]
Event: 0.136 Thread 0x00007951ac1995e0  483   !   3       org.bytedeco.javacpp.Loader::putMemberOffset (97 bytes)
Event: 0.138 Thread 0x00007951ac1980b0 nmethod 484% 0x000079519ccef010 code [0x000079519ccef1a0, 0x000079519ccef558]
Event: 0.138 Thread 0x00007951ac1995e0 nmethod 483 0x000079519529c210 code [0x000079519529c700, 0x000079519529ed10]
Event: 0.138 Thread 0x00007951ac1995e0  485       3       java.util.ArrayList::get (15 bytes)

GC Heap History (0 events):
No events

Dll operation events (7 events):
Event: 0.001 Loaded shared library /home/tom/.jdks/temurin-17.0.15/lib/libjava.so
Event: 0.013 Loaded shared library /home/tom/.jdks/temurin-17.0.15/lib/libjsvml.so
Event: 0.046 Loaded shared library /home/tom/.jdks/temurin-17.0.15/lib/libnio.so
Event: 0.048 Loaded shared library /home/tom/.jdks/temurin-17.0.15/lib/libzip.so
Event: 0.070 Loaded shared library /home/tom/.jdks/temurin-17.0.15/lib/libjimage.so
Event: 0.096 Loaded shared library /usr/lib/libraylib.so.5.5.0
Event: 0.110 Loaded shared library /home/tom/.javacpp/cache/jaylib-5.5.0-2.jar/com/raylib/linux-x86_64/libjniRaylib.so

Deoptimization events (4 events):
Event: 0.122 Thread 0x00007951ac02a290 DEOPT PACKING pc=0x0000795195228f36 sp=0x00007951b19fc4b0
Event: 0.122 Thread 0x00007951ac02a290 DEOPT UNPACKING pc=0x000079519c78de2f sp=0x00007951b19fb8f0 mode 0
Event: 0.126 Thread 0x00007951ac02a290 DEOPT PACKING pc=0x00007951952067c2 sp=0x00007951b19fc6e0
Event: 0.126 Thread 0x00007951ac02a290 DEOPT UNPACKING pc=0x000079519c78de2f sp=0x00007951b19fbb78 mode 0

Classes loaded (20 events):
Event: 0.106 Loading class java/time/zone/ZoneOffsetTransition
Event: 0.106 Loading class java/time/zone/ZoneOffsetTransition done
Event: 0.107 Loading class java/time/temporal/TemporalAdjusters
Event: 0.107 Loading class java/time/temporal/TemporalAdjusters done
Event: 0.108 Loading class java/time/zone/ZoneOffsetTransitionRule$1
Event: 0.108 Loading class java/time/zone/ZoneOffsetTransitionRule$1 done
Event: 0.108 Loading class java/util/concurrent/TimeUnit$1
Event: 0.108 Loading class java/util/concurrent/TimeUnit$1 done
Event: 0.114 Loading class java/lang/NumberFormatException
Event: 0.115 Loading class java/lang/NumberFormatException done
Event: 0.118 Loading class java/lang/ProcessEnvironment
Event: 0.118 Loading class java/lang/ProcessEnvironment done
Event: 0.118 Loading class java/lang/ProcessEnvironment$Variable
Event: 0.118 Loading class java/lang/ProcessEnvironment$ExternalData
Event: 0.118 Loading class java/lang/ProcessEnvironment$ExternalData done
Event: 0.118 Loading class java/lang/ProcessEnvironment$Variable done
Event: 0.118 Loading class java/lang/ProcessEnvironment$Value
Event: 0.118 Loading class java/lang/ProcessEnvironment$Value done
Event: 0.118 Loading class java/lang/ProcessEnvironment$StringEnvironment
Event: 0.118 Loading class java/lang/ProcessEnvironment$StringEnvironment done

Classes unloaded (0 events):
No events

Classes redefined (0 events):
No events

Internal exceptions (7 events):
Event: 0.060 Thread 0x00007951ac02a290 Exception <a 'java/lang/NoSuchMethodError'{0x0000000718ba67f0}: 'int java.lang.invoke.DirectMethodHandle$Holder.invokeStaticInit(java.lang.Object, java.lang.Object, java.lang.Object, java.lang.Object)'> (0x0000000718ba67f0) 
thrown [src/hotspot/share/interpreter/linkResolver.cpp, line 758]
Event: 0.061 Thread 0x00007951ac02a290 Exception <a 'java/lang/NoSuchMethodError'{0x0000000718baff38}: 'java.lang.Object java.lang.invoke.DirectMethodHandle$Holder.invokeInterface(java.lang.Object, java.lang.Object)'> (0x0000000718baff38) 
thrown [src/hotspot/share/interpreter/linkResolver.cpp, line 758]
Event: 0.062 Thread 0x00007951ac02a290 Exception <a 'java/lang/IncompatibleClassChangeError'{0x0000000718bb3488}: Found class java.lang.Object, but interface was expected> (0x0000000718bb3488) 
thrown [src/hotspot/share/interpreter/linkResolver.cpp, line 826]
Event: 0.062 Thread 0x00007951ac02a290 Exception <a 'java/lang/NoSuchMethodError'{0x0000000718bb6420}: 'void java.lang.invoke.DirectMethodHandle$Holder.invokeStatic(java.lang.Object, java.lang.Object)'> (0x0000000718bb6420) 
thrown [src/hotspot/share/interpreter/linkResolver.cpp, line 758]
Event: 0.062 Thread 0x00007951ac02a290 Exception <a 'java/lang/NoSuchMethodError'{0x0000000718bb9a90}: 'void java.lang.invoke.DirectMethodHandle$Holder.invokeStaticInit(java.lang.Object, java.lang.Object)'> (0x0000000718bb9a90) 
thrown [src/hotspot/share/interpreter/linkResolver.cpp, line 758]
Event: 0.063 Thread 0x00007951ac02a290 Exception <a 'java/lang/NoSuchMethodError'{0x0000000718bbfc70}: 'int java.lang.invoke.DirectMethodHandle$Holder.invokeStaticInit(java.lang.Object, java.lang.Object)'> (0x0000000718bbfc70) 
thrown [src/hotspot/share/interpreter/linkResolver.cpp, line 758]
Event: 0.107 Thread 0x00007951ac02a290 Exception <a 'java/lang/NoSuchMethodError'{0x000000071893a440}: 'java.lang.Object java.lang.invoke.DirectMethodHandle$Holder.invokeStatic(java.lang.Object, int, java.lang.Object)'> (0x000000071893a440) 
thrown [src/hotspot/share/interpreter/linkResolver.cpp, line 758]

VM Operations (0 events):
No events

Memory protections (12 events):
Event: 0.001 Protecting memory [0x00007951b1900000,0x00007951b1904000] with protection modes 0
Event: 0.015 Protecting memory [0x000079517ddff000,0x000079517de03000] with protection modes 0
Event: 0.015 Protecting memory [0x000079517dcfe000,0x000079517dd02000] with protection modes 0
Event: 0.017 Protecting memory [0x000079517dbfd000,0x000079517dc01000] with protection modes 0
Event: 0.017 Protecting memory [0x000079517dafc000,0x000079517db00000] with protection modes 0
Event: 0.017 Protecting memory [0x000079517d9fb000,0x000079517d9ff000] with protection modes 0
Event: 0.017 Protecting memory [0x000079517d8fa000,0x000079517d8fe000] with protection modes 0
Event: 0.017 Protecting memory [0x000079517d7f9000,0x000079517d7fd000] with protection modes 0
Event: 0.017 Protecting memory [0x000079517d6f8000,0x000079517d6fc000] with protection modes 0
Event: 0.020 Protecting memory [0x000079517d5f7000,0x000079517d5fb000] with protection modes 0
Event: 0.022 Protecting memory [0x000079517d3f5000,0x000079517d3f9000] with protection modes 0
Event: 0.116 Protecting memory [0x000079517cd00000,0x000079517cd04000] with protection modes 0

Nmethod flushes (0 events):
No events

Events (12 events):
Event: 0.013 Thread 0x00007951ac02a290 Thread added: 0x00007951ac02a290
Event: 0.015 Thread 0x00007951ac02a290 Thread added: 0x00007951ac18d5c0
Event: 0.015 Thread 0x00007951ac02a290 Thread added: 0x00007951ac18e9a0
Event: 0.017 Thread 0x00007951ac02a290 Thread added: 0x00007951ac193f40
Event: 0.017 Thread 0x00007951ac02a290 Thread added: 0x00007951ac1952f0
Event: 0.017 Thread 0x00007951ac02a290 Thread added: 0x00007951ac196700
Event: 0.017 Thread 0x00007951ac02a290 Thread added: 0x00007951ac1980b0
Event: 0.017 Thread 0x00007951ac02a290 Thread added: 0x00007951ac1995e0
Event: 0.017 Thread 0x00007951ac02a290 Thread added: 0x00007951ac1a2a40
Event: 0.020 Thread 0x00007951ac02a290 Thread added: 0x00007951ac1aabf0
Event: 0.022 Thread 0x00007951ac02a290 Thread added: 0x00007951ac1ada40
Event: 0.115 Thread 0x00007951ac02a290 Thread added: 0x00007951ac292c80


Dynamic libraries:
709400000-718c00000 rw-p 00000000 00:00 0 
718c00000-7ffc00000 ---p 00000000 00:00 0 
7ffc00000-7ffd00000 rw-p 00000000 00:00 0 
7ffd00000-7ffd75000 rw-p 00c79000 00:28 1033232                          /home/tom/.jdks/temurin-17.0.15/lib/server/classes.jsa
7ffd75000-7ffe00000 rw-p 00000000 00:00 0 
7ffe00000-7ffe78000 rw-p 00c01000 00:28 1033232                          /home/tom/.jdks/temurin-17.0.15/lib/server/classes.jsa
7ffe78000-800000000 rw-p 00000000 00:00 0 
5e493d532000-5e493d533000 r--p 00000000 00:28 1033380                    /home/tom/.jdks/temurin-17.0.15/bin/java
5e493d533000-5e493d534000 r-xp 00001000 00:28 1033380                    /home/tom/.jdks/temurin-17.0.15/bin/java
5e493d534000-5e493d535000 r--p 00002000 00:28 1033380                    /home/tom/.jdks/temurin-17.0.15/bin/java
5e493d535000-5e493d536000 r--p 00002000 00:28 1033380                    /home/tom/.jdks/temurin-17.0.15/bin/java
5e493d536000-5e493d537000 rw-p 00003000 00:28 1033380                    /home/tom/.jdks/temurin-17.0.15/bin/java
5e494a9e7000-5e494aa2f000 rw-p 00000000 00:00 0                          [heap]
7950e8000000-7950e8021000 rw-p 00000000 00:00 0 
7950e8021000-7950ec000000 ---p 00000000 00:00 0 
7950ec000000-7950ec021000 rw-p 00000000 00:00 0 
7950ec021000-7950f0000000 ---p 00000000 00:00 0 
7950f0000000-7950f0021000 rw-p 00000000 00:00 0 
7950f0021000-7950f4000000 ---p 00000000 00:00 0 
7950f4000000-7950f4021000 rw-p 00000000 00:00 0 
7950f4021000-7950f8000000 ---p 00000000 00:00 0 
7950f8000000-7950f8139000 rw-p 00000000 00:00 0 
7950f8139000-7950fc000000 ---p 00000000 00:00 0 
7950fc000000-7950fc021000 rw-p 00000000 00:00 0 
7950fc021000-795100000000 ---p 00000000 00:00 0 
795100000000-795100021000 rw-p 00000000 00:00 0 
795100021000-795104000000 ---p 00000000 00:00 0 
795104000000-79510411d000 rw-p 00000000 00:00 0 
79510411d000-795108000000 ---p 00000000 00:00 0 
795108000000-795108021000 rw-p 00000000 00:00 0 
795108021000-79510c000000 ---p 00000000 00:00 0 
79510e200000-79511bf97000 r--p 00000000 00:28 32291                      /usr/lib/locale/locale-archive
79511c000000-79511c021000 rw-p 00000000 00:00 0 
79511c021000-795120000000 ---p 00000000 00:00 0 
795120000000-795120021000 rw-p 00000000 00:00 0 
795120021000-795124000000 ---p 00000000 00:00 0 
795124000000-795124021000 rw-p 00000000 00:00 0 
795124021000-795128000000 ---p 00000000 00:00 0 
79512b000000-79512b100000 rw-p 00000000 00:00 0 
79512b100000-79512b400000 ---p 00000000 00:00 0 
79512b400000-79512b4e0000 rw-p 00000000 00:00 0 
79512b4e0000-79512f000000 ---p 00000000 00:00 0 
79512f000000-79512fbc9000 rw-p 00001000 00:28 1033232                    /home/tom/.jdks/temurin-17.0.15/lib/server/classes.jsa
79512fbc9000-795130000000 ---p 00000000 00:00 0 
795130000000-795130020000 rw-p 00000000 00:00 0 
795130020000-795130040000 ---p 00000000 00:00 0 
795130040000-795130060000 rw-p 00000000 00:00 0 
795130060000-795170000000 ---p 00000000 00:00 0 
795170000000-795170021000 rw-p 00000000 00:00 0 
795170021000-795174000000 ---p 00000000 00:00 0 
795174000000-795174021000 rw-p 00000000 00:00 0 
795174021000-795178000000 ---p 00000000 00:00 0 
795178000000-795178021000 rw-p 00000000 00:00 0 
795178021000-79517c000000 ---p 00000000 00:00 0 
79517ca00000-79517ca01000 r--p 00000000 00:28 57505                      /usr/lib64/libstdc++.so.6.0.33
79517ca01000-79517cb38000 r-xp 00001000 00:28 57505                      /usr/lib64/libstdc++.so.6.0.33
79517cb38000-79517cc51000 r--p 00138000 00:28 57505                      /usr/lib64/libstdc++.so.6.0.33
79517cc51000-79517cc5e000 r--p 00250000 00:28 57505                      /usr/lib64/libstdc++.so.6.0.33
79517cc5e000-79517cc5f000 rw-p 0025d000 00:28 57505                      /usr/lib64/libstdc++.so.6.0.33
79517cc5f000-79517cc63000 rw-p 00000000 00:00 0 
79517ccff000-79517cd00000 ---p 00000000 00:00 0 
79517cd00000-79517cd04000 ---p 00000000 00:00 0 
79517cd04000-79517ce00000 rw-p 00000000 00:00 0 
79517ce00000-79517ce6d000 r--p 00000000 00:28 441577                     /home/tom/.javacpp/cache/jaylib-5.5.0-2.jar/com/raylib/linux-x86_64/libjniRaylib.so
79517ce6d000-79517d0d1000 r-xp 0006d000 00:28 441577                     /home/tom/.javacpp/cache/jaylib-5.5.0-2.jar/com/raylib/linux-x86_64/libjniRaylib.so
79517d0d1000-79517d163000 r--p 002d1000 00:28 441577                     /home/tom/.javacpp/cache/jaylib-5.5.0-2.jar/com/raylib/linux-x86_64/libjniRaylib.so
79517d163000-79517d164000 ---p 00363000 00:28 441577                     /home/tom/.javacpp/cache/jaylib-5.5.0-2.jar/com/raylib/linux-x86_64/libjniRaylib.so
79517d164000-79517d165000 r--p 00363000 00:28 441577                     /home/tom/.javacpp/cache/jaylib-5.5.0-2.jar/com/raylib/linux-x86_64/libjniRaylib.so
79517d165000-79517d16f000 rw-p 00364000 00:28 441577                     /home/tom/.javacpp/cache/jaylib-5.5.0-2.jar/com/raylib/linux-x86_64/libjniRaylib.so
79517d16f000-79517d1a9000 rw-p 00000000 00:00 0 
79517d211000-79517d23d000 r--p 00000000 00:28 590948                     /usr/lib/libraylib.so.5.5.0
79517d23d000-79517d353000 r-xp 0002c000 00:28 590948                     /usr/lib/libraylib.so.5.5.0
79517d353000-79517d3bc000 r--p 00142000 00:28 590948                     /usr/lib/libraylib.so.5.5.0
79517d3bc000-79517d3c0000 r--p 001aa000 00:28 590948                     /usr/lib/libraylib.so.5.5.0
79517d3c0000-79517d3c4000 rw-p 001ae000 00:28 590948                     /usr/lib/libraylib.so.5.5.0
79517d3c4000-79517d3f4000 rw-p 00000000 00:00 0 
79517d3f4000-79517d3f5000 ---p 00000000 00:00 0 
79517d3f5000-79517d3f9000 ---p 00000000 00:00 0 
79517d3f9000-79517d4f5000 rw-p 00000000 00:00 0 
79517d4f5000-79517d4f6000 ---p 00000000 00:00 0 
79517d4f6000-79517d5f6000 rw-p 00000000 00:00 0 
79517d5f6000-79517d5f7000 ---p 00000000 00:00 0 
79517d5f7000-79517d5fb000 ---p 00000000 00:00 0 
79517d5fb000-79517d6f7000 rw-p 00000000 00:00 0 
79517d6f7000-79517d6f8000 ---p 00000000 00:00 0 
79517d6f8000-79517d6fc000 ---p 00000000 00:00 0 
79517d6fc000-79517d7f8000 rw-p 00000000 00:00 0 
79517d7f8000-79517d7f9000 ---p 00000000 00:00 0 
79517d7f9000-79517d7fd000 ---p 00000000 00:00 0 
79517d7fd000-79517d8f9000 rw-p 00000000 00:00 0 
79517d8f9000-79517d8fa000 ---p 00000000 00:00 0 
79517d8fa000-79517d8fe000 ---p 00000000 00:00 0 
79517d8fe000-79517d9fa000 rw-p 00000000 00:00 0 
79517d9fa000-79517d9fb000 ---p 00000000 00:00 0 
79517d9fb000-79517d9ff000 ---p 00000000 00:00 0 
79517d9ff000-79517dafb000 rw-p 00000000 00:00 0 
79517dafb000-79517dafc000 ---p 00000000 00:00 0 
79517dafc000-79517db00000 ---p 00000000 00:00 0 
79517db00000-79517dbfc000 rw-p 00000000 00:00 0 
79517dbfc000-79517dbfd000 ---p 00000000 00:00 0 
79517dbfd000-79517dc01000 ---p 00000000 00:00 0 
79517dc01000-79517dcfd000 rw-p 00000000 00:00 0 
79517dcfd000-79517dcfe000 ---p 00000000 00:00 0 
79517dcfe000-79517dd02000 ---p 00000000 00:00 0 
79517dd02000-79517ddfe000 rw-p 00000000 00:00 0 
79517ddfe000-79517ddff000 ---p 00000000 00:00 0 
79517ddff000-79517de03000 ---p 00000000 00:00 0 
79517de03000-79517deff000 rw-p 00000000 00:00 0 
79517deff000-79517df00000 ---p 00000000 00:00 0 
79517df00000-79517e000000 rw-p 00000000 00:00 0 
79517e000000-795180021000 rw-p 00000000 00:00 0 
795180021000-795184000000 ---p 00000000 00:00 0 
795184000000-795184021000 rw-p 00000000 00:00 0 
795184021000-795188000000 ---p 00000000 00:00 0 
795188000000-795188021000 rw-p 00000000 00:00 0 
795188021000-79518c000000 ---p 00000000 00:00 0 
79518c05d000-79518c062000 r--p 00000000 00:28 1033213                    /home/tom/.jdks/temurin-17.0.15/lib/libjsvml.so
79518c062000-79518c0a3000 r-xp 00005000 00:28 1033213                    /home/tom/.jdks/temurin-17.0.15/lib/libjsvml.so
79518c0a3000-79518c12c000 r--p 00046000 00:28 1033213                    /home/tom/.jdks/temurin-17.0.15/lib/libjsvml.so
79518c12c000-79518c12d000 r--p 000ce000 00:28 1033213                    /home/tom/.jdks/temurin-17.0.15/lib/libjsvml.so
79518c12d000-79518c12e000 rw-p 000cf000 00:28 1033213                    /home/tom/.jdks/temurin-17.0.15/lib/libjsvml.so
79518c12e000-79518c12f000 ---p 00000000 00:00 0 
79518c12f000-79518c22f000 rw-p 00000000 00:00 0 
79518c22f000-79518c230000 ---p 00000000 00:00 0 
79518c230000-79518c330000 rw-p 00000000 00:00 0 
79518c330000-79518cb14000 rw-p 00000000 00:00 0 
79518cb14000-7951904d4000 ---p 00000000 00:00 0 
7951904d4000-7951908c4000 rw-p 00000000 00:00 0 
7951908c4000-795194284000 ---p 00000000 00:00 0 
795194284000-795194310000 rw-p 00000000 00:00 0 
795194310000-795194a48000 ---p 00000000 00:00 0 
795194a48000-795194ac6000 rw-p 00000000 00:00 0 
795194ac6000-7951951fe000 ---p 00000000 00:00 0 
7951951fe000-795195200000 rw-p 00000000 00:00 0 
795195200000-795195470000 rwxp 00000000 00:00 0 
795195470000-79519c737000 ---p 00000000 00:00 0 
79519c737000-79519c9a7000 rwxp 00000000 00:00 0 
79519c9a7000-79519ccc9000 ---p 00000000 00:00 0 
79519ccc9000-79519cf39000 rwxp 00000000 00:00 0 
79519cf39000-7951a4200000 ---p 00000000 00:00 0 
7951a4200000-7951abe02000 r--s 00000000 00:28 1033181                    /home/tom/.jdks/temurin-17.0.15/lib/modules
7951abe4f000-7951abe50000 r--p 00000000 00:28 56712                      /usr/lib64/libgcc_s-14-20250110.so.1
7951abe50000-7951abe74000 r-xp 00001000 00:28 56712                      /usr/lib64/libgcc_s-14-20250110.so.1
7951abe74000-7951abe7c000 r--p 00025000 00:28 56712                      /usr/lib64/libgcc_s-14-20250110.so.1
7951abe7c000-7951abe7d000 r--p 0002c000 00:28 56712                      /usr/lib64/libgcc_s-14-20250110.so.1
7951abe7d000-7951ac2a8000 rw-p 00000000 00:00 0 
7951ac2a8000-7951b0000000 ---p 00000000 00:00 0 
7951b002c000-7951b002e000 r--p 00000000 00:28 1033182                    /home/tom/.jdks/temurin-17.0.15/lib/libzip.so
7951b002e000-7951b0040000 r-xp 00002000 00:28 1033182                    /home/tom/.jdks/temurin-17.0.15/lib/libzip.so
7951b0040000-7951b0048000 r--p 00014000 00:28 1033182                    /home/tom/.jdks/temurin-17.0.15/lib/libzip.so
7951b0048000-7951b0049000 r--p 0001b000 00:28 1033182                    /home/tom/.jdks/temurin-17.0.15/lib/libzip.so
7951b0049000-7951b004a000 rw-p 0001c000 00:28 1033182                    /home/tom/.jdks/temurin-17.0.15/lib/libzip.so
7951b004a000-7951b03e9000 rw-p 00000000 00:00 0 
7951b03e9000-7951b03ea000 ---p 00000000 00:00 0 
7951b03ea000-7951b04ea000 rw-p 00000000 00:00 0 
7951b04ea000-7951b04eb000 ---p 00000000 00:00 0 
7951b04eb000-7951b05eb000 rw-p 00000000 00:00 0 
7951b05eb000-7951b05ec000 ---p 00000000 00:00 0 
7951b05ec000-7951b06ec000 rw-p 00000000 00:00 0 
7951b06ec000-7951b07e8000 rw-p 00000000 00:00 0 
7951b07e8000-7951b0f20000 ---p 00000000 00:00 0 
7951b0f20000-7951b172f000 rw-p 00000000 00:00 0 
7951b172f000-7951b1815000 ---p 00000000 00:00 0 
7951b1815000-7951b181a000 rw-p 00000000 00:00 0 
7951b181a000-7951b1900000 ---p 00000000 00:00 0 
7951b1900000-7951b1904000 ---p 00000000 00:00 0 
7951b1904000-7951b1a00000 rw-p 00000000 00:00 0 
7951b1a00000-7951b1c53000 r--p 00000000 00:28 1033234                    /home/tom/.jdks/temurin-17.0.15/lib/server/libjvm.so
7951b1c53000-7951b297c000 r-xp 00253000 00:28 1033234                    /home/tom/.jdks/temurin-17.0.15/lib/server/libjvm.so
7951b297c000-7951b2c09000 r--p 00f7c000 00:28 1033234                    /home/tom/.jdks/temurin-17.0.15/lib/server/libjvm.so
7951b2c09000-7951b2c0a000 ---p 01209000 00:28 1033234                    /home/tom/.jdks/temurin-17.0.15/lib/server/libjvm.so
7951b2c0a000-7951b2cc3000 r--p 01209000 00:28 1033234                    /home/tom/.jdks/temurin-17.0.15/lib/server/libjvm.so
7951b2cc3000-7951b2cf8000 rw-p 012c2000 00:28 1033234                    /home/tom/.jdks/temurin-17.0.15/lib/server/libjvm.so
7951b2cf8000-7951b2d53000 rw-p 00000000 00:00 0 
7951b2d55000-7951b2d5c000 r--s 00000000 00:28 60335                      /usr/lib64/gconv/gconv-modules.cache
7951b2d5c000-7951b2d8d000 rw-p 00000000 00:00 0 
7951b2d8d000-7951b2d91000 r--p 00000000 00:28 1033226                    /home/tom/.jdks/temurin-17.0.15/lib/libnet.so
7951b2d91000-7951b2d9f000 r-xp 00004000 00:28 1033226                    /home/tom/.jdks/temurin-17.0.15/lib/libnet.so
7951b2d9f000-7951b2da3000 r--p 00012000 00:28 1033226                    /home/tom/.jdks/temurin-17.0.15/lib/libnet.so
7951b2da3000-7951b2da4000 r--p 00015000 00:28 1033226                    /home/tom/.jdks/temurin-17.0.15/lib/libnet.so
7951b2da4000-7951b2da5000 rw-p 00016000 00:28 1033226                    /home/tom/.jdks/temurin-17.0.15/lib/libnet.so
7951b2da5000-7951b2dac000 r--p 00000000 00:28 1033235                    /home/tom/.jdks/temurin-17.0.15/lib/libnio.so
7951b2dac000-7951b2db5000 r-xp 00007000 00:28 1033235                    /home/tom/.jdks/temurin-17.0.15/lib/libnio.so
7951b2db5000-7951b2db9000 r--p 00010000 00:28 1033235                    /home/tom/.jdks/temurin-17.0.15/lib/libnio.so
7951b2db9000-7951b2dba000 ---p 00014000 00:28 1033235                    /home/tom/.jdks/temurin-17.0.15/lib/libnio.so
7951b2dba000-7951b2dbb000 r--p 00014000 00:28 1033235                    /home/tom/.jdks/temurin-17.0.15/lib/libnio.so
7951b2dbb000-7951b2dbc000 rw-p 00015000 00:28 1033235                    /home/tom/.jdks/temurin-17.0.15/lib/libnio.so
7951b2dbc000-7951b2dc1000 rw-p 00000000 00:00 0 
7951b2dc1000-7951b2dc8000 ---p 00000000 00:00 0 
7951b2dc8000-7951b2dd6000 r--p 00000000 00:28 1033185                    /home/tom/.jdks/temurin-17.0.15/lib/libjava.so
7951b2dd6000-7951b2de8000 r-xp 0000e000 00:28 1033185                    /home/tom/.jdks/temurin-17.0.15/lib/libjava.so
7951b2de8000-7951b2dee000 r--p 00020000 00:28 1033185                    /home/tom/.jdks/temurin-17.0.15/lib/libjava.so
7951b2dee000-7951b2def000 ---p 00026000 00:28 1033185                    /home/tom/.jdks/temurin-17.0.15/lib/libjava.so
7951b2def000-7951b2df0000 r--p 00026000 00:28 1033185                    /home/tom/.jdks/temurin-17.0.15/lib/libjava.so
7951b2df0000-7951b2df1000 rw-p 00027000 00:28 1033185                    /home/tom/.jdks/temurin-17.0.15/lib/libjava.so
7951b2df1000-7951b2df2000 rw-p 00000000 00:00 0 
7951b2df2000-7951b2dfa000 rw-s 00000000 00:33 439                        /tmp/hsperfdata_tom/44508
7951b2dfa000-7951b2dfb000 ---p 00000000 00:00 0 
7951b2dfb000-7951b2dfc000 r--p 00000000 00:00 0 
7951b2dfc000-7951b2dfd000 r--p 00000000 00:28 57049                      /usr/lib64/libm.so.6
7951b2dfd000-7951b2e76000 r-xp 00001000 00:28 57049                      /usr/lib64/libm.so.6
7951b2e76000-7951b2ee0000 r--p 0007a000 00:28 57049                      /usr/lib64/libm.so.6
7951b2ee0000-7951b2ee1000 r--p 000e3000 00:28 57049                      /usr/lib64/libm.so.6
7951b2ee1000-7951b2ee2000 rw-p 000e4000 00:28 57049                      /usr/lib64/libm.so.6
7951b2ee2000-7951b2ee3000 r--p 00000000 00:28 57426                      /usr/lib64/librt.so.1
7951b2ee3000-7951b2ee4000 r-xp 00001000 00:28 57426                      /usr/lib64/librt.so.1
7951b2ee4000-7951b2ee5000 r--p 00002000 00:28 57426                      /usr/lib64/librt.so.1
7951b2ee5000-7951b2ee6000 r--p 00002000 00:28 57426                      /usr/lib64/librt.so.1
7951b2ee6000-7951b2ee9000 rw-p 00000000 00:00 0 
7951b2ee9000-7951b2eea000 r--p 00000000 00:28 56480                      /usr/lib64/libc.so.6
7951b2eea000-7951b3059000 r-xp 00001000 00:28 56480                      /usr/lib64/libc.so.6
7951b3059000-7951b30ce000 r--p 00170000 00:28 56480                      /usr/lib64/libc.so.6
7951b30ce000-7951b30d2000 r--p 001e5000 00:28 56480                      /usr/lib64/libc.so.6
7951b30d2000-7951b30d4000 rw-p 001e9000 00:28 56480                      /usr/lib64/libc.so.6
7951b30d4000-7951b30dc000 rw-p 00000000 00:00 0 
7951b30dc000-7951b30dd000 r--p 00000000 00:28 56581                      /usr/lib64/libdl.so.2
7951b30dd000-7951b30de000 r-xp 00001000 00:28 56581                      /usr/lib64/libdl.so.2
7951b30de000-7951b30df000 r--p 00002000 00:28 56581                      /usr/lib64/libdl.so.2
7951b30df000-7951b30e0000 r--p 00002000 00:28 56581                      /usr/lib64/libdl.so.2
7951b30e0000-7951b30e1000 rw-p 00000000 00:00 0 
7951b30e1000-7951b30e2000 r--p 00000000 00:28 57375                      /usr/lib64/libpthread.so.0
7951b30e2000-7951b30e3000 r-xp 00001000 00:28 57375                      /usr/lib64/libpthread.so.0
7951b30e3000-7951b30e4000 r--p 00002000 00:28 57375                      /usr/lib64/libpthread.so.0
7951b30e4000-7951b30e5000 r--p 00002000 00:28 57375                      /usr/lib64/libpthread.so.0
7951b30e5000-7951b30e6000 rw-p 00000000 00:00 0 
7951b30e6000-7951b30e7000 ---p 00000000 00:00 0 
7951b30e7000-7951b30eb000 r--p 00000000 00:28 1033217                    /home/tom/.jdks/temurin-17.0.15/lib/libjimage.so
7951b30eb000-7951b30fe000 r-xp 00004000 00:28 1033217                    /home/tom/.jdks/temurin-17.0.15/lib/libjimage.so
7951b30fe000-7951b3104000 r--p 00017000 00:28 1033217                    /home/tom/.jdks/temurin-17.0.15/lib/libjimage.so
7951b3104000-7951b3106000 r--p 0001c000 00:28 1033217                    /home/tom/.jdks/temurin-17.0.15/lib/libjimage.so
7951b3106000-7951b3107000 rw-p 0001e000 00:28 1033217                    /home/tom/.jdks/temurin-17.0.15/lib/libjimage.so
7951b3107000-7951b310a000 r--p 00000000 00:28 1033190                    /home/tom/.jdks/temurin-17.0.15/lib/libjli.so
7951b310a000-7951b311a000 r-xp 00003000 00:28 1033190                    /home/tom/.jdks/temurin-17.0.15/lib/libjli.so
7951b311a000-7951b3121000 r--p 00013000 00:28 1033190                    /home/tom/.jdks/temurin-17.0.15/lib/libjli.so
7951b3121000-7951b3122000 r--p 00019000 00:28 1033190                    /home/tom/.jdks/temurin-17.0.15/lib/libjli.so
7951b3122000-7951b3123000 rw-p 0001a000 00:28 1033190                    /home/tom/.jdks/temurin-17.0.15/lib/libjli.so
7951b3123000-7951b3125000 rw-p 00000000 00:00 0 
7951b3125000-7951b3127000 r--p 00000000 00:00 0                          [vvar]
7951b3127000-7951b3129000 r--p 00000000 00:00 0                          [vvar_vclock]
7951b3129000-7951b312b000 r-xp 00000000 00:00 0                          [vdso]
7951b312b000-7951b312c000 r--p 00000000 00:28 55890                      /usr/lib64/ld-linux-x86-64.so.2
7951b312c000-7951b3155000 r-xp 00001000 00:28 55890                      /usr/lib64/ld-linux-x86-64.so.2
7951b3155000-7951b3160000 r--p 0002a000 00:28 55890                      /usr/lib64/ld-linux-x86-64.so.2
7951b3160000-7951b3162000 r--p 00035000 00:28 55890                      /usr/lib64/ld-linux-x86-64.so.2
7951b3162000-7951b3164000 rw-p 00037000 00:28 55890                      /usr/lib64/ld-linux-x86-64.so.2
7ffdd5cee000-7ffdd5d0f000 rw-p 00000000 00:00 0                          [stack]
ffffffffff600000-ffffffffff601000 --xp 00000000 00:00 0                  [vsyscall]


VM Arguments:
jvm_args: -Dfile.encoding=UTF-8 -Duser.country=GB -Duser.language=en -Duser.variant 
java_command: Main
java_class_path (initial): /home/tom/Documents/GitHub/OpenWorldEngine/build/classes/java/main:/home/tom/Documents/GitHub/OpenWorldEngine/build/resources/main:/home/tom/.gradle/caches/modules-2/files-2.1/uk.co.electronstudio.jaylib/jaylib/5.5.0-2/f2131af8a2b69fa2333d92510f15f0d5fab72636/jaylib-5.5.0-2.jar
Launcher Type: SUN_STANDARD

[Global flags]
     intx CICompilerCount                          = 4                                         {product} {ergonomic}
     uint ConcGCThreads                            = 2                                         {product} {ergonomic}
     uint G1ConcRefinementThreads                  = 8                                         {product} {ergonomic}
   size_t G1HeapRegionSize                         = 2097152                                   {product} {ergonomic}
    uintx GCDrainStackTargetSize                   = 64                                        {product} {ergonomic}
   size_t InitialHeapSize                          = 260046848                                 {product} {ergonomic}
   size_t MarkStackSize                            = 4194304                                   {product} {ergonomic}
   size_t MaxHeapSize                              = 4139778048                                {product} {ergonomic}
   size_t MaxNewSize                               = 2483027968                                {product} {ergonomic}
   size_t MinHeapDeltaBytes                        = 2097152                                   {product} {ergonomic}
   size_t MinHeapSize                              = 8388608                                   {product} {ergonomic}
    uintx NonNMethodCodeHeapSize                   = 5839372                                {pd product} {ergonomic}
    uintx NonProfiledCodeHeapSize                  = 122909434                              {pd product} {ergonomic}
    uintx ProfiledCodeHeapSize                     = 122909434                              {pd product} {ergonomic}
    uintx ReservedCodeCacheSize                    = 251658240                              {pd product} {ergonomic}
     bool SegmentedCodeCache                       = true                                      {product} {ergonomic}
   size_t SoftMaxHeapSize                          = 4139778048                             {manageable} {ergonomic}
     bool UseCompressedClassPointers               = true                           {product lp64_product} {ergonomic}
     bool UseCompressedOops                        = true                           {product lp64_product} {ergonomic}
     bool UseG1GC                                  = true                                      {product} {ergonomic}

Logging:
Log output configuration:
 #0: stdout all=warning uptime,level,tags
 #1: stderr all=off uptime,level,tags

Environment Variables:
PATH=/tmp/.mount_osu.Ap7R3etJ/usr/bin/:/home/tom/.local/bin:/home/tom/bin:/usr/local/bin:/usr/bin:/bin:/usr/local/sbin:/usr/sbin:/sbin:/home/tom/.dotnet/tools
SHELL=/bin/bash
DISPLAY=:0
LANG=en_GB.utf8
LC_NUMERIC=en_GB.utf8
LC_TIME=en_GB.utf8

Active Locale:
LC_ALL=en_GB.utf8
LC_COLLATE=en_GB.utf8
LC_CTYPE=en_GB.utf8
LC_MESSAGES=en_GB.utf8
LC_MONETARY=en_GB.utf8
LC_NUMERIC=en_GB.utf8
LC_TIME=en_GB.utf8

Signal Handlers:
   SIGSEGV: crash_handler in libjvm.so, mask=11100100010111111101111111111110, flags=SA_RESTART|SA_SIGINFO, unblocked
    SIGBUS: crash_handler in libjvm.so, mask=11100100010111111101111111111110, flags=SA_RESTART|SA_SIGINFO, unblocked
    SIGFPE: crash_handler in libjvm.so, mask=11100100010111111101111111111110, flags=SA_RESTART|SA_SIGINFO, unblocked
   SIGPIPE: javaSignalHandler in libjvm.so, mask=11100100010111111101111111111110, flags=SA_RESTART|SA_SIGINFO, blocked
   SIGXFSZ: javaSignalHandler in libjvm.so, mask=11100100010111111101111111111110, flags=SA_RESTART|SA_SIGINFO, blocked
    SIGILL: crash_handler in libjvm.so, mask=11100100010111111101111111111110, flags=SA_RESTART|SA_SIGINFO, unblocked
   SIGUSR2: SR_handler in libjvm.so, mask=00100000000000000000000000000000, flags=SA_RESTART|SA_SIGINFO, blocked
    SIGHUP: UserHandler in libjvm.so, mask=11100100010111111101111111111110, flags=SA_RESTART|SA_SIGINFO, blocked
    SIGINT: UserHandler in libjvm.so, mask=11100100010111111101111111111110, flags=SA_RESTART|SA_SIGINFO, blocked
   SIGTERM: UserHandler in libjvm.so, mask=11100100010111111101111111111110, flags=SA_RESTART|SA_SIGINFO, blocked
   SIGQUIT: UserHandler in libjvm.so, mask=11100100010111111101111111111110, flags=SA_RESTART|SA_SIGINFO, blocked
   SIGTRAP: crash_handler in libjvm.so, mask=11100100010111111101111111111110, flags=SA_RESTART|SA_SIGINFO, unblocked


Periodic native trim disabled


---------------  S Y S T E M  ---------------

OS:
Nobara release 41 (Forty One)
uname: Linux 6.13.5-200.nobara.fc41.x86_64 #1 SMP PREEMPT_DYNAMIC Thu Feb 27 18:52:39 UTC 2025 x86_64
OS uptime: 0 days 8:01 hours
libc: glibc 2.40 NPTL 2.40 
rlimit (soft/hard): STACK 8192k/infinity , CORE infinity/infinity , NPROC 62306/62306 , NOFILE 1048576/1048576 , AS infinity/infinity , CPU infinity/infinity , DATA infinity/infinity , FSIZE infinity/infinity , MEMLOCK 8192k/8192k
load average: 0.86 1.25 1.08

/proc/meminfo:
MemTotal:       16167600 kB
MemFree:         1349956 kB
MemAvailable:    8571276 kB
Buffers:            3608 kB
Cached:          7428368 kB
SwapCached:            0 kB
Active:          8325600 kB
Inactive:        5346040 kB
Active(anon):    6316796 kB
Inactive(anon):    17612 kB
Active(file):    2008804 kB
Inactive(file):  5328428 kB
Unevictable:         152 kB
Mlocked:             152 kB
SwapTotal:      26172312 kB
SwapFree:       26172056 kB
Zswap:                 0 kB
Zswapped:              0 kB
Dirty:              1788 kB
Writeback:             0 kB
AnonPages:       6153844 kB
Mapped:          2495824 kB
Shmem:             95060 kB
KReclaimable:     220716 kB
Slab:             430332 kB
SReclaimable:     220716 kB
SUnreclaim:       209616 kB
KernelStack:       23728 kB
PageTables:        50184 kB
SecPageTables:      5304 kB
NFS_Unstable:          0 kB
Bounce:                0 kB
WritebackTmp:          0 kB
CommitLimit:    34256112 kB
Committed_AS:   15771384 kB
VmallocTotal:   34359738367 kB
VmallocUsed:      137228 kB
VmallocChunk:          0 kB
Percpu:             8768 kB
HardwareCorrupted:     0 kB
AnonHugePages:   3135488 kB
ShmemHugePages:        0 kB
ShmemPmdMapped:        0 kB
FileHugePages:   2652160 kB
FilePmdMapped:   1214464 kB
CmaTotal:              0 kB
CmaFree:               0 kB
Unaccepted:            0 kB
HugePages_Total:       0
HugePages_Free:        0
HugePages_Rsvd:        0
HugePages_Surp:        0
Hugepagesize:       2048 kB
Hugetlb:               0 kB
DirectMap4k:     1393592 kB
DirectMap2M:    13078528 kB
DirectMap1G:     2097152 kB

/sys/kernel/mm/transparent_hugepage/enabled: [always] madvise never
/sys/kernel/mm/transparent_hugepage/hpage_pmd_size: 2097152
/sys/kernel/mm/transparent_hugepage/defrag (defrag/compaction efforts parameter): always defer [defer+madvise] madvise never

Process Memory:
Virtual Size: 7278036K (peak: 7278036K)
Resident Set Size: 71080K (peak: 71080K) (anon: 32788K, file: 38292K, shmem: 0K)
Swapped out: 0K
C-Heap outstanding allocations: 26724K, retained: 2312K
glibc malloc tunables: (default)

/proc/sys/kernel/threads-max (system-wide limit on the number of threads): 124612
/proc/sys/vm/max_map_count (maximum number of memory map areas a process may have): 16777216
/proc/sys/vm/swappiness (control to define how aggressively the kernel swaps out anonymous memory): 100
/proc/sys/kernel/pid_max (system-wide limit on number of process identifiers): 4194304

container information not found.
Steal ticks since vm start: 0
Steal ticks percentage since vm start:  0.000

CPU: total 8 (initial active 8) (8 cores per cpu, 2 threads per core) family 23 model 96 stepping 1 microcode 0x860010d, cx8, cmov, fxsr, ht, mmx, 3dnowpref, sse, sse2, sse3, ssse3, sse4a, sse4.1, sse4.2, popcnt, lzcnt, tsc, tscinvbit, avx, avx2, aes, clmul, bmi1, bmi2, adx, sha, fma, vzeroupper, clflush, clflushopt
CPU Model and flags from /proc/cpuinfo:
model name	: AMD Ryzen 3 4100 4-Core Processor
flags		: fpu vme de pse tsc msr pae mce cx8 apic sep mtrr pge mca cmov pat pse36 clflush mmx fxsr sse sse2 ht syscall nx mmxext fxsr_opt pdpe1gb rdtscp lm constant_tsc rep_good nopl xtopology nonstop_tsc cpuid extd_apicid aperfmperf rapl pni pclmulqdq monitor ssse3 fma cx16 sse4_1 sse4_2 x2apic movbe popcnt aes xsave avx f16c rdrand lahf_lm cmp_legacy svm extapic cr8_legacy abm sse4a misalignsse 3dnowprefetch osvw ibs skinit wdt tce topoext perfctr_core perfctr_nb bpext perfctr_llc mwaitx cpb cat_l3 cdp_l3 hw_pstate ssbd mba ibrs ibpb stibp vmmcall fsgsbase bmi1 avx2 smep bmi2 cqm rdt_a rdseed adx smap clflushopt clwb sha_ni xsaveopt xsavec xgetbv1 cqm_llc cqm_occup_llc cqm_mbm_total cqm_mbm_local clzero irperf xsaveerptr rdpru wbnoinvd cppc arat npt lbrv svm_lock nrip_save tsc_scale vmcb_clean flushbyasid decodeassists pausefilter pfthreshold avic v_vmsave_vmload vgif v_spec_ctrl umip rdpid overflow_recov succor smca

Online cpus: 0-7
Offline cpus: 
BIOS frequency limitation: <Not Available>
Frequency switch latency (ns): 0
Available cpu frequencies: <Not Available>
Current governor: powersave
Core performance/turbo boost: 1

Memory: 4k page, physical 16167600k(1349956k free), swap 26172312k(26172056k free)
Page Sizes: 4k

vm_info: OpenJDK 64-Bit Server VM (17.0.15+6) for linux-amd64 JRE (17.0.15+6), built on Apr 15 2025 00:00:00 by "admin" with gcc 10.3.0

END.
