#
# A fatal error has been detected by the Java Runtime Environment:
#
#  SIGSEGV (0xb) at pc=0x000074355108bb29, pid=44229, tid=44258
#
# JRE version: OpenJDK Runtime Environment Temurin-17.0.15+6 (17.0.15+6) (build 17.0.15+6)
# Java VM: OpenJDK 64-Bit Server VM Temurin-17.0.15+6 (17.0.15+6, mixed mode, sharing, tiered, compressed oops, compressed class ptrs, g1 gc, linux-amd64)
# Problematic frame:
# C  [libGLdispatch.so.0+0x5b29]
#
# Core dump will be written. Default location: Core dumps may be processed with "/usr/lib/systemd/systemd-coredump %P %u %g %s %t %c %h" (or dumping to /home/tom/Documents/GitHub/OpenWorldEngine/core.44229)
#
# If you would like to submit a bug report, please visit:
#   https://github.com/adoptium/adoptium-support/issues
# The crash happened outside the Java Virtual Machine in native code.
# See problematic frame for where to report the bug.
#

---------------  S U M M A R Y ------------

Command Line: -Dfile.encoding=UTF-8 -Duser.country=GB -Duser.language=en -Duser.variant Main

Host: AMD Ryzen 3 4100 4-Core Processor, 8 cores, 15G, Nobara release 41 (Forty One)
Time: Tue Jun  3 17:52:46 2025 BST elapsed time: 0.454155 seconds (0d 0h 0m 0s)

---------------  T H R E A D  ---------------

Current thread (0x0000743570d4deb0):  JavaThread "Thread-1" [_thread_in_native, id=44258, stack(0x0000743541f00000,0x0000743542000000)]

Stack: [0x0000743541f00000,0x0000743542000000],  sp=0x0000743541ffe588,  free space=1017k
Native frames: (J=compiled Java code, j=interpreted, Vv=VM code, C=native code)
C  [libGLdispatch.so.0+0x5b29]

Java frames: (J=compiled Java code, j=interpreted, Vv=VM code)
j  com.raylib.Raylib.LoadTexture(Ljava/lang/String;)Lcom/raylib/Raylib$Texture;+0
j  dev.spruce.game.assets.managers.TileTextureManager.<init>()V+33
j  dev.spruce.game.assets.Assets.<init>()V+9
j  dev.spruce.game.assets.Assets.getInstance()Ldev/spruce/game/assets/Assets;+10
j  dev.spruce.game.sound.SoundPlayer.run()V+0
j  java.lang.Thread.run()V+11 java.base@17.0.15
v  ~StubRoutines::call_stub

siginfo: si_signo: 11 (SIGSEGV), si_code: 1 (SEGV_MAPERR), si_addr: 0x0000000000000998

Registers:
RAX=0x0000000000000000, RBX=0x0000000000000020, RCX=0x0000000000000004, RDX=0x0000000000000020
RSP=0x0000743541ffe588, RBP=0x0000000000000001, RSI=0x0000000000000000, RDI=0x0000000000000de1
R8 =0x0000000000000001, R9 =0x0000000000000007, R10=0x00007434a40022d0, R11=0xe3aff44940a15401
R12=0x0000743541ffe690, R13=0x0000000000000004, R14=0x0000000000000004, R15=0x0000743570d4deb0
RIP=0x000074355108bb29, EFLAGS=0x0000000000010246, CSGSFS=0x002b000000000033, ERR=0x0000000000000004
  TRAPNO=0x000000000000000e

XMM[0]=0x0000000000000000 0x000074357029c8c0
XMM[1]=0x0000002000000020 0x00007434a4002fb0
XMM[2]=0xffffffffffff0000 0x0000000000000000
XMM[3]=0xffffffffffff0000 0x0000000000000000
XMM[4]=0x0000000000000000 0x00007434a4000090
XMM[5]=0x1680c153e04af389 0x05881fcaf6e0e80c
XMM[6]=0x00007434a400239c 0x00007434a40022d0
XMM[7]=0x2e2e2e2e2e2e2e2e 0x2e2e2e2e2e2e2e2e
XMM[8]=0x0001000600050001 0x0003000000000002
XMM[9]=0x0000000000000000 0x0000000000000000
XMM[10]=0x0000000000000000 0x3f3f3f3f3f3f3f3f
XMM[11]=0x0000000000000000 0x9999999999999999
XMM[12]=0x0000000000000000 0x2020202020202020
XMM[13]=0x0000000000000000 0x000000003acccccd
XMM[14]=0x0000000000000000 0x000000003acccccd
XMM[15]=0x0000000000000000 0x0000000000000000
  MXCSR=0x00001fa0


Register to memory mapping:

RAX=0x0 is NULL
RBX=0x0000000000000020 is an unknown value
RCX=0x0000000000000004 is an unknown value
RDX=0x0000000000000020 is an unknown value
RSP=0x0000743541ffe588 is pointing into the stack for thread: 0x0000743570d4deb0
RBP=0x0000000000000001 is an unknown value
RSI=0x0 is NULL
RDI=0x0000000000000de1 is an unknown value
R8 =0x0000000000000001 is an unknown value
R9 =0x0000000000000007 is an unknown value
R10=0x00007434a40022d0 points into unknown readable memory: 0x00000007434a4002 | 02 40 4a 43 07 00 00 00
R11=0xe3aff44940a15401 is an unknown value
R12=0x0000743541ffe690 is pointing into the stack for thread: 0x0000743570d4deb0
R13=0x0000000000000004 is an unknown value
R14=0x0000000000000004 is an unknown value
R15=0x0000743570d4deb0 is a thread


Top of Stack: (sp=0x0000743541ffe588)
0x0000743541ffe588:   00007435513e749f 0000743541ffe5e0
0x0000743541ffe598:   00007434a4002fb0 0000000000000001
0x0000743541ffe5a8:   00007434a4002020 00007434a40022d0
0x0000743541ffe5b8:   0000743541ffe640 00007434a4002020
0x0000743541ffe5c8:   0000002000000020 0000000000000000
0x0000743541ffe5d8:   00007434a40022c0 0000743541ffe620
0x0000743541ffe5e8:   00007435793aa00e 00007434a4002fb0
0x0000743541ffe5f8:   5a3907f2ad893800 0000000400000001
0x0000743541ffe608:   0000000000000020 0000000000000001
0x0000743541ffe618:   0000743541ffe690 0000000000000020
0x0000743541ffe628:   0000000000000004 0000743570d4deb0
0x0000743541ffe638:   00007435514a9ffd 00007434a4002020
0x0000743541ffe648:   0000743541ffe750 00007434a4002020
0x0000743541ffe658:   00007434ef42eae8 0000743541ffe7d0
0x0000743541ffe668:   00007435514aa057 00007434a4002fb0
0x0000743541ffe678:   0000002000000020 0000000400000001
0x0000743541ffe688:   00007435514aa037 0000000000000000
0x0000743541ffe698:   0000000000000000 0000743500000000
0x0000743541ffe6a8:   0000000000000014 00007434a4002fb0
0x0000743541ffe6b8:   0000002000000020 0000000400000001
0x0000743541ffe6c8:   5a3907f2ad893800 0000000000000000
0x0000743541ffe6d8:   00007435512d88cf 0000743570d4deb0
0x0000743541ffe6e8:   0000743541ffe7d0 0000743541ffe7c0
0x0000743541ffe6f8:   0000743570d4e160 0000000000000000
0x0000743541ffe708:   0000000000000000 00007434a4001ff0
0x0000743541ffe718:   0000743570d4deb0 0000743541ffe750
0x0000743541ffe728:   00007434ef42eaf0 0000000000000000
0x0000743541ffe738:   5a3907f2ad893800 00007434ef42eaf0
0x0000743541ffe748:   0000000000000000 0000743541ffe7b0
0x0000743541ffe758:   00007435607445da 0000743560744316
0x0000743541ffe768:   0000743541ffe768 00007434ef42eae8
0x0000743541ffe778:   0000743541ffe7d0 00007434ef4594e8 

Instructions: (pc=0x000074355108bb29)
0x000074355108ba29:   ff a0 f0 2e 00 00 41 ff a3 88 02 00 00 66 2e 0f
0x000074355108ba39:   1f 84 00 00 00 00 00 64 48 8b 04 25 10 ff ff ff
0x000074355108ba49:   ff a0 70 16 00 00 41 ff a3 90 02 00 00 66 2e 0f
0x000074355108ba59:   1f 84 00 00 00 00 00 64 48 8b 04 25 10 ff ff ff
0x000074355108ba69:   ff a0 20 2f 00 00 41 ff a3 98 02 00 00 66 2e 0f
0x000074355108ba79:   1f 84 00 00 00 00 00 64 48 8b 04 25 10 ff ff ff
0x000074355108ba89:   ff a0 70 16 00 00 41 ff a3 a0 02 00 00 66 2e 0f
0x000074355108ba99:   1f 84 00 00 00 00 00 64 48 8b 04 25 10 ff ff ff
0x000074355108baa9:   ff a0 e0 18 00 00 41 ff a3 a8 02 00 00 66 2e 0f
0x000074355108bab9:   1f 84 00 00 00 00 00 64 48 8b 04 25 10 ff ff ff
0x000074355108bac9:   ff a0 90 1e 00 00 41 ff a3 b0 02 00 00 66 2e 0f
0x000074355108bad9:   1f 84 00 00 00 00 00 64 48 8b 04 25 10 ff ff ff
0x000074355108bae9:   ff a0 18 3d 00 00 41 ff a3 b8 02 00 00 66 2e 0f
0x000074355108baf9:   1f 84 00 00 00 00 00 f3 0f 1e fa 48 8b 05 a5 a4
0x000074355108bb09:   06 00 64 4c 8b 18 41 ff a3 c0 02 00 00 66 2e 0f
0x000074355108bb19:   1f 84 00 00 00 00 00 64 48 8b 04 25 10 ff ff ff
0x000074355108bb29:   ff a0 98 09 00 00 41 ff a3 c8 02 00 00 66 2e 0f
0x000074355108bb39:   1f 84 00 00 00 00 00 64 48 8b 04 25 10 ff ff ff
0x000074355108bb49:   ff a0 98 09 00 00 41 ff a3 d0 02 00 00 66 2e 0f
0x000074355108bb59:   1f 84 00 00 00 00 00 64 48 8b 04 25 10 ff ff ff
0x000074355108bb69:   ff a0 c8 20 00 00 41 ff a3 d8 02 00 00 66 2e 0f
0x000074355108bb79:   1f 84 00 00 00 00 00 f3 0f 1e fa 48 8b 05 25 a4
0x000074355108bb89:   06 00 64 4c 8b 18 41 ff a3 e0 02 00 00 66 2e 0f
0x000074355108bb99:   1f 84 00 00 00 00 00 64 48 8b 04 25 10 ff ff ff
0x000074355108bba9:   ff a0 88 1e 00 00 41 ff a3 e8 02 00 00 66 2e 0f
0x000074355108bbb9:   1f 84 00 00 00 00 00 64 48 8b 04 25 10 ff ff ff
0x000074355108bbc9:   ff a0 18 1a 00 00 41 ff a3 f0 02 00 00 66 2e 0f
0x000074355108bbd9:   1f 84 00 00 00 00 00 64 48 8b 04 25 10 ff ff ff
0x000074355108bbe9:   ff a0 88 2f 00 00 41 ff a3 f8 02 00 00 66 2e 0f
0x000074355108bbf9:   1f 84 00 00 00 00 00 64 48 8b 04 25 10 ff ff ff
0x000074355108bc09:   ff a0 88 2f 00 00 41 ff a3 00 03 00 00 66 2e 0f
0x000074355108bc19:   1f 84 00 00 00 00 00 64 48 8b 04 25 10 ff ff ff 


Stack slot to memory mapping:
stack at sp + 0 slots: 0x00007435513e749f: rlLoadTexture+0x000000000000004f in /home/tom/.javacpp/cache/jaylib-5.5.0-2.jar/com/raylib/linux-x86_64/libjniRaylib.so at 0x0000743551200000
stack at sp + 1 slots: 0x0000743541ffe5e0 is pointing into the stack for thread: 0x0000743570d4deb0
stack at sp + 2 slots: 0x00007434a4002fb0 points into unknown readable memory: 0x6800226800226800 | 00 68 22 00 68 22 00 68
stack at sp + 3 slots: 0x0000000000000001 is an unknown value
stack at sp + 4 slots: 0x00007434a4002020 points into unknown readable memory: 0x00000007434a4002 | 02 40 4a 43 07 00 00 00
stack at sp + 5 slots: 0x00007434a40022d0 points into unknown readable memory: 0x00000007434a4002 | 02 40 4a 43 07 00 00 00
stack at sp + 6 slots: 0x0000743541ffe640 is pointing into the stack for thread: 0x0000743570d4deb0
stack at sp + 7 slots: 0x00007434a4002020 points into unknown readable memory: 0x00000007434a4002 | 02 40 4a 43 07 00 00 00


---------------  P R O C E S S  ---------------

Threads class SMR info:
_java_thread_list=0x0000743570d4d0f0, length=13, elements={
0x000074357002a290, 0x000074357018d5c0, 0x000074357018e9a0, 0x0000743570193f40,
0x00007435701952f0, 0x0000743570196700, 0x00007435701980b0, 0x00007435701995e0,
0x00007435701a2a40, 0x00007435701aaac0, 0x00007435701ad910, 0x0000743570289a60,
0x0000743570d4deb0
}

Java Threads: ( => current thread )
  0x000074357002a290 JavaThread "main" [_thread_in_Java, id=44231, stack(0x0000743577d00000,0x0000743577e00000)]
  0x000074357018d5c0 JavaThread "Reference Handler" daemon [_thread_blocked, id=44238, stack(0x0000743574acd000,0x0000743574bcd000)]
  0x000074357018e9a0 JavaThread "Finalizer" daemon [_thread_blocked, id=44239, stack(0x00007435749cc000,0x0000743574acc000)]
  0x0000743570193f40 JavaThread "Signal Dispatcher" daemon [_thread_blocked, id=44240, stack(0x00007435748cb000,0x00007435749cb000)]
  0x00007435701952f0 JavaThread "Service Thread" daemon [_thread_blocked, id=44241, stack(0x00007435747ca000,0x00007435748ca000)]
  0x0000743570196700 JavaThread "Monitor Deflation Thread" daemon [_thread_blocked, id=44242, stack(0x00007435746c9000,0x00007435747c9000)]
  0x00007435701980b0 JavaThread "C2 CompilerThread0" daemon [_thread_blocked, id=44243, stack(0x00007435745c8000,0x00007435746c8000)]
  0x00007435701995e0 JavaThread "C1 CompilerThread0" daemon [_thread_blocked, id=44244, stack(0x00007435744c7000,0x00007435745c7000)]
  0x00007435701a2a40 JavaThread "Sweeper thread" daemon [_thread_blocked, id=44245, stack(0x00007435743c6000,0x00007435744c6000)]
  0x00007435701aaac0 JavaThread "Notification Thread" daemon [_thread_blocked, id=44246, stack(0x00007435742c5000,0x00007435743c5000)]
  0x00007435701ad910 JavaThread "Common-Cleaner" daemon [_thread_blocked, id=44248, stack(0x00007435740c3000,0x00007435741c3000)]
  0x0000743570289a60 JavaThread "JavaCPP Deallocator" daemon [_thread_blocked, id=44252, stack(0x0000743551100000,0x0000743551200000)]
=>0x0000743570d4deb0 JavaThread "Thread-1" [_thread_in_native, id=44258, stack(0x0000743541f00000,0x0000743542000000)]

Other Threads:
  0x0000743570189630 VMThread "VM Thread" [stack: 0x0000743574bce000,0x0000743574cce000] [id=44237]
  0x00007435701ac400 WatcherThread [stack: 0x00007435741c4000,0x00007435742c4000] [id=44247]
  0x0000743570094c80 GCTaskThread "GC Thread#0" [stack: 0x0000743575b00000,0x0000743575c00000] [id=44232]
  0x00007435700a5950 ConcurrentGCThread "G1 Main Marker" [stack: 0x00007435759ff000,0x0000743575aff000] [id=44233]
  0x00007435700a68c0 ConcurrentGCThread "G1 Conc#0" [stack: 0x00007435758fe000,0x00007435759fe000] [id=44234]
  0x000074357015a260 ConcurrentGCThread "G1 Refine#0" [stack: 0x0000743574ff5000,0x00007435750f5000] [id=44235]
  0x000074357015b160 ConcurrentGCThread "G1 Service" [stack: 0x0000743574ef4000,0x0000743574ff4000] [id=44236]

Threads with active compile tasks:

VM state: not at safepoint (normal execution)

VM Mutex/Monitor currently owned by a thread: None

Heap address: 0x0000000709400000, size: 3948 MB, Compressed Oops mode: Zero based, Oop shift amount: 3

CDS archive(s) mapped at: [0x00007434f3000000-0x00007434f3bc9000-0x00007434f3bc9000), size 12357632, SharedBaseAddress: 0x00007434f3000000, ArchiveRelocationMode: 1.
Compressed class space mapped at: 0x00007434f4000000-0x0000743534000000, reserved size: 1073741824
Narrow klass base: 0x00007434f3000000, Narrow klass shift: 0, Narrow klass range: 0x100000000

GC Precious Log:
 CPUs: 8 total, 8 available
 Memory: 15788M
 Large Page Support: Disabled
 NUMA Support: Disabled
 Compressed Oops: Enabled (Zero based)
 Heap Region Size: 2M
 Heap Min Capacity: 8M
 Heap Initial Capacity: 248M
 Heap Max Capacity: 3948M
 Pre-touch: Disabled
 Parallel Workers: 8
 Concurrent Workers: 2
 Concurrent Refinement Workers: 8
 Periodic GC: Disabled

Heap:
 garbage-first heap   total 258048K, used 6068K [0x0000000709400000, 0x0000000800000000)
  region size 2048K, 3 young (6144K), 0 survivors (0K)
 Metaspace       used 2689K, committed 2944K, reserved 1114112K
  class space    used 273K, committed 384K, reserved 1048576K

Heap Regions: E=young(eden), S=young(survivor), O=old, HS=humongous(starts), HC=humongous(continues), CS=collection set, F=free, OA=open archive, CA=closed archive, TAMS=top-at-mark-start (previous, next)
|   0|0x0000000709400000, 0x0000000709400000, 0x0000000709600000|  0%| F|  |TAMS 0x0000000709400000, 0x0000000709400000| Untracked 
|   1|0x0000000709600000, 0x0000000709600000, 0x0000000709800000|  0%| F|  |TAMS 0x0000000709600000, 0x0000000709600000| Untracked 
|   2|0x0000000709800000, 0x0000000709800000, 0x0000000709a00000|  0%| F|  |TAMS 0x0000000709800000, 0x0000000709800000| Untracked 
|   3|0x0000000709a00000, 0x0000000709a00000, 0x0000000709c00000|  0%| F|  |TAMS 0x0000000709a00000, 0x0000000709a00000| Untracked 
|   4|0x0000000709c00000, 0x0000000709c00000, 0x0000000709e00000|  0%| F|  |TAMS 0x0000000709c00000, 0x0000000709c00000| Untracked 
|   5|0x0000000709e00000, 0x0000000709e00000, 0x000000070a000000|  0%| F|  |TAMS 0x0000000709e00000, 0x0000000709e00000| Untracked 
|   6|0x000000070a000000, 0x000000070a000000, 0x000000070a200000|  0%| F|  |TAMS 0x000000070a000000, 0x000000070a000000| Untracked 
|   7|0x000000070a200000, 0x000000070a200000, 0x000000070a400000|  0%| F|  |TAMS 0x000000070a200000, 0x000000070a200000| Untracked 
|   8|0x000000070a400000, 0x000000070a400000, 0x000000070a600000|  0%| F|  |TAMS 0x000000070a400000, 0x000000070a400000| Untracked 
|   9|0x000000070a600000, 0x000000070a600000, 0x000000070a800000|  0%| F|  |TAMS 0x000000070a600000, 0x000000070a600000| Untracked 
|  10|0x000000070a800000, 0x000000070a800000, 0x000000070aa00000|  0%| F|  |TAMS 0x000000070a800000, 0x000000070a800000| Untracked 
|  11|0x000000070aa00000, 0x000000070aa00000, 0x000000070ac00000|  0%| F|  |TAMS 0x000000070aa00000, 0x000000070aa00000| Untracked 
|  12|0x000000070ac00000, 0x000000070ac00000, 0x000000070ae00000|  0%| F|  |TAMS 0x000000070ac00000, 0x000000070ac00000| Untracked 
|  13|0x000000070ae00000, 0x000000070ae00000, 0x000000070b000000|  0%| F|  |TAMS 0x000000070ae00000, 0x000000070ae00000| Untracked 
|  14|0x000000070b000000, 0x000000070b000000, 0x000000070b200000|  0%| F|  |TAMS 0x000000070b000000, 0x000000070b000000| Untracked 
|  15|0x000000070b200000, 0x000000070b200000, 0x000000070b400000|  0%| F|  |TAMS 0x000000070b200000, 0x000000070b200000| Untracked 
|  16|0x000000070b400000, 0x000000070b400000, 0x000000070b600000|  0%| F|  |TAMS 0x000000070b400000, 0x000000070b400000| Untracked 
|  17|0x000000070b600000, 0x000000070b600000, 0x000000070b800000|  0%| F|  |TAMS 0x000000070b600000, 0x000000070b600000| Untracked 
|  18|0x000000070b800000, 0x000000070b800000, 0x000000070ba00000|  0%| F|  |TAMS 0x000000070b800000, 0x000000070b800000| Untracked 
|  19|0x000000070ba00000, 0x000000070ba00000, 0x000000070bc00000|  0%| F|  |TAMS 0x000000070ba00000, 0x000000070ba00000| Untracked 
|  20|0x000000070bc00000, 0x000000070bc00000, 0x000000070be00000|  0%| F|  |TAMS 0x000000070bc00000, 0x000000070bc00000| Untracked 
|  21|0x000000070be00000, 0x000000070be00000, 0x000000070c000000|  0%| F|  |TAMS 0x000000070be00000, 0x000000070be00000| Untracked 
|  22|0x000000070c000000, 0x000000070c000000, 0x000000070c200000|  0%| F|  |TAMS 0x000000070c000000, 0x000000070c000000| Untracked 
|  23|0x000000070c200000, 0x000000070c200000, 0x000000070c400000|  0%| F|  |TAMS 0x000000070c200000, 0x000000070c200000| Untracked 
|  24|0x000000070c400000, 0x000000070c400000, 0x000000070c600000|  0%| F|  |TAMS 0x000000070c400000, 0x000000070c400000| Untracked 
|  25|0x000000070c600000, 0x000000070c600000, 0x000000070c800000|  0%| F|  |TAMS 0x000000070c600000, 0x000000070c600000| Untracked 
|  26|0x000000070c800000, 0x000000070c800000, 0x000000070ca00000|  0%| F|  |TAMS 0x000000070c800000, 0x000000070c800000| Untracked 
|  27|0x000000070ca00000, 0x000000070ca00000, 0x000000070cc00000|  0%| F|  |TAMS 0x000000070ca00000, 0x000000070ca00000| Untracked 
|  28|0x000000070cc00000, 0x000000070cc00000, 0x000000070ce00000|  0%| F|  |TAMS 0x000000070cc00000, 0x000000070cc00000| Untracked 
|  29|0x000000070ce00000, 0x000000070ce00000, 0x000000070d000000|  0%| F|  |TAMS 0x000000070ce00000, 0x000000070ce00000| Untracked 
|  30|0x000000070d000000, 0x000000070d000000, 0x000000070d200000|  0%| F|  |TAMS 0x000000070d000000, 0x000000070d000000| Untracked 
|  31|0x000000070d200000, 0x000000070d200000, 0x000000070d400000|  0%| F|  |TAMS 0x000000070d200000, 0x000000070d200000| Untracked 
|  32|0x000000070d400000, 0x000000070d400000, 0x000000070d600000|  0%| F|  |TAMS 0x000000070d400000, 0x000000070d400000| Untracked 
|  33|0x000000070d600000, 0x000000070d600000, 0x000000070d800000|  0%| F|  |TAMS 0x000000070d600000, 0x000000070d600000| Untracked 
|  34|0x000000070d800000, 0x000000070d800000, 0x000000070da00000|  0%| F|  |TAMS 0x000000070d800000, 0x000000070d800000| Untracked 
|  35|0x000000070da00000, 0x000000070da00000, 0x000000070dc00000|  0%| F|  |TAMS 0x000000070da00000, 0x000000070da00000| Untracked 
|  36|0x000000070dc00000, 0x000000070dc00000, 0x000000070de00000|  0%| F|  |TAMS 0x000000070dc00000, 0x000000070dc00000| Untracked 
|  37|0x000000070de00000, 0x000000070de00000, 0x000000070e000000|  0%| F|  |TAMS 0x000000070de00000, 0x000000070de00000| Untracked 
|  38|0x000000070e000000, 0x000000070e000000, 0x000000070e200000|  0%| F|  |TAMS 0x000000070e000000, 0x000000070e000000| Untracked 
|  39|0x000000070e200000, 0x000000070e200000, 0x000000070e400000|  0%| F|  |TAMS 0x000000070e200000, 0x000000070e200000| Untracked 
|  40|0x000000070e400000, 0x000000070e400000, 0x000000070e600000|  0%| F|  |TAMS 0x000000070e400000, 0x000000070e400000| Untracked 
|  41|0x000000070e600000, 0x000000070e600000, 0x000000070e800000|  0%| F|  |TAMS 0x000000070e600000, 0x000000070e600000| Untracked 
|  42|0x000000070e800000, 0x000000070e800000, 0x000000070ea00000|  0%| F|  |TAMS 0x000000070e800000, 0x000000070e800000| Untracked 
|  43|0x000000070ea00000, 0x000000070ea00000, 0x000000070ec00000|  0%| F|  |TAMS 0x000000070ea00000, 0x000000070ea00000| Untracked 
|  44|0x000000070ec00000, 0x000000070ec00000, 0x000000070ee00000|  0%| F|  |TAMS 0x000000070ec00000, 0x000000070ec00000| Untracked 
|  45|0x000000070ee00000, 0x000000070ee00000, 0x000000070f000000|  0%| F|  |TAMS 0x000000070ee00000, 0x000000070ee00000| Untracked 
|  46|0x000000070f000000, 0x000000070f000000, 0x000000070f200000|  0%| F|  |TAMS 0x000000070f000000, 0x000000070f000000| Untracked 
|  47|0x000000070f200000, 0x000000070f200000, 0x000000070f400000|  0%| F|  |TAMS 0x000000070f200000, 0x000000070f200000| Untracked 
|  48|0x000000070f400000, 0x000000070f400000, 0x000000070f600000|  0%| F|  |TAMS 0x000000070f400000, 0x000000070f400000| Untracked 
|  49|0x000000070f600000, 0x000000070f600000, 0x000000070f800000|  0%| F|  |TAMS 0x000000070f600000, 0x000000070f600000| Untracked 
|  50|0x000000070f800000, 0x000000070f800000, 0x000000070fa00000|  0%| F|  |TAMS 0x000000070f800000, 0x000000070f800000| Untracked 
|  51|0x000000070fa00000, 0x000000070fa00000, 0x000000070fc00000|  0%| F|  |TAMS 0x000000070fa00000, 0x000000070fa00000| Untracked 
|  52|0x000000070fc00000, 0x000000070fc00000, 0x000000070fe00000|  0%| F|  |TAMS 0x000000070fc00000, 0x000000070fc00000| Untracked 
|  53|0x000000070fe00000, 0x000000070fe00000, 0x0000000710000000|  0%| F|  |TAMS 0x000000070fe00000, 0x000000070fe00000| Untracked 
|  54|0x0000000710000000, 0x0000000710000000, 0x0000000710200000|  0%| F|  |TAMS 0x0000000710000000, 0x0000000710000000| Untracked 
|  55|0x0000000710200000, 0x0000000710200000, 0x0000000710400000|  0%| F|  |TAMS 0x0000000710200000, 0x0000000710200000| Untracked 
|  56|0x0000000710400000, 0x0000000710400000, 0x0000000710600000|  0%| F|  |TAMS 0x0000000710400000, 0x0000000710400000| Untracked 
|  57|0x0000000710600000, 0x0000000710600000, 0x0000000710800000|  0%| F|  |TAMS 0x0000000710600000, 0x0000000710600000| Untracked 
|  58|0x0000000710800000, 0x0000000710800000, 0x0000000710a00000|  0%| F|  |TAMS 0x0000000710800000, 0x0000000710800000| Untracked 
|  59|0x0000000710a00000, 0x0000000710a00000, 0x0000000710c00000|  0%| F|  |TAMS 0x0000000710a00000, 0x0000000710a00000| Untracked 
|  60|0x0000000710c00000, 0x0000000710c00000, 0x0000000710e00000|  0%| F|  |TAMS 0x0000000710c00000, 0x0000000710c00000| Untracked 
|  61|0x0000000710e00000, 0x0000000710e00000, 0x0000000711000000|  0%| F|  |TAMS 0x0000000710e00000, 0x0000000710e00000| Untracked 
|  62|0x0000000711000000, 0x0000000711000000, 0x0000000711200000|  0%| F|  |TAMS 0x0000000711000000, 0x0000000711000000| Untracked 
|  63|0x0000000711200000, 0x0000000711200000, 0x0000000711400000|  0%| F|  |TAMS 0x0000000711200000, 0x0000000711200000| Untracked 
|  64|0x0000000711400000, 0x0000000711400000, 0x0000000711600000|  0%| F|  |TAMS 0x0000000711400000, 0x0000000711400000| Untracked 
|  65|0x0000000711600000, 0x0000000711600000, 0x0000000711800000|  0%| F|  |TAMS 0x0000000711600000, 0x0000000711600000| Untracked 
|  66|0x0000000711800000, 0x0000000711800000, 0x0000000711a00000|  0%| F|  |TAMS 0x0000000711800000, 0x0000000711800000| Untracked 
|  67|0x0000000711a00000, 0x0000000711a00000, 0x0000000711c00000|  0%| F|  |TAMS 0x0000000711a00000, 0x0000000711a00000| Untracked 
|  68|0x0000000711c00000, 0x0000000711c00000, 0x0000000711e00000|  0%| F|  |TAMS 0x0000000711c00000, 0x0000000711c00000| Untracked 
|  69|0x0000000711e00000, 0x0000000711e00000, 0x0000000712000000|  0%| F|  |TAMS 0x0000000711e00000, 0x0000000711e00000| Untracked 
|  70|0x0000000712000000, 0x0000000712000000, 0x0000000712200000|  0%| F|  |TAMS 0x0000000712000000, 0x0000000712000000| Untracked 
|  71|0x0000000712200000, 0x0000000712200000, 0x0000000712400000|  0%| F|  |TAMS 0x0000000712200000, 0x0000000712200000| Untracked 
|  72|0x0000000712400000, 0x0000000712400000, 0x0000000712600000|  0%| F|  |TAMS 0x0000000712400000, 0x0000000712400000| Untracked 
|  73|0x0000000712600000, 0x0000000712600000, 0x0000000712800000|  0%| F|  |TAMS 0x0000000712600000, 0x0000000712600000| Untracked 
|  74|0x0000000712800000, 0x0000000712800000, 0x0000000712a00000|  0%| F|  |TAMS 0x0000000712800000, 0x0000000712800000| Untracked 
|  75|0x0000000712a00000, 0x0000000712a00000, 0x0000000712c00000|  0%| F|  |TAMS 0x0000000712a00000, 0x0000000712a00000| Untracked 
|  76|0x0000000712c00000, 0x0000000712c00000, 0x0000000712e00000|  0%| F|  |TAMS 0x0000000712c00000, 0x0000000712c00000| Untracked 
|  77|0x0000000712e00000, 0x0000000712e00000, 0x0000000713000000|  0%| F|  |TAMS 0x0000000712e00000, 0x0000000712e00000| Untracked 
|  78|0x0000000713000000, 0x0000000713000000, 0x0000000713200000|  0%| F|  |TAMS 0x0000000713000000, 0x0000000713000000| Untracked 
|  79|0x0000000713200000, 0x0000000713200000, 0x0000000713400000|  0%| F|  |TAMS 0x0000000713200000, 0x0000000713200000| Untracked 
|  80|0x0000000713400000, 0x0000000713400000, 0x0000000713600000|  0%| F|  |TAMS 0x0000000713400000, 0x0000000713400000| Untracked 
|  81|0x0000000713600000, 0x0000000713600000, 0x0000000713800000|  0%| F|  |TAMS 0x0000000713600000, 0x0000000713600000| Untracked 
|  82|0x0000000713800000, 0x0000000713800000, 0x0000000713a00000|  0%| F|  |TAMS 0x0000000713800000, 0x0000000713800000| Untracked 
|  83|0x0000000713a00000, 0x0000000713a00000, 0x0000000713c00000|  0%| F|  |TAMS 0x0000000713a00000, 0x0000000713a00000| Untracked 
|  84|0x0000000713c00000, 0x0000000713c00000, 0x0000000713e00000|  0%| F|  |TAMS 0x0000000713c00000, 0x0000000713c00000| Untracked 
|  85|0x0000000713e00000, 0x0000000713e00000, 0x0000000714000000|  0%| F|  |TAMS 0x0000000713e00000, 0x0000000713e00000| Untracked 
|  86|0x0000000714000000, 0x0000000714000000, 0x0000000714200000|  0%| F|  |TAMS 0x0000000714000000, 0x0000000714000000| Untracked 
|  87|0x0000000714200000, 0x0000000714200000, 0x0000000714400000|  0%| F|  |TAMS 0x0000000714200000, 0x0000000714200000| Untracked 
|  88|0x0000000714400000, 0x0000000714400000, 0x0000000714600000|  0%| F|  |TAMS 0x0000000714400000, 0x0000000714400000| Untracked 
|  89|0x0000000714600000, 0x0000000714600000, 0x0000000714800000|  0%| F|  |TAMS 0x0000000714600000, 0x0000000714600000| Untracked 
|  90|0x0000000714800000, 0x0000000714800000, 0x0000000714a00000|  0%| F|  |TAMS 0x0000000714800000, 0x0000000714800000| Untracked 
|  91|0x0000000714a00000, 0x0000000714a00000, 0x0000000714c00000|  0%| F|  |TAMS 0x0000000714a00000, 0x0000000714a00000| Untracked 
|  92|0x0000000714c00000, 0x0000000714c00000, 0x0000000714e00000|  0%| F|  |TAMS 0x0000000714c00000, 0x0000000714c00000| Untracked 
|  93|0x0000000714e00000, 0x0000000714e00000, 0x0000000715000000|  0%| F|  |TAMS 0x0000000714e00000, 0x0000000714e00000| Untracked 
|  94|0x0000000715000000, 0x0000000715000000, 0x0000000715200000|  0%| F|  |TAMS 0x0000000715000000, 0x0000000715000000| Untracked 
|  95|0x0000000715200000, 0x0000000715200000, 0x0000000715400000|  0%| F|  |TAMS 0x0000000715200000, 0x0000000715200000| Untracked 
|  96|0x0000000715400000, 0x0000000715400000, 0x0000000715600000|  0%| F|  |TAMS 0x0000000715400000, 0x0000000715400000| Untracked 
|  97|0x0000000715600000, 0x0000000715600000, 0x0000000715800000|  0%| F|  |TAMS 0x0000000715600000, 0x0000000715600000| Untracked 
|  98|0x0000000715800000, 0x0000000715800000, 0x0000000715a00000|  0%| F|  |TAMS 0x0000000715800000, 0x0000000715800000| Untracked 
|  99|0x0000000715a00000, 0x0000000715a00000, 0x0000000715c00000|  0%| F|  |TAMS 0x0000000715a00000, 0x0000000715a00000| Untracked 
| 100|0x0000000715c00000, 0x0000000715c00000, 0x0000000715e00000|  0%| F|  |TAMS 0x0000000715c00000, 0x0000000715c00000| Untracked 
| 101|0x0000000715e00000, 0x0000000715e00000, 0x0000000716000000|  0%| F|  |TAMS 0x0000000715e00000, 0x0000000715e00000| Untracked 
| 102|0x0000000716000000, 0x0000000716000000, 0x0000000716200000|  0%| F|  |TAMS 0x0000000716000000, 0x0000000716000000| Untracked 
| 103|0x0000000716200000, 0x0000000716200000, 0x0000000716400000|  0%| F|  |TAMS 0x0000000716200000, 0x0000000716200000| Untracked 
| 104|0x0000000716400000, 0x0000000716400000, 0x0000000716600000|  0%| F|  |TAMS 0x0000000716400000, 0x0000000716400000| Untracked 
| 105|0x0000000716600000, 0x0000000716600000, 0x0000000716800000|  0%| F|  |TAMS 0x0000000716600000, 0x0000000716600000| Untracked 
| 106|0x0000000716800000, 0x0000000716800000, 0x0000000716a00000|  0%| F|  |TAMS 0x0000000716800000, 0x0000000716800000| Untracked 
| 107|0x0000000716a00000, 0x0000000716a00000, 0x0000000716c00000|  0%| F|  |TAMS 0x0000000716a00000, 0x0000000716a00000| Untracked 
| 108|0x0000000716c00000, 0x0000000716c00000, 0x0000000716e00000|  0%| F|  |TAMS 0x0000000716c00000, 0x0000000716c00000| Untracked 
| 109|0x0000000716e00000, 0x0000000716e00000, 0x0000000717000000|  0%| F|  |TAMS 0x0000000716e00000, 0x0000000716e00000| Untracked 
| 110|0x0000000717000000, 0x0000000717000000, 0x0000000717200000|  0%| F|  |TAMS 0x0000000717000000, 0x0000000717000000| Untracked 
| 111|0x0000000717200000, 0x0000000717200000, 0x0000000717400000|  0%| F|  |TAMS 0x0000000717200000, 0x0000000717200000| Untracked 
| 112|0x0000000717400000, 0x0000000717400000, 0x0000000717600000|  0%| F|  |TAMS 0x0000000717400000, 0x0000000717400000| Untracked 
| 113|0x0000000717600000, 0x0000000717600000, 0x0000000717800000|  0%| F|  |TAMS 0x0000000717600000, 0x0000000717600000| Untracked 
| 114|0x0000000717800000, 0x0000000717800000, 0x0000000717a00000|  0%| F|  |TAMS 0x0000000717800000, 0x0000000717800000| Untracked 
| 115|0x0000000717a00000, 0x0000000717a00000, 0x0000000717c00000|  0%| F|  |TAMS 0x0000000717a00000, 0x0000000717a00000| Untracked 
| 116|0x0000000717c00000, 0x0000000717c00000, 0x0000000717e00000|  0%| F|  |TAMS 0x0000000717c00000, 0x0000000717c00000| Untracked 
| 117|0x0000000717e00000, 0x0000000717e00000, 0x0000000718000000|  0%| F|  |TAMS 0x0000000717e00000, 0x0000000717e00000| Untracked 
| 118|0x0000000718000000, 0x0000000718000000, 0x0000000718200000|  0%| F|  |TAMS 0x0000000718000000, 0x0000000718000000| Untracked 
| 119|0x0000000718200000, 0x0000000718200000, 0x0000000718400000|  0%| F|  |TAMS 0x0000000718200000, 0x0000000718200000| Untracked 
| 120|0x0000000718400000, 0x0000000718400000, 0x0000000718600000|  0%| F|  |TAMS 0x0000000718400000, 0x0000000718400000| Untracked 
| 121|0x0000000718600000, 0x0000000718800000, 0x0000000718800000|100%| E|  |TAMS 0x0000000718600000, 0x0000000718600000| Complete 
| 122|0x0000000718800000, 0x0000000718a00000, 0x0000000718a00000|100%| E|CS|TAMS 0x0000000718800000, 0x0000000718800000| Complete 
| 123|0x0000000718a00000, 0x0000000718c00000, 0x0000000718c00000|100%| E|CS|TAMS 0x0000000718a00000, 0x0000000718a00000| Complete 
|1972|0x00000007ffc00000, 0x00000007ffd75000, 0x00000007ffe00000| 72%|OA|  |TAMS 0x00000007ffc00000, 0x00000007ffc00000| Untracked 
|1973|0x00000007ffe00000, 0x00000007ffe78000, 0x0000000800000000| 23%|CA|  |TAMS 0x00000007ffe00000, 0x00000007ffe00000| Untracked 

Card table byte_map: [0x00007435763b6000,0x0000743576b6c000] _byte_map_base: 0x0000743572b6c000

Marking Bits (Prev, Next): (CMBitMap*) 0x0000743570095710, (CMBitMap*) 0x0000743570095750
 Prev Bits: [0x0000743555450000, 0x0000743559200000)
 Next Bits: [0x00007435516a0000, 0x0000743555450000)

Polling page: 0x0000743579239000

Metaspace:

Usage:
  Non-class:      2.37 MB used.
      Class:    273.65 KB used.
       Both:      2.63 MB used.

Virtual space:
  Non-class space:       64.00 MB reserved,       2.50 MB (  4%) committed,  1 nodes.
      Class space:        1.00 GB reserved,     384.00 KB ( <1%) committed,  1 nodes.
             Both:        1.06 GB reserved,       2.88 MB ( <1%) committed. 

Chunk freelists:
   Non-Class:  10.98 MB
       Class:  15.60 MB
        Both:  26.58 MB

MaxMetaspaceSize: unlimited
CompressedClassSpaceSize: 1.00 GB
Initial GC threshold: 21.00 MB
Current GC threshold: 21.00 MB
CDS: on
MetaspaceReclaimPolicy: balanced
 - commit_granule_bytes: 65536.
 - commit_granule_words: 8192.
 - virtual_space_node_default_size: 8388608.
 - enlarge_chunks_in_place: 1.
 - new_chunks_are_fully_committed: 0.
 - uncommit_free_chunks: 1.
 - use_allocation_guard: 0.
 - handle_deallocations: 1.


Internal statistics:

num_allocs_failed_limit: 0.
num_arena_births: 76.
num_arena_deaths: 0.
num_vsnodes_births: 2.
num_vsnodes_deaths: 0.
num_space_committed: 46.
num_space_uncommitted: 0.
num_chunks_returned_to_freelist: 0.
num_chunks_taken_from_freelist: 142.
num_chunk_merges: 0.
num_chunk_splits: 92.
num_chunks_enlarged: 55.
num_inconsistent_stats: 0.

CodeHeap 'non-profiled nmethods': size=120028Kb used=202Kb max_used=202Kb free=119825Kb
 bounds [0x0000743560cc9000, 0x0000743560f39000, 0x0000743568200000]
CodeHeap 'profiled nmethods': size=120028Kb used=886Kb max_used=886Kb free=119142Kb
 bounds [0x0000743559200000, 0x0000743559470000, 0x0000743560737000]
CodeHeap 'non-nmethods': size=5704Kb used=1162Kb max_used=1176Kb free=4541Kb
 bounds [0x0000743560737000, 0x00007435609a7000, 0x0000743560cc9000]
 total_blobs=1105 nmethods=644 adapters=375
 compilation: enabled
              stopped_count=0, restarted_count=0
 full_count=0

Compilation events (20 events):
Event: 0.446 Thread 0x00007435701995e0  578       3       jdk.internal.org.objectweb.asm.ByteVector::enlarge (51 bytes)
Event: 0.446 Thread 0x00007435701995e0 nmethod 578 0x00007435592cb290 code [0x00007435592cb440, 0x00007435592cb740]
Event: 0.446 Thread 0x00007435701995e0  579       3       java.lang.invoke.MemberName$Factory::resolveOrFail (79 bytes)
Event: 0.446 Thread 0x00007435701995e0 nmethod 579 0x00007435592cb890 code [0x00007435592cbaa0, 0x00007435592cc170]
Event: 0.447 Thread 0x00007435701980b0 nmethod 575 0x0000743560cf5d10 code [0x0000743560cf5ea0, 0x0000743560cf62f8]
Event: 0.447 Thread 0x00007435701995e0  581       3       sun.invoke.util.BytecodeDescriptor::unparseSig (49 bytes)
Event: 0.447 Thread 0x00007435701995e0 nmethod 581 0x00007435592cc410 code [0x00007435592cc640, 0x00007435592ccb60]
Event: 0.447 Thread 0x00007435701995e0  582       3       sun.invoke.util.Wrapper::forBasicType (16 bytes)
Event: 0.448 Thread 0x00007435701995e0 nmethod 582 0x00007435592ccd90 code [0x00007435592ccf40, 0x00007435592cd0e0]
Event: 0.451 Thread 0x00007435701995e0  584       3       jdk.internal.ref.CleanerImpl::getCleanerImpl (13 bytes)
Event: 0.451 Thread 0x00007435701995e0 nmethod 584 0x00007435592cd190 code [0x00007435592cd340, 0x00007435592cd600]
Event: 0.451 Thread 0x00007435701995e0  585       3       java.lang.ref.Cleaner$1::apply (9 bytes)
Event: 0.452 Thread 0x00007435701995e0 nmethod 585 0x00007435592cd710 code [0x00007435592cd8c0, 0x00007435592cdb30]
Event: 0.452 Thread 0x00007435701995e0  586       3       java.lang.ref.Cleaner$1::apply (5 bytes)
Event: 0.452 Thread 0x00007435701995e0 nmethod 586 0x00007435592cdc10 code [0x00007435592cdda0, 0x00007435592cdeb0]
Event: 0.452 Thread 0x00007435701995e0  588       3       java.lang.System$2::findBootstrapClassOrNull (5 bytes)
Event: 0.452 Thread 0x00007435701995e0 nmethod 588 0x00007435592cdf90 code [0x00007435592ce160, 0x00007435592ce370]
Event: 0.452 Thread 0x00007435701995e0  589       3       java.lang.ClassLoader::findBootstrapClassOrNull (14 bytes)
Event: 0.452 Thread 0x00007435701995e0 nmethod 589 0x00007435592ce490 code [0x00007435592ce640, 0x00007435592ce7f0]
Event: 0.453 Thread 0x00007435701995e0  591   !   3       jdk.internal.loader.BuiltinClassLoader::loadClassOrNull (143 bytes)

GC Heap History (0 events):
No events

Dll operation events (9 events):
Event: 0.001 Loaded shared library /home/tom/.jdks/temurin-17.0.15/lib/libjava.so
Event: 0.016 Loaded shared library /home/tom/.jdks/temurin-17.0.15/lib/libjsvml.so
Event: 0.064 Loaded shared library /home/tom/.jdks/temurin-17.0.15/lib/libnio.so
Event: 0.068 Loaded shared library /home/tom/.jdks/temurin-17.0.15/lib/libzip.so
Event: 0.111 Loaded shared library /home/tom/.jdks/temurin-17.0.15/lib/libjimage.so
Event: 0.155 Loaded shared library /usr/lib/libraylib.so.5.5.0
Event: 0.174 Loaded shared library /home/tom/.javacpp/cache/jaylib-5.5.0-2.jar/com/raylib/linux-x86_64/libjniRaylib.so
Event: 0.425 Loaded shared library /home/tom/.jdks/temurin-17.0.15/lib/libawt.so
Event: 0.427 Loaded shared library /home/tom/.jdks/temurin-17.0.15/lib/libawt_xawt.so

Deoptimization events (10 events):
Event: 0.195 Thread 0x000074357002a290 DEOPT PACKING pc=0x000074355922aa36 sp=0x0000743577dfc510
Event: 0.195 Thread 0x000074357002a290 DEOPT UNPACKING pc=0x000074356078de2f sp=0x0000743577dfb950 mode 0
Event: 0.206 Thread 0x000074357002a290 DEOPT PACKING pc=0x00007435592056c2 sp=0x0000743577dfc470
Event: 0.206 Thread 0x000074357002a290 DEOPT UNPACKING pc=0x000074356078de2f sp=0x0000743577dfb908 mode 0
Event: 0.415 Thread 0x000074357002a290 DEOPT PACKING pc=0x00007435592282bc sp=0x0000743577dfd140
Event: 0.415 Thread 0x000074357002a290 DEOPT UNPACKING pc=0x000074356078de2f sp=0x0000743577dfc5b0 mode 0
Event: 0.425 Thread 0x000074357002a290 Uncommon trap: trap_request=0xffffff6e fr.pc=0x0000743560cf0838 relative=0x0000000000000418
Event: 0.425 Thread 0x000074357002a290 Uncommon trap: reason=loop_limit_check action=maybe_recompile pc=0x0000743560cf0838 method=java.lang.StringLatin1.indexOf([BI[BII)I @ 37 c2
Event: 0.425 Thread 0x000074357002a290 DEOPT PACKING pc=0x0000743560cf0838 sp=0x0000743577dfd2f0
Event: 0.425 Thread 0x000074357002a290 DEOPT UNPACKING pc=0x000074356078d699 sp=0x0000743577dfd270 mode 2

Classes loaded (20 events):
Event: 0.450 Loading class java/util/stream/SpinedBuffer done
Event: 0.450 Loading class java/util/stream/Nodes$SpinedNodeBuilder done
Event: 0.451 Loading class java/lang/NoSuchFieldError
Event: 0.451 Loading class java/lang/NoSuchFieldError done
Event: 0.451 Loading class java/lang/StrictMath
Event: 0.451 Loading class java/lang/StrictMath done
Event: 0.452 Loading class javax/sound/sampled/UnsupportedAudioFileException
Event: 0.452 Loading class javax/sound/sampled/UnsupportedAudioFileException done
Event: 0.452 Loading class javax/sound/sampled/LineUnavailableException
Event: 0.452 Loading class javax/sound/sampled/LineUnavailableException done
Event: 0.452 Loading class javax/sound/sampled/Line$Info
Event: 0.452 Loading class javax/sound/sampled/Line$Info done
Event: 0.452 Loading class javax/sound/sampled/DataLine$Info
Event: 0.452 Loading class javax/sound/sampled/DataLine$Info done
Event: 0.452 Loading class javax/sound/sampled/Control$Type
Event: 0.452 Loading class javax/sound/sampled/Control$Type done
Event: 0.452 Loading class javax/sound/sampled/FloatControl$Type
Event: 0.452 Loading class javax/sound/sampled/FloatControl$Type done
Event: 0.453 Loading class java/lang/Math$RandomNumberGeneratorHolder
Event: 0.453 Loading class java/lang/Math$RandomNumberGeneratorHolder done

Classes unloaded (0 events):
No events

Classes redefined (0 events):
No events

Internal exceptions (14 events):
Event: 0.092 Thread 0x000074357002a290 Exception <a 'java/lang/NoSuchMethodError'{0x0000000718812308}: 'int java.lang.invoke.DirectMethodHandle$Holder.invokeStaticInit(java.lang.Object, java.lang.Object, java.lang.Object, java.lang.Object)'> (0x0000000718812308) 
thrown [src/hotspot/share/interpreter/linkResolver.cpp, line 758]
Event: 0.097 Thread 0x000074357002a290 Exception <a 'java/lang/NoSuchMethodError'{0x000000071881ba50}: 'java.lang.Object java.lang.invoke.DirectMethodHandle$Holder.invokeInterface(java.lang.Object, java.lang.Object)'> (0x000000071881ba50) 
thrown [src/hotspot/share/interpreter/linkResolver.cpp, line 758]
Event: 0.098 Thread 0x000074357002a290 Exception <a 'java/lang/IncompatibleClassChangeError'{0x000000071881efa0}: Found class java.lang.Object, but interface was expected> (0x000000071881efa0) 
thrown [src/hotspot/share/interpreter/linkResolver.cpp, line 826]
Event: 0.099 Thread 0x000074357002a290 Exception <a 'java/lang/NoSuchMethodError'{0x0000000718821f38}: 'void java.lang.invoke.DirectMethodHandle$Holder.invokeStatic(java.lang.Object, java.lang.Object)'> (0x0000000718821f38) 
thrown [src/hotspot/share/interpreter/linkResolver.cpp, line 758]
Event: 0.100 Thread 0x000074357002a290 Exception <a 'java/lang/NoSuchMethodError'{0x00000007188255a8}: 'void java.lang.invoke.DirectMethodHandle$Holder.invokeStaticInit(java.lang.Object, java.lang.Object)'> (0x00000007188255a8) 
thrown [src/hotspot/share/interpreter/linkResolver.cpp, line 758]
Event: 0.101 Thread 0x000074357002a290 Exception <a 'java/lang/NoSuchMethodError'{0x000000071882b908}: 'int java.lang.invoke.DirectMethodHandle$Holder.invokeStaticInit(java.lang.Object, java.lang.Object)'> (0x000000071882b908) 
thrown [src/hotspot/share/interpreter/linkResolver.cpp, line 758]
Event: 0.170 Thread 0x000074357002a290 Exception <a 'java/lang/NoSuchMethodError'{0x000000071898d4f0}: 'java.lang.Object java.lang.invoke.DirectMethodHandle$Holder.invokeStatic(java.lang.Object, int, java.lang.Object)'> (0x000000071898d4f0) 
thrown [src/hotspot/share/interpreter/linkResolver.cpp, line 758]
Event: 0.418 Thread 0x000074357002a290 Exception <a 'java/lang/ClassNotFoundException'{0x00000007186bb820}: sun/awt/resources/spi/awtProvider> (0x00000007186bb820) 
thrown [src/hotspot/share/classfile/systemDictionary.cpp, line 256]
Event: 0.433 Thread 0x000074357002a290 Exception <a 'java/io/FileNotFoundException'{0x00000007186f72c0}> (0x00000007186f72c0) 
thrown [src/hotspot/share/prims/jni.cpp, line 516]
Event: 0.439 Thread 0x000074357002a290 Exception <a 'java/io/FileNotFoundException'{0x0000000718723f90}> (0x0000000718723f90) 
thrown [src/hotspot/share/prims/jni.cpp, line 516]
Event: 0.445 Thread 0x000074357002a290 Exception <a 'java/lang/NoSuchMethodError'{0x0000000718743050}: 'double java.lang.invoke.DirectMethodHandle$Holder.invokeStatic(java.lang.Object, java.lang.Object)'> (0x0000000718743050) 
thrown [src/hotspot/share/interpreter/linkResolver.cpp, line 758]
Event: 0.446 Thread 0x000074357002a290 Exception <a 'java/lang/NoSuchMethodError'{0x0000000718749f38}: 'java.lang.Object java.lang.invoke.Invokers$Holder.invokeExact_MT(java.lang.Object, java.lang.Object, java.lang.Object, java.lang.Object, java.lang.Object, java.lang.Object)'> (0x0000000718749f38) 
thrown [src/hotspot/share/interpreter/linkResolver.cpp, line 758]
Event: 0.447 Thread 0x000074357002a290 Exception <a 'java/lang/NoSuchMethodError'{0x00000007187524e8}: 'int java.lang.invoke.DirectMethodHandle$Holder.invokeSpecial(java.lang.Object, java.lang.Object, java.lang.Object)'> (0x00000007187524e8) 
thrown [src/hotspot/share/interpreter/linkResolver.cpp, line 758]
Event: 0.453 Thread 0x000074357002a290 Exception <a 'java/lang/NoSuchMethodError'{0x00000007187663f0}: 'void java.lang.invoke.DirectMethodHandle$Holder.invokeStatic(java.lang.Object, java.lang.Object, java.lang.Object)'> (0x00000007187663f0) 
thrown [src/hotspot/share/interpreter/linkResolver.cpp, line 758]

VM Operations (0 events):
No events

Memory protections (13 events):
Event: 0.001 Protecting memory [0x0000743577d00000,0x0000743577d04000] with protection modes 0
Event: 0.019 Protecting memory [0x0000743574acd000,0x0000743574ad1000] with protection modes 0
Event: 0.019 Protecting memory [0x00007435749cc000,0x00007435749d0000] with protection modes 0
Event: 0.022 Protecting memory [0x00007435748cb000,0x00007435748cf000] with protection modes 0
Event: 0.022 Protecting memory [0x00007435747ca000,0x00007435747ce000] with protection modes 0
Event: 0.022 Protecting memory [0x00007435746c9000,0x00007435746cd000] with protection modes 0
Event: 0.022 Protecting memory [0x00007435745c8000,0x00007435745cc000] with protection modes 0
Event: 0.022 Protecting memory [0x00007435744c7000,0x00007435744cb000] with protection modes 0
Event: 0.022 Protecting memory [0x00007435743c6000,0x00007435743ca000] with protection modes 0
Event: 0.026 Protecting memory [0x00007435742c5000,0x00007435742c9000] with protection modes 0
Event: 0.028 Protecting memory [0x00007435740c3000,0x00007435740c7000] with protection modes 0
Event: 0.184 Protecting memory [0x0000743551100000,0x0000743551104000] with protection modes 0
Event: 0.452 Protecting memory [0x0000743541f00000,0x0000743541f04000] with protection modes 0

Nmethod flushes (0 events):
No events

Events (13 events):
Event: 0.016 Thread 0x000074357002a290 Thread added: 0x000074357002a290
Event: 0.019 Thread 0x000074357002a290 Thread added: 0x000074357018d5c0
Event: 0.019 Thread 0x000074357002a290 Thread added: 0x000074357018e9a0
Event: 0.022 Thread 0x000074357002a290 Thread added: 0x0000743570193f40
Event: 0.022 Thread 0x000074357002a290 Thread added: 0x00007435701952f0
Event: 0.022 Thread 0x000074357002a290 Thread added: 0x0000743570196700
Event: 0.022 Thread 0x000074357002a290 Thread added: 0x00007435701980b0
Event: 0.022 Thread 0x000074357002a290 Thread added: 0x00007435701995e0
Event: 0.022 Thread 0x000074357002a290 Thread added: 0x00007435701a2a40
Event: 0.026 Thread 0x000074357002a290 Thread added: 0x00007435701aaac0
Event: 0.028 Thread 0x000074357002a290 Thread added: 0x00007435701ad910
Event: 0.184 Thread 0x000074357002a290 Thread added: 0x0000743570289a60
Event: 0.452 Thread 0x000074357002a290 Thread added: 0x0000743570d4deb0


Dynamic libraries:
40a43000-40a45000 r-xs 00000000 00:01 58319                              /memfd:/.glXXXXXX (deleted)
412f6000-413a5000 rw-p 00000000 00:00 0 
709400000-718c00000 rw-p 00000000 00:00 0 
718c00000-7ffc00000 ---p 00000000 00:00 0 
7ffc00000-7ffd00000 rw-p 00000000 00:00 0 
7ffd00000-7ffd75000 rw-p 00c79000 00:28 1033232                          /home/tom/.jdks/temurin-17.0.15/lib/server/classes.jsa
7ffd75000-7ffe00000 rw-p 00000000 00:00 0 
7ffe00000-7ffe78000 rw-p 00c01000 00:28 1033232                          /home/tom/.jdks/temurin-17.0.15/lib/server/classes.jsa
7ffe78000-800000000 rw-p 00000000 00:00 0 
5f312324f000-5f3123250000 r--p 00000000 00:28 1033380                    /home/tom/.jdks/temurin-17.0.15/bin/java
5f3123250000-5f3123251000 r-xp 00001000 00:28 1033380                    /home/tom/.jdks/temurin-17.0.15/bin/java
5f3123251000-5f3123252000 r--p 00002000 00:28 1033380                    /home/tom/.jdks/temurin-17.0.15/bin/java
5f3123252000-5f3123253000 r--p 00002000 00:28 1033380                    /home/tom/.jdks/temurin-17.0.15/bin/java
5f3123253000-5f3123254000 rw-p 00003000 00:28 1033380                    /home/tom/.jdks/temurin-17.0.15/bin/java
5f3152d6f000-5f3152db7000 rw-p 00000000 00:00 0                          [heap]
7434a4000000-7434a4021000 rw-p 00000000 00:00 0 
7434a4021000-7434a8000000 ---p 00000000 00:00 0 
7434a8200000-7434a8445000 r--p 00000000 00:28 439067                     /usr/lib64/libnvidia-gpucomp.so.570.124.04
7434a8445000-7434ab021000 r-xp 00245000 00:28 439067                     /usr/lib64/libnvidia-gpucomp.so.570.124.04
7434ab021000-7434abc75000 r--p 02e21000 00:28 439067                     /usr/lib64/libnvidia-gpucomp.so.570.124.04
7434abc75000-7434abde9000 r--p 03a74000 00:28 439067                     /usr/lib64/libnvidia-gpucomp.so.570.124.04
7434abde9000-7434abecc000 rw-p 03be8000 00:28 439067                     /usr/lib64/libnvidia-gpucomp.so.570.124.04
7434abecc000-7434abfa7000 rw-p 00000000 00:00 0 
7434ac000000-7434ac021000 rw-p 00000000 00:00 0 
7434ac021000-7434b0000000 ---p 00000000 00:00 0 
7434b0000000-7434b0021000 rw-p 00000000 00:00 0 
7434b0021000-7434b4000000 ---p 00000000 00:00 0 
7434b4000000-7434b4021000 rw-p 00000000 00:00 0 
7434b4021000-7434b8000000 ---p 00000000 00:00 0 
7434b8000000-7434b8021000 rw-p 00000000 00:00 0 
7434b8021000-7434bc000000 ---p 00000000 00:00 0 
7434bc000000-7434bc188000 rw-p 00000000 00:00 0 
7434bc188000-7434c0000000 ---p 00000000 00:00 0 
7434c0000000-7434c0021000 rw-p 00000000 00:00 0 
7434c0021000-7434c4000000 ---p 00000000 00:00 0 
7434c4000000-7434c4021000 rw-p 00000000 00:00 0 
7434c4021000-7434c8000000 ---p 00000000 00:00 0 
7434c8000000-7434c80d5000 rw-p 00000000 00:00 0 
7434c80d5000-7434cc000000 ---p 00000000 00:00 0 
7434cc000000-7434cc021000 rw-p 00000000 00:00 0 
7434cc021000-7434d0000000 ---p 00000000 00:00 0 
7434d2200000-7434dff97000 r--p 00000000 00:28 32291                      /usr/lib/locale/locale-archive
7434e0000000-7434e0021000 rw-p 00000000 00:00 0 
7434e0021000-7434e4000000 ---p 00000000 00:00 0 
7434e4000000-7434e4021000 rw-p 00000000 00:00 0 
7434e4021000-7434e8000000 ---p 00000000 00:00 0 
7434e8000000-7434e8021000 rw-p 00000000 00:00 0 
7434e8021000-7434ec000000 ---p 00000000 00:00 0 
7434ecc00000-7434ece53000 r-xp 00000000 00:28 439064                     /usr/lib64/libnvidia-glcore.so.570.124.04
7434ece53000-7434ece74000 rwxp 00253000 00:28 439064                     /usr/lib64/libnvidia-glcore.so.570.124.04
7434ece74000-7434ed000000 r-xp 00274000 00:28 439064                     /usr/lib64/libnvidia-glcore.so.570.124.04
7434ed000000-7434edc00000 r-xp 00400000 00:28 439064                     /usr/lib64/libnvidia-glcore.so.570.124.04
7434edc00000-7434eec7a000 r-xp 01000000 00:28 439064                     /usr/lib64/libnvidia-glcore.so.570.124.04
7434eec7a000-7434eec7b000 ---p 0207a000 00:28 439064                     /usr/lib64/libnvidia-glcore.so.570.124.04
7434eec7b000-7434eedf0000 r--p 0207a000 00:28 439064                     /usr/lib64/libnvidia-glcore.so.570.124.04
7434eedf0000-7434eee52000 rw-p 021ef000 00:28 439064                     /usr/lib64/libnvidia-glcore.so.570.124.04
7434eee52000-7434eee70000 rw-p 00000000 00:00 0 
7434ef000000-7434ef170000 rw-p 00000000 00:00 0 
7434ef170000-7434ef400000 ---p 00000000 00:00 0 
7434ef400000-7434ef510000 rw-p 00000000 00:00 0 
7434ef510000-7434f3000000 ---p 00000000 00:00 0 
7434f3000000-7434f3bc9000 rw-p 00001000 00:28 1033232                    /home/tom/.jdks/temurin-17.0.15/lib/server/classes.jsa
7434f3bc9000-7434f4000000 ---p 00000000 00:00 0 
7434f4000000-7434f4030000 rw-p 00000000 00:00 0 
7434f4030000-7434f4040000 ---p 00000000 00:00 0 
7434f4040000-7434f4070000 rw-p 00000000 00:00 0 
7434f4070000-743534000000 ---p 00000000 00:00 0 
743534000000-743534021000 rw-p 00000000 00:00 0 
743534021000-743538000000 ---p 00000000 00:00 0 
743538000000-743538021000 rw-p 00000000 00:00 0 
743538021000-74353c000000 ---p 00000000 00:00 0 
74353c000000-74353c021000 rw-p 00000000 00:00 0 
74353c021000-743540000000 ---p 00000000 00:00 0 
743541eff000-743541f00000 ---p 00000000 00:00 0 
743541f00000-743541f04000 ---p 00000000 00:00 0 
743541f04000-743542000000 rw-p 00000000 00:00 0 
743542000000-743544021000 rw-p 00000000 00:00 0 
743544021000-743548000000 ---p 00000000 00:00 0 
743548000000-743548021000 rw-p 00000000 00:00 0 
743548021000-74354c000000 ---p 00000000 00:00 0 
74354c000000-74354c021000 rw-p 00000000 00:00 0 
74354c021000-743550000000 ---p 00000000 00:00 0 
743550095000-7435500a9000 r--p 00000000 00:28 1033186                    /home/tom/.jdks/temurin-17.0.15/lib/libawt_xawt.so
7435500a9000-7435500f0000 r-xp 00014000 00:28 1033186                    /home/tom/.jdks/temurin-17.0.15/lib/libawt_xawt.so
7435500f0000-743550108000 r--p 0005b000 00:28 1033186                    /home/tom/.jdks/temurin-17.0.15/lib/libawt_xawt.so
743550108000-743550109000 ---p 00073000 00:28 1033186                    /home/tom/.jdks/temurin-17.0.15/lib/libawt_xawt.so
743550109000-74355010e000 r--p 00073000 00:28 1033186                    /home/tom/.jdks/temurin-17.0.15/lib/libawt_xawt.so
74355010e000-743550110000 rw-p 00078000 00:28 1033186                    /home/tom/.jdks/temurin-17.0.15/lib/libawt_xawt.so
743550110000-743550112000 rw-p 00000000 00:00 0 
743550112000-74355013f000 r--p 00000000 00:28 1033206                    /home/tom/.jdks/temurin-17.0.15/lib/libawt.so
74355013f000-7435501c2000 r-xp 0002d000 00:28 1033206                    /home/tom/.jdks/temurin-17.0.15/lib/libawt.so
7435501c2000-7435501cf000 r--p 000b0000 00:28 1033206                    /home/tom/.jdks/temurin-17.0.15/lib/libawt.so
7435501cf000-7435501d0000 r--p 000bc000 00:28 1033206                    /home/tom/.jdks/temurin-17.0.15/lib/libawt.so
7435501d0000-7435501db000 rw-p 000bd000 00:28 1033206                    /home/tom/.jdks/temurin-17.0.15/lib/libawt.so
7435501db000-743550200000 rw-p 00000000 00:00 0 
743550200000-743550400000 rw-s 00000000 00:06 1025                       /dev/nvidiactl
743550400000-743550480000 rw-s 00000000 00:06 1025                       /dev/nvidiactl
743550480000-743550580000 rw-s 00000000 00:06 1025                       /dev/nvidiactl
743550580000-743550600000 rw-s 00000000 00:06 1025                       /dev/nvidiactl
743550600000-743550622000 r-xp 00000000 00:28 439061                     /usr/lib64/libnvidia-allocator.so.570.124.04
743550622000-743550822000 ---p 00022000 00:28 439061                     /usr/lib64/libnvidia-allocator.so.570.124.04
743550822000-74355082a000 r--p 00022000 00:28 439061                     /usr/lib64/libnvidia-allocator.so.570.124.04
74355082a000-74355082b000 rw-p 0002a000 00:28 439061                     /usr/lib64/libnvidia-allocator.so.570.124.04
74355082b000-74355082c000 rw-p 00000000 00:00 0 
74355082f000-74355086f000 rw-s 00000000 00:06 1025                       /dev/nvidiactl
74355086f000-74355088f000 rw-s 00000000 00:06 1025                       /dev/nvidiactl
74355088f000-7435508cf000 rw-s 00000000 00:06 1025                       /dev/nvidiactl
7435508cf000-7435508ef000 rw-s 00000000 00:06 1025                       /dev/nvidiactl
7435508ef000-74355096f000 rw-s 00000000 00:06 1027                       /dev/nvidia0
74355096f000-7435509af000 rw-s 00000000 00:06 1025                       /dev/nvidiactl
7435509af000-7435509b0000 r--p 00000000 00:28 57514                      /usr/lib64/libsystemd.so.0.39.0
7435509b0000-743550a4f000 r-xp 00001000 00:28 57514                      /usr/lib64/libsystemd.so.0.39.0
743550a4f000-743550a94000 r--p 000a0000 00:28 57514                      /usr/lib64/libsystemd.so.0.39.0
743550a94000-743550aa0000 r--p 000e4000 00:28 57514                      /usr/lib64/libsystemd.so.0.39.0
743550aa0000-743550aa1000 rw-p 000f0000 00:28 57514                      /usr/lib64/libsystemd.so.0.39.0
743550aa1000-743550aa2000 rw-p 00000000 00:00 0 
743550aa2000-743550aaf000 r--p 00000000 00:28 56557                      /usr/lib64/libdbus-1.so.3.32.4
743550aaf000-743550ae2000 r-xp 0000d000 00:28 56557                      /usr/lib64/libdbus-1.so.3.32.4
743550ae2000-743550af3000 r--p 00040000 00:28 56557                      /usr/lib64/libdbus-1.so.3.32.4
743550af3000-743550af5000 r--p 00050000 00:28 56557                      /usr/lib64/libdbus-1.so.3.32.4
743550af5000-743550af6000 rw-p 00052000 00:28 56557                      /usr/lib64/libdbus-1.so.3.32.4
743550af6000-743550b06000 r--p 00000000 00:28 439065                     /usr/lib64/libnvidia-glsi.so.570.124.04
743550b06000-743550b65000 r-xp 00010000 00:28 439065                     /usr/lib64/libnvidia-glsi.so.570.124.04
743550b65000-743550b82000 r--p 0006f000 00:28 439065                     /usr/lib64/libnvidia-glsi.so.570.124.04
743550b82000-743550b88000 r--p 0008b000 00:28 439065                     /usr/lib64/libnvidia-glsi.so.570.124.04
743550b88000-743550b89000 rw-p 00091000 00:28 439065                     /usr/lib64/libnvidia-glsi.so.570.124.04
743550b89000-743550b91000 rw-p 00000000 00:00 0 
743550b91000-743550be2000 r--p 00000000 00:28 439059                     /usr/lib64/libGLX_nvidia.so.570.124.04
743550be2000-743550c3e000 r-xp 00051000 00:28 439059                     /usr/lib64/libGLX_nvidia.so.570.124.04
743550c3e000-743550c73000 rwxp 000ad000 00:28 439059                     /usr/lib64/libGLX_nvidia.so.570.124.04
743550c73000-743550c74000 r-xp 000e2000 00:28 439059                     /usr/lib64/libGLX_nvidia.so.570.124.04
743550c74000-743550c94000 r--p 000e3000 00:28 439059                     /usr/lib64/libGLX_nvidia.so.570.124.04
743550c94000-743550cb4000 r--p 00102000 00:28 439059                     /usr/lib64/libGLX_nvidia.so.570.124.04
743550cb4000-743550cb9000 rw-p 00122000 00:28 439059                     /usr/lib64/libGLX_nvidia.so.570.124.04
743550cb9000-743550cbb000 rw-p 00000000 00:00 0 
743550cbb000-743550cbc000 r--p 00000000 00:28 56347                      /usr/lib64/libX11.so.6.4.0
743550cbc000-743550d54000 r-xp 00001000 00:28 56347                      /usr/lib64/libX11.so.6.4.0
743550d54000-743550df9000 r--p 00099000 00:28 56347                      /usr/lib64/libX11.so.6.4.0
743550df9000-743550dfc000 r--p 0013d000 00:28 56347                      /usr/lib64/libX11.so.6.4.0
743550dfc000-743550e00000 rw-p 00140000 00:28 56347                      /usr/lib64/libX11.so.6.4.0
743550e00000-743550e01000 r--p 00000000 00:28 57505                      /usr/lib64/libstdc++.so.6.0.33
743550e01000-743550f38000 r-xp 00001000 00:28 57505                      /usr/lib64/libstdc++.so.6.0.33
743550f38000-743551051000 r--p 00138000 00:28 57505                      /usr/lib64/libstdc++.so.6.0.33
743551051000-74355105e000 r--p 00250000 00:28 57505                      /usr/lib64/libstdc++.so.6.0.33
74355105e000-74355105f000 rw-p 0025d000 00:28 57505                      /usr/lib64/libstdc++.so.6.0.33
74355105f000-743551063000 rw-p 00000000 00:00 0 
743551066000-743551069000 rw-s 00000000 00:06 1025                       /dev/nvidiactl
743551069000-74355106b000 rw-s 00000000 00:01 58319                      /memfd:/.glXXXXXX (deleted)
74355106b000-74355106f000 rw-s 00000000 00:06 1025                       /dev/nvidiactl
74355106f000-74355107c000 r-xp 00000000 00:28 56595                      /usr/lib64/libdrm.so.2.124.0
74355107c000-743551084000 r--p 0000d000 00:28 56595                      /usr/lib64/libdrm.so.2.124.0
743551084000-743551085000 r--p 00015000 00:28 56595                      /usr/lib64/libdrm.so.2.124.0
743551085000-743551086000 rw-p 00000000 00:00 0 
743551086000-743551088000 r--p 00000000 00:28 55912                      /usr/lib64/libGLdispatch.so.0.0.0
743551088000-74355108b000 r-xp 00002000 00:28 55912                      /usr/lib64/libGLdispatch.so.0.0.0
74355108b000-7435510c6000 r-xp 00005000 00:28 55912                      /usr/lib64/libGLdispatch.so.0.0.0
7435510c6000-7435510c7000 r-xp 00040000 00:28 55912                      /usr/lib64/libGLdispatch.so.0.0.0
7435510c7000-7435510da000 r--p 00041000 00:28 55912                      /usr/lib64/libGLdispatch.so.0.0.0
7435510da000-7435510f6000 r--p 00054000 00:28 55912                      /usr/lib64/libGLdispatch.so.0.0.0
7435510f6000-7435510f7000 rw-p 00070000 00:28 55912                      /usr/lib64/libGLdispatch.so.0.0.0
7435510f7000-7435510ff000 rw-p 00000000 00:00 0 
7435510ff000-743551100000 ---p 00000000 00:00 0 
743551100000-743551104000 ---p 00000000 00:00 0 
743551104000-743551200000 rw-p 00000000 00:00 0 
743551200000-74355126d000 r--p 00000000 00:28 441577                     /home/tom/.javacpp/cache/jaylib-5.5.0-2.jar/com/raylib/linux-x86_64/libjniRaylib.so
74355126d000-7435514d1000 r-xp 0006d000 00:28 441577                     /home/tom/.javacpp/cache/jaylib-5.5.0-2.jar/com/raylib/linux-x86_64/libjniRaylib.so
7435514d1000-743551563000 r--p 002d1000 00:28 441577                     /home/tom/.javacpp/cache/jaylib-5.5.0-2.jar/com/raylib/linux-x86_64/libjniRaylib.so
743551563000-743551564000 ---p 00363000 00:28 441577                     /home/tom/.javacpp/cache/jaylib-5.5.0-2.jar/com/raylib/linux-x86_64/libjniRaylib.so
743551564000-743551565000 r--p 00363000 00:28 441577                     /home/tom/.javacpp/cache/jaylib-5.5.0-2.jar/com/raylib/linux-x86_64/libjniRaylib.so
743551565000-74355156f000 rw-p 00364000 00:28 441577                     /home/tom/.javacpp/cache/jaylib-5.5.0-2.jar/com/raylib/linux-x86_64/libjniRaylib.so
74355156f000-7435515a9000 rw-p 00000000 00:00 0 
7435515aa000-7435515bd000 rw-s 00000000 00:06 1025                       /dev/nvidiactl
7435515bd000-7435515bf000 rw-s 00000000 00:06 1025                       /dev/nvidiactl
7435515d7000-7435515db000 r-xp 00000000 00:28 56369                      /usr/lib64/libXtst.so.6.1.0
7435515db000-7435515dd000 r--p 00004000 00:28 56369                      /usr/lib64/libXtst.so.6.1.0
7435515dd000-7435515de000 r--p 00005000 00:28 56369                      /usr/lib64/libXtst.so.6.1.0
7435515de000-7435515df000 rw-p 00006000 00:28 56369                      /usr/lib64/libXtst.so.6.1.0
7435515df000-7435515e3000 r-xp 00000000 00:28 57708                      /usr/lib64/libxcb-xfixes.so.0.0.0
7435515e3000-7435515e7000 r--p 00004000 00:28 57708                      /usr/lib64/libxcb-xfixes.so.0.0.0
7435515e7000-7435515e8000 r--p 00008000 00:28 57708                      /usr/lib64/libxcb-xfixes.so.0.0.0
7435515e8000-7435515e9000 rw-p 00009000 00:28 57708                      /usr/lib64/libxcb-xfixes.so.0.0.0
7435515e9000-7435515ed000 r-xp 00000000 00:28 57705                      /usr/lib64/libxcb-sync.so.1.0.0
7435515ed000-7435515f0000 r--p 00004000 00:28 57705                      /usr/lib64/libxcb-sync.so.1.0.0
7435515f0000-7435515f1000 r--p 00007000 00:28 57705                      /usr/lib64/libxcb-sync.so.1.0.0
7435515f1000-7435515f2000 rw-p 00008000 00:28 57705                      /usr/lib64/libxcb-sync.so.1.0.0
7435515f2000-7435515f4000 r-xp 00000000 00:28 57696                      /usr/lib64/libxcb-present.so.0.0.0
7435515f4000-7435515f6000 r--p 00002000 00:28 57696                      /usr/lib64/libxcb-present.so.0.0.0
7435515f6000-7435515f7000 r--p 00003000 00:28 57696                      /usr/lib64/libxcb-present.so.0.0.0
7435515f7000-7435515f8000 rw-p 00004000 00:28 57696                      /usr/lib64/libxcb-present.so.0.0.0
7435515f8000-7435515fb000 r-xp 00000000 00:28 57690                      /usr/lib64/libxcb-dri3.so.0.1.0
7435515fb000-7435515fd000 r--p 00003000 00:28 57690                      /usr/lib64/libxcb-dri3.so.0.1.0
7435515fd000-7435515fe000 r--p 00005000 00:28 57690                      /usr/lib64/libxcb-dri3.so.0.1.0
7435515fe000-7435515ff000 rw-p 00006000 00:28 57690                      /usr/lib64/libxcb-dri3.so.0.1.0
7435515ff000-743551609000 r-xp 00000000 00:28 57692                      /usr/lib64/libxcb-glx.so.0.0.0
743551609000-743551619000 r--p 0000a000 00:28 57692                      /usr/lib64/libxcb-glx.so.0.0.0
743551619000-74355161b000 r--p 0001a000 00:28 57692                      /usr/lib64/libxcb-glx.so.0.0.0
74355161b000-74355161c000 rw-p 0001c000 00:28 57692                      /usr/lib64/libxcb-glx.so.0.0.0
74355161c000-74355161e000 r--p 00000000 00:28 55909                      /usr/lib64/libGLX.so.0.0.0
74355161e000-743551639000 r-xp 00002000 00:28 55909                      /usr/lib64/libGLX.so.0.0.0
743551639000-74355163b000 r--p 0001d000 00:28 55909                      /usr/lib64/libGLX.so.0.0.0
74355163b000-74355163c000 r--p 0001f000 00:28 55909                      /usr/lib64/libGLX.so.0.0.0
74355163c000-74355163d000 rw-p 00020000 00:28 55909                      /usr/lib64/libGLX.so.0.0.0
74355163d000-74355164d000 rw-p 00000000 00:00 0 
74355164d000-743551651000 rw-s 00000000 00:06 1025                       /dev/nvidiactl
743551651000-743551654000 r--p 00000000 00:28 56496                      /usr/lib64/libcap.so.2.70
743551654000-74355165a000 r-xp 00003000 00:28 56496                      /usr/lib64/libcap.so.2.70
74355165a000-74355165c000 r--p 00009000 00:28 56496                      /usr/lib64/libcap.so.2.70
74355165c000-74355165d000 r--p 0000a000 00:28 56496                      /usr/lib64/libcap.so.2.70
74355165d000-74355165e000 rw-p 0000b000 00:28 56496                      /usr/lib64/libcap.so.2.70
74355165e000-74355166e000 rw-s 00000000 00:06 1027                       /dev/nvidia0
74355166e000-74355166f000 r--p 00000000 00:28 56346                      /usr/lib64/libX11-xcb.so.1.0.0
74355166f000-743551670000 r-xp 00001000 00:28 56346                      /usr/lib64/libX11-xcb.so.1.0.0
743551670000-743551671000 r--p 00002000 00:28 56346                      /usr/lib64/libX11-xcb.so.1.0.0
743551671000-743551672000 r--p 00002000 00:28 56346                      /usr/lib64/libX11-xcb.so.1.0.0
743551672000-743551673000 rw-p 00000000 00:00 0 
743551673000-743551674000 r--p 00000000 00:28 56361                      /usr/lib64/libXinerama.so.1.0.0
743551674000-743551675000 r-xp 00001000 00:28 56361                      /usr/lib64/libXinerama.so.1.0.0
743551675000-743551676000 r--p 00002000 00:28 56361                      /usr/lib64/libXinerama.so.1.0.0
743551676000-743551677000 r--p 00002000 00:28 56361                      /usr/lib64/libXinerama.so.1.0.0
743551677000-743551678000 rw-p 00003000 00:28 56361                      /usr/lib64/libXinerama.so.1.0.0
743551678000-743551680000 r-xp 00000000 00:28 56353                      /usr/lib64/libXcursor.so.1.0.2
743551680000-743551684000 r--p 00008000 00:28 56353                      /usr/lib64/libXcursor.so.1.0.2
743551684000-743551685000 r--p 0000c000 00:28 56353                      /usr/lib64/libXcursor.so.1.0.2
743551685000-743551686000 rw-p 00000000 00:00 0 
743551686000-74355168e000 r-xp 00000000 00:28 56366                      /usr/lib64/libXrender.so.1.3.0
74355168e000-743551691000 r--p 00008000 00:28 56366                      /usr/lib64/libXrender.so.1.3.0
743551691000-743551692000 r--p 0000a000 00:28 56366                      /usr/lib64/libXrender.so.1.3.0
743551692000-743551693000 rw-p 0000b000 00:28 56366                      /usr/lib64/libXrender.so.1.3.0
743551693000-743551695000 r--p 00000000 00:28 56365                      /usr/lib64/libXrandr.so.2.2.0
743551695000-74355169c000 r-xp 00002000 00:28 56365                      /usr/lib64/libXrandr.so.2.2.0
74355169c000-74355169e000 r--p 00009000 00:28 56365                      /usr/lib64/libXrandr.so.2.2.0
74355169e000-74355169f000 r--p 0000a000 00:28 56365                      /usr/lib64/libXrandr.so.2.2.0
74355169f000-7435516a0000 rw-p 0000b000 00:28 56365                      /usr/lib64/libXrandr.so.2.2.0
7435516a0000-743551a80000 rw-p 00000000 00:00 0 
743551a80000-743555440000 ---p 00000000 00:00 0 
743555440000-743555830000 rw-p 00000000 00:00 0 
743555830000-7435591f0000 ---p 00000000 00:00 0 
7435591f0000-743559200000 rw-p 00000000 00:00 0 
743559200000-743559470000 rwxp 00000000 00:00 0 
743559470000-743560737000 ---p 00000000 00:00 0 
743560737000-7435609a7000 rwxp 00000000 00:00 0 
7435609a7000-743560cc9000 ---p 00000000 00:00 0 
743560cc9000-743560f39000 rwxp 00000000 00:00 0 
743560f39000-743568200000 ---p 00000000 00:00 0 
743568200000-74356fe02000 r--s 00000000 00:28 1033181                    /home/tom/.jdks/temurin-17.0.15/lib/modules
74356fe02000-74356fe04000 r--p 00000000 00:28 56357                      /usr/lib64/libXfixes.so.3.1.0
74356fe04000-74356fe07000 r-xp 00002000 00:28 56357                      /usr/lib64/libXfixes.so.3.1.0
74356fe07000-74356fe08000 r--p 00005000 00:28 56357                      /usr/lib64/libXfixes.so.3.1.0
74356fe08000-74356fe09000 r--p 00005000 00:28 56357                      /usr/lib64/libXfixes.so.3.1.0
74356fe09000-74356fe0a000 rw-p 00006000 00:28 56357                      /usr/lib64/libXfixes.so.3.1.0
74356fe0a000-74356fe0b000 r--p 00000000 00:28 56360                      /usr/lib64/libXi.so.6.1.0
74356fe0b000-74356fe17000 r-xp 00001000 00:28 56360                      /usr/lib64/libXi.so.6.1.0
74356fe17000-74356fe1b000 r--p 0000d000 00:28 56360                      /usr/lib64/libXi.so.6.1.0
74356fe1b000-74356fe1c000 r--p 00010000 00:28 56360                      /usr/lib64/libXi.so.6.1.0
74356fe1c000-74356fe1d000 rw-p 00011000 00:28 56360                      /usr/lib64/libXi.so.6.1.0
74356fe1d000-74356fe49000 r--p 00000000 00:28 590948                     /usr/lib/libraylib.so.5.5.0
74356fe49000-74356ff5f000 r-xp 0002c000 00:28 590948                     /usr/lib/libraylib.so.5.5.0
74356ff5f000-74356ffc8000 r--p 00142000 00:28 590948                     /usr/lib/libraylib.so.5.5.0
74356ffc8000-74356ffcc000 r--p 001aa000 00:28 590948                     /usr/lib/libraylib.so.5.5.0
74356ffcc000-74356ffd0000 rw-p 001ae000 00:28 590948                     /usr/lib/libraylib.so.5.5.0
74356ffd0000-743570d6a000 rw-p 00000000 00:00 0 
743570d6a000-743574000000 ---p 00000000 00:00 0 
743574001000-743574005000 r--p 00000000 00:28 56356                      /usr/lib64/libXext.so.6.4.0
743574005000-743574010000 r-xp 00004000 00:28 56356                      /usr/lib64/libXext.so.6.4.0
743574010000-743574013000 r--p 0000f000 00:28 56356                      /usr/lib64/libXext.so.6.4.0
743574013000-743574014000 r--p 00011000 00:28 56356                      /usr/lib64/libXext.so.6.4.0
743574014000-743574015000 rw-p 00012000 00:28 56356                      /usr/lib64/libXext.so.6.4.0
743574015000-74357402b000 r-xp 00000000 00:28 57716                      /usr/lib64/libxcb.so.1.1.0
74357402b000-74357403f000 r--p 00016000 00:28 57716                      /usr/lib64/libxcb.so.1.1.0
74357403f000-743574040000 r--p 0002a000 00:28 57716                      /usr/lib64/libxcb.so.1.1.0
743574040000-743574041000 rw-p 0002b000 00:28 57716                      /usr/lib64/libxcb.so.1.1.0
743574041000-743574042000 r--p 00000000 00:28 56712                      /usr/lib64/libgcc_s-14-20250110.so.1
743574042000-743574066000 r-xp 00001000 00:28 56712                      /usr/lib64/libgcc_s-14-20250110.so.1
743574066000-74357406e000 r--p 00025000 00:28 56712                      /usr/lib64/libgcc_s-14-20250110.so.1
74357406e000-74357406f000 r--p 0002c000 00:28 56712                      /usr/lib64/libgcc_s-14-20250110.so.1
74357406f000-743574070000 rw-p 00000000 00:00 0 
743574070000-743574071000 r--p 00000000 00:28 294601                     /usr/share/locale/en_GB/LC_MESSAGES/libc.mo
743574071000-743574078000 r-xp 00000000 00:28 57697                      /usr/lib64/libxcb-randr.so.0.1.0
743574078000-743574082000 r--p 00007000 00:28 57697                      /usr/lib64/libxcb-randr.so.0.1.0
743574082000-743574083000 r--p 00011000 00:28 57697                      /usr/lib64/libxcb-randr.so.0.1.0
743574083000-743574084000 rw-p 00012000 00:28 57697                      /usr/lib64/libxcb-randr.so.0.1.0
743574084000-743574085000 r--p 00000000 00:28 439071                     /usr/lib64/libnvidia-tls.so.570.124.04
743574085000-743574087000 r-xp 00001000 00:28 439071                     /usr/lib64/libnvidia-tls.so.570.124.04
743574087000-743574088000 r--p 00003000 00:28 439071                     /usr/lib64/libnvidia-tls.so.570.124.04
743574088000-743574089000 r--p 00003000 00:28 439071                     /usr/lib64/libnvidia-tls.so.570.124.04
743574089000-74357408a000 rw-p 00004000 00:28 439071                     /usr/lib64/libnvidia-tls.so.570.124.04
74357408a000-743574091000 r--s 00000000 00:28 60335                      /usr/lib64/gconv/gconv-modules.cache
743574091000-7435740c2000 rw-p 00000000 00:00 0 
7435740c2000-7435740c3000 ---p 00000000 00:00 0 
7435740c3000-7435740c7000 ---p 00000000 00:00 0 
7435740c7000-7435741c3000 rw-p 00000000 00:00 0 
7435741c3000-7435741c4000 ---p 00000000 00:00 0 
7435741c4000-7435742c4000 rw-p 00000000 00:00 0 
7435742c4000-7435742c5000 ---p 00000000 00:00 0 
7435742c5000-7435742c9000 ---p 00000000 00:00 0 
7435742c9000-7435743c5000 rw-p 00000000 00:00 0 
7435743c5000-7435743c6000 ---p 00000000 00:00 0 
7435743c6000-7435743ca000 ---p 00000000 00:00 0 
7435743ca000-7435744c6000 rw-p 00000000 00:00 0 
7435744c6000-7435744c7000 ---p 00000000 00:00 0 
7435744c7000-7435744cb000 ---p 00000000 00:00 0 
7435744cb000-7435745c7000 rw-p 00000000 00:00 0 
7435745c7000-7435745c8000 ---p 00000000 00:00 0 
7435745c8000-7435745cc000 ---p 00000000 00:00 0 
7435745cc000-7435746c8000 rw-p 00000000 00:00 0 
7435746c8000-7435746c9000 ---p 00000000 00:00 0 
7435746c9000-7435746cd000 ---p 00000000 00:00 0 
7435746cd000-7435747c9000 rw-p 00000000 00:00 0 
7435747c9000-7435747ca000 ---p 00000000 00:00 0 
7435747ca000-7435747ce000 ---p 00000000 00:00 0 
7435747ce000-7435748ca000 rw-p 00000000 00:00 0 
7435748ca000-7435748cb000 ---p 00000000 00:00 0 
7435748cb000-7435748cf000 ---p 00000000 00:00 0 
7435748cf000-7435749cb000 rw-p 00000000 00:00 0 
7435749cb000-7435749cc000 ---p 00000000 00:00 0 
7435749cc000-7435749d0000 ---p 00000000 00:00 0 
7435749d0000-743574acc000 rw-p 00000000 00:00 0 
743574acc000-743574acd000 ---p 00000000 00:00 0 
743574acd000-743574ad1000 ---p 00000000 00:00 0 
743574ad1000-743574bcd000 rw-p 00000000 00:00 0 
743574bcd000-743574bce000 ---p 00000000 00:00 0 
743574bce000-743574cce000 rw-p 00000000 00:00 0 
743574cce000-743574cd3000 r--p 00000000 00:28 1033213                    /home/tom/.jdks/temurin-17.0.15/lib/libjsvml.so
743574cd3000-743574d14000 r-xp 00005000 00:28 1033213                    /home/tom/.jdks/temurin-17.0.15/lib/libjsvml.so
743574d14000-743574d9d000 r--p 00046000 00:28 1033213                    /home/tom/.jdks/temurin-17.0.15/lib/libjsvml.so
743574d9d000-743574d9e000 r--p 000ce000 00:28 1033213                    /home/tom/.jdks/temurin-17.0.15/lib/libjsvml.so
743574d9e000-743574d9f000 rw-p 000cf000 00:28 1033213                    /home/tom/.jdks/temurin-17.0.15/lib/libjsvml.so
743574d9f000-743574ebc000 rw-p 00000000 00:00 0 
743574ebc000-743574ebd000 rw-s 00000000 00:06 1027                       /dev/nvidia0
743574ebd000-743574ebf000 r--p 00000000 00:28 1033182                    /home/tom/.jdks/temurin-17.0.15/lib/libzip.so
743574ebf000-743574ed1000 r-xp 00002000 00:28 1033182                    /home/tom/.jdks/temurin-17.0.15/lib/libzip.so
743574ed1000-743574ed9000 r--p 00014000 00:28 1033182                    /home/tom/.jdks/temurin-17.0.15/lib/libzip.so
743574ed9000-743574eda000 r--p 0001b000 00:28 1033182                    /home/tom/.jdks/temurin-17.0.15/lib/libzip.so
743574eda000-743574edb000 rw-p 0001c000 00:28 1033182                    /home/tom/.jdks/temurin-17.0.15/lib/libzip.so
743574edb000-743574edf000 r--p 00000000 00:28 1033226                    /home/tom/.jdks/temurin-17.0.15/lib/libnet.so
743574edf000-743574eed000 r-xp 00004000 00:28 1033226                    /home/tom/.jdks/temurin-17.0.15/lib/libnet.so
743574eed000-743574ef1000 r--p 00012000 00:28 1033226                    /home/tom/.jdks/temurin-17.0.15/lib/libnet.so
743574ef1000-743574ef2000 r--p 00015000 00:28 1033226                    /home/tom/.jdks/temurin-17.0.15/lib/libnet.so
743574ef2000-743574ef3000 rw-p 00016000 00:28 1033226                    /home/tom/.jdks/temurin-17.0.15/lib/libnet.so
743574ef3000-743574ef4000 ---p 00000000 00:00 0 
743574ef4000-743574ff4000 rw-p 00000000 00:00 0 
743574ff4000-743574ff5000 ---p 00000000 00:00 0 
743574ff5000-7435750f5000 rw-p 00000000 00:00 0 
7435750f5000-7435758fd000 rw-p 00000000 00:00 0 
7435758fd000-7435758fe000 ---p 00000000 00:00 0 
7435758fe000-7435759fe000 rw-p 00000000 00:00 0 
7435759fe000-7435759ff000 ---p 00000000 00:00 0 
7435759ff000-743575aff000 rw-p 00000000 00:00 0 
743575aff000-743575b00000 ---p 00000000 00:00 0 
743575b00000-743575c00000 rw-p 00000000 00:00 0 
743575c00000-743575c7c000 rw-p 00000000 00:00 0 
743575c7c000-7435763b4000 ---p 00000000 00:00 0 
7435763b4000-743576432000 rw-p 00000000 00:00 0 
743576432000-743576b6a000 ---p 00000000 00:00 0 
743576b6a000-743576be8000 rw-p 00000000 00:00 0 
743576be8000-743577320000 ---p 00000000 00:00 0 
743577320000-743577b2f000 rw-p 00000000 00:00 0 
743577b2f000-743577c15000 ---p 00000000 00:00 0 
743577c15000-743577c1a000 rw-p 00000000 00:00 0 
743577c1a000-743577d00000 ---p 00000000 00:00 0 
743577d00000-743577d04000 ---p 00000000 00:00 0 
743577d04000-743577e00000 rw-p 00000000 00:00 0 
743577e00000-743578053000 r--p 00000000 00:28 1033234                    /home/tom/.jdks/temurin-17.0.15/lib/server/libjvm.so
743578053000-743578d7c000 r-xp 00253000 00:28 1033234                    /home/tom/.jdks/temurin-17.0.15/lib/server/libjvm.so
743578d7c000-743579009000 r--p 00f7c000 00:28 1033234                    /home/tom/.jdks/temurin-17.0.15/lib/server/libjvm.so
743579009000-74357900a000 ---p 01209000 00:28 1033234                    /home/tom/.jdks/temurin-17.0.15/lib/server/libjvm.so
74357900a000-7435790c3000 r--p 01209000 00:28 1033234                    /home/tom/.jdks/temurin-17.0.15/lib/server/libjvm.so
7435790c3000-7435790f8000 rw-p 012c2000 00:28 1033234                    /home/tom/.jdks/temurin-17.0.15/lib/server/libjvm.so
7435790f8000-743579153000 rw-p 00000000 00:00 0 
743579153000-743579154000 rw-s 00000000 00:06 1025                       /dev/nvidiactl
743579154000-743579155000 rw-s 00000000 00:06 1025                       /dev/nvidiactl
743579155000-743579156000 r--s 00000000 00:06 1025                       /dev/nvidiactl
743579156000-74357915a000 r-xp 00000000 00:28 56372                      /usr/lib64/libXxf86vm.so.1.0.0
74357915a000-74357915c000 r--p 00004000 00:28 56372                      /usr/lib64/libXxf86vm.so.1.0.0
74357915c000-74357915d000 r--p 00005000 00:28 56372                      /usr/lib64/libXxf86vm.so.1.0.0
74357915d000-74357915e000 rw-p 00006000 00:28 56372                      /usr/lib64/libXxf86vm.so.1.0.0
74357915e000-74357915f000 r--p 00000000 00:28 56350                      /usr/lib64/libXau.so.6.0.0
74357915f000-743579161000 r-xp 00001000 00:28 56350                      /usr/lib64/libXau.so.6.0.0
743579161000-743579162000 r--p 00003000 00:28 56350                      /usr/lib64/libXau.so.6.0.0
743579162000-743579163000 r--p 00003000 00:28 56350                      /usr/lib64/libXau.so.6.0.0
743579163000-743579164000 rw-p 00000000 00:00 0 
743579164000-74357916b000 r--p 00000000 00:28 1033235                    /home/tom/.jdks/temurin-17.0.15/lib/libnio.so
74357916b000-743579174000 r-xp 00007000 00:28 1033235                    /home/tom/.jdks/temurin-17.0.15/lib/libnio.so
743579174000-743579178000 r--p 00010000 00:28 1033235                    /home/tom/.jdks/temurin-17.0.15/lib/libnio.so
743579178000-743579179000 ---p 00014000 00:28 1033235                    /home/tom/.jdks/temurin-17.0.15/lib/libnio.so
743579179000-74357917a000 r--p 00014000 00:28 1033235                    /home/tom/.jdks/temurin-17.0.15/lib/libnio.so
74357917a000-74357917b000 rw-p 00015000 00:28 1033235                    /home/tom/.jdks/temurin-17.0.15/lib/libnio.so
74357917b000-743579200000 rw-p 00000000 00:00 0 
743579200000-743579207000 ---p 00000000 00:00 0 
743579207000-743579215000 r--p 00000000 00:28 1033185                    /home/tom/.jdks/temurin-17.0.15/lib/libjava.so
743579215000-743579227000 r-xp 0000e000 00:28 1033185                    /home/tom/.jdks/temurin-17.0.15/lib/libjava.so
743579227000-74357922d000 r--p 00020000 00:28 1033185                    /home/tom/.jdks/temurin-17.0.15/lib/libjava.so
74357922d000-74357922e000 ---p 00026000 00:28 1033185                    /home/tom/.jdks/temurin-17.0.15/lib/libjava.so
74357922e000-74357922f000 r--p 00026000 00:28 1033185                    /home/tom/.jdks/temurin-17.0.15/lib/libjava.so
74357922f000-743579230000 rw-p 00027000 00:28 1033185                    /home/tom/.jdks/temurin-17.0.15/lib/libjava.so
743579230000-743579231000 rw-p 00000000 00:00 0 
743579231000-743579239000 rw-s 00000000 00:33 429                        /tmp/hsperfdata_tom/44229
743579239000-74357923a000 ---p 00000000 00:00 0 
74357923a000-74357923b000 r--p 00000000 00:00 0 
74357923b000-74357923c000 r--p 00000000 00:28 57049                      /usr/lib64/libm.so.6
74357923c000-7435792b5000 r-xp 00001000 00:28 57049                      /usr/lib64/libm.so.6
7435792b5000-74357931f000 r--p 0007a000 00:28 57049                      /usr/lib64/libm.so.6
74357931f000-743579320000 r--p 000e3000 00:28 57049                      /usr/lib64/libm.so.6
743579320000-743579321000 rw-p 000e4000 00:28 57049                      /usr/lib64/libm.so.6
743579321000-743579322000 r--p 00000000 00:28 57426                      /usr/lib64/librt.so.1
743579322000-743579323000 r-xp 00001000 00:28 57426                      /usr/lib64/librt.so.1
743579323000-743579324000 r--p 00002000 00:28 57426                      /usr/lib64/librt.so.1
743579324000-743579325000 r--p 00002000 00:28 57426                      /usr/lib64/librt.so.1
743579325000-743579328000 rw-p 00000000 00:00 0 
743579328000-743579329000 r--p 00000000 00:28 56480                      /usr/lib64/libc.so.6
743579329000-743579498000 r-xp 00001000 00:28 56480                      /usr/lib64/libc.so.6
743579498000-74357950d000 r--p 00170000 00:28 56480                      /usr/lib64/libc.so.6
74357950d000-743579511000 r--p 001e5000 00:28 56480                      /usr/lib64/libc.so.6
743579511000-743579513000 rw-p 001e9000 00:28 56480                      /usr/lib64/libc.so.6
743579513000-74357951b000 rw-p 00000000 00:00 0 
74357951b000-74357951c000 r--p 00000000 00:28 56581                      /usr/lib64/libdl.so.2
74357951c000-74357951d000 r-xp 00001000 00:28 56581                      /usr/lib64/libdl.so.2
74357951d000-74357951e000 r--p 00002000 00:28 56581                      /usr/lib64/libdl.so.2
74357951e000-74357951f000 r--p 00002000 00:28 56581                      /usr/lib64/libdl.so.2
74357951f000-743579520000 rw-p 00000000 00:00 0 
743579520000-743579521000 r--p 00000000 00:28 57375                      /usr/lib64/libpthread.so.0
743579521000-743579522000 r-xp 00001000 00:28 57375                      /usr/lib64/libpthread.so.0
743579522000-743579523000 r--p 00002000 00:28 57375                      /usr/lib64/libpthread.so.0
743579523000-743579524000 r--p 00002000 00:28 57375                      /usr/lib64/libpthread.so.0
743579524000-743579525000 rw-p 00000000 00:00 0 
743579525000-743579526000 ---p 00000000 00:00 0 
743579526000-74357952a000 r--p 00000000 00:28 1033217                    /home/tom/.jdks/temurin-17.0.15/lib/libjimage.so
74357952a000-74357953d000 r-xp 00004000 00:28 1033217                    /home/tom/.jdks/temurin-17.0.15/lib/libjimage.so
74357953d000-743579543000 r--p 00017000 00:28 1033217                    /home/tom/.jdks/temurin-17.0.15/lib/libjimage.so
743579543000-743579545000 r--p 0001c000 00:28 1033217                    /home/tom/.jdks/temurin-17.0.15/lib/libjimage.so
743579545000-743579546000 rw-p 0001e000 00:28 1033217                    /home/tom/.jdks/temurin-17.0.15/lib/libjimage.so
743579546000-743579549000 r--p 00000000 00:28 1033190                    /home/tom/.jdks/temurin-17.0.15/lib/libjli.so
743579549000-743579559000 r-xp 00003000 00:28 1033190                    /home/tom/.jdks/temurin-17.0.15/lib/libjli.so
743579559000-743579560000 r--p 00013000 00:28 1033190                    /home/tom/.jdks/temurin-17.0.15/lib/libjli.so
743579560000-743579561000 r--p 00019000 00:28 1033190                    /home/tom/.jdks/temurin-17.0.15/lib/libjli.so
743579561000-743579562000 rw-p 0001a000 00:28 1033190                    /home/tom/.jdks/temurin-17.0.15/lib/libjli.so
743579562000-743579564000 rw-p 00000000 00:00 0 
743579564000-743579566000 r--p 00000000 00:00 0                          [vvar]
743579566000-743579568000 r--p 00000000 00:00 0                          [vvar_vclock]
743579568000-74357956a000 r-xp 00000000 00:00 0                          [vdso]
74357956a000-74357956b000 r--p 00000000 00:28 55890                      /usr/lib64/ld-linux-x86-64.so.2
74357956b000-743579594000 r-xp 00001000 00:28 55890                      /usr/lib64/ld-linux-x86-64.so.2
743579594000-74357959f000 r--p 0002a000 00:28 55890                      /usr/lib64/ld-linux-x86-64.so.2
74357959f000-7435795a1000 r--p 00035000 00:28 55890                      /usr/lib64/ld-linux-x86-64.so.2
7435795a1000-7435795a3000 rw-p 00037000 00:28 55890                      /usr/lib64/ld-linux-x86-64.so.2
7fff986fd000-7fff9871e000 rw-p 00000000 00:00 0                          [stack]
ffffffffff600000-ffffffffff601000 --xp 00000000 00:00 0                  [vsyscall]


VM Arguments:
jvm_args: -Dfile.encoding=UTF-8 -Duser.country=GB -Duser.language=en -Duser.variant 
java_command: Main
java_class_path (initial): /home/tom/Documents/GitHub/OpenWorldEngine/build/classes/java/main:/home/tom/Documents/GitHub/OpenWorldEngine/build/resources/main:/home/tom/.gradle/caches/modules-2/files-2.1/uk.co.electronstudio.jaylib/jaylib/5.5.0-2/f2131af8a2b69fa2333d92510f15f0d5fab72636/jaylib-5.5.0-2.jar
Launcher Type: SUN_STANDARD

[Global flags]
     intx CICompilerCount                          = 4                                         {product} {ergonomic}
     uint ConcGCThreads                            = 2                                         {product} {ergonomic}
     uint G1ConcRefinementThreads                  = 8                                         {product} {ergonomic}
   size_t G1HeapRegionSize                         = 2097152                                   {product} {ergonomic}
    uintx GCDrainStackTargetSize                   = 64                                        {product} {ergonomic}
   size_t InitialHeapSize                          = 260046848                                 {product} {ergonomic}
   size_t MarkStackSize                            = 4194304                                   {product} {ergonomic}
   size_t MaxHeapSize                              = 4139778048                                {product} {ergonomic}
   size_t MaxNewSize                               = 2483027968                                {product} {ergonomic}
   size_t MinHeapDeltaBytes                        = 2097152                                   {product} {ergonomic}
   size_t MinHeapSize                              = 8388608                                   {product} {ergonomic}
    uintx NonNMethodCodeHeapSize                   = 5839372                                {pd product} {ergonomic}
    uintx NonProfiledCodeHeapSize                  = 122909434                              {pd product} {ergonomic}
    uintx ProfiledCodeHeapSize                     = 122909434                              {pd product} {ergonomic}
    uintx ReservedCodeCacheSize                    = 251658240                              {pd product} {ergonomic}
     bool SegmentedCodeCache                       = true                                      {product} {ergonomic}
   size_t SoftMaxHeapSize                          = 4139778048                             {manageable} {ergonomic}
     bool UseCompressedClassPointers               = true                           {product lp64_product} {ergonomic}
     bool UseCompressedOops                        = true                           {product lp64_product} {ergonomic}
     bool UseG1GC                                  = true                                      {product} {ergonomic}

Logging:
Log output configuration:
 #0: stdout all=warning uptime,level,tags
 #1: stderr all=off uptime,level,tags

Environment Variables:
PATH=/tmp/.mount_osu.Ap7R3etJ/usr/bin/:/home/tom/.local/bin:/home/tom/bin:/usr/local/bin:/usr/bin:/bin:/usr/local/sbin:/usr/sbin:/sbin:/home/tom/.dotnet/tools
SHELL=/bin/bash
DISPLAY=:0
LANG=en_GB.utf8
LC_NUMERIC=en_GB.utf8
LC_TIME=en_GB.utf8

Active Locale:
LC_ALL=en_GB.utf8
LC_COLLATE=en_GB.utf8
LC_CTYPE=en_GB.utf8
LC_MESSAGES=en_GB.utf8
LC_MONETARY=en_GB.utf8
LC_NUMERIC=en_GB.utf8
LC_TIME=en_GB.utf8

Signal Handlers:
   SIGSEGV: crash_handler in libjvm.so, mask=11100100010111111101111111111110, flags=SA_RESTART|SA_SIGINFO, unblocked
    SIGBUS: crash_handler in libjvm.so, mask=11100100010111111101111111111110, flags=SA_RESTART|SA_SIGINFO, unblocked
    SIGFPE: crash_handler in libjvm.so, mask=11100100010111111101111111111110, flags=SA_RESTART|SA_SIGINFO, unblocked
   SIGPIPE: javaSignalHandler in libjvm.so, mask=11100100010111111101111111111110, flags=SA_RESTART|SA_SIGINFO, blocked
   SIGXFSZ: javaSignalHandler in libjvm.so, mask=11100100010111111101111111111110, flags=SA_RESTART|SA_SIGINFO, blocked
    SIGILL: crash_handler in libjvm.so, mask=11100100010111111101111111111110, flags=SA_RESTART|SA_SIGINFO, unblocked
   SIGUSR2: SR_handler in libjvm.so, mask=00100000000000000000000000000000, flags=SA_RESTART|SA_SIGINFO, blocked
    SIGHUP: UserHandler in libjvm.so, mask=11100100010111111101111111111110, flags=SA_RESTART|SA_SIGINFO, blocked
    SIGINT: UserHandler in libjvm.so, mask=11100100010111111101111111111110, flags=SA_RESTART|SA_SIGINFO, blocked
   SIGTERM: UserHandler in libjvm.so, mask=11100100010111111101111111111110, flags=SA_RESTART|SA_SIGINFO, blocked
   SIGQUIT: UserHandler in libjvm.so, mask=11100100010111111101111111111110, flags=SA_RESTART|SA_SIGINFO, blocked
   SIGTRAP: crash_handler in libjvm.so, mask=11100100010111111101111111111110, flags=SA_RESTART|SA_SIGINFO, unblocked


Periodic native trim disabled


---------------  S Y S T E M  ---------------

OS:
Nobara release 41 (Forty One)
uname: Linux 6.13.5-200.nobara.fc41.x86_64 #1 SMP PREEMPT_DYNAMIC Thu Feb 27 18:52:39 UTC 2025 x86_64
OS uptime: 0 days 7:59 hours
libc: glibc 2.40 NPTL 2.40 
rlimit (soft/hard): STACK 8192k/infinity , CORE infinity/infinity , NPROC 62306/62306 , NOFILE 1048576/1048576 , AS infinity/infinity , CPU infinity/infinity , DATA infinity/infinity , FSIZE infinity/infinity , MEMLOCK 8192k/8192k
load average: 1.83 1.40 1.09

/proc/meminfo:
MemTotal:       16167600 kB
MemFree:         1445656 kB
MemAvailable:    8541380 kB
Buffers:            3608 kB
Cached:          7302868 kB
SwapCached:            0 kB
Active:          8329032 kB
Inactive:        5221712 kB
Active(anon):    6321380 kB
Inactive(anon):    17612 kB
Active(file):    2007652 kB
Inactive(file):  5204100 kB
Unevictable:         152 kB
Mlocked:             152 kB
SwapTotal:      26172312 kB
SwapFree:       26172056 kB
Zswap:                 0 kB
Zswapped:              0 kB
Dirty:              5716 kB
Writeback:             0 kB
AnonPages:       6158848 kB
Mapped:          2492292 kB
Shmem:             95044 kB
KReclaimable:     220600 kB
Slab:             430124 kB
SReclaimable:     220600 kB
SUnreclaim:       209524 kB
KernelStack:       23732 kB
PageTables:        50136 kB
SecPageTables:      5300 kB
NFS_Unstable:          0 kB
Bounce:                0 kB
WritebackTmp:          0 kB
CommitLimit:    34256112 kB
Committed_AS:   15788212 kB
VmallocTotal:   34359738367 kB
VmallocUsed:      137376 kB
VmallocChunk:          0 kB
Percpu:             8768 kB
HardwareCorrupted:     0 kB
AnonHugePages:   3106816 kB
ShmemHugePages:        0 kB
ShmemPmdMapped:        0 kB
FileHugePages:   2650112 kB
FilePmdMapped:   1206272 kB
CmaTotal:              0 kB
CmaFree:               0 kB
Unaccepted:            0 kB
HugePages_Total:       0
HugePages_Free:        0
HugePages_Rsvd:        0
HugePages_Surp:        0
Hugepagesize:       2048 kB
Hugetlb:               0 kB
DirectMap4k:     1393592 kB
DirectMap2M:    13078528 kB
DirectMap1G:     2097152 kB

/sys/kernel/mm/transparent_hugepage/enabled: [always] madvise never
/sys/kernel/mm/transparent_hugepage/hpage_pmd_size: 2097152
/sys/kernel/mm/transparent_hugepage/defrag (defrag/compaction efforts parameter): always defer [defer+madvise] madvise never

Process Memory:
Virtual Size: 7455472K (peak: 7521008K)
Resident Set Size: 163332K (peak: 163332K) (anon: 52044K, file: 111288K, shmem: 0K)
Swapped out: 0K
C-Heap outstanding allocations: 37909K, retained: 2270K
glibc malloc tunables: (default)

/proc/sys/kernel/threads-max (system-wide limit on the number of threads): 124612
/proc/sys/vm/max_map_count (maximum number of memory map areas a process may have): 16777216
/proc/sys/vm/swappiness (control to define how aggressively the kernel swaps out anonymous memory): 100
/proc/sys/kernel/pid_max (system-wide limit on number of process identifiers): 4194304

container information not found.
Steal ticks since vm start: 0
Steal ticks percentage since vm start:  0.000

CPU: total 8 (initial active 8) (8 cores per cpu, 2 threads per core) family 23 model 96 stepping 1 microcode 0x860010d, cx8, cmov, fxsr, ht, mmx, 3dnowpref, sse, sse2, sse3, ssse3, sse4a, sse4.1, sse4.2, popcnt, lzcnt, tsc, tscinvbit, avx, avx2, aes, clmul, bmi1, bmi2, adx, sha, fma, vzeroupper, clflush, clflushopt
CPU Model and flags from /proc/cpuinfo:
model name	: AMD Ryzen 3 4100 4-Core Processor
flags		: fpu vme de pse tsc msr pae mce cx8 apic sep mtrr pge mca cmov pat pse36 clflush mmx fxsr sse sse2 ht syscall nx mmxext fxsr_opt pdpe1gb rdtscp lm constant_tsc rep_good nopl xtopology nonstop_tsc cpuid extd_apicid aperfmperf rapl pni pclmulqdq monitor ssse3 fma cx16 sse4_1 sse4_2 x2apic movbe popcnt aes xsave avx f16c rdrand lahf_lm cmp_legacy svm extapic cr8_legacy abm sse4a misalignsse 3dnowprefetch osvw ibs skinit wdt tce topoext perfctr_core perfctr_nb bpext perfctr_llc mwaitx cpb cat_l3 cdp_l3 hw_pstate ssbd mba ibrs ibpb stibp vmmcall fsgsbase bmi1 avx2 smep bmi2 cqm rdt_a rdseed adx smap clflushopt clwb sha_ni xsaveopt xsavec xgetbv1 cqm_llc cqm_occup_llc cqm_mbm_total cqm_mbm_local clzero irperf xsaveerptr rdpru wbnoinvd cppc arat npt lbrv svm_lock nrip_save tsc_scale vmcb_clean flushbyasid decodeassists pausefilter pfthreshold avic v_vmsave_vmload vgif v_spec_ctrl umip rdpid overflow_recov succor smca

Online cpus: 0-7
Offline cpus: 
BIOS frequency limitation: <Not Available>
Frequency switch latency (ns): 0
Available cpu frequencies: <Not Available>
Current governor: powersave
Core performance/turbo boost: 1

Memory: 4k page, physical 16167600k(1445656k free), swap 26172312k(26172056k free)
Page Sizes: 4k

vm_info: OpenJDK 64-Bit Server VM (17.0.15+6) for linux-amd64 JRE (17.0.15+6), built on Apr 15 2025 00:00:00 by "admin" with gcc 10.3.0

END.
