#
# A fatal error has been detected by the Java Runtime Environment:
#
#  SIGSEGV (0xb) at pc=0x000076ba8c247b29, pid=43610, tid=43644
#
# JRE version: OpenJDK Runtime Environment Temurin-17.0.15+6 (17.0.15+6) (build 17.0.15+6)
# Java VM: OpenJDK 64-Bit Server VM Temurin-17.0.15+6 (17.0.15+6, mixed mode, sharing, tiered, compressed oops, compressed class ptrs, g1 gc, linux-amd64)
# Problematic frame:
# C  [libGLdispatch.so.0+0x5b29]
#
# Core dump will be written. Default location: Core dumps may be processed with "/usr/lib/systemd/systemd-coredump %P %u %g %s %t %c %h" (or dumping to /home/tom/Documents/GitHub/OpenWorldEngine/core.43610)
#
# If you would like to submit a bug report, please visit:
#   https://github.com/adoptium/adoptium-support/issues
# The crash happened outside the Java Virtual Machine in native code.
# See problematic frame for where to report the bug.
#

---------------  S U M M A R Y ------------

Command Line: -Dfile.encoding=UTF-8 -Duser.country=GB -Duser.language=en -Duser.variant Main

Host: AMD Ryzen 3 4100 4-Core Processor, 8 cores, 15G, Nobara release 41 (Forty One)
Time: Tue Jun  3 17:49:32 2025 BST elapsed time: 0.374089 seconds (0d 0h 0m 0s)

---------------  T H R E A D  ---------------

Current thread (0x000076bab0d3e720):  JavaThread "Thread-1" [_thread_in_native, id=43644, stack(0x000076ba8cb1e000,0x000076ba8cc1e000)]

Stack: [0x000076ba8cb1e000,0x000076ba8cc1e000],  sp=0x000076ba8cc1c588,  free space=1017k
Native frames: (J=compiled Java code, j=interpreted, Vv=VM code, C=native code)
C  [libGLdispatch.so.0+0x5b29]

Java frames: (J=compiled Java code, j=interpreted, Vv=VM code)
j  com.raylib.Raylib.LoadTexture(Ljava/lang/String;)Lcom/raylib/Raylib$Texture;+0
j  dev.spruce.game.assets.managers.TileTextureManager.<init>()V+33
j  dev.spruce.game.assets.Assets.<init>()V+9
j  dev.spruce.game.assets.Assets.getInstance()Ldev/spruce/game/assets/Assets;+10
j  dev.spruce.game.sound.SoundPlayer.run()V+0
j  java.lang.Thread.run()V+11 java.base@17.0.15
v  ~StubRoutines::call_stub

siginfo: si_signo: 11 (SIGSEGV), si_code: 1 (SEGV_MAPERR), si_addr: 0x0000000000000998

Registers:
RAX=0x0000000000000000, RBX=0x0000000000000020, RCX=0x0000000000000004, RDX=0x0000000000000020
RSP=0x000076ba8cc1c588, RBP=0x0000000000000001, RSI=0x0000000000000000, RDI=0x0000000000000de1
R8 =0x0000000000000001, R9 =0x0000000000000007, R10=0x000076b9e8006530, R11=0x2956b3d807b050ec
R12=0x000076ba8cc1c690, R13=0x0000000000000004, R14=0x0000000000000004, R15=0x000076bab0d3e720
RIP=0x000076ba8c247b29, EFLAGS=0x0000000000010246, CSGSFS=0x002b000000000033, ERR=0x0000000000000004
  TRAPNO=0x000000000000000e

XMM[0]=0x0000000000000000 0x000076bab028c670
XMM[1]=0x0000002000000020 0x000076b9e80071d0
XMM[2]=0xffffffffffff0000 0x0000000000000000
XMM[3]=0xffffffffffff0000 0x0000000000000000
XMM[4]=0x0000000000000000 0x000076b9e8000090
XMM[5]=0x1680c153e04af389 0x05881fcaf6e0e80c
XMM[6]=0x000076b9e80065fc 0x000076b9e8006530
XMM[7]=0x2e2e2e2e2e2e2e2e 0x2e2e2e2e2e2e2e2e
XMM[8]=0x0001000600050001 0x0003000000000002
XMM[9]=0x0000000000000000 0x0000000000000000
XMM[10]=0x0000000000000000 0x3f3f3f3f3f3f3f3f
XMM[11]=0x0000000000000000 0x9999999999999999
XMM[12]=0x0000000000000000 0x2020202020202020
XMM[13]=0x0000000000000000 0x000000003acccccd
XMM[14]=0x0000000000000000 0x000000003acccccd
XMM[15]=0x0000000000000000 0x0000000000000000
  MXCSR=0x00001fa0


Register to memory mapping:

RAX=0x0 is NULL
RBX=0x0000000000000020 is an unknown value
RCX=0x0000000000000004 is an unknown value
RDX=0x0000000000000020 is an unknown value
RSP=0x000076ba8cc1c588 is pointing into the stack for thread: 0x000076bab0d3e720
RBP=0x0000000000000001 is an unknown value
RSI=0x0 is NULL
RDI=0x0000000000000de1 is an unknown value
R8 =0x0000000000000001 is an unknown value
R9 =0x0000000000000007 is an unknown value
R10=0x000076b9e8006530 points into unknown readable memory: 0x000000076b9e8006 | 06 80 9e 6b 07 00 00 00
R11=0x2956b3d807b050ec is an unknown value
R12=0x000076ba8cc1c690 is pointing into the stack for thread: 0x000076bab0d3e720
R13=0x0000000000000004 is an unknown value
R14=0x0000000000000004 is an unknown value
R15=0x000076bab0d3e720 is a thread


Top of Stack: (sp=0x000076ba8cc1c588)
0x000076ba8cc1c588:   000076ba8c5e749f 000076ba8cc1c5e0
0x000076ba8cc1c598:   000076b9e80071d0 0000000000000001
0x000076ba8cc1c5a8:   000076b9e8006280 000076b9e8006530
0x000076ba8cc1c5b8:   000076ba8cc1c640 000076b9e8006280
0x000076ba8cc1c5c8:   0000002000000020 0000000000000000
0x000076ba8cc1c5d8:   000076b9e8006520 000076ba8cc1c620
0x000076ba8cc1c5e8:   000076bab677200e 000076b9e80071d0
0x000076ba8cc1c5f8:   f1fc2c126a95f600 0000000400000001
0x000076ba8cc1c608:   0000000000000020 0000000000000001
0x000076ba8cc1c618:   000076ba8cc1c690 0000000000000020
0x000076ba8cc1c628:   0000000000000004 000076bab0d3e720
0x000076ba8cc1c638:   000076ba8c6a9ffd 000076b9e8006280
0x000076ba8cc1c648:   000076ba8cc1c750 000076b9e8006280
0x000076ba8cc1c658:   000076ba3342eb40 000076ba8cc1c7d0
0x000076ba8cc1c668:   000076ba8c6aa057 000076b9e80071d0
0x000076ba8cc1c678:   0000002000000020 0000000400000001
0x000076ba8cc1c688:   000076ba8c6aa037 0000000000000000
0x000076ba8cc1c698:   0000000000000000 000076ba00000000
0x000076ba8cc1c6a8:   0000000000000014 000076b9e80071d0
0x000076ba8cc1c6b8:   0000002000000020 0000000400000001
0x000076ba8cc1c6c8:   f1fc2c126a95f600 0000000000000000
0x000076ba8cc1c6d8:   000076ba8c4d88cf 000076bab0d3e720
0x000076ba8cc1c6e8:   000076ba8cc1c7d0 000076ba8cc1c7c0
0x000076ba8cc1c6f8:   000076bab0d3e9d0 0000000000000000
0x000076ba8cc1c708:   0000000000000000 000076b9e8006250
0x000076ba8cc1c718:   000076bab0d3e720 000076ba8cc1c750
0x000076ba8cc1c728:   000076ba3342eb48 0000000000000000
0x000076ba8cc1c738:   f1fc2c126a95f600 000076ba3342eb48
0x000076ba8cc1c748:   0000000000000000 000076ba8cc1c7b0
0x000076ba8cc1c758:   000076baa07445da 000076baa0744316
0x000076ba8cc1c768:   000076ba8cc1c768 000076ba3342eb40
0x000076ba8cc1c778:   000076ba8cc1c7d0 000076ba33459558 

Instructions: (pc=0x000076ba8c247b29)
0x000076ba8c247a29:   ff a0 f0 2e 00 00 41 ff a3 88 02 00 00 66 2e 0f
0x000076ba8c247a39:   1f 84 00 00 00 00 00 64 48 8b 04 25 10 ff ff ff
0x000076ba8c247a49:   ff a0 70 16 00 00 41 ff a3 90 02 00 00 66 2e 0f
0x000076ba8c247a59:   1f 84 00 00 00 00 00 64 48 8b 04 25 10 ff ff ff
0x000076ba8c247a69:   ff a0 20 2f 00 00 41 ff a3 98 02 00 00 66 2e 0f
0x000076ba8c247a79:   1f 84 00 00 00 00 00 64 48 8b 04 25 10 ff ff ff
0x000076ba8c247a89:   ff a0 70 16 00 00 41 ff a3 a0 02 00 00 66 2e 0f
0x000076ba8c247a99:   1f 84 00 00 00 00 00 64 48 8b 04 25 10 ff ff ff
0x000076ba8c247aa9:   ff a0 e0 18 00 00 41 ff a3 a8 02 00 00 66 2e 0f
0x000076ba8c247ab9:   1f 84 00 00 00 00 00 64 48 8b 04 25 10 ff ff ff
0x000076ba8c247ac9:   ff a0 90 1e 00 00 41 ff a3 b0 02 00 00 66 2e 0f
0x000076ba8c247ad9:   1f 84 00 00 00 00 00 64 48 8b 04 25 10 ff ff ff
0x000076ba8c247ae9:   ff a0 18 3d 00 00 41 ff a3 b8 02 00 00 66 2e 0f
0x000076ba8c247af9:   1f 84 00 00 00 00 00 f3 0f 1e fa 48 8b 05 a5 a4
0x000076ba8c247b09:   06 00 64 4c 8b 18 41 ff a3 c0 02 00 00 66 2e 0f
0x000076ba8c247b19:   1f 84 00 00 00 00 00 64 48 8b 04 25 10 ff ff ff
0x000076ba8c247b29:   ff a0 98 09 00 00 41 ff a3 c8 02 00 00 66 2e 0f
0x000076ba8c247b39:   1f 84 00 00 00 00 00 64 48 8b 04 25 10 ff ff ff
0x000076ba8c247b49:   ff a0 98 09 00 00 41 ff a3 d0 02 00 00 66 2e 0f
0x000076ba8c247b59:   1f 84 00 00 00 00 00 64 48 8b 04 25 10 ff ff ff
0x000076ba8c247b69:   ff a0 c8 20 00 00 41 ff a3 d8 02 00 00 66 2e 0f
0x000076ba8c247b79:   1f 84 00 00 00 00 00 f3 0f 1e fa 48 8b 05 25 a4
0x000076ba8c247b89:   06 00 64 4c 8b 18 41 ff a3 e0 02 00 00 66 2e 0f
0x000076ba8c247b99:   1f 84 00 00 00 00 00 64 48 8b 04 25 10 ff ff ff
0x000076ba8c247ba9:   ff a0 88 1e 00 00 41 ff a3 e8 02 00 00 66 2e 0f
0x000076ba8c247bb9:   1f 84 00 00 00 00 00 64 48 8b 04 25 10 ff ff ff
0x000076ba8c247bc9:   ff a0 18 1a 00 00 41 ff a3 f0 02 00 00 66 2e 0f
0x000076ba8c247bd9:   1f 84 00 00 00 00 00 64 48 8b 04 25 10 ff ff ff
0x000076ba8c247be9:   ff a0 88 2f 00 00 41 ff a3 f8 02 00 00 66 2e 0f
0x000076ba8c247bf9:   1f 84 00 00 00 00 00 64 48 8b 04 25 10 ff ff ff
0x000076ba8c247c09:   ff a0 88 2f 00 00 41 ff a3 00 03 00 00 66 2e 0f
0x000076ba8c247c19:   1f 84 00 00 00 00 00 64 48 8b 04 25 10 ff ff ff 


Stack slot to memory mapping:
stack at sp + 0 slots: 0x000076ba8c5e749f: rlLoadTexture+0x000000000000004f in /home/tom/.javacpp/cache/jaylib-5.5.0-2.jar/com/raylib/linux-x86_64/libjniRaylib.so at 0x000076ba8c400000
stack at sp + 1 slots: 0x000076ba8cc1c5e0 is pointing into the stack for thread: 0x000076bab0d3e720
stack at sp + 2 slots: 0x000076b9e80071d0 points into unknown readable memory: 0x6800226800226800 | 00 68 22 00 68 22 00 68
stack at sp + 3 slots: 0x0000000000000001 is an unknown value
stack at sp + 4 slots: 0x000076b9e8006280 points into unknown readable memory: 0x000000076b9e8006 | 06 80 9e 6b 07 00 00 00
stack at sp + 5 slots: 0x000076b9e8006530 points into unknown readable memory: 0x000000076b9e8006 | 06 80 9e 6b 07 00 00 00
stack at sp + 6 slots: 0x000076ba8cc1c640 is pointing into the stack for thread: 0x000076bab0d3e720
stack at sp + 7 slots: 0x000076b9e8006280 points into unknown readable memory: 0x000000076b9e8006 | 06 80 9e 6b 07 00 00 00


---------------  P R O C E S S  ---------------

Threads class SMR info:
_java_thread_list=0x000076bab0d3d870, length=13, elements={
0x000076bab002a290, 0x000076bab018d5c0, 0x000076bab018e9a0, 0x000076bab0193f40,
0x000076bab01952f0, 0x000076bab0196700, 0x000076bab01980b0, 0x000076bab01995e0,
0x000076bab01a2a40, 0x000076bab01aabf0, 0x000076bab01ada40, 0x000076bab02796b0,
0x000076bab0d3e720
}

Java Threads: ( => current thread )
  0x000076bab002a290 JavaThread "main" [_thread_in_native, id=43616, stack(0x000076bab5100000,0x000076bab5200000)]
  0x000076bab018d5c0 JavaThread "Reference Handler" daemon [_thread_blocked, id=43623, stack(0x000076ba8d629000,0x000076ba8d729000)]
  0x000076bab018e9a0 JavaThread "Finalizer" daemon [_thread_blocked, id=43624, stack(0x000076ba8d528000,0x000076ba8d628000)]
  0x000076bab0193f40 JavaThread "Signal Dispatcher" daemon [_thread_blocked, id=43625, stack(0x000076ba8d427000,0x000076ba8d527000)]
  0x000076bab01952f0 JavaThread "Service Thread" daemon [_thread_blocked, id=43626, stack(0x000076ba8d326000,0x000076ba8d426000)]
  0x000076bab0196700 JavaThread "Monitor Deflation Thread" daemon [_thread_blocked, id=43627, stack(0x000076ba8d225000,0x000076ba8d325000)]
  0x000076bab01980b0 JavaThread "C2 CompilerThread0" daemon [_thread_blocked, id=43628, stack(0x000076ba8d124000,0x000076ba8d224000)]
  0x000076bab01995e0 JavaThread "C1 CompilerThread0" daemon [_thread_blocked, id=43629, stack(0x000076ba8d023000,0x000076ba8d123000)]
  0x000076bab01a2a40 JavaThread "Sweeper thread" daemon [_thread_blocked, id=43630, stack(0x000076ba8cf22000,0x000076ba8d022000)]
  0x000076bab01aabf0 JavaThread "Notification Thread" daemon [_thread_blocked, id=43631, stack(0x000076ba8ce21000,0x000076ba8cf21000)]
  0x000076bab01ada40 JavaThread "Common-Cleaner" daemon [_thread_blocked, id=43633, stack(0x000076ba8cc1f000,0x000076ba8cd1f000)]
  0x000076bab02796b0 JavaThread "JavaCPP Deallocator" daemon [_thread_blocked, id=43638, stack(0x000076ba8c83a000,0x000076ba8c93a000)]
=>0x000076bab0d3e720 JavaThread "Thread-1" [_thread_in_native, id=43644, stack(0x000076ba8cb1e000,0x000076ba8cc1e000)]

Other Threads:
  0x000076bab0189630 VMThread "VM Thread" [stack: 0x000076ba8d72a000,0x000076ba8d82a000] [id=43622]
  0x000076bab01ac530 WatcherThread [stack: 0x000076ba8cd20000,0x000076ba8ce20000] [id=43632]
  0x000076bab0094c80 GCTaskThread "GC Thread#0" [stack: 0x000076bab45a2000,0x000076bab46a2000] [id=43617]
  0x000076bab00a5950 ConcurrentGCThread "G1 Main Marker" [stack: 0x000076bab44a1000,0x000076bab45a1000] [id=43618]
  0x000076bab00a68c0 ConcurrentGCThread "G1 Conc#0" [stack: 0x000076bab43a0000,0x000076bab44a0000] [id=43619]
  0x000076bab015a260 ConcurrentGCThread "G1 Refine#0" [stack: 0x000076ba8d9fd000,0x000076ba8dafd000] [id=43620]
  0x000076bab015b160 ConcurrentGCThread "G1 Service" [stack: 0x000076ba8d8fc000,0x000076ba8d9fc000] [id=43621]

Threads with active compile tasks:

VM state: not at safepoint (normal execution)

VM Mutex/Monitor currently owned by a thread: None

Heap address: 0x0000000709400000, size: 3948 MB, Compressed Oops mode: Zero based, Oop shift amount: 3

CDS archive(s) mapped at: [0x000076ba37000000-0x000076ba37bc9000-0x000076ba37bc9000), size 12357632, SharedBaseAddress: 0x000076ba37000000, ArchiveRelocationMode: 1.
Compressed class space mapped at: 0x000076ba38000000-0x000076ba78000000, reserved size: 1073741824
Narrow klass base: 0x000076ba37000000, Narrow klass shift: 0, Narrow klass range: 0x100000000

GC Precious Log:
 CPUs: 8 total, 8 available
 Memory: 15788M
 Large Page Support: Disabled
 NUMA Support: Disabled
 Compressed Oops: Enabled (Zero based)
 Heap Region Size: 2M
 Heap Min Capacity: 8M
 Heap Initial Capacity: 248M
 Heap Max Capacity: 3948M
 Pre-touch: Disabled
 Parallel Workers: 8
 Concurrent Workers: 2
 Concurrent Refinement Workers: 8
 Periodic GC: Disabled

Heap:
 garbage-first heap   total 258048K, used 8116K [0x0000000709400000, 0x0000000800000000)
  region size 2048K, 4 young (8192K), 0 survivors (0K)
 Metaspace       used 2729K, committed 2944K, reserved 1114112K
  class space    used 275K, committed 384K, reserved 1048576K

Heap Regions: E=young(eden), S=young(survivor), O=old, HS=humongous(starts), HC=humongous(continues), CS=collection set, F=free, OA=open archive, CA=closed archive, TAMS=top-at-mark-start (previous, next)
|   0|0x0000000709400000, 0x0000000709400000, 0x0000000709600000|  0%| F|  |TAMS 0x0000000709400000, 0x0000000709400000| Untracked 
|   1|0x0000000709600000, 0x0000000709600000, 0x0000000709800000|  0%| F|  |TAMS 0x0000000709600000, 0x0000000709600000| Untracked 
|   2|0x0000000709800000, 0x0000000709800000, 0x0000000709a00000|  0%| F|  |TAMS 0x0000000709800000, 0x0000000709800000| Untracked 
|   3|0x0000000709a00000, 0x0000000709a00000, 0x0000000709c00000|  0%| F|  |TAMS 0x0000000709a00000, 0x0000000709a00000| Untracked 
|   4|0x0000000709c00000, 0x0000000709c00000, 0x0000000709e00000|  0%| F|  |TAMS 0x0000000709c00000, 0x0000000709c00000| Untracked 
|   5|0x0000000709e00000, 0x0000000709e00000, 0x000000070a000000|  0%| F|  |TAMS 0x0000000709e00000, 0x0000000709e00000| Untracked 
|   6|0x000000070a000000, 0x000000070a000000, 0x000000070a200000|  0%| F|  |TAMS 0x000000070a000000, 0x000000070a000000| Untracked 
|   7|0x000000070a200000, 0x000000070a200000, 0x000000070a400000|  0%| F|  |TAMS 0x000000070a200000, 0x000000070a200000| Untracked 
|   8|0x000000070a400000, 0x000000070a400000, 0x000000070a600000|  0%| F|  |TAMS 0x000000070a400000, 0x000000070a400000| Untracked 
|   9|0x000000070a600000, 0x000000070a600000, 0x000000070a800000|  0%| F|  |TAMS 0x000000070a600000, 0x000000070a600000| Untracked 
|  10|0x000000070a800000, 0x000000070a800000, 0x000000070aa00000|  0%| F|  |TAMS 0x000000070a800000, 0x000000070a800000| Untracked 
|  11|0x000000070aa00000, 0x000000070aa00000, 0x000000070ac00000|  0%| F|  |TAMS 0x000000070aa00000, 0x000000070aa00000| Untracked 
|  12|0x000000070ac00000, 0x000000070ac00000, 0x000000070ae00000|  0%| F|  |TAMS 0x000000070ac00000, 0x000000070ac00000| Untracked 
|  13|0x000000070ae00000, 0x000000070ae00000, 0x000000070b000000|  0%| F|  |TAMS 0x000000070ae00000, 0x000000070ae00000| Untracked 
|  14|0x000000070b000000, 0x000000070b000000, 0x000000070b200000|  0%| F|  |TAMS 0x000000070b000000, 0x000000070b000000| Untracked 
|  15|0x000000070b200000, 0x000000070b200000, 0x000000070b400000|  0%| F|  |TAMS 0x000000070b200000, 0x000000070b200000| Untracked 
|  16|0x000000070b400000, 0x000000070b400000, 0x000000070b600000|  0%| F|  |TAMS 0x000000070b400000, 0x000000070b400000| Untracked 
|  17|0x000000070b600000, 0x000000070b600000, 0x000000070b800000|  0%| F|  |TAMS 0x000000070b600000, 0x000000070b600000| Untracked 
|  18|0x000000070b800000, 0x000000070b800000, 0x000000070ba00000|  0%| F|  |TAMS 0x000000070b800000, 0x000000070b800000| Untracked 
|  19|0x000000070ba00000, 0x000000070ba00000, 0x000000070bc00000|  0%| F|  |TAMS 0x000000070ba00000, 0x000000070ba00000| Untracked 
|  20|0x000000070bc00000, 0x000000070bc00000, 0x000000070be00000|  0%| F|  |TAMS 0x000000070bc00000, 0x000000070bc00000| Untracked 
|  21|0x000000070be00000, 0x000000070be00000, 0x000000070c000000|  0%| F|  |TAMS 0x000000070be00000, 0x000000070be00000| Untracked 
|  22|0x000000070c000000, 0x000000070c000000, 0x000000070c200000|  0%| F|  |TAMS 0x000000070c000000, 0x000000070c000000| Untracked 
|  23|0x000000070c200000, 0x000000070c200000, 0x000000070c400000|  0%| F|  |TAMS 0x000000070c200000, 0x000000070c200000| Untracked 
|  24|0x000000070c400000, 0x000000070c400000, 0x000000070c600000|  0%| F|  |TAMS 0x000000070c400000, 0x000000070c400000| Untracked 
|  25|0x000000070c600000, 0x000000070c600000, 0x000000070c800000|  0%| F|  |TAMS 0x000000070c600000, 0x000000070c600000| Untracked 
|  26|0x000000070c800000, 0x000000070c800000, 0x000000070ca00000|  0%| F|  |TAMS 0x000000070c800000, 0x000000070c800000| Untracked 
|  27|0x000000070ca00000, 0x000000070ca00000, 0x000000070cc00000|  0%| F|  |TAMS 0x000000070ca00000, 0x000000070ca00000| Untracked 
|  28|0x000000070cc00000, 0x000000070cc00000, 0x000000070ce00000|  0%| F|  |TAMS 0x000000070cc00000, 0x000000070cc00000| Untracked 
|  29|0x000000070ce00000, 0x000000070ce00000, 0x000000070d000000|  0%| F|  |TAMS 0x000000070ce00000, 0x000000070ce00000| Untracked 
|  30|0x000000070d000000, 0x000000070d000000, 0x000000070d200000|  0%| F|  |TAMS 0x000000070d000000, 0x000000070d000000| Untracked 
|  31|0x000000070d200000, 0x000000070d200000, 0x000000070d400000|  0%| F|  |TAMS 0x000000070d200000, 0x000000070d200000| Untracked 
|  32|0x000000070d400000, 0x000000070d400000, 0x000000070d600000|  0%| F|  |TAMS 0x000000070d400000, 0x000000070d400000| Untracked 
|  33|0x000000070d600000, 0x000000070d600000, 0x000000070d800000|  0%| F|  |TAMS 0x000000070d600000, 0x000000070d600000| Untracked 
|  34|0x000000070d800000, 0x000000070d800000, 0x000000070da00000|  0%| F|  |TAMS 0x000000070d800000, 0x000000070d800000| Untracked 
|  35|0x000000070da00000, 0x000000070da00000, 0x000000070dc00000|  0%| F|  |TAMS 0x000000070da00000, 0x000000070da00000| Untracked 
|  36|0x000000070dc00000, 0x000000070dc00000, 0x000000070de00000|  0%| F|  |TAMS 0x000000070dc00000, 0x000000070dc00000| Untracked 
|  37|0x000000070de00000, 0x000000070de00000, 0x000000070e000000|  0%| F|  |TAMS 0x000000070de00000, 0x000000070de00000| Untracked 
|  38|0x000000070e000000, 0x000000070e000000, 0x000000070e200000|  0%| F|  |TAMS 0x000000070e000000, 0x000000070e000000| Untracked 
|  39|0x000000070e200000, 0x000000070e200000, 0x000000070e400000|  0%| F|  |TAMS 0x000000070e200000, 0x000000070e200000| Untracked 
|  40|0x000000070e400000, 0x000000070e400000, 0x000000070e600000|  0%| F|  |TAMS 0x000000070e400000, 0x000000070e400000| Untracked 
|  41|0x000000070e600000, 0x000000070e600000, 0x000000070e800000|  0%| F|  |TAMS 0x000000070e600000, 0x000000070e600000| Untracked 
|  42|0x000000070e800000, 0x000000070e800000, 0x000000070ea00000|  0%| F|  |TAMS 0x000000070e800000, 0x000000070e800000| Untracked 
|  43|0x000000070ea00000, 0x000000070ea00000, 0x000000070ec00000|  0%| F|  |TAMS 0x000000070ea00000, 0x000000070ea00000| Untracked 
|  44|0x000000070ec00000, 0x000000070ec00000, 0x000000070ee00000|  0%| F|  |TAMS 0x000000070ec00000, 0x000000070ec00000| Untracked 
|  45|0x000000070ee00000, 0x000000070ee00000, 0x000000070f000000|  0%| F|  |TAMS 0x000000070ee00000, 0x000000070ee00000| Untracked 
|  46|0x000000070f000000, 0x000000070f000000, 0x000000070f200000|  0%| F|  |TAMS 0x000000070f000000, 0x000000070f000000| Untracked 
|  47|0x000000070f200000, 0x000000070f200000, 0x000000070f400000|  0%| F|  |TAMS 0x000000070f200000, 0x000000070f200000| Untracked 
|  48|0x000000070f400000, 0x000000070f400000, 0x000000070f600000|  0%| F|  |TAMS 0x000000070f400000, 0x000000070f400000| Untracked 
|  49|0x000000070f600000, 0x000000070f600000, 0x000000070f800000|  0%| F|  |TAMS 0x000000070f600000, 0x000000070f600000| Untracked 
|  50|0x000000070f800000, 0x000000070f800000, 0x000000070fa00000|  0%| F|  |TAMS 0x000000070f800000, 0x000000070f800000| Untracked 
|  51|0x000000070fa00000, 0x000000070fa00000, 0x000000070fc00000|  0%| F|  |TAMS 0x000000070fa00000, 0x000000070fa00000| Untracked 
|  52|0x000000070fc00000, 0x000000070fc00000, 0x000000070fe00000|  0%| F|  |TAMS 0x000000070fc00000, 0x000000070fc00000| Untracked 
|  53|0x000000070fe00000, 0x000000070fe00000, 0x0000000710000000|  0%| F|  |TAMS 0x000000070fe00000, 0x000000070fe00000| Untracked 
|  54|0x0000000710000000, 0x0000000710000000, 0x0000000710200000|  0%| F|  |TAMS 0x0000000710000000, 0x0000000710000000| Untracked 
|  55|0x0000000710200000, 0x0000000710200000, 0x0000000710400000|  0%| F|  |TAMS 0x0000000710200000, 0x0000000710200000| Untracked 
|  56|0x0000000710400000, 0x0000000710400000, 0x0000000710600000|  0%| F|  |TAMS 0x0000000710400000, 0x0000000710400000| Untracked 
|  57|0x0000000710600000, 0x0000000710600000, 0x0000000710800000|  0%| F|  |TAMS 0x0000000710600000, 0x0000000710600000| Untracked 
|  58|0x0000000710800000, 0x0000000710800000, 0x0000000710a00000|  0%| F|  |TAMS 0x0000000710800000, 0x0000000710800000| Untracked 
|  59|0x0000000710a00000, 0x0000000710a00000, 0x0000000710c00000|  0%| F|  |TAMS 0x0000000710a00000, 0x0000000710a00000| Untracked 
|  60|0x0000000710c00000, 0x0000000710c00000, 0x0000000710e00000|  0%| F|  |TAMS 0x0000000710c00000, 0x0000000710c00000| Untracked 
|  61|0x0000000710e00000, 0x0000000710e00000, 0x0000000711000000|  0%| F|  |TAMS 0x0000000710e00000, 0x0000000710e00000| Untracked 
|  62|0x0000000711000000, 0x0000000711000000, 0x0000000711200000|  0%| F|  |TAMS 0x0000000711000000, 0x0000000711000000| Untracked 
|  63|0x0000000711200000, 0x0000000711200000, 0x0000000711400000|  0%| F|  |TAMS 0x0000000711200000, 0x0000000711200000| Untracked 
|  64|0x0000000711400000, 0x0000000711400000, 0x0000000711600000|  0%| F|  |TAMS 0x0000000711400000, 0x0000000711400000| Untracked 
|  65|0x0000000711600000, 0x0000000711600000, 0x0000000711800000|  0%| F|  |TAMS 0x0000000711600000, 0x0000000711600000| Untracked 
|  66|0x0000000711800000, 0x0000000711800000, 0x0000000711a00000|  0%| F|  |TAMS 0x0000000711800000, 0x0000000711800000| Untracked 
|  67|0x0000000711a00000, 0x0000000711a00000, 0x0000000711c00000|  0%| F|  |TAMS 0x0000000711a00000, 0x0000000711a00000| Untracked 
|  68|0x0000000711c00000, 0x0000000711c00000, 0x0000000711e00000|  0%| F|  |TAMS 0x0000000711c00000, 0x0000000711c00000| Untracked 
|  69|0x0000000711e00000, 0x0000000711e00000, 0x0000000712000000|  0%| F|  |TAMS 0x0000000711e00000, 0x0000000711e00000| Untracked 
|  70|0x0000000712000000, 0x0000000712000000, 0x0000000712200000|  0%| F|  |TAMS 0x0000000712000000, 0x0000000712000000| Untracked 
|  71|0x0000000712200000, 0x0000000712200000, 0x0000000712400000|  0%| F|  |TAMS 0x0000000712200000, 0x0000000712200000| Untracked 
|  72|0x0000000712400000, 0x0000000712400000, 0x0000000712600000|  0%| F|  |TAMS 0x0000000712400000, 0x0000000712400000| Untracked 
|  73|0x0000000712600000, 0x0000000712600000, 0x0000000712800000|  0%| F|  |TAMS 0x0000000712600000, 0x0000000712600000| Untracked 
|  74|0x0000000712800000, 0x0000000712800000, 0x0000000712a00000|  0%| F|  |TAMS 0x0000000712800000, 0x0000000712800000| Untracked 
|  75|0x0000000712a00000, 0x0000000712a00000, 0x0000000712c00000|  0%| F|  |TAMS 0x0000000712a00000, 0x0000000712a00000| Untracked 
|  76|0x0000000712c00000, 0x0000000712c00000, 0x0000000712e00000|  0%| F|  |TAMS 0x0000000712c00000, 0x0000000712c00000| Untracked 
|  77|0x0000000712e00000, 0x0000000712e00000, 0x0000000713000000|  0%| F|  |TAMS 0x0000000712e00000, 0x0000000712e00000| Untracked 
|  78|0x0000000713000000, 0x0000000713000000, 0x0000000713200000|  0%| F|  |TAMS 0x0000000713000000, 0x0000000713000000| Untracked 
|  79|0x0000000713200000, 0x0000000713200000, 0x0000000713400000|  0%| F|  |TAMS 0x0000000713200000, 0x0000000713200000| Untracked 
|  80|0x0000000713400000, 0x0000000713400000, 0x0000000713600000|  0%| F|  |TAMS 0x0000000713400000, 0x0000000713400000| Untracked 
|  81|0x0000000713600000, 0x0000000713600000, 0x0000000713800000|  0%| F|  |TAMS 0x0000000713600000, 0x0000000713600000| Untracked 
|  82|0x0000000713800000, 0x0000000713800000, 0x0000000713a00000|  0%| F|  |TAMS 0x0000000713800000, 0x0000000713800000| Untracked 
|  83|0x0000000713a00000, 0x0000000713a00000, 0x0000000713c00000|  0%| F|  |TAMS 0x0000000713a00000, 0x0000000713a00000| Untracked 
|  84|0x0000000713c00000, 0x0000000713c00000, 0x0000000713e00000|  0%| F|  |TAMS 0x0000000713c00000, 0x0000000713c00000| Untracked 
|  85|0x0000000713e00000, 0x0000000713e00000, 0x0000000714000000|  0%| F|  |TAMS 0x0000000713e00000, 0x0000000713e00000| Untracked 
|  86|0x0000000714000000, 0x0000000714000000, 0x0000000714200000|  0%| F|  |TAMS 0x0000000714000000, 0x0000000714000000| Untracked 
|  87|0x0000000714200000, 0x0000000714200000, 0x0000000714400000|  0%| F|  |TAMS 0x0000000714200000, 0x0000000714200000| Untracked 
|  88|0x0000000714400000, 0x0000000714400000, 0x0000000714600000|  0%| F|  |TAMS 0x0000000714400000, 0x0000000714400000| Untracked 
|  89|0x0000000714600000, 0x0000000714600000, 0x0000000714800000|  0%| F|  |TAMS 0x0000000714600000, 0x0000000714600000| Untracked 
|  90|0x0000000714800000, 0x0000000714800000, 0x0000000714a00000|  0%| F|  |TAMS 0x0000000714800000, 0x0000000714800000| Untracked 
|  91|0x0000000714a00000, 0x0000000714a00000, 0x0000000714c00000|  0%| F|  |TAMS 0x0000000714a00000, 0x0000000714a00000| Untracked 
|  92|0x0000000714c00000, 0x0000000714c00000, 0x0000000714e00000|  0%| F|  |TAMS 0x0000000714c00000, 0x0000000714c00000| Untracked 
|  93|0x0000000714e00000, 0x0000000714e00000, 0x0000000715000000|  0%| F|  |TAMS 0x0000000714e00000, 0x0000000714e00000| Untracked 
|  94|0x0000000715000000, 0x0000000715000000, 0x0000000715200000|  0%| F|  |TAMS 0x0000000715000000, 0x0000000715000000| Untracked 
|  95|0x0000000715200000, 0x0000000715200000, 0x0000000715400000|  0%| F|  |TAMS 0x0000000715200000, 0x0000000715200000| Untracked 
|  96|0x0000000715400000, 0x0000000715400000, 0x0000000715600000|  0%| F|  |TAMS 0x0000000715400000, 0x0000000715400000| Untracked 
|  97|0x0000000715600000, 0x0000000715600000, 0x0000000715800000|  0%| F|  |TAMS 0x0000000715600000, 0x0000000715600000| Untracked 
|  98|0x0000000715800000, 0x0000000715800000, 0x0000000715a00000|  0%| F|  |TAMS 0x0000000715800000, 0x0000000715800000| Untracked 
|  99|0x0000000715a00000, 0x0000000715a00000, 0x0000000715c00000|  0%| F|  |TAMS 0x0000000715a00000, 0x0000000715a00000| Untracked 
| 100|0x0000000715c00000, 0x0000000715c00000, 0x0000000715e00000|  0%| F|  |TAMS 0x0000000715c00000, 0x0000000715c00000| Untracked 
| 101|0x0000000715e00000, 0x0000000715e00000, 0x0000000716000000|  0%| F|  |TAMS 0x0000000715e00000, 0x0000000715e00000| Untracked 
| 102|0x0000000716000000, 0x0000000716000000, 0x0000000716200000|  0%| F|  |TAMS 0x0000000716000000, 0x0000000716000000| Untracked 
| 103|0x0000000716200000, 0x0000000716200000, 0x0000000716400000|  0%| F|  |TAMS 0x0000000716200000, 0x0000000716200000| Untracked 
| 104|0x0000000716400000, 0x0000000716400000, 0x0000000716600000|  0%| F|  |TAMS 0x0000000716400000, 0x0000000716400000| Untracked 
| 105|0x0000000716600000, 0x0000000716600000, 0x0000000716800000|  0%| F|  |TAMS 0x0000000716600000, 0x0000000716600000| Untracked 
| 106|0x0000000716800000, 0x0000000716800000, 0x0000000716a00000|  0%| F|  |TAMS 0x0000000716800000, 0x0000000716800000| Untracked 
| 107|0x0000000716a00000, 0x0000000716a00000, 0x0000000716c00000|  0%| F|  |TAMS 0x0000000716a00000, 0x0000000716a00000| Untracked 
| 108|0x0000000716c00000, 0x0000000716c00000, 0x0000000716e00000|  0%| F|  |TAMS 0x0000000716c00000, 0x0000000716c00000| Untracked 
| 109|0x0000000716e00000, 0x0000000716e00000, 0x0000000717000000|  0%| F|  |TAMS 0x0000000716e00000, 0x0000000716e00000| Untracked 
| 110|0x0000000717000000, 0x0000000717000000, 0x0000000717200000|  0%| F|  |TAMS 0x0000000717000000, 0x0000000717000000| Untracked 
| 111|0x0000000717200000, 0x0000000717200000, 0x0000000717400000|  0%| F|  |TAMS 0x0000000717200000, 0x0000000717200000| Untracked 
| 112|0x0000000717400000, 0x0000000717400000, 0x0000000717600000|  0%| F|  |TAMS 0x0000000717400000, 0x0000000717400000| Untracked 
| 113|0x0000000717600000, 0x0000000717600000, 0x0000000717800000|  0%| F|  |TAMS 0x0000000717600000, 0x0000000717600000| Untracked 
| 114|0x0000000717800000, 0x0000000717800000, 0x0000000717a00000|  0%| F|  |TAMS 0x0000000717800000, 0x0000000717800000| Untracked 
| 115|0x0000000717a00000, 0x0000000717a00000, 0x0000000717c00000|  0%| F|  |TAMS 0x0000000717a00000, 0x0000000717a00000| Untracked 
| 116|0x0000000717c00000, 0x0000000717c00000, 0x0000000717e00000|  0%| F|  |TAMS 0x0000000717c00000, 0x0000000717c00000| Untracked 
| 117|0x0000000717e00000, 0x0000000717e00000, 0x0000000718000000|  0%| F|  |TAMS 0x0000000717e00000, 0x0000000717e00000| Untracked 
| 118|0x0000000718000000, 0x0000000718000000, 0x0000000718200000|  0%| F|  |TAMS 0x0000000718000000, 0x0000000718000000| Untracked 
| 119|0x0000000718200000, 0x0000000718200000, 0x0000000718400000|  0%| F|  |TAMS 0x0000000718200000, 0x0000000718200000| Untracked 
| 120|0x0000000718400000, 0x0000000718470a80, 0x0000000718600000| 22%| E|  |TAMS 0x0000000718400000, 0x0000000718400000| Complete 
| 121|0x0000000718600000, 0x0000000718800000, 0x0000000718800000|100%| E|CS|TAMS 0x0000000718600000, 0x0000000718600000| Complete 
| 122|0x0000000718800000, 0x0000000718a00000, 0x0000000718a00000|100%| E|CS|TAMS 0x0000000718800000, 0x0000000718800000| Complete 
| 123|0x0000000718a00000, 0x0000000718c00000, 0x0000000718c00000|100%| E|CS|TAMS 0x0000000718a00000, 0x0000000718a00000| Complete 
|1972|0x00000007ffc00000, 0x00000007ffd75000, 0x00000007ffe00000| 72%|OA|  |TAMS 0x00000007ffc00000, 0x00000007ffc00000| Untracked 
|1973|0x00000007ffe00000, 0x00000007ffe78000, 0x0000000800000000| 23%|CA|  |TAMS 0x00000007ffe00000, 0x00000007ffe00000| Untracked 

Card table byte_map: [0x000076ba98294000,0x000076ba98a4a000] _byte_map_base: 0x000076ba94a4a000

Marking Bits (Prev, Next): (CMBitMap*) 0x000076bab0095710, (CMBitMap*) 0x000076bab0095750
 Prev Bits: [0x000076ba93d2e000, 0x000076ba97ade000)
 Next Bits: [0x000076ba8ff7e000, 0x000076ba93d2e000)

Polling page: 0x000076bab6601000

Metaspace:

Usage:
  Non-class:      2.40 MB used.
      Class:    275.84 KB used.
       Both:      2.67 MB used.

Virtual space:
  Non-class space:       64.00 MB reserved,       2.50 MB (  4%) committed,  1 nodes.
      Class space:        1.00 GB reserved,     384.00 KB ( <1%) committed,  1 nodes.
             Both:        1.06 GB reserved,       2.88 MB ( <1%) committed. 

Chunk freelists:
   Non-Class:  10.97 MB
       Class:  15.60 MB
        Both:  26.57 MB

MaxMetaspaceSize: unlimited
CompressedClassSpaceSize: 1.00 GB
Initial GC threshold: 21.00 MB
Current GC threshold: 21.00 MB
CDS: on
MetaspaceReclaimPolicy: balanced
 - commit_granule_bytes: 65536.
 - commit_granule_words: 8192.
 - virtual_space_node_default_size: 8388608.
 - enlarge_chunks_in_place: 1.
 - new_chunks_are_fully_committed: 0.
 - uncommit_free_chunks: 1.
 - use_allocation_guard: 0.
 - handle_deallocations: 1.


Internal statistics:

num_allocs_failed_limit: 0.
num_arena_births: 76.
num_arena_deaths: 0.
num_vsnodes_births: 2.
num_vsnodes_deaths: 0.
num_space_committed: 46.
num_space_uncommitted: 0.
num_chunks_returned_to_freelist: 0.
num_chunks_taken_from_freelist: 142.
num_chunk_merges: 0.
num_chunk_splits: 92.
num_chunks_enlarged: 56.
num_inconsistent_stats: 0.

CodeHeap 'non-profiled nmethods': size=120028Kb used=208Kb max_used=208Kb free=119819Kb
 bounds [0x000076baa0cc9000, 0x000076baa0f39000, 0x000076baa8200000]
CodeHeap 'profiled nmethods': size=120028Kb used=946Kb max_used=946Kb free=119081Kb
 bounds [0x000076ba99200000, 0x000076ba99470000, 0x000076baa0737000]
CodeHeap 'non-nmethods': size=5704Kb used=1176Kb max_used=1176Kb free=4527Kb
 bounds [0x000076baa0737000, 0x000076baa09a7000, 0x000076baa0cc9000]
 total_blobs=1125 nmethods=662 adapters=375
 compilation: enabled
              stopped_count=0, restarted_count=0
 full_count=0

Compilation events (20 events):
Event: 0.350 Thread 0x000076bab01995e0 nmethod 564 0x000076baa0cf4910 code [0x000076baa0cf4aa0, 0x000076baa0cf4b70]
Event: 0.350 Thread 0x000076bab01995e0  576       3       sun.invoke.util.BytecodeDescriptor::unparseSig (49 bytes)
Event: 0.351 Thread 0x000076bab01995e0 nmethod 576 0x000076ba992cca10 code [0x000076ba992ccc40, 0x000076ba992cd160]
Event: 0.351 Thread 0x000076bab01995e0  577       3       sun.invoke.util.Wrapper::forBasicType (16 bytes)
Event: 0.351 Thread 0x000076bab01995e0 nmethod 577 0x000076ba992cd390 code [0x000076ba992cd540, 0x000076ba992cd6e0]
Event: 0.351 Thread 0x000076bab01980b0 nmethod 570 0x000076baa0cf5210 code [0x000076baa0cf53a0, 0x000076baa0cf58b8]
Event: 0.351 Thread 0x000076bab01980b0  571       4       java.lang.AbstractStringBuilder::ensureCapacityInternal (39 bytes)
Event: 0.353 Thread 0x000076bab01980b0 nmethod 571 0x000076baa0cf5b10 code [0x000076baa0cf5ca0, 0x000076baa0cf60f8]
Event: 0.353 Thread 0x000076bab01995e0  579       3       jdk.internal.ref.CleanerImpl::getCleanerImpl (13 bytes)
Event: 0.353 Thread 0x000076bab01995e0 nmethod 579 0x000076ba992cd790 code [0x000076ba992cd940, 0x000076ba992cdc00]
Event: 0.353 Thread 0x000076bab01995e0  580       3       java.lang.ref.Cleaner$1::apply (9 bytes)
Event: 0.353 Thread 0x000076bab01995e0 nmethod 580 0x000076ba992cdd10 code [0x000076ba992cdec0, 0x000076ba992ce130]
Event: 0.353 Thread 0x000076bab01995e0  581       3       java.lang.ref.Cleaner$1::apply (5 bytes)
Event: 0.353 Thread 0x000076bab01995e0 nmethod 581 0x000076ba992ce210 code [0x000076ba992ce3a0, 0x000076ba992ce4b0]
Event: 0.353 Thread 0x000076bab01995e0  583       3       java.lang.System$2::findBootstrapClassOrNull (5 bytes)
Event: 0.354 Thread 0x000076bab01995e0 nmethod 583 0x000076ba992ce590 code [0x000076ba992ce760, 0x000076ba992ce970]
Event: 0.354 Thread 0x000076bab01995e0  584       3       java.lang.ClassLoader::findBootstrapClassOrNull (14 bytes)
Event: 0.354 Thread 0x000076bab01995e0 nmethod 584 0x000076ba992cea90 code [0x000076ba992cec40, 0x000076ba992cedf0]
Event: 0.354 Thread 0x000076bab01980b0  586       4       java.lang.StringLatin1::charAt (28 bytes)
Event: 0.355 Thread 0x000076bab01980b0 nmethod 586 0x000076baa0cf6990 code [0x000076baa0cf6b20, 0x000076baa0cf6bb8]

GC Heap History (0 events):
No events

Dll operation events (9 events):
Event: 0.001 Loaded shared library /home/tom/.jdks/temurin-17.0.15/lib/libjava.so
Event: 0.013 Loaded shared library /home/tom/.jdks/temurin-17.0.15/lib/libjsvml.so
Event: 0.046 Loaded shared library /home/tom/.jdks/temurin-17.0.15/lib/libnio.so
Event: 0.048 Loaded shared library /home/tom/.jdks/temurin-17.0.15/lib/libzip.so
Event: 0.080 Loaded shared library /home/tom/.jdks/temurin-17.0.15/lib/libjimage.so
Event: 0.113 Loaded shared library /usr/lib/libraylib.so.5.5.0
Event: 0.125 Loaded shared library /home/tom/.javacpp/cache/jaylib-5.5.0-2.jar/com/raylib/linux-x86_64/libjniRaylib.so
Event: 0.328 Loaded shared library /home/tom/.jdks/temurin-17.0.15/lib/libawt.so
Event: 0.329 Loaded shared library /home/tom/.jdks/temurin-17.0.15/lib/libawt_xawt.so

Deoptimization events (6 events):
Event: 0.138 Thread 0x000076bab002a290 DEOPT PACKING pc=0x000076ba99229db6 sp=0x000076bab51fc4a0
Event: 0.138 Thread 0x000076bab002a290 DEOPT UNPACKING pc=0x000076baa078de2f sp=0x000076bab51fb8e0 mode 0
Event: 0.144 Thread 0x000076bab002a290 DEOPT PACKING pc=0x000076ba99206b42 sp=0x000076bab51fc5f0
Event: 0.144 Thread 0x000076bab002a290 DEOPT UNPACKING pc=0x000076baa078de2f sp=0x000076bab51fba88 mode 0
Event: 0.347 Thread 0x000076bab002a290 DEOPT PACKING pc=0x000076ba9922ac1a sp=0x000076bab51fdad0
Event: 0.347 Thread 0x000076bab002a290 DEOPT UNPACKING pc=0x000076baa078de2f sp=0x000076bab51fcf40 mode 0

Classes loaded (20 events):
Event: 0.352 Loading class java/util/stream/SpinedBuffer done
Event: 0.352 Loading class java/util/stream/Nodes$SpinedNodeBuilder done
Event: 0.353 Loading class java/lang/NoSuchFieldError
Event: 0.353 Loading class java/lang/NoSuchFieldError done
Event: 0.353 Loading class java/lang/StrictMath
Event: 0.353 Loading class java/lang/StrictMath done
Event: 0.353 Loading class javax/sound/sampled/UnsupportedAudioFileException
Event: 0.353 Loading class javax/sound/sampled/UnsupportedAudioFileException done
Event: 0.353 Loading class javax/sound/sampled/LineUnavailableException
Event: 0.353 Loading class javax/sound/sampled/LineUnavailableException done
Event: 0.353 Loading class javax/sound/sampled/Line$Info
Event: 0.354 Loading class javax/sound/sampled/Line$Info done
Event: 0.354 Loading class javax/sound/sampled/DataLine$Info
Event: 0.354 Loading class javax/sound/sampled/DataLine$Info done
Event: 0.354 Loading class javax/sound/sampled/Control$Type
Event: 0.354 Loading class javax/sound/sampled/Control$Type done
Event: 0.354 Loading class javax/sound/sampled/FloatControl$Type
Event: 0.354 Loading class javax/sound/sampled/FloatControl$Type done
Event: 0.355 Loading class java/lang/Math$RandomNumberGeneratorHolder
Event: 0.355 Loading class java/lang/Math$RandomNumberGeneratorHolder done

Classes unloaded (0 events):
No events

Classes redefined (0 events):
No events

Internal exceptions (14 events):
Event: 0.063 Thread 0x000076bab002a290 Exception <a 'java/lang/NoSuchMethodError'{0x0000000718ba1648}: 'int java.lang.invoke.DirectMethodHandle$Holder.invokeStaticInit(java.lang.Object, java.lang.Object, java.lang.Object, java.lang.Object)'> (0x0000000718ba1648) 
thrown [src/hotspot/share/interpreter/linkResolver.cpp, line 758]
Event: 0.065 Thread 0x000076bab002a290 Exception <a 'java/lang/NoSuchMethodError'{0x0000000718baad90}: 'java.lang.Object java.lang.invoke.DirectMethodHandle$Holder.invokeInterface(java.lang.Object, java.lang.Object)'> (0x0000000718baad90) 
thrown [src/hotspot/share/interpreter/linkResolver.cpp, line 758]
Event: 0.065 Thread 0x000076bab002a290 Exception <a 'java/lang/IncompatibleClassChangeError'{0x0000000718bae2e0}: Found class java.lang.Object, but interface was expected> (0x0000000718bae2e0) 
thrown [src/hotspot/share/interpreter/linkResolver.cpp, line 826]
Event: 0.066 Thread 0x000076bab002a290 Exception <a 'java/lang/NoSuchMethodError'{0x0000000718bb1278}: 'void java.lang.invoke.DirectMethodHandle$Holder.invokeStatic(java.lang.Object, java.lang.Object)'> (0x0000000718bb1278) 
thrown [src/hotspot/share/interpreter/linkResolver.cpp, line 758]
Event: 0.066 Thread 0x000076bab002a290 Exception <a 'java/lang/NoSuchMethodError'{0x0000000718bb48e8}: 'void java.lang.invoke.DirectMethodHandle$Holder.invokeStaticInit(java.lang.Object, java.lang.Object)'> (0x0000000718bb48e8) 
thrown [src/hotspot/share/interpreter/linkResolver.cpp, line 758]
Event: 0.068 Thread 0x000076bab002a290 Exception <a 'java/lang/NoSuchMethodError'{0x0000000718bbab48}: 'int java.lang.invoke.DirectMethodHandle$Holder.invokeStaticInit(java.lang.Object, java.lang.Object)'> (0x0000000718bbab48) 
thrown [src/hotspot/share/interpreter/linkResolver.cpp, line 758]
Event: 0.123 Thread 0x000076bab002a290 Exception <a 'java/lang/NoSuchMethodError'{0x000000071891d3b0}: 'java.lang.Object java.lang.invoke.DirectMethodHandle$Holder.invokeStatic(java.lang.Object, int, java.lang.Object)'> (0x000000071891d3b0) 
thrown [src/hotspot/share/interpreter/linkResolver.cpp, line 758]
Event: 0.321 Thread 0x000076bab002a290 Exception <a 'java/lang/ClassNotFoundException'{0x000000071864adb0}: sun/awt/resources/spi/awtProvider> (0x000000071864adb0) 
thrown [src/hotspot/share/classfile/systemDictionary.cpp, line 256]
Event: 0.336 Thread 0x000076bab002a290 Exception <a 'java/io/FileNotFoundException'{0x0000000718686850}> (0x0000000718686850) 
thrown [src/hotspot/share/prims/jni.cpp, line 516]
Event: 0.341 Thread 0x000076bab002a290 Exception <a 'java/io/FileNotFoundException'{0x00000007186b3520}> (0x00000007186b3520) 
thrown [src/hotspot/share/prims/jni.cpp, line 516]
Event: 0.348 Thread 0x000076bab002a290 Exception <a 'java/lang/NoSuchMethodError'{0x00000007186d25e0}: 'double java.lang.invoke.DirectMethodHandle$Holder.invokeStatic(java.lang.Object, java.lang.Object)'> (0x00000007186d25e0) 
thrown [src/hotspot/share/interpreter/linkResolver.cpp, line 758]
Event: 0.349 Thread 0x000076bab002a290 Exception <a 'java/lang/NoSuchMethodError'{0x00000007186d94c8}: 'java.lang.Object java.lang.invoke.Invokers$Holder.invokeExact_MT(java.lang.Object, java.lang.Object, java.lang.Object, java.lang.Object, java.lang.Object, java.lang.Object)'> (0x00000007186d94c8) 
thrown [src/hotspot/share/interpreter/linkResolver.cpp, line 758]
Event: 0.350 Thread 0x000076bab002a290 Exception <a 'java/lang/NoSuchMethodError'{0x00000007186e1a78}: 'int java.lang.invoke.DirectMethodHandle$Holder.invokeSpecial(java.lang.Object, java.lang.Object, java.lang.Object)'> (0x00000007186e1a78) 
thrown [src/hotspot/share/interpreter/linkResolver.cpp, line 758]
Event: 0.354 Thread 0x000076bab002a290 Exception <a 'java/lang/NoSuchMethodError'{0x00000007186f5980}: 'void java.lang.invoke.DirectMethodHandle$Holder.invokeStatic(java.lang.Object, java.lang.Object, java.lang.Object)'> (0x00000007186f5980) 
thrown [src/hotspot/share/interpreter/linkResolver.cpp, line 758]

VM Operations (0 events):
No events

Memory protections (14 events):
Event: 0.001 Protecting memory [0x000076bab5100000,0x000076bab5104000] with protection modes 0
Event: 0.015 Protecting memory [0x000076ba8d629000,0x000076ba8d62d000] with protection modes 0
Event: 0.015 Protecting memory [0x000076ba8d528000,0x000076ba8d52c000] with protection modes 0
Event: 0.017 Protecting memory [0x000076ba8d427000,0x000076ba8d42b000] with protection modes 0
Event: 0.017 Protecting memory [0x000076ba8d326000,0x000076ba8d32a000] with protection modes 0
Event: 0.017 Protecting memory [0x000076ba8d225000,0x000076ba8d229000] with protection modes 0
Event: 0.017 Protecting memory [0x000076ba8d124000,0x000076ba8d128000] with protection modes 0
Event: 0.018 Protecting memory [0x000076ba8d023000,0x000076ba8d027000] with protection modes 0
Event: 0.018 Protecting memory [0x000076ba8cf22000,0x000076ba8cf26000] with protection modes 0
Event: 0.020 Protecting memory [0x000076ba8ce21000,0x000076ba8ce25000] with protection modes 0
Event: 0.021 Protecting memory [0x000076ba8cc1f000,0x000076ba8cc23000] with protection modes 0
Event: 0.111 Protecting memory [0x000076ba8cb1e000,0x000076ba8cb22000] with protection modes 0
Event: 0.130 Protecting memory [0x000076ba8c83a000,0x000076ba8c83e000] with protection modes 0
Event: 0.354 Protecting memory [0x000076ba8cb1e000,0x000076ba8cb22000] with protection modes 0

Nmethod flushes (0 events):
No events

Events (15 events):
Event: 0.013 Thread 0x000076bab002a290 Thread added: 0x000076bab002a290
Event: 0.015 Thread 0x000076bab002a290 Thread added: 0x000076bab018d5c0
Event: 0.015 Thread 0x000076bab002a290 Thread added: 0x000076bab018e9a0
Event: 0.017 Thread 0x000076bab002a290 Thread added: 0x000076bab0193f40
Event: 0.017 Thread 0x000076bab002a290 Thread added: 0x000076bab01952f0
Event: 0.017 Thread 0x000076bab002a290 Thread added: 0x000076bab0196700
Event: 0.017 Thread 0x000076bab002a290 Thread added: 0x000076bab01980b0
Event: 0.018 Thread 0x000076bab002a290 Thread added: 0x000076bab01995e0
Event: 0.018 Thread 0x000076bab002a290 Thread added: 0x000076bab01a2a40
Event: 0.020 Thread 0x000076bab002a290 Thread added: 0x000076bab01aabf0
Event: 0.021 Thread 0x000076bab002a290 Thread added: 0x000076bab01ada40
Event: 0.111 Thread 0x000076bab01995e0 Thread added: 0x000076ba04185b90
Event: 0.130 Thread 0x000076bab002a290 Thread added: 0x000076bab02796b0
Event: 0.314 Thread 0x000076ba04185b90 Thread exited: 0x000076ba04185b90
Event: 0.354 Thread 0x000076bab002a290 Thread added: 0x000076bab0d3e720


Dynamic libraries:
40ee3000-40ee5000 r-xs 00000000 00:01 57222                              /memfd:/.glXXXXXX (deleted)
410ca000-41179000 rw-p 00000000 00:00 0 
709400000-718c00000 rw-p 00000000 00:00 0 
718c00000-7ffc00000 ---p 00000000 00:00 0 
7ffc00000-7ffd00000 rw-p 00000000 00:00 0 
7ffd00000-7ffd75000 rw-p 00c79000 00:28 1033232                          /home/tom/.jdks/temurin-17.0.15/lib/server/classes.jsa
7ffd75000-7ffe00000 rw-p 00000000 00:00 0 
7ffe00000-7ffe78000 rw-p 00c01000 00:28 1033232                          /home/tom/.jdks/temurin-17.0.15/lib/server/classes.jsa
7ffe78000-800000000 rw-p 00000000 00:00 0 
564b49d2f000-564b49d30000 r--p 00000000 00:28 1033380                    /home/tom/.jdks/temurin-17.0.15/bin/java
564b49d30000-564b49d31000 r-xp 00001000 00:28 1033380                    /home/tom/.jdks/temurin-17.0.15/bin/java
564b49d31000-564b49d32000 r--p 00002000 00:28 1033380                    /home/tom/.jdks/temurin-17.0.15/bin/java
564b49d32000-564b49d33000 r--p 00002000 00:28 1033380                    /home/tom/.jdks/temurin-17.0.15/bin/java
564b49d33000-564b49d34000 rw-p 00003000 00:28 1033380                    /home/tom/.jdks/temurin-17.0.15/bin/java
564b5c33a000-564b5c382000 rw-p 00000000 00:00 0                          [heap]
76b9e4200000-76b9e4445000 r--p 00000000 00:28 439067                     /usr/lib64/libnvidia-gpucomp.so.570.124.04
76b9e4445000-76b9e7021000 r-xp 00245000 00:28 439067                     /usr/lib64/libnvidia-gpucomp.so.570.124.04
76b9e7021000-76b9e7c75000 r--p 02e21000 00:28 439067                     /usr/lib64/libnvidia-gpucomp.so.570.124.04
76b9e7c75000-76b9e7de9000 r--p 03a74000 00:28 439067                     /usr/lib64/libnvidia-gpucomp.so.570.124.04
76b9e7de9000-76b9e7ecc000 rw-p 03be8000 00:28 439067                     /usr/lib64/libnvidia-gpucomp.so.570.124.04
76b9e7ecc000-76b9e7fa7000 rw-p 00000000 00:00 0 
76b9e8000000-76b9e8026000 rw-p 00000000 00:00 0 
76b9e8026000-76b9ec000000 ---p 00000000 00:00 0 
76b9ec000000-76b9ec021000 rw-p 00000000 00:00 0 
76b9ec021000-76b9f0000000 ---p 00000000 00:00 0 
76b9f0000000-76b9f0021000 rw-p 00000000 00:00 0 
76b9f0021000-76b9f4000000 ---p 00000000 00:00 0 
76b9f4000000-76b9f4021000 rw-p 00000000 00:00 0 
76b9f4021000-76b9f8000000 ---p 00000000 00:00 0 
76b9f8000000-76b9f8021000 rw-p 00000000 00:00 0 
76b9f8021000-76b9fc000000 ---p 00000000 00:00 0 
76b9fc000000-76b9fc021000 rw-p 00000000 00:00 0 
76b9fc021000-76ba00000000 ---p 00000000 00:00 0 
76ba00000000-76ba000d5000 rw-p 00000000 00:00 0 
76ba000d5000-76ba04000000 ---p 00000000 00:00 0 
76ba04000000-76ba041a2000 rw-p 00000000 00:00 0 
76ba041a2000-76ba08000000 ---p 00000000 00:00 0 
76ba08000000-76ba08021000 rw-p 00000000 00:00 0 
76ba08021000-76ba0c000000 ---p 00000000 00:00 0 
76ba0c000000-76ba0c021000 rw-p 00000000 00:00 0 
76ba0c021000-76ba10000000 ---p 00000000 00:00 0 
76ba10000000-76ba10021000 rw-p 00000000 00:00 0 
76ba10021000-76ba14000000 ---p 00000000 00:00 0 
76ba16200000-76ba23f97000 r--p 00000000 00:28 32291                      /usr/lib/locale/locale-archive
76ba24000000-76ba24021000 rw-p 00000000 00:00 0 
76ba24021000-76ba28000000 ---p 00000000 00:00 0 
76ba28000000-76ba28021000 rw-p 00000000 00:00 0 
76ba28021000-76ba2c000000 ---p 00000000 00:00 0 
76ba2c000000-76ba2c021000 rw-p 00000000 00:00 0 
76ba2c021000-76ba30000000 ---p 00000000 00:00 0 
76ba30015000-76ba30029000 r--p 00000000 00:28 1033186                    /home/tom/.jdks/temurin-17.0.15/lib/libawt_xawt.so
76ba30029000-76ba30070000 r-xp 00014000 00:28 1033186                    /home/tom/.jdks/temurin-17.0.15/lib/libawt_xawt.so
76ba30070000-76ba30088000 r--p 0005b000 00:28 1033186                    /home/tom/.jdks/temurin-17.0.15/lib/libawt_xawt.so
76ba30088000-76ba30089000 ---p 00073000 00:28 1033186                    /home/tom/.jdks/temurin-17.0.15/lib/libawt_xawt.so
76ba30089000-76ba3008e000 r--p 00073000 00:28 1033186                    /home/tom/.jdks/temurin-17.0.15/lib/libawt_xawt.so
76ba3008e000-76ba30090000 rw-p 00078000 00:28 1033186                    /home/tom/.jdks/temurin-17.0.15/lib/libawt_xawt.so
76ba30090000-76ba30092000 rw-p 00000000 00:00 0 
76ba30092000-76ba300bf000 r--p 00000000 00:28 1033206                    /home/tom/.jdks/temurin-17.0.15/lib/libawt.so
76ba300bf000-76ba30142000 r-xp 0002d000 00:28 1033206                    /home/tom/.jdks/temurin-17.0.15/lib/libawt.so
76ba30142000-76ba3014f000 r--p 000b0000 00:28 1033206                    /home/tom/.jdks/temurin-17.0.15/lib/libawt.so
76ba3014f000-76ba30150000 r--p 000bc000 00:28 1033206                    /home/tom/.jdks/temurin-17.0.15/lib/libawt.so
76ba30150000-76ba3015b000 rw-p 000bd000 00:28 1033206                    /home/tom/.jdks/temurin-17.0.15/lib/libawt.so
76ba3015b000-76ba30180000 rw-p 00000000 00:00 0 
76ba30180000-76ba30380000 rw-s 00000000 00:06 1025                       /dev/nvidiactl
76ba30380000-76ba30400000 rw-s 00000000 00:06 1025                       /dev/nvidiactl
76ba30400000-76ba30422000 r-xp 00000000 00:28 439061                     /usr/lib64/libnvidia-allocator.so.570.124.04
76ba30422000-76ba30622000 ---p 00022000 00:28 439061                     /usr/lib64/libnvidia-allocator.so.570.124.04
76ba30622000-76ba3062a000 r--p 00022000 00:28 439061                     /usr/lib64/libnvidia-allocator.so.570.124.04
76ba3062a000-76ba3062b000 rw-p 0002a000 00:28 439061                     /usr/lib64/libnvidia-allocator.so.570.124.04
76ba3062b000-76ba3062c000 rw-p 00000000 00:00 0 
76ba30680000-76ba30780000 rw-s 00000000 00:06 1025                       /dev/nvidiactl
76ba30780000-76ba30800000 rw-s 00000000 00:06 1025                       /dev/nvidiactl
76ba30800000-76ba30a53000 r-xp 00000000 00:28 439064                     /usr/lib64/libnvidia-glcore.so.570.124.04
76ba30a53000-76ba30a74000 rwxp 00253000 00:28 439064                     /usr/lib64/libnvidia-glcore.so.570.124.04
76ba30a74000-76ba30c00000 r-xp 00274000 00:28 439064                     /usr/lib64/libnvidia-glcore.so.570.124.04
76ba30c00000-76ba31800000 r-xp 00400000 00:28 439064                     /usr/lib64/libnvidia-glcore.so.570.124.04
76ba31800000-76ba3287a000 r-xp 01000000 00:28 439064                     /usr/lib64/libnvidia-glcore.so.570.124.04
76ba3287a000-76ba3287b000 ---p 0207a000 00:28 439064                     /usr/lib64/libnvidia-glcore.so.570.124.04
76ba3287b000-76ba329f0000 r--p 0207a000 00:28 439064                     /usr/lib64/libnvidia-glcore.so.570.124.04
76ba329f0000-76ba32a52000 rw-p 021ef000 00:28 439064                     /usr/lib64/libnvidia-glcore.so.570.124.04
76ba32a52000-76ba32a70000 rw-p 00000000 00:00 0 
76ba32ae0000-76ba32b20000 rw-s 00000000 00:06 1025                       /dev/nvidiactl
76ba32b20000-76ba32b40000 rw-s 00000000 00:06 1025                       /dev/nvidiactl
76ba32b40000-76ba32b80000 rw-s 00000000 00:06 1025                       /dev/nvidiactl
76ba32b80000-76ba32c00000 rw-s 00000000 00:06 1027                       /dev/nvidia0
76ba32c00000-76ba32c01000 r--p 00000000 00:28 57505                      /usr/lib64/libstdc++.so.6.0.33
76ba32c01000-76ba32d38000 r-xp 00001000 00:28 57505                      /usr/lib64/libstdc++.so.6.0.33
76ba32d38000-76ba32e51000 r--p 00138000 00:28 57505                      /usr/lib64/libstdc++.so.6.0.33
76ba32e51000-76ba32e5e000 r--p 00250000 00:28 57505                      /usr/lib64/libstdc++.so.6.0.33
76ba32e5e000-76ba32e5f000 rw-p 0025d000 00:28 57505                      /usr/lib64/libstdc++.so.6.0.33
76ba32e5f000-76ba32e63000 rw-p 00000000 00:00 0 
76ba32e71000-76ba32e75000 r-xp 00000000 00:28 56369                      /usr/lib64/libXtst.so.6.1.0
76ba32e75000-76ba32e77000 r--p 00004000 00:28 56369                      /usr/lib64/libXtst.so.6.1.0
76ba32e77000-76ba32e78000 r--p 00005000 00:28 56369                      /usr/lib64/libXtst.so.6.1.0
76ba32e78000-76ba32e79000 rw-p 00006000 00:28 56369                      /usr/lib64/libXtst.so.6.1.0
76ba32e79000-76ba32eb9000 rw-s 00000000 00:06 1025                       /dev/nvidiactl
76ba32eb9000-76ba32eba000 r--p 00000000 00:28 57514                      /usr/lib64/libsystemd.so.0.39.0
76ba32eba000-76ba32f59000 r-xp 00001000 00:28 57514                      /usr/lib64/libsystemd.so.0.39.0
76ba32f59000-76ba32f9e000 r--p 000a0000 00:28 57514                      /usr/lib64/libsystemd.so.0.39.0
76ba32f9e000-76ba32faa000 r--p 000e4000 00:28 57514                      /usr/lib64/libsystemd.so.0.39.0
76ba32faa000-76ba32fab000 rw-p 000f0000 00:28 57514                      /usr/lib64/libsystemd.so.0.39.0
76ba32fab000-76ba32fac000 rw-p 00000000 00:00 0 
76ba32fac000-76ba32fb9000 r--p 00000000 00:28 56557                      /usr/lib64/libdbus-1.so.3.32.4
76ba32fb9000-76ba32fec000 r-xp 0000d000 00:28 56557                      /usr/lib64/libdbus-1.so.3.32.4
76ba32fec000-76ba32ffd000 r--p 00040000 00:28 56557                      /usr/lib64/libdbus-1.so.3.32.4
76ba32ffd000-76ba32fff000 r--p 00050000 00:28 56557                      /usr/lib64/libdbus-1.so.3.32.4
76ba32fff000-76ba33000000 rw-p 00052000 00:28 56557                      /usr/lib64/libdbus-1.so.3.32.4
76ba33000000-76ba33170000 rw-p 00000000 00:00 0 
76ba33170000-76ba33400000 ---p 00000000 00:00 0 
76ba33400000-76ba33510000 rw-p 00000000 00:00 0 
76ba33510000-76ba37000000 ---p 00000000 00:00 0 
76ba37000000-76ba37bc9000 rw-p 00001000 00:28 1033232                    /home/tom/.jdks/temurin-17.0.15/lib/server/classes.jsa
76ba37bc9000-76ba38000000 ---p 00000000 00:00 0 
76ba38000000-76ba38030000 rw-p 00000000 00:00 0 
76ba38030000-76ba38040000 ---p 00000000 00:00 0 
76ba38040000-76ba38070000 rw-p 00000000 00:00 0 
76ba38070000-76ba78000000 ---p 00000000 00:00 0 
76ba78000000-76ba78021000 rw-p 00000000 00:00 0 
76ba78021000-76ba7c000000 ---p 00000000 00:00 0 
76ba7c000000-76ba7c021000 rw-p 00000000 00:00 0 
76ba7c021000-76ba80000000 ---p 00000000 00:00 0 
76ba80000000-76ba80021000 rw-p 00000000 00:00 0 
76ba80021000-76ba84000000 ---p 00000000 00:00 0 
76ba84000000-76ba84021000 rw-p 00000000 00:00 0 
76ba84021000-76ba88000000 ---p 00000000 00:00 0 
76ba88000000-76ba88021000 rw-p 00000000 00:00 0 
76ba88021000-76ba8c000000 ---p 00000000 00:00 0 
76ba8c005000-76ba8c008000 rw-s 00000000 00:06 1025                       /dev/nvidiactl
76ba8c008000-76ba8c01b000 rw-s 00000000 00:06 1025                       /dev/nvidiactl
76ba8c01b000-76ba8c03b000 rw-s 00000000 00:06 1025                       /dev/nvidiactl
76ba8c03b000-76ba8c048000 r-xp 00000000 00:28 56595                      /usr/lib64/libdrm.so.2.124.0
76ba8c048000-76ba8c050000 r--p 0000d000 00:28 56595                      /usr/lib64/libdrm.so.2.124.0
76ba8c050000-76ba8c051000 r--p 00015000 00:28 56595                      /usr/lib64/libdrm.so.2.124.0
76ba8c051000-76ba8c052000 rw-p 00000000 00:00 0 
76ba8c072000-76ba8c073000 r--p 00000000 00:28 294601                     /usr/share/locale/en_GB/LC_MESSAGES/libc.mo
76ba8c073000-76ba8c077000 r-xp 00000000 00:28 57708                      /usr/lib64/libxcb-xfixes.so.0.0.0
76ba8c077000-76ba8c07b000 r--p 00004000 00:28 57708                      /usr/lib64/libxcb-xfixes.so.0.0.0
76ba8c07b000-76ba8c07c000 r--p 00008000 00:28 57708                      /usr/lib64/libxcb-xfixes.so.0.0.0
76ba8c07c000-76ba8c07d000 rw-p 00009000 00:28 57708                      /usr/lib64/libxcb-xfixes.so.0.0.0
76ba8c07d000-76ba8c08d000 r--p 00000000 00:28 439065                     /usr/lib64/libnvidia-glsi.so.570.124.04
76ba8c08d000-76ba8c0ec000 r-xp 00010000 00:28 439065                     /usr/lib64/libnvidia-glsi.so.570.124.04
76ba8c0ec000-76ba8c109000 r--p 0006f000 00:28 439065                     /usr/lib64/libnvidia-glsi.so.570.124.04
76ba8c109000-76ba8c10f000 r--p 0008b000 00:28 439065                     /usr/lib64/libnvidia-glsi.so.570.124.04
76ba8c10f000-76ba8c110000 rw-p 00091000 00:28 439065                     /usr/lib64/libnvidia-glsi.so.570.124.04
76ba8c110000-76ba8c118000 rw-p 00000000 00:00 0 
76ba8c118000-76ba8c169000 r--p 00000000 00:28 439059                     /usr/lib64/libGLX_nvidia.so.570.124.04
76ba8c169000-76ba8c1c5000 r-xp 00051000 00:28 439059                     /usr/lib64/libGLX_nvidia.so.570.124.04
76ba8c1c5000-76ba8c1fa000 rwxp 000ad000 00:28 439059                     /usr/lib64/libGLX_nvidia.so.570.124.04
76ba8c1fa000-76ba8c1fb000 r-xp 000e2000 00:28 439059                     /usr/lib64/libGLX_nvidia.so.570.124.04
76ba8c1fb000-76ba8c21b000 r--p 000e3000 00:28 439059                     /usr/lib64/libGLX_nvidia.so.570.124.04
76ba8c21b000-76ba8c23b000 r--p 00102000 00:28 439059                     /usr/lib64/libGLX_nvidia.so.570.124.04
76ba8c23b000-76ba8c240000 rw-p 00122000 00:28 439059                     /usr/lib64/libGLX_nvidia.so.570.124.04
76ba8c240000-76ba8c242000 rw-p 00000000 00:00 0 
76ba8c242000-76ba8c244000 r--p 00000000 00:28 55912                      /usr/lib64/libGLdispatch.so.0.0.0
76ba8c244000-76ba8c247000 r-xp 00002000 00:28 55912                      /usr/lib64/libGLdispatch.so.0.0.0
76ba8c247000-76ba8c282000 r-xp 00005000 00:28 55912                      /usr/lib64/libGLdispatch.so.0.0.0
76ba8c282000-76ba8c283000 r-xp 00040000 00:28 55912                      /usr/lib64/libGLdispatch.so.0.0.0
76ba8c283000-76ba8c296000 r--p 00041000 00:28 55912                      /usr/lib64/libGLdispatch.so.0.0.0
76ba8c296000-76ba8c2b2000 r--p 00054000 00:28 55912                      /usr/lib64/libGLdispatch.so.0.0.0
76ba8c2b2000-76ba8c2b3000 rw-p 00070000 00:28 55912                      /usr/lib64/libGLdispatch.so.0.0.0
76ba8c2b3000-76ba8c2bb000 rw-p 00000000 00:00 0 
76ba8c2bb000-76ba8c2bc000 r--p 00000000 00:28 56347                      /usr/lib64/libX11.so.6.4.0
76ba8c2bc000-76ba8c354000 r-xp 00001000 00:28 56347                      /usr/lib64/libX11.so.6.4.0
76ba8c354000-76ba8c3f9000 r--p 00099000 00:28 56347                      /usr/lib64/libX11.so.6.4.0
76ba8c3f9000-76ba8c3fc000 r--p 0013d000 00:28 56347                      /usr/lib64/libX11.so.6.4.0
76ba8c3fc000-76ba8c400000 rw-p 00140000 00:28 56347                      /usr/lib64/libX11.so.6.4.0
76ba8c400000-76ba8c46d000 r--p 00000000 00:28 441577                     /home/tom/.javacpp/cache/jaylib-5.5.0-2.jar/com/raylib/linux-x86_64/libjniRaylib.so
76ba8c46d000-76ba8c6d1000 r-xp 0006d000 00:28 441577                     /home/tom/.javacpp/cache/jaylib-5.5.0-2.jar/com/raylib/linux-x86_64/libjniRaylib.so
76ba8c6d1000-76ba8c763000 r--p 002d1000 00:28 441577                     /home/tom/.javacpp/cache/jaylib-5.5.0-2.jar/com/raylib/linux-x86_64/libjniRaylib.so
76ba8c763000-76ba8c764000 ---p 00363000 00:28 441577                     /home/tom/.javacpp/cache/jaylib-5.5.0-2.jar/com/raylib/linux-x86_64/libjniRaylib.so
76ba8c764000-76ba8c765000 r--p 00363000 00:28 441577                     /home/tom/.javacpp/cache/jaylib-5.5.0-2.jar/com/raylib/linux-x86_64/libjniRaylib.so
76ba8c765000-76ba8c76f000 rw-p 00364000 00:28 441577                     /home/tom/.javacpp/cache/jaylib-5.5.0-2.jar/com/raylib/linux-x86_64/libjniRaylib.so
76ba8c76f000-76ba8c7a9000 rw-p 00000000 00:00 0 
76ba8c7a9000-76ba8c7ab000 rw-s 00000000 00:01 57222                      /memfd:/.glXXXXXX (deleted)
76ba8c7ab000-76ba8c7af000 rw-s 00000000 00:06 1025                       /dev/nvidiactl
76ba8c7af000-76ba8c7b3000 r-xp 00000000 00:28 57705                      /usr/lib64/libxcb-sync.so.1.0.0
76ba8c7b3000-76ba8c7b6000 r--p 00004000 00:28 57705                      /usr/lib64/libxcb-sync.so.1.0.0
76ba8c7b6000-76ba8c7b7000 r--p 00007000 00:28 57705                      /usr/lib64/libxcb-sync.so.1.0.0
76ba8c7b7000-76ba8c7b8000 rw-p 00008000 00:28 57705                      /usr/lib64/libxcb-sync.so.1.0.0
76ba8c7b8000-76ba8c7ba000 r-xp 00000000 00:28 57696                      /usr/lib64/libxcb-present.so.0.0.0
76ba8c7ba000-76ba8c7bc000 r--p 00002000 00:28 57696                      /usr/lib64/libxcb-present.so.0.0.0
76ba8c7bc000-76ba8c7bd000 r--p 00003000 00:28 57696                      /usr/lib64/libxcb-present.so.0.0.0
76ba8c7bd000-76ba8c7be000 rw-p 00004000 00:28 57696                      /usr/lib64/libxcb-present.so.0.0.0
76ba8c7be000-76ba8c7c1000 r-xp 00000000 00:28 57690                      /usr/lib64/libxcb-dri3.so.0.1.0
76ba8c7c1000-76ba8c7c3000 r--p 00003000 00:28 57690                      /usr/lib64/libxcb-dri3.so.0.1.0
76ba8c7c3000-76ba8c7c4000 r--p 00005000 00:28 57690                      /usr/lib64/libxcb-dri3.so.0.1.0
76ba8c7c4000-76ba8c7c5000 rw-p 00006000 00:28 57690                      /usr/lib64/libxcb-dri3.so.0.1.0
76ba8c7c5000-76ba8c7cf000 r-xp 00000000 00:28 57692                      /usr/lib64/libxcb-glx.so.0.0.0
76ba8c7cf000-76ba8c7df000 r--p 0000a000 00:28 57692                      /usr/lib64/libxcb-glx.so.0.0.0
76ba8c7df000-76ba8c7e1000 r--p 0001a000 00:28 57692                      /usr/lib64/libxcb-glx.so.0.0.0
76ba8c7e1000-76ba8c7e2000 rw-p 0001c000 00:28 57692                      /usr/lib64/libxcb-glx.so.0.0.0
76ba8c7e2000-76ba8c7e4000 r--p 00000000 00:28 55909                      /usr/lib64/libGLX.so.0.0.0
76ba8c7e4000-76ba8c7ff000 r-xp 00002000 00:28 55909                      /usr/lib64/libGLX.so.0.0.0
76ba8c7ff000-76ba8c801000 r--p 0001d000 00:28 55909                      /usr/lib64/libGLX.so.0.0.0
76ba8c801000-76ba8c802000 r--p 0001f000 00:28 55909                      /usr/lib64/libGLX.so.0.0.0
76ba8c802000-76ba8c803000 rw-p 00020000 00:28 55909                      /usr/lib64/libGLX.so.0.0.0
76ba8c803000-76ba8c813000 rw-p 00000000 00:00 0 
76ba8c813000-76ba8c817000 rw-s 00000000 00:06 1025                       /dev/nvidiactl
76ba8c817000-76ba8c81a000 r--p 00000000 00:28 56496                      /usr/lib64/libcap.so.2.70
76ba8c81a000-76ba8c820000 r-xp 00003000 00:28 56496                      /usr/lib64/libcap.so.2.70
76ba8c820000-76ba8c822000 r--p 00009000 00:28 56496                      /usr/lib64/libcap.so.2.70
76ba8c822000-76ba8c823000 r--p 0000a000 00:28 56496                      /usr/lib64/libcap.so.2.70
76ba8c823000-76ba8c824000 rw-p 0000b000 00:28 56496                      /usr/lib64/libcap.so.2.70
76ba8c824000-76ba8c834000 rw-s 00000000 00:06 1027                       /dev/nvidia0
76ba8c834000-76ba8c835000 r--p 00000000 00:28 56346                      /usr/lib64/libX11-xcb.so.1.0.0
76ba8c835000-76ba8c836000 r-xp 00001000 00:28 56346                      /usr/lib64/libX11-xcb.so.1.0.0
76ba8c836000-76ba8c837000 r--p 00002000 00:28 56346                      /usr/lib64/libX11-xcb.so.1.0.0
76ba8c837000-76ba8c838000 r--p 00002000 00:28 56346                      /usr/lib64/libX11-xcb.so.1.0.0
76ba8c838000-76ba8c839000 rw-p 00000000 00:00 0 
76ba8c839000-76ba8c83a000 ---p 00000000 00:00 0 
76ba8c83a000-76ba8c83e000 ---p 00000000 00:00 0 
76ba8c83e000-76ba8c93a000 rw-p 00000000 00:00 0 
76ba8c93a000-76ba8c966000 r--p 00000000 00:28 590948                     /usr/lib/libraylib.so.5.5.0
76ba8c966000-76ba8ca7c000 r-xp 0002c000 00:28 590948                     /usr/lib/libraylib.so.5.5.0
76ba8ca7c000-76ba8cae5000 r--p 00142000 00:28 590948                     /usr/lib/libraylib.so.5.5.0
76ba8cae5000-76ba8cae9000 r--p 001aa000 00:28 590948                     /usr/lib/libraylib.so.5.5.0
76ba8cae9000-76ba8caed000 rw-p 001ae000 00:28 590948                     /usr/lib/libraylib.so.5.5.0
76ba8caed000-76ba8cb1d000 rw-p 00000000 00:00 0 
76ba8cb1d000-76ba8cb1e000 ---p 00000000 00:00 0 
76ba8cb1e000-76ba8cb22000 ---p 00000000 00:00 0 
76ba8cb22000-76ba8cc1e000 rw-p 00000000 00:00 0 
76ba8cc1e000-76ba8cc1f000 ---p 00000000 00:00 0 
76ba8cc1f000-76ba8cc23000 ---p 00000000 00:00 0 
76ba8cc23000-76ba8cd1f000 rw-p 00000000 00:00 0 
76ba8cd1f000-76ba8cd20000 ---p 00000000 00:00 0 
76ba8cd20000-76ba8ce20000 rw-p 00000000 00:00 0 
76ba8ce20000-76ba8ce21000 ---p 00000000 00:00 0 
76ba8ce21000-76ba8ce25000 ---p 00000000 00:00 0 
76ba8ce25000-76ba8cf21000 rw-p 00000000 00:00 0 
76ba8cf21000-76ba8cf22000 ---p 00000000 00:00 0 
76ba8cf22000-76ba8cf26000 ---p 00000000 00:00 0 
76ba8cf26000-76ba8d022000 rw-p 00000000 00:00 0 
76ba8d022000-76ba8d023000 ---p 00000000 00:00 0 
76ba8d023000-76ba8d027000 ---p 00000000 00:00 0 
76ba8d027000-76ba8d123000 rw-p 00000000 00:00 0 
76ba8d123000-76ba8d124000 ---p 00000000 00:00 0 
76ba8d124000-76ba8d128000 ---p 00000000 00:00 0 
76ba8d128000-76ba8d224000 rw-p 00000000 00:00 0 
76ba8d224000-76ba8d225000 ---p 00000000 00:00 0 
76ba8d225000-76ba8d229000 ---p 00000000 00:00 0 
76ba8d229000-76ba8d325000 rw-p 00000000 00:00 0 
76ba8d325000-76ba8d326000 ---p 00000000 00:00 0 
76ba8d326000-76ba8d32a000 ---p 00000000 00:00 0 
76ba8d32a000-76ba8d426000 rw-p 00000000 00:00 0 
76ba8d426000-76ba8d427000 ---p 00000000 00:00 0 
76ba8d427000-76ba8d42b000 ---p 00000000 00:00 0 
76ba8d42b000-76ba8d527000 rw-p 00000000 00:00 0 
76ba8d527000-76ba8d528000 ---p 00000000 00:00 0 
76ba8d528000-76ba8d52c000 ---p 00000000 00:00 0 
76ba8d52c000-76ba8d628000 rw-p 00000000 00:00 0 
76ba8d628000-76ba8d629000 ---p 00000000 00:00 0 
76ba8d629000-76ba8d62d000 ---p 00000000 00:00 0 
76ba8d62d000-76ba8d729000 rw-p 00000000 00:00 0 
76ba8d729000-76ba8d72a000 ---p 00000000 00:00 0 
76ba8d72a000-76ba8d82a000 rw-p 00000000 00:00 0 
76ba8d82a000-76ba8d82f000 r--p 00000000 00:28 1033213                    /home/tom/.jdks/temurin-17.0.15/lib/libjsvml.so
76ba8d82f000-76ba8d870000 r-xp 00005000 00:28 1033213                    /home/tom/.jdks/temurin-17.0.15/lib/libjsvml.so
76ba8d870000-76ba8d8f9000 r--p 00046000 00:28 1033213                    /home/tom/.jdks/temurin-17.0.15/lib/libjsvml.so
76ba8d8f9000-76ba8d8fa000 r--p 000ce000 00:28 1033213                    /home/tom/.jdks/temurin-17.0.15/lib/libjsvml.so
76ba8d8fa000-76ba8d8fb000 rw-p 000cf000 00:28 1033213                    /home/tom/.jdks/temurin-17.0.15/lib/libjsvml.so
76ba8d8fb000-76ba8d8fc000 ---p 00000000 00:00 0 
76ba8d8fc000-76ba8d9fc000 rw-p 00000000 00:00 0 
76ba8d9fc000-76ba8d9fd000 ---p 00000000 00:00 0 
76ba8d9fd000-76ba8dafd000 rw-p 00000000 00:00 0 
76ba8dafd000-76ba8fe00000 rw-p 00000000 00:00 0 
76ba8fe00000-76ba8fe02000 rw-s 00000000 00:06 1025                       /dev/nvidiactl
76ba8fe02000-76ba8fe03000 r--p 00000000 00:28 56361                      /usr/lib64/libXinerama.so.1.0.0
76ba8fe03000-76ba8fe04000 r-xp 00001000 00:28 56361                      /usr/lib64/libXinerama.so.1.0.0
76ba8fe04000-76ba8fe05000 r--p 00002000 00:28 56361                      /usr/lib64/libXinerama.so.1.0.0
76ba8fe05000-76ba8fe06000 r--p 00002000 00:28 56361                      /usr/lib64/libXinerama.so.1.0.0
76ba8fe06000-76ba8fe07000 rw-p 00003000 00:28 56361                      /usr/lib64/libXinerama.so.1.0.0
76ba8fe07000-76ba8fe09000 r--p 00000000 00:28 56357                      /usr/lib64/libXfixes.so.3.1.0
76ba8fe09000-76ba8fe0c000 r-xp 00002000 00:28 56357                      /usr/lib64/libXfixes.so.3.1.0
76ba8fe0c000-76ba8fe0d000 r--p 00005000 00:28 56357                      /usr/lib64/libXfixes.so.3.1.0
76ba8fe0d000-76ba8fe0e000 r--p 00005000 00:28 56357                      /usr/lib64/libXfixes.so.3.1.0
76ba8fe0e000-76ba8fe0f000 rw-p 00006000 00:28 56357                      /usr/lib64/libXfixes.so.3.1.0
76ba8fe0f000-76ba8fe17000 r-xp 00000000 00:28 56353                      /usr/lib64/libXcursor.so.1.0.2
76ba8fe17000-76ba8fe1b000 r--p 00008000 00:28 56353                      /usr/lib64/libXcursor.so.1.0.2
76ba8fe1b000-76ba8fe1c000 r--p 0000c000 00:28 56353                      /usr/lib64/libXcursor.so.1.0.2
76ba8fe1c000-76ba8fe1d000 rw-p 00000000 00:00 0 
76ba8fe1d000-76ba8fe25000 r-xp 00000000 00:28 56366                      /usr/lib64/libXrender.so.1.3.0
76ba8fe25000-76ba8fe28000 r--p 00008000 00:28 56366                      /usr/lib64/libXrender.so.1.3.0
76ba8fe28000-76ba8fe29000 r--p 0000a000 00:28 56366                      /usr/lib64/libXrender.so.1.3.0
76ba8fe29000-76ba8fe2a000 rw-p 0000b000 00:28 56366                      /usr/lib64/libXrender.so.1.3.0
76ba8fe2a000-76ba8fe2b000 r--p 00000000 00:28 56360                      /usr/lib64/libXi.so.6.1.0
76ba8fe2b000-76ba8fe37000 r-xp 00001000 00:28 56360                      /usr/lib64/libXi.so.6.1.0
76ba8fe37000-76ba8fe3b000 r--p 0000d000 00:28 56360                      /usr/lib64/libXi.so.6.1.0
76ba8fe3b000-76ba8fe3c000 r--p 00010000 00:28 56360                      /usr/lib64/libXi.so.6.1.0
76ba8fe3c000-76ba8fe3d000 rw-p 00011000 00:28 56360                      /usr/lib64/libXi.so.6.1.0
76ba8fe3d000-76ba8fe41000 r--p 00000000 00:28 56356                      /usr/lib64/libXext.so.6.4.0
76ba8fe41000-76ba8fe4c000 r-xp 00004000 00:28 56356                      /usr/lib64/libXext.so.6.4.0
76ba8fe4c000-76ba8fe4f000 r--p 0000f000 00:28 56356                      /usr/lib64/libXext.so.6.4.0
76ba8fe4f000-76ba8fe50000 r--p 00011000 00:28 56356                      /usr/lib64/libXext.so.6.4.0
76ba8fe50000-76ba8fe51000 rw-p 00012000 00:28 56356                      /usr/lib64/libXext.so.6.4.0
76ba8fe51000-76ba8fe67000 r-xp 00000000 00:28 57716                      /usr/lib64/libxcb.so.1.1.0
76ba8fe67000-76ba8fe7b000 r--p 00016000 00:28 57716                      /usr/lib64/libxcb.so.1.1.0
76ba8fe7b000-76ba8fe7c000 r--p 0002a000 00:28 57716                      /usr/lib64/libxcb.so.1.1.0
76ba8fe7c000-76ba8fe7d000 rw-p 0002b000 00:28 57716                      /usr/lib64/libxcb.so.1.1.0
76ba8fe7d000-76ba9035e000 rw-p 00000000 00:00 0 
76ba9035e000-76ba93d1e000 ---p 00000000 00:00 0 
76ba93d1e000-76ba9410e000 rw-p 00000000 00:00 0 
76ba9410e000-76ba97ace000 ---p 00000000 00:00 0 
76ba97ace000-76ba97b5a000 rw-p 00000000 00:00 0 
76ba97b5a000-76ba98292000 ---p 00000000 00:00 0 
76ba98292000-76ba98310000 rw-p 00000000 00:00 0 
76ba98310000-76ba98a48000 ---p 00000000 00:00 0 
76ba98a48000-76ba98ac6000 rw-p 00000000 00:00 0 
76ba98ac6000-76ba991fe000 ---p 00000000 00:00 0 
76ba991fe000-76ba99200000 rw-p 00000000 00:00 0 
76ba99200000-76ba99470000 rwxp 00000000 00:00 0 
76ba99470000-76baa0737000 ---p 00000000 00:00 0 
76baa0737000-76baa09a7000 rwxp 00000000 00:00 0 
76baa09a7000-76baa0cc9000 ---p 00000000 00:00 0 
76baa0cc9000-76baa0f39000 rwxp 00000000 00:00 0 
76baa0f39000-76baa8200000 ---p 00000000 00:00 0 
76baa8200000-76baafe02000 r--s 00000000 00:28 1033181                    /home/tom/.jdks/temurin-17.0.15/lib/modules
76baafe02000-76baafe03000 rw-s 00000000 00:06 1027                       /dev/nvidia0
76baafe03000-76baafe05000 r--p 00000000 00:28 56365                      /usr/lib64/libXrandr.so.2.2.0
76baafe05000-76baafe0c000 r-xp 00002000 00:28 56365                      /usr/lib64/libXrandr.so.2.2.0
76baafe0c000-76baafe0e000 r--p 00009000 00:28 56365                      /usr/lib64/libXrandr.so.2.2.0
76baafe0e000-76baafe0f000 r--p 0000a000 00:28 56365                      /usr/lib64/libXrandr.so.2.2.0
76baafe0f000-76baafe10000 rw-p 0000b000 00:28 56365                      /usr/lib64/libXrandr.so.2.2.0
76baafe10000-76baafe11000 r--p 00000000 00:28 56712                      /usr/lib64/libgcc_s-14-20250110.so.1
76baafe11000-76baafe35000 r-xp 00001000 00:28 56712                      /usr/lib64/libgcc_s-14-20250110.so.1
76baafe35000-76baafe3d000 r--p 00025000 00:28 56712                      /usr/lib64/libgcc_s-14-20250110.so.1
76baafe3d000-76baafe3e000 r--p 0002c000 00:28 56712                      /usr/lib64/libgcc_s-14-20250110.so.1
76baafe3e000-76baafe3f000 rw-p 00000000 00:00 0 
76baafe3f000-76baafe40000 rw-s 00000000 00:06 1025                       /dev/nvidiactl
76baafe40000-76baafe47000 r-xp 00000000 00:28 57697                      /usr/lib64/libxcb-randr.so.0.1.0
76baafe47000-76baafe51000 r--p 00007000 00:28 57697                      /usr/lib64/libxcb-randr.so.0.1.0
76baafe51000-76baafe52000 r--p 00011000 00:28 57697                      /usr/lib64/libxcb-randr.so.0.1.0
76baafe52000-76baafe53000 rw-p 00012000 00:28 57697                      /usr/lib64/libxcb-randr.so.0.1.0
76baafe53000-76baafe54000 r--p 00000000 00:28 439071                     /usr/lib64/libnvidia-tls.so.570.124.04
76baafe54000-76baafe56000 r-xp 00001000 00:28 439071                     /usr/lib64/libnvidia-tls.so.570.124.04
76baafe56000-76baafe57000 r--p 00003000 00:28 439071                     /usr/lib64/libnvidia-tls.so.570.124.04
76baafe57000-76baafe58000 r--p 00003000 00:28 439071                     /usr/lib64/libnvidia-tls.so.570.124.04
76baafe58000-76baafe59000 rw-p 00004000 00:28 439071                     /usr/lib64/libnvidia-tls.so.570.124.04
76baafe59000-76baafe60000 r--s 00000000 00:28 60335                      /usr/lib64/gconv/gconv-modules.cache
76baafe60000-76baafe62000 r--p 00000000 00:28 1033182                    /home/tom/.jdks/temurin-17.0.15/lib/libzip.so
76baafe62000-76baafe74000 r-xp 00002000 00:28 1033182                    /home/tom/.jdks/temurin-17.0.15/lib/libzip.so
76baafe74000-76baafe7c000 r--p 00014000 00:28 1033182                    /home/tom/.jdks/temurin-17.0.15/lib/libzip.so
76baafe7c000-76baafe7d000 r--p 0001b000 00:28 1033182                    /home/tom/.jdks/temurin-17.0.15/lib/libzip.so
76baafe7d000-76baafe7e000 rw-p 0001c000 00:28 1033182                    /home/tom/.jdks/temurin-17.0.15/lib/libzip.so
76baafe7e000-76bab0d75000 rw-p 00000000 00:00 0 
76bab0d75000-76bab4000000 ---p 00000000 00:00 0 
76bab4000000-76bab439f000 rw-p 00000000 00:00 0 
76bab439f000-76bab43a0000 ---p 00000000 00:00 0 
76bab43a0000-76bab44a0000 rw-p 00000000 00:00 0 
76bab44a0000-76bab44a1000 ---p 00000000 00:00 0 
76bab44a1000-76bab45a1000 rw-p 00000000 00:00 0 
76bab45a1000-76bab45a2000 ---p 00000000 00:00 0 
76bab45a2000-76bab46a2000 rw-p 00000000 00:00 0 
76bab46a2000-76bab4f2f000 rw-p 00000000 00:00 0 
76bab4f2f000-76bab5015000 ---p 00000000 00:00 0 
76bab5015000-76bab501a000 rw-p 00000000 00:00 0 
76bab501a000-76bab5100000 ---p 00000000 00:00 0 
76bab5100000-76bab5104000 ---p 00000000 00:00 0 
76bab5104000-76bab5200000 rw-p 00000000 00:00 0 
76bab5200000-76bab5453000 r--p 00000000 00:28 1033234                    /home/tom/.jdks/temurin-17.0.15/lib/server/libjvm.so
76bab5453000-76bab617c000 r-xp 00253000 00:28 1033234                    /home/tom/.jdks/temurin-17.0.15/lib/server/libjvm.so
76bab617c000-76bab6409000 r--p 00f7c000 00:28 1033234                    /home/tom/.jdks/temurin-17.0.15/lib/server/libjvm.so
76bab6409000-76bab640a000 ---p 01209000 00:28 1033234                    /home/tom/.jdks/temurin-17.0.15/lib/server/libjvm.so
76bab640a000-76bab64c3000 r--p 01209000 00:28 1033234                    /home/tom/.jdks/temurin-17.0.15/lib/server/libjvm.so
76bab64c3000-76bab64f8000 rw-p 012c2000 00:28 1033234                    /home/tom/.jdks/temurin-17.0.15/lib/server/libjvm.so
76bab64f8000-76bab6553000 rw-p 00000000 00:00 0 
76bab6553000-76bab6554000 rw-s 00000000 00:06 1025                       /dev/nvidiactl
76bab6554000-76bab6555000 r--s 00000000 00:06 1025                       /dev/nvidiactl
76bab6555000-76bab6559000 r-xp 00000000 00:28 56372                      /usr/lib64/libXxf86vm.so.1.0.0
76bab6559000-76bab655b000 r--p 00004000 00:28 56372                      /usr/lib64/libXxf86vm.so.1.0.0
76bab655b000-76bab655c000 r--p 00005000 00:28 56372                      /usr/lib64/libXxf86vm.so.1.0.0
76bab655c000-76bab655d000 rw-p 00006000 00:28 56372                      /usr/lib64/libXxf86vm.so.1.0.0
76bab655d000-76bab655e000 r--p 00000000 00:28 56350                      /usr/lib64/libXau.so.6.0.0
76bab655e000-76bab6560000 r-xp 00001000 00:28 56350                      /usr/lib64/libXau.so.6.0.0
76bab6560000-76bab6561000 r--p 00003000 00:28 56350                      /usr/lib64/libXau.so.6.0.0
76bab6561000-76bab6562000 r--p 00003000 00:28 56350                      /usr/lib64/libXau.so.6.0.0
76bab6562000-76bab6594000 rw-p 00000000 00:00 0 
76bab6594000-76bab6598000 r--p 00000000 00:28 1033226                    /home/tom/.jdks/temurin-17.0.15/lib/libnet.so
76bab6598000-76bab65a6000 r-xp 00004000 00:28 1033226                    /home/tom/.jdks/temurin-17.0.15/lib/libnet.so
76bab65a6000-76bab65aa000 r--p 00012000 00:28 1033226                    /home/tom/.jdks/temurin-17.0.15/lib/libnet.so
76bab65aa000-76bab65ab000 r--p 00015000 00:28 1033226                    /home/tom/.jdks/temurin-17.0.15/lib/libnet.so
76bab65ab000-76bab65ac000 rw-p 00016000 00:28 1033226                    /home/tom/.jdks/temurin-17.0.15/lib/libnet.so
76bab65ac000-76bab65b3000 r--p 00000000 00:28 1033235                    /home/tom/.jdks/temurin-17.0.15/lib/libnio.so
76bab65b3000-76bab65bc000 r-xp 00007000 00:28 1033235                    /home/tom/.jdks/temurin-17.0.15/lib/libnio.so
76bab65bc000-76bab65c0000 r--p 00010000 00:28 1033235                    /home/tom/.jdks/temurin-17.0.15/lib/libnio.so
76bab65c0000-76bab65c1000 ---p 00014000 00:28 1033235                    /home/tom/.jdks/temurin-17.0.15/lib/libnio.so
76bab65c1000-76bab65c2000 r--p 00014000 00:28 1033235                    /home/tom/.jdks/temurin-17.0.15/lib/libnio.so
76bab65c2000-76bab65c3000 rw-p 00015000 00:28 1033235                    /home/tom/.jdks/temurin-17.0.15/lib/libnio.so
76bab65c3000-76bab65c8000 rw-p 00000000 00:00 0 
76bab65c8000-76bab65cf000 ---p 00000000 00:00 0 
76bab65cf000-76bab65dd000 r--p 00000000 00:28 1033185                    /home/tom/.jdks/temurin-17.0.15/lib/libjava.so
76bab65dd000-76bab65ef000 r-xp 0000e000 00:28 1033185                    /home/tom/.jdks/temurin-17.0.15/lib/libjava.so
76bab65ef000-76bab65f5000 r--p 00020000 00:28 1033185                    /home/tom/.jdks/temurin-17.0.15/lib/libjava.so
76bab65f5000-76bab65f6000 ---p 00026000 00:28 1033185                    /home/tom/.jdks/temurin-17.0.15/lib/libjava.so
76bab65f6000-76bab65f7000 r--p 00026000 00:28 1033185                    /home/tom/.jdks/temurin-17.0.15/lib/libjava.so
76bab65f7000-76bab65f8000 rw-p 00027000 00:28 1033185                    /home/tom/.jdks/temurin-17.0.15/lib/libjava.so
76bab65f8000-76bab65f9000 rw-p 00000000 00:00 0 
76bab65f9000-76bab6601000 rw-s 00000000 00:33 408                        /tmp/hsperfdata_tom/43610
76bab6601000-76bab6602000 ---p 00000000 00:00 0 
76bab6602000-76bab6603000 r--p 00000000 00:00 0 
76bab6603000-76bab6604000 r--p 00000000 00:28 57049                      /usr/lib64/libm.so.6
76bab6604000-76bab667d000 r-xp 00001000 00:28 57049                      /usr/lib64/libm.so.6
76bab667d000-76bab66e7000 r--p 0007a000 00:28 57049                      /usr/lib64/libm.so.6
76bab66e7000-76bab66e8000 r--p 000e3000 00:28 57049                      /usr/lib64/libm.so.6
76bab66e8000-76bab66e9000 rw-p 000e4000 00:28 57049                      /usr/lib64/libm.so.6
76bab66e9000-76bab66ea000 r--p 00000000 00:28 57426                      /usr/lib64/librt.so.1
76bab66ea000-76bab66eb000 r-xp 00001000 00:28 57426                      /usr/lib64/librt.so.1
76bab66eb000-76bab66ec000 r--p 00002000 00:28 57426                      /usr/lib64/librt.so.1
76bab66ec000-76bab66ed000 r--p 00002000 00:28 57426                      /usr/lib64/librt.so.1
76bab66ed000-76bab66f0000 rw-p 00000000 00:00 0 
76bab66f0000-76bab66f1000 r--p 00000000 00:28 56480                      /usr/lib64/libc.so.6
76bab66f1000-76bab6860000 r-xp 00001000 00:28 56480                      /usr/lib64/libc.so.6
76bab6860000-76bab68d5000 r--p 00170000 00:28 56480                      /usr/lib64/libc.so.6
76bab68d5000-76bab68d9000 r--p 001e5000 00:28 56480                      /usr/lib64/libc.so.6
76bab68d9000-76bab68db000 rw-p 001e9000 00:28 56480                      /usr/lib64/libc.so.6
76bab68db000-76bab68e3000 rw-p 00000000 00:00 0 
76bab68e3000-76bab68e4000 r--p 00000000 00:28 56581                      /usr/lib64/libdl.so.2
76bab68e4000-76bab68e5000 r-xp 00001000 00:28 56581                      /usr/lib64/libdl.so.2
76bab68e5000-76bab68e6000 r--p 00002000 00:28 56581                      /usr/lib64/libdl.so.2
76bab68e6000-76bab68e7000 r--p 00002000 00:28 56581                      /usr/lib64/libdl.so.2
76bab68e7000-76bab68e8000 rw-p 00000000 00:00 0 
76bab68e8000-76bab68e9000 r--p 00000000 00:28 57375                      /usr/lib64/libpthread.so.0
76bab68e9000-76bab68ea000 r-xp 00001000 00:28 57375                      /usr/lib64/libpthread.so.0
76bab68ea000-76bab68eb000 r--p 00002000 00:28 57375                      /usr/lib64/libpthread.so.0
76bab68eb000-76bab68ec000 r--p 00002000 00:28 57375                      /usr/lib64/libpthread.so.0
76bab68ec000-76bab68ed000 rw-p 00000000 00:00 0 
76bab68ed000-76bab68ee000 ---p 00000000 00:00 0 
76bab68ee000-76bab68f2000 r--p 00000000 00:28 1033217                    /home/tom/.jdks/temurin-17.0.15/lib/libjimage.so
76bab68f2000-76bab6905000 r-xp 00004000 00:28 1033217                    /home/tom/.jdks/temurin-17.0.15/lib/libjimage.so
76bab6905000-76bab690b000 r--p 00017000 00:28 1033217                    /home/tom/.jdks/temurin-17.0.15/lib/libjimage.so
76bab690b000-76bab690d000 r--p 0001c000 00:28 1033217                    /home/tom/.jdks/temurin-17.0.15/lib/libjimage.so
76bab690d000-76bab690e000 rw-p 0001e000 00:28 1033217                    /home/tom/.jdks/temurin-17.0.15/lib/libjimage.so
76bab690e000-76bab6911000 r--p 00000000 00:28 1033190                    /home/tom/.jdks/temurin-17.0.15/lib/libjli.so
76bab6911000-76bab6921000 r-xp 00003000 00:28 1033190                    /home/tom/.jdks/temurin-17.0.15/lib/libjli.so
76bab6921000-76bab6928000 r--p 00013000 00:28 1033190                    /home/tom/.jdks/temurin-17.0.15/lib/libjli.so
76bab6928000-76bab6929000 r--p 00019000 00:28 1033190                    /home/tom/.jdks/temurin-17.0.15/lib/libjli.so
76bab6929000-76bab692a000 rw-p 0001a000 00:28 1033190                    /home/tom/.jdks/temurin-17.0.15/lib/libjli.so
76bab692a000-76bab692c000 rw-p 00000000 00:00 0 
76bab692c000-76bab692e000 r--p 00000000 00:00 0                          [vvar]
76bab692e000-76bab6930000 r--p 00000000 00:00 0                          [vvar_vclock]
76bab6930000-76bab6932000 r-xp 00000000 00:00 0                          [vdso]
76bab6932000-76bab6933000 r--p 00000000 00:28 55890                      /usr/lib64/ld-linux-x86-64.so.2
76bab6933000-76bab695c000 r-xp 00001000 00:28 55890                      /usr/lib64/ld-linux-x86-64.so.2
76bab695c000-76bab6967000 r--p 0002a000 00:28 55890                      /usr/lib64/ld-linux-x86-64.so.2
76bab6967000-76bab6969000 r--p 00035000 00:28 55890                      /usr/lib64/ld-linux-x86-64.so.2
76bab6969000-76bab696b000 rw-p 00037000 00:28 55890                      /usr/lib64/ld-linux-x86-64.so.2
7ffc6b4c1000-7ffc6b4e2000 rw-p 00000000 00:00 0                          [stack]
ffffffffff600000-ffffffffff601000 --xp 00000000 00:00 0                  [vsyscall]


VM Arguments:
jvm_args: -Dfile.encoding=UTF-8 -Duser.country=GB -Duser.language=en -Duser.variant 
java_command: Main
java_class_path (initial): /home/tom/Documents/GitHub/OpenWorldEngine/build/classes/java/main:/home/tom/Documents/GitHub/OpenWorldEngine/build/resources/main:/home/tom/.gradle/caches/modules-2/files-2.1/uk.co.electronstudio.jaylib/jaylib/5.5.0-2/f2131af8a2b69fa2333d92510f15f0d5fab72636/jaylib-5.5.0-2.jar
Launcher Type: SUN_STANDARD

[Global flags]
     intx CICompilerCount                          = 4                                         {product} {ergonomic}
     uint ConcGCThreads                            = 2                                         {product} {ergonomic}
     uint G1ConcRefinementThreads                  = 8                                         {product} {ergonomic}
   size_t G1HeapRegionSize                         = 2097152                                   {product} {ergonomic}
    uintx GCDrainStackTargetSize                   = 64                                        {product} {ergonomic}
   size_t InitialHeapSize                          = 260046848                                 {product} {ergonomic}
   size_t MarkStackSize                            = 4194304                                   {product} {ergonomic}
   size_t MaxHeapSize                              = 4139778048                                {product} {ergonomic}
   size_t MaxNewSize                               = 2483027968                                {product} {ergonomic}
   size_t MinHeapDeltaBytes                        = 2097152                                   {product} {ergonomic}
   size_t MinHeapSize                              = 8388608                                   {product} {ergonomic}
    uintx NonNMethodCodeHeapSize                   = 5839372                                {pd product} {ergonomic}
    uintx NonProfiledCodeHeapSize                  = 122909434                              {pd product} {ergonomic}
    uintx ProfiledCodeHeapSize                     = 122909434                              {pd product} {ergonomic}
    uintx ReservedCodeCacheSize                    = 251658240                              {pd product} {ergonomic}
     bool SegmentedCodeCache                       = true                                      {product} {ergonomic}
   size_t SoftMaxHeapSize                          = 4139778048                             {manageable} {ergonomic}
     bool UseCompressedClassPointers               = true                           {product lp64_product} {ergonomic}
     bool UseCompressedOops                        = true                           {product lp64_product} {ergonomic}
     bool UseG1GC                                  = true                                      {product} {ergonomic}

Logging:
Log output configuration:
 #0: stdout all=warning uptime,level,tags
 #1: stderr all=off uptime,level,tags

Environment Variables:
PATH=/tmp/.mount_osu.Ap7R3etJ/usr/bin/:/home/tom/.local/bin:/home/tom/bin:/usr/local/bin:/usr/bin:/bin:/usr/local/sbin:/usr/sbin:/sbin:/home/tom/.dotnet/tools
SHELL=/bin/bash
DISPLAY=:0
LANG=en_GB.utf8
LC_NUMERIC=en_GB.utf8
LC_TIME=en_GB.utf8

Active Locale:
LC_ALL=en_GB.utf8
LC_COLLATE=en_GB.utf8
LC_CTYPE=en_GB.utf8
LC_MESSAGES=en_GB.utf8
LC_MONETARY=en_GB.utf8
LC_NUMERIC=en_GB.utf8
LC_TIME=en_GB.utf8

Signal Handlers:
   SIGSEGV: crash_handler in libjvm.so, mask=11100100010111111101111111111110, flags=SA_RESTART|SA_SIGINFO, unblocked
    SIGBUS: crash_handler in libjvm.so, mask=11100100010111111101111111111110, flags=SA_RESTART|SA_SIGINFO, unblocked
    SIGFPE: crash_handler in libjvm.so, mask=11100100010111111101111111111110, flags=SA_RESTART|SA_SIGINFO, unblocked
   SIGPIPE: javaSignalHandler in libjvm.so, mask=11100100010111111101111111111110, flags=SA_RESTART|SA_SIGINFO, blocked
   SIGXFSZ: javaSignalHandler in libjvm.so, mask=11100100010111111101111111111110, flags=SA_RESTART|SA_SIGINFO, blocked
    SIGILL: crash_handler in libjvm.so, mask=11100100010111111101111111111110, flags=SA_RESTART|SA_SIGINFO, unblocked
   SIGUSR2: SR_handler in libjvm.so, mask=00100000000000000000000000000000, flags=SA_RESTART|SA_SIGINFO, blocked
    SIGHUP: UserHandler in libjvm.so, mask=11100100010111111101111111111110, flags=SA_RESTART|SA_SIGINFO, blocked
    SIGINT: UserHandler in libjvm.so, mask=11100100010111111101111111111110, flags=SA_RESTART|SA_SIGINFO, blocked
   SIGTERM: UserHandler in libjvm.so, mask=11100100010111111101111111111110, flags=SA_RESTART|SA_SIGINFO, blocked
   SIGQUIT: UserHandler in libjvm.so, mask=11100100010111111101111111111110, flags=SA_RESTART|SA_SIGINFO, blocked
   SIGTRAP: crash_handler in libjvm.so, mask=11100100010111111101111111111110, flags=SA_RESTART|SA_SIGINFO, unblocked


Periodic native trim disabled


---------------  S Y S T E M  ---------------

OS:
Nobara release 41 (Forty One)
uname: Linux 6.13.5-200.nobara.fc41.x86_64 #1 SMP PREEMPT_DYNAMIC Thu Feb 27 18:52:39 UTC 2025 x86_64
OS uptime: 0 days 7:56 hours
libc: glibc 2.40 NPTL 2.40 
rlimit (soft/hard): STACK 8192k/infinity , CORE infinity/infinity , NPROC 62306/62306 , NOFILE 1048576/1048576 , AS infinity/infinity , CPU infinity/infinity , DATA infinity/infinity , FSIZE infinity/infinity , MEMLOCK 8192k/8192k
load average: 0.77 0.94 0.90

/proc/meminfo:
MemTotal:       16167600 kB
MemFree:         2041344 kB
MemAvailable:    8615524 kB
Buffers:            3608 kB
Cached:          6804700 kB
SwapCached:            0 kB
Active:          8140932 kB
Inactive:        4836136 kB
Active(anon):    6268804 kB
Inactive(anon):    17692 kB
Active(file):    1872128 kB
Inactive(file):  4818444 kB
Unevictable:         152 kB
Mlocked:             152 kB
SwapTotal:      26172312 kB
SwapFree:       26172056 kB
Zswap:                 0 kB
Zswapped:              0 kB
Dirty:              2032 kB
Writeback:             0 kB
AnonPages:       6083780 kB
Mapped:          2501028 kB
Shmem:            118044 kB
KReclaimable:     220236 kB
Slab:             423396 kB
SReclaimable:     220236 kB
SUnreclaim:       203160 kB
KernelStack:       23456 kB
PageTables:        50048 kB
SecPageTables:      5256 kB
NFS_Unstable:          0 kB
Bounce:                0 kB
WritebackTmp:          0 kB
CommitLimit:    34256112 kB
Committed_AS:   15776176 kB
VmallocTotal:   34359738367 kB
VmallocUsed:      137072 kB
VmallocChunk:          0 kB
Percpu:             8768 kB
HardwareCorrupted:     0 kB
AnonHugePages:   3084288 kB
ShmemHugePages:        0 kB
ShmemPmdMapped:        0 kB
FileHugePages:   2598912 kB
FilePmdMapped:   1173504 kB
CmaTotal:              0 kB
CmaFree:               0 kB
Unaccepted:            0 kB
HugePages_Total:       0
HugePages_Free:        0
HugePages_Rsvd:        0
HugePages_Surp:        0
Hugepagesize:       2048 kB
Hugetlb:               0 kB
DirectMap4k:     1393592 kB
DirectMap2M:    13078528 kB
DirectMap1G:     2097152 kB

/sys/kernel/mm/transparent_hugepage/enabled: [always] madvise never
/sys/kernel/mm/transparent_hugepage/hpage_pmd_size: 2097152
/sys/kernel/mm/transparent_hugepage/defrag (defrag/compaction efforts parameter): always defer [defer+madvise] madvise never

Process Memory:
Virtual Size: 7455472K (peak: 7455600K)
Resident Set Size: 162908K (peak: 162908K) (anon: 51516K, file: 111392K, shmem: 0K)
Swapped out: 0K
C-Heap outstanding allocations: 38257K, retained: 2466K
glibc malloc tunables: (default)

/proc/sys/kernel/threads-max (system-wide limit on the number of threads): 124612
/proc/sys/vm/max_map_count (maximum number of memory map areas a process may have): 16777216
/proc/sys/vm/swappiness (control to define how aggressively the kernel swaps out anonymous memory): 100
/proc/sys/kernel/pid_max (system-wide limit on number of process identifiers): 4194304

container information not found.
Steal ticks since vm start: 0
Steal ticks percentage since vm start:  0.000

CPU: total 8 (initial active 8) (8 cores per cpu, 2 threads per core) family 23 model 96 stepping 1 microcode 0x860010d, cx8, cmov, fxsr, ht, mmx, 3dnowpref, sse, sse2, sse3, ssse3, sse4a, sse4.1, sse4.2, popcnt, lzcnt, tsc, tscinvbit, avx, avx2, aes, clmul, bmi1, bmi2, adx, sha, fma, vzeroupper, clflush, clflushopt
CPU Model and flags from /proc/cpuinfo:
model name	: AMD Ryzen 3 4100 4-Core Processor
flags		: fpu vme de pse tsc msr pae mce cx8 apic sep mtrr pge mca cmov pat pse36 clflush mmx fxsr sse sse2 ht syscall nx mmxext fxsr_opt pdpe1gb rdtscp lm constant_tsc rep_good nopl xtopology nonstop_tsc cpuid extd_apicid aperfmperf rapl pni pclmulqdq monitor ssse3 fma cx16 sse4_1 sse4_2 x2apic movbe popcnt aes xsave avx f16c rdrand lahf_lm cmp_legacy svm extapic cr8_legacy abm sse4a misalignsse 3dnowprefetch osvw ibs skinit wdt tce topoext perfctr_core perfctr_nb bpext perfctr_llc mwaitx cpb cat_l3 cdp_l3 hw_pstate ssbd mba ibrs ibpb stibp vmmcall fsgsbase bmi1 avx2 smep bmi2 cqm rdt_a rdseed adx smap clflushopt clwb sha_ni xsaveopt xsavec xgetbv1 cqm_llc cqm_occup_llc cqm_mbm_total cqm_mbm_local clzero irperf xsaveerptr rdpru wbnoinvd cppc arat npt lbrv svm_lock nrip_save tsc_scale vmcb_clean flushbyasid decodeassists pausefilter pfthreshold avic v_vmsave_vmload vgif v_spec_ctrl umip rdpid overflow_recov succor smca

Online cpus: 0-7
Offline cpus: 
BIOS frequency limitation: <Not Available>
Frequency switch latency (ns): 0
Available cpu frequencies: <Not Available>
Current governor: powersave
Core performance/turbo boost: 1

Memory: 4k page, physical 16167600k(2041344k free), swap 26172312k(26172056k free)
Page Sizes: 4k

vm_info: OpenJDK 64-Bit Server VM (17.0.15+6) for linux-amd64 JRE (17.0.15+6), built on Apr 15 2025 00:00:00 by "admin" with gcc 10.3.0

END.
