#
# A fatal error has been detected by the Java Runtime Environment:
#
#  SIGSEGV (0xb) at pc=0x000074a65618cb29, pid=44330, tid=44359
#
# JRE version: OpenJDK Runtime Environment Temurin-17.0.15+6 (17.0.15+6) (build 17.0.15+6)
# Java VM: OpenJDK 64-Bit Server VM Temurin-17.0.15+6 (17.0.15+6, mixed mode, sharing, tiered, compressed oops, compressed class ptrs, g1 gc, linux-amd64)
# Problematic frame:
# C  [libGLdispatch.so.0+0x5b29]
#
# Core dump will be written. Default location: Core dumps may be processed with "/usr/lib/systemd/systemd-coredump %P %u %g %s %t %c %h" (or dumping to /home/tom/Documents/GitHub/OpenWorldEngine/core.44330)
#
# If you would like to submit a bug report, please visit:
#   https://github.com/adoptium/adoptium-support/issues
# The crash happened outside the Java Virtual Machine in native code.
# See problematic frame for where to report the bug.
#

---------------  S U M M A R Y ------------

Command Line: -Dfile.encoding=UTF-8 -Duser.country=GB -Duser.language=en -Duser.variant Main

Host: AMD Ryzen 3 4100 4-Core Processor, 8 cores, 15G, Nobara release 41 (Forty One)
Time: Tue Jun  3 17:53:00 2025 BST elapsed time: 0.390955 seconds (0d 0h 0m 0s)

---------------  T H R E A D  ---------------

Current thread (0x000074a6d4d565e0):  JavaThread "Thread-1" [_thread_in_native, id=44359, stack(0x000074a655442000,0x000074a655542000)]

Stack: [0x000074a655442000,0x000074a655542000],  sp=0x000074a655540588,  free space=1017k
Native frames: (J=compiled Java code, j=interpreted, Vv=VM code, C=native code)
C  [libGLdispatch.so.0+0x5b29]

Java frames: (J=compiled Java code, j=interpreted, Vv=VM code)
j  com.raylib.Raylib.LoadTexture(Ljava/lang/String;)Lcom/raylib/Raylib$Texture;+0
j  dev.spruce.game.assets.managers.TileTextureManager.<init>()V+33
j  dev.spruce.game.assets.Assets.<init>()V+9
j  dev.spruce.game.assets.Assets.getInstance()Ldev/spruce/game/assets/Assets;+10
j  dev.spruce.game.sound.SoundPlayer.run()V+0
j  java.lang.Thread.run()V+11 java.base@17.0.15
v  ~StubRoutines::call_stub

siginfo: si_signo: 11 (SIGSEGV), si_code: 1 (SEGV_MAPERR), si_addr: 0x0000000000000998

Registers:
RAX=0x0000000000000000, RBX=0x0000000000000020, RCX=0x0000000000000004, RDX=0x0000000000000020
RSP=0x000074a655540588, RBP=0x0000000000000001, RSI=0x0000000000000000, RDI=0x0000000000000de1
R8 =0x0000000000000001, R9 =0x0000000000000007, R10=0x000074a6040022d0, R11=0xfa2971659c035367
R12=0x000074a655540690, R13=0x0000000000000004, R14=0x0000000000000004, R15=0x000074a6d4d565e0
RIP=0x000074a65618cb29, EFLAGS=0x0000000000010246, CSGSFS=0x002b000000000033, ERR=0x0000000000000004
  TRAPNO=0x000000000000000e

XMM[0]=0x0000000000000000 0x000074a6d42a4610
XMM[1]=0x0000002000000020 0x000074a604002fb0
XMM[2]=0xffffffffffff0000 0x0000000000000000
XMM[3]=0xffffffffffff0000 0x0000000000000000
XMM[4]=0x0000000000000000 0x000074a604000090
XMM[5]=0x1680c153e04af389 0x05881fcaf6e0e80c
XMM[6]=0x000074a60400239c 0x000074a6040022d0
XMM[7]=0x2e2e2e2e2e2e2e2e 0x2e2e2e2e2e2e2e2e
XMM[8]=0x0001000600050001 0x0003000000000002
XMM[9]=0x0000000000000000 0x0000000000000000
XMM[10]=0x0000000000000000 0x3f3f3f3f3f3f3f3f
XMM[11]=0x0000000000000000 0x9999999999999999
XMM[12]=0x0000000000000000 0x2020202020202020
XMM[13]=0x0000000000000000 0x5f68740069616874
XMM[14]=0x0000000000000000 0x000000003acccccd
XMM[15]=0x0000000000000000 0x0000000000000000
  MXCSR=0x00001fa0


Register to memory mapping:

RAX=0x0 is NULL
RBX=0x0000000000000020 is an unknown value
RCX=0x0000000000000004 is an unknown value
RDX=0x0000000000000020 is an unknown value
RSP=0x000074a655540588 is pointing into the stack for thread: 0x000074a6d4d565e0
RBP=0x0000000000000001 is an unknown value
RSI=0x0 is NULL
RDI=0x0000000000000de1 is an unknown value
R8 =0x0000000000000001 is an unknown value
R9 =0x0000000000000007 is an unknown value
R10=0x000074a6040022d0 points into unknown readable memory: 0x000000074a604002 | 02 40 60 4a 07 00 00 00
R11=0xfa2971659c035367 is an unknown value
R12=0x000074a655540690 is pointing into the stack for thread: 0x000074a6d4d565e0
R13=0x0000000000000004 is an unknown value
R14=0x0000000000000004 is an unknown value
R15=0x000074a6d4d565e0 is a thread


Top of Stack: (sp=0x000074a655540588)
0x000074a655540588:   000074a6567e749f 000074a6555405e0
0x000074a655540598:   000074a604002fb0 0000000000000001
0x000074a6555405a8:   000074a604002020 000074a6040022d0
0x000074a6555405b8:   000074a655540640 000074a604002020
0x000074a6555405c8:   0000002000000020 0000000000000000
0x000074a6555405d8:   000074a6040022c0 000074a655540620
0x000074a6555405e8:   000074a6d986700e 000074a604002fb0
0x000074a6555405f8:   124ba26f65416000 0000000400000001
0x000074a655540608:   0000000000000020 0000000000000001
0x000074a655540618:   000074a655540690 0000000000000020
0x000074a655540628:   0000000000000004 000074a6d4d565e0
0x000074a655540638:   000074a6568a9ffd 000074a604002020
0x000074a655540648:   000074a655540750 000074a604002020
0x000074a655540658:   000074a65742eae8 000074a6555407d0
0x000074a655540668:   000074a6568aa057 000074a604002fb0
0x000074a655540678:   0000002000000020 0000000400000001
0x000074a655540688:   000074a6568aa037 0000000000000000
0x000074a655540698:   0000000000000000 000074a600000000
0x000074a6555406a8:   0000000000000014 000074a604002fb0
0x000074a6555406b8:   0000002000000020 0000000400000001
0x000074a6555406c8:   124ba26f65416000 0000000000000000
0x000074a6555406d8:   000074a6566d88cf 000074a6d4d565e0
0x000074a6555406e8:   000074a6555407d0 000074a6555407c0
0x000074a6555406f8:   000074a6d4d56890 0000000000000000
0x000074a655540708:   0000000000000000 000074a604001ff0
0x000074a655540718:   000074a6d4d565e0 000074a655540750
0x000074a655540728:   000074a65742eaf0 0000000000000000
0x000074a655540738:   124ba26f65416000 000074a65742eaf0
0x000074a655540748:   0000000000000000 000074a6555407b0
0x000074a655540758:   000074a6c47445da 000074a6c4744316
0x000074a655540768:   000074a655540768 000074a65742eae8
0x000074a655540778:   000074a6555407d0 000074a6574594e8 

Instructions: (pc=0x000074a65618cb29)
0x000074a65618ca29:   ff a0 f0 2e 00 00 41 ff a3 88 02 00 00 66 2e 0f
0x000074a65618ca39:   1f 84 00 00 00 00 00 64 48 8b 04 25 10 ff ff ff
0x000074a65618ca49:   ff a0 70 16 00 00 41 ff a3 90 02 00 00 66 2e 0f
0x000074a65618ca59:   1f 84 00 00 00 00 00 64 48 8b 04 25 10 ff ff ff
0x000074a65618ca69:   ff a0 20 2f 00 00 41 ff a3 98 02 00 00 66 2e 0f
0x000074a65618ca79:   1f 84 00 00 00 00 00 64 48 8b 04 25 10 ff ff ff
0x000074a65618ca89:   ff a0 70 16 00 00 41 ff a3 a0 02 00 00 66 2e 0f
0x000074a65618ca99:   1f 84 00 00 00 00 00 64 48 8b 04 25 10 ff ff ff
0x000074a65618caa9:   ff a0 e0 18 00 00 41 ff a3 a8 02 00 00 66 2e 0f
0x000074a65618cab9:   1f 84 00 00 00 00 00 64 48 8b 04 25 10 ff ff ff
0x000074a65618cac9:   ff a0 90 1e 00 00 41 ff a3 b0 02 00 00 66 2e 0f
0x000074a65618cad9:   1f 84 00 00 00 00 00 64 48 8b 04 25 10 ff ff ff
0x000074a65618cae9:   ff a0 18 3d 00 00 41 ff a3 b8 02 00 00 66 2e 0f
0x000074a65618caf9:   1f 84 00 00 00 00 00 f3 0f 1e fa 48 8b 05 a5 a4
0x000074a65618cb09:   06 00 64 4c 8b 18 41 ff a3 c0 02 00 00 66 2e 0f
0x000074a65618cb19:   1f 84 00 00 00 00 00 64 48 8b 04 25 10 ff ff ff
0x000074a65618cb29:   ff a0 98 09 00 00 41 ff a3 c8 02 00 00 66 2e 0f
0x000074a65618cb39:   1f 84 00 00 00 00 00 64 48 8b 04 25 10 ff ff ff
0x000074a65618cb49:   ff a0 98 09 00 00 41 ff a3 d0 02 00 00 66 2e 0f
0x000074a65618cb59:   1f 84 00 00 00 00 00 64 48 8b 04 25 10 ff ff ff
0x000074a65618cb69:   ff a0 c8 20 00 00 41 ff a3 d8 02 00 00 66 2e 0f
0x000074a65618cb79:   1f 84 00 00 00 00 00 f3 0f 1e fa 48 8b 05 25 a4
0x000074a65618cb89:   06 00 64 4c 8b 18 41 ff a3 e0 02 00 00 66 2e 0f
0x000074a65618cb99:   1f 84 00 00 00 00 00 64 48 8b 04 25 10 ff ff ff
0x000074a65618cba9:   ff a0 88 1e 00 00 41 ff a3 e8 02 00 00 66 2e 0f
0x000074a65618cbb9:   1f 84 00 00 00 00 00 64 48 8b 04 25 10 ff ff ff
0x000074a65618cbc9:   ff a0 18 1a 00 00 41 ff a3 f0 02 00 00 66 2e 0f
0x000074a65618cbd9:   1f 84 00 00 00 00 00 64 48 8b 04 25 10 ff ff ff
0x000074a65618cbe9:   ff a0 88 2f 00 00 41 ff a3 f8 02 00 00 66 2e 0f
0x000074a65618cbf9:   1f 84 00 00 00 00 00 64 48 8b 04 25 10 ff ff ff
0x000074a65618cc09:   ff a0 88 2f 00 00 41 ff a3 00 03 00 00 66 2e 0f
0x000074a65618cc19:   1f 84 00 00 00 00 00 64 48 8b 04 25 10 ff ff ff 


Stack slot to memory mapping:
stack at sp + 0 slots: 0x000074a6567e749f: rlLoadTexture+0x000000000000004f in /home/tom/.javacpp/cache/jaylib-5.5.0-2.jar/com/raylib/linux-x86_64/libjniRaylib.so at 0x000074a656600000
stack at sp + 1 slots: 0x000074a6555405e0 is pointing into the stack for thread: 0x000074a6d4d565e0
stack at sp + 2 slots: 0x000074a604002fb0 points into unknown readable memory: 0x6800226800226800 | 00 68 22 00 68 22 00 68
stack at sp + 3 slots: 0x0000000000000001 is an unknown value
stack at sp + 4 slots: 0x000074a604002020 points into unknown readable memory: 0x000000074a604002 | 02 40 60 4a 07 00 00 00
stack at sp + 5 slots: 0x000074a6040022d0 points into unknown readable memory: 0x000000074a604002 | 02 40 60 4a 07 00 00 00
stack at sp + 6 slots: 0x000074a655540640 is pointing into the stack for thread: 0x000074a6d4d565e0
stack at sp + 7 slots: 0x000074a604002020 points into unknown readable memory: 0x000000074a604002 | 02 40 60 4a 07 00 00 00


---------------  P R O C E S S  ---------------

Threads class SMR info:
_java_thread_list=0x000074a6d4d55820, length=13, elements={
0x000074a6d402a290, 0x000074a6d418d5c0, 0x000074a6d418e9a0, 0x000074a6d4193f40,
0x000074a6d41952f0, 0x000074a6d4196700, 0x000074a6d41980b0, 0x000074a6d41995e0,
0x000074a6d41a2a40, 0x000074a6d41aabf0, 0x000074a6d41ada40, 0x000074a6d4291740,
0x000074a6d4d565e0
}

Java Threads: ( => current thread )
  0x000074a6d402a290 JavaThread "main" [_thread_in_native, id=44332, stack(0x000074a6d821a000,0x000074a6d831a000)]
  0x000074a6d418d5c0 JavaThread "Reference Handler" daemon [_thread_blocked, id=44340, stack(0x000074a6b07a4000,0x000074a6b08a4000)]
  0x000074a6d418e9a0 JavaThread "Finalizer" daemon [_thread_blocked, id=44341, stack(0x000074a6b06a3000,0x000074a6b07a3000)]
  0x000074a6d4193f40 JavaThread "Signal Dispatcher" daemon [_thread_blocked, id=44342, stack(0x000074a6b05a2000,0x000074a6b06a2000)]
  0x000074a6d41952f0 JavaThread "Service Thread" daemon [_thread_blocked, id=44343, stack(0x000074a6b04a1000,0x000074a6b05a1000)]
  0x000074a6d4196700 JavaThread "Monitor Deflation Thread" daemon [_thread_blocked, id=44344, stack(0x000074a6b03a0000,0x000074a6b04a0000)]
  0x000074a6d41980b0 JavaThread "C2 CompilerThread0" daemon [_thread_blocked, id=44345, stack(0x000074a6b029f000,0x000074a6b039f000)]
  0x000074a6d41995e0 JavaThread "C1 CompilerThread0" daemon [_thread_blocked, id=44346, stack(0x000074a6b019e000,0x000074a6b029e000)]
  0x000074a6d41a2a40 JavaThread "Sweeper thread" daemon [_thread_blocked, id=44347, stack(0x000074a6b009d000,0x000074a6b019d000)]
  0x000074a6d41aabf0 JavaThread "Notification Thread" daemon [_thread_blocked, id=44348, stack(0x000074a656f00000,0x000074a657000000)]
  0x000074a6d41ada40 JavaThread "Common-Cleaner" daemon [_thread_blocked, id=44350, stack(0x000074a656cfe000,0x000074a656dfe000)]
  0x000074a6d4291740 JavaThread "JavaCPP Deallocator" daemon [_thread_blocked, id=44357, stack(0x000074a656a1a000,0x000074a656b1a000)]
=>0x000074a6d4d565e0 JavaThread "Thread-1" [_thread_in_native, id=44359, stack(0x000074a655442000,0x000074a655542000)]

Other Threads:
  0x000074a6d4189630 VMThread "VM Thread" [stack: 0x000074a6b08a5000,0x000074a6b09a5000] [id=44338]
  0x000074a6d41ac530 WatcherThread [stack: 0x000074a656dff000,0x000074a656eff000] [id=44349]
  0x000074a6d4094c80 GCTaskThread "GC Thread#0" [stack: 0x000074a6b3777000,0x000074a6b3877000] [id=44333]
  0x000074a6d40a5950 ConcurrentGCThread "G1 Main Marker" [stack: 0x000074a6b3676000,0x000074a6b3776000] [id=44334]
  0x000074a6d40a68c0 ConcurrentGCThread "G1 Conc#0" [stack: 0x000074a6b3575000,0x000074a6b3675000] [id=44335]
  0x000074a6d415a260 ConcurrentGCThread "G1 Refine#0" [stack: 0x000074a6b0bf9000,0x000074a6b0cf9000] [id=44336]
  0x000074a6d415b160 ConcurrentGCThread "G1 Service" [stack: 0x000074a6b0af8000,0x000074a6b0bf8000] [id=44337]

Threads with active compile tasks:

VM state: not at safepoint (normal execution)

VM Mutex/Monitor currently owned by a thread: None

Heap address: 0x0000000709400000, size: 3948 MB, Compressed Oops mode: Zero based, Oop shift amount: 3

CDS archive(s) mapped at: [0x000074a65b000000-0x000074a65bbc9000-0x000074a65bbc9000), size 12357632, SharedBaseAddress: 0x000074a65b000000, ArchiveRelocationMode: 1.
Compressed class space mapped at: 0x000074a65c000000-0x000074a69c000000, reserved size: 1073741824
Narrow klass base: 0x000074a65b000000, Narrow klass shift: 0, Narrow klass range: 0x100000000

GC Precious Log:
 CPUs: 8 total, 8 available
 Memory: 15788M
 Large Page Support: Disabled
 NUMA Support: Disabled
 Compressed Oops: Enabled (Zero based)
 Heap Region Size: 2M
 Heap Min Capacity: 8M
 Heap Initial Capacity: 248M
 Heap Max Capacity: 3948M
 Pre-touch: Disabled
 Parallel Workers: 8
 Concurrent Workers: 2
 Concurrent Refinement Workers: 8
 Periodic GC: Disabled

Heap:
 garbage-first heap   total 258048K, used 6068K [0x0000000709400000, 0x0000000800000000)
  region size 2048K, 3 young (6144K), 0 survivors (0K)
 Metaspace       used 2654K, committed 2816K, reserved 1114112K
  class space    used 270K, committed 384K, reserved 1048576K

Heap Regions: E=young(eden), S=young(survivor), O=old, HS=humongous(starts), HC=humongous(continues), CS=collection set, F=free, OA=open archive, CA=closed archive, TAMS=top-at-mark-start (previous, next)
|   0|0x0000000709400000, 0x0000000709400000, 0x0000000709600000|  0%| F|  |TAMS 0x0000000709400000, 0x0000000709400000| Untracked 
|   1|0x0000000709600000, 0x0000000709600000, 0x0000000709800000|  0%| F|  |TAMS 0x0000000709600000, 0x0000000709600000| Untracked 
|   2|0x0000000709800000, 0x0000000709800000, 0x0000000709a00000|  0%| F|  |TAMS 0x0000000709800000, 0x0000000709800000| Untracked 
|   3|0x0000000709a00000, 0x0000000709a00000, 0x0000000709c00000|  0%| F|  |TAMS 0x0000000709a00000, 0x0000000709a00000| Untracked 
|   4|0x0000000709c00000, 0x0000000709c00000, 0x0000000709e00000|  0%| F|  |TAMS 0x0000000709c00000, 0x0000000709c00000| Untracked 
|   5|0x0000000709e00000, 0x0000000709e00000, 0x000000070a000000|  0%| F|  |TAMS 0x0000000709e00000, 0x0000000709e00000| Untracked 
|   6|0x000000070a000000, 0x000000070a000000, 0x000000070a200000|  0%| F|  |TAMS 0x000000070a000000, 0x000000070a000000| Untracked 
|   7|0x000000070a200000, 0x000000070a200000, 0x000000070a400000|  0%| F|  |TAMS 0x000000070a200000, 0x000000070a200000| Untracked 
|   8|0x000000070a400000, 0x000000070a400000, 0x000000070a600000|  0%| F|  |TAMS 0x000000070a400000, 0x000000070a400000| Untracked 
|   9|0x000000070a600000, 0x000000070a600000, 0x000000070a800000|  0%| F|  |TAMS 0x000000070a600000, 0x000000070a600000| Untracked 
|  10|0x000000070a800000, 0x000000070a800000, 0x000000070aa00000|  0%| F|  |TAMS 0x000000070a800000, 0x000000070a800000| Untracked 
|  11|0x000000070aa00000, 0x000000070aa00000, 0x000000070ac00000|  0%| F|  |TAMS 0x000000070aa00000, 0x000000070aa00000| Untracked 
|  12|0x000000070ac00000, 0x000000070ac00000, 0x000000070ae00000|  0%| F|  |TAMS 0x000000070ac00000, 0x000000070ac00000| Untracked 
|  13|0x000000070ae00000, 0x000000070ae00000, 0x000000070b000000|  0%| F|  |TAMS 0x000000070ae00000, 0x000000070ae00000| Untracked 
|  14|0x000000070b000000, 0x000000070b000000, 0x000000070b200000|  0%| F|  |TAMS 0x000000070b000000, 0x000000070b000000| Untracked 
|  15|0x000000070b200000, 0x000000070b200000, 0x000000070b400000|  0%| F|  |TAMS 0x000000070b200000, 0x000000070b200000| Untracked 
|  16|0x000000070b400000, 0x000000070b400000, 0x000000070b600000|  0%| F|  |TAMS 0x000000070b400000, 0x000000070b400000| Untracked 
|  17|0x000000070b600000, 0x000000070b600000, 0x000000070b800000|  0%| F|  |TAMS 0x000000070b600000, 0x000000070b600000| Untracked 
|  18|0x000000070b800000, 0x000000070b800000, 0x000000070ba00000|  0%| F|  |TAMS 0x000000070b800000, 0x000000070b800000| Untracked 
|  19|0x000000070ba00000, 0x000000070ba00000, 0x000000070bc00000|  0%| F|  |TAMS 0x000000070ba00000, 0x000000070ba00000| Untracked 
|  20|0x000000070bc00000, 0x000000070bc00000, 0x000000070be00000|  0%| F|  |TAMS 0x000000070bc00000, 0x000000070bc00000| Untracked 
|  21|0x000000070be00000, 0x000000070be00000, 0x000000070c000000|  0%| F|  |TAMS 0x000000070be00000, 0x000000070be00000| Untracked 
|  22|0x000000070c000000, 0x000000070c000000, 0x000000070c200000|  0%| F|  |TAMS 0x000000070c000000, 0x000000070c000000| Untracked 
|  23|0x000000070c200000, 0x000000070c200000, 0x000000070c400000|  0%| F|  |TAMS 0x000000070c200000, 0x000000070c200000| Untracked 
|  24|0x000000070c400000, 0x000000070c400000, 0x000000070c600000|  0%| F|  |TAMS 0x000000070c400000, 0x000000070c400000| Untracked 
|  25|0x000000070c600000, 0x000000070c600000, 0x000000070c800000|  0%| F|  |TAMS 0x000000070c600000, 0x000000070c600000| Untracked 
|  26|0x000000070c800000, 0x000000070c800000, 0x000000070ca00000|  0%| F|  |TAMS 0x000000070c800000, 0x000000070c800000| Untracked 
|  27|0x000000070ca00000, 0x000000070ca00000, 0x000000070cc00000|  0%| F|  |TAMS 0x000000070ca00000, 0x000000070ca00000| Untracked 
|  28|0x000000070cc00000, 0x000000070cc00000, 0x000000070ce00000|  0%| F|  |TAMS 0x000000070cc00000, 0x000000070cc00000| Untracked 
|  29|0x000000070ce00000, 0x000000070ce00000, 0x000000070d000000|  0%| F|  |TAMS 0x000000070ce00000, 0x000000070ce00000| Untracked 
|  30|0x000000070d000000, 0x000000070d000000, 0x000000070d200000|  0%| F|  |TAMS 0x000000070d000000, 0x000000070d000000| Untracked 
|  31|0x000000070d200000, 0x000000070d200000, 0x000000070d400000|  0%| F|  |TAMS 0x000000070d200000, 0x000000070d200000| Untracked 
|  32|0x000000070d400000, 0x000000070d400000, 0x000000070d600000|  0%| F|  |TAMS 0x000000070d400000, 0x000000070d400000| Untracked 
|  33|0x000000070d600000, 0x000000070d600000, 0x000000070d800000|  0%| F|  |TAMS 0x000000070d600000, 0x000000070d600000| Untracked 
|  34|0x000000070d800000, 0x000000070d800000, 0x000000070da00000|  0%| F|  |TAMS 0x000000070d800000, 0x000000070d800000| Untracked 
|  35|0x000000070da00000, 0x000000070da00000, 0x000000070dc00000|  0%| F|  |TAMS 0x000000070da00000, 0x000000070da00000| Untracked 
|  36|0x000000070dc00000, 0x000000070dc00000, 0x000000070de00000|  0%| F|  |TAMS 0x000000070dc00000, 0x000000070dc00000| Untracked 
|  37|0x000000070de00000, 0x000000070de00000, 0x000000070e000000|  0%| F|  |TAMS 0x000000070de00000, 0x000000070de00000| Untracked 
|  38|0x000000070e000000, 0x000000070e000000, 0x000000070e200000|  0%| F|  |TAMS 0x000000070e000000, 0x000000070e000000| Untracked 
|  39|0x000000070e200000, 0x000000070e200000, 0x000000070e400000|  0%| F|  |TAMS 0x000000070e200000, 0x000000070e200000| Untracked 
|  40|0x000000070e400000, 0x000000070e400000, 0x000000070e600000|  0%| F|  |TAMS 0x000000070e400000, 0x000000070e400000| Untracked 
|  41|0x000000070e600000, 0x000000070e600000, 0x000000070e800000|  0%| F|  |TAMS 0x000000070e600000, 0x000000070e600000| Untracked 
|  42|0x000000070e800000, 0x000000070e800000, 0x000000070ea00000|  0%| F|  |TAMS 0x000000070e800000, 0x000000070e800000| Untracked 
|  43|0x000000070ea00000, 0x000000070ea00000, 0x000000070ec00000|  0%| F|  |TAMS 0x000000070ea00000, 0x000000070ea00000| Untracked 
|  44|0x000000070ec00000, 0x000000070ec00000, 0x000000070ee00000|  0%| F|  |TAMS 0x000000070ec00000, 0x000000070ec00000| Untracked 
|  45|0x000000070ee00000, 0x000000070ee00000, 0x000000070f000000|  0%| F|  |TAMS 0x000000070ee00000, 0x000000070ee00000| Untracked 
|  46|0x000000070f000000, 0x000000070f000000, 0x000000070f200000|  0%| F|  |TAMS 0x000000070f000000, 0x000000070f000000| Untracked 
|  47|0x000000070f200000, 0x000000070f200000, 0x000000070f400000|  0%| F|  |TAMS 0x000000070f200000, 0x000000070f200000| Untracked 
|  48|0x000000070f400000, 0x000000070f400000, 0x000000070f600000|  0%| F|  |TAMS 0x000000070f400000, 0x000000070f400000| Untracked 
|  49|0x000000070f600000, 0x000000070f600000, 0x000000070f800000|  0%| F|  |TAMS 0x000000070f600000, 0x000000070f600000| Untracked 
|  50|0x000000070f800000, 0x000000070f800000, 0x000000070fa00000|  0%| F|  |TAMS 0x000000070f800000, 0x000000070f800000| Untracked 
|  51|0x000000070fa00000, 0x000000070fa00000, 0x000000070fc00000|  0%| F|  |TAMS 0x000000070fa00000, 0x000000070fa00000| Untracked 
|  52|0x000000070fc00000, 0x000000070fc00000, 0x000000070fe00000|  0%| F|  |TAMS 0x000000070fc00000, 0x000000070fc00000| Untracked 
|  53|0x000000070fe00000, 0x000000070fe00000, 0x0000000710000000|  0%| F|  |TAMS 0x000000070fe00000, 0x000000070fe00000| Untracked 
|  54|0x0000000710000000, 0x0000000710000000, 0x0000000710200000|  0%| F|  |TAMS 0x0000000710000000, 0x0000000710000000| Untracked 
|  55|0x0000000710200000, 0x0000000710200000, 0x0000000710400000|  0%| F|  |TAMS 0x0000000710200000, 0x0000000710200000| Untracked 
|  56|0x0000000710400000, 0x0000000710400000, 0x0000000710600000|  0%| F|  |TAMS 0x0000000710400000, 0x0000000710400000| Untracked 
|  57|0x0000000710600000, 0x0000000710600000, 0x0000000710800000|  0%| F|  |TAMS 0x0000000710600000, 0x0000000710600000| Untracked 
|  58|0x0000000710800000, 0x0000000710800000, 0x0000000710a00000|  0%| F|  |TAMS 0x0000000710800000, 0x0000000710800000| Untracked 
|  59|0x0000000710a00000, 0x0000000710a00000, 0x0000000710c00000|  0%| F|  |TAMS 0x0000000710a00000, 0x0000000710a00000| Untracked 
|  60|0x0000000710c00000, 0x0000000710c00000, 0x0000000710e00000|  0%| F|  |TAMS 0x0000000710c00000, 0x0000000710c00000| Untracked 
|  61|0x0000000710e00000, 0x0000000710e00000, 0x0000000711000000|  0%| F|  |TAMS 0x0000000710e00000, 0x0000000710e00000| Untracked 
|  62|0x0000000711000000, 0x0000000711000000, 0x0000000711200000|  0%| F|  |TAMS 0x0000000711000000, 0x0000000711000000| Untracked 
|  63|0x0000000711200000, 0x0000000711200000, 0x0000000711400000|  0%| F|  |TAMS 0x0000000711200000, 0x0000000711200000| Untracked 
|  64|0x0000000711400000, 0x0000000711400000, 0x0000000711600000|  0%| F|  |TAMS 0x0000000711400000, 0x0000000711400000| Untracked 
|  65|0x0000000711600000, 0x0000000711600000, 0x0000000711800000|  0%| F|  |TAMS 0x0000000711600000, 0x0000000711600000| Untracked 
|  66|0x0000000711800000, 0x0000000711800000, 0x0000000711a00000|  0%| F|  |TAMS 0x0000000711800000, 0x0000000711800000| Untracked 
|  67|0x0000000711a00000, 0x0000000711a00000, 0x0000000711c00000|  0%| F|  |TAMS 0x0000000711a00000, 0x0000000711a00000| Untracked 
|  68|0x0000000711c00000, 0x0000000711c00000, 0x0000000711e00000|  0%| F|  |TAMS 0x0000000711c00000, 0x0000000711c00000| Untracked 
|  69|0x0000000711e00000, 0x0000000711e00000, 0x0000000712000000|  0%| F|  |TAMS 0x0000000711e00000, 0x0000000711e00000| Untracked 
|  70|0x0000000712000000, 0x0000000712000000, 0x0000000712200000|  0%| F|  |TAMS 0x0000000712000000, 0x0000000712000000| Untracked 
|  71|0x0000000712200000, 0x0000000712200000, 0x0000000712400000|  0%| F|  |TAMS 0x0000000712200000, 0x0000000712200000| Untracked 
|  72|0x0000000712400000, 0x0000000712400000, 0x0000000712600000|  0%| F|  |TAMS 0x0000000712400000, 0x0000000712400000| Untracked 
|  73|0x0000000712600000, 0x0000000712600000, 0x0000000712800000|  0%| F|  |TAMS 0x0000000712600000, 0x0000000712600000| Untracked 
|  74|0x0000000712800000, 0x0000000712800000, 0x0000000712a00000|  0%| F|  |TAMS 0x0000000712800000, 0x0000000712800000| Untracked 
|  75|0x0000000712a00000, 0x0000000712a00000, 0x0000000712c00000|  0%| F|  |TAMS 0x0000000712a00000, 0x0000000712a00000| Untracked 
|  76|0x0000000712c00000, 0x0000000712c00000, 0x0000000712e00000|  0%| F|  |TAMS 0x0000000712c00000, 0x0000000712c00000| Untracked 
|  77|0x0000000712e00000, 0x0000000712e00000, 0x0000000713000000|  0%| F|  |TAMS 0x0000000712e00000, 0x0000000712e00000| Untracked 
|  78|0x0000000713000000, 0x0000000713000000, 0x0000000713200000|  0%| F|  |TAMS 0x0000000713000000, 0x0000000713000000| Untracked 
|  79|0x0000000713200000, 0x0000000713200000, 0x0000000713400000|  0%| F|  |TAMS 0x0000000713200000, 0x0000000713200000| Untracked 
|  80|0x0000000713400000, 0x0000000713400000, 0x0000000713600000|  0%| F|  |TAMS 0x0000000713400000, 0x0000000713400000| Untracked 
|  81|0x0000000713600000, 0x0000000713600000, 0x0000000713800000|  0%| F|  |TAMS 0x0000000713600000, 0x0000000713600000| Untracked 
|  82|0x0000000713800000, 0x0000000713800000, 0x0000000713a00000|  0%| F|  |TAMS 0x0000000713800000, 0x0000000713800000| Untracked 
|  83|0x0000000713a00000, 0x0000000713a00000, 0x0000000713c00000|  0%| F|  |TAMS 0x0000000713a00000, 0x0000000713a00000| Untracked 
|  84|0x0000000713c00000, 0x0000000713c00000, 0x0000000713e00000|  0%| F|  |TAMS 0x0000000713c00000, 0x0000000713c00000| Untracked 
|  85|0x0000000713e00000, 0x0000000713e00000, 0x0000000714000000|  0%| F|  |TAMS 0x0000000713e00000, 0x0000000713e00000| Untracked 
|  86|0x0000000714000000, 0x0000000714000000, 0x0000000714200000|  0%| F|  |TAMS 0x0000000714000000, 0x0000000714000000| Untracked 
|  87|0x0000000714200000, 0x0000000714200000, 0x0000000714400000|  0%| F|  |TAMS 0x0000000714200000, 0x0000000714200000| Untracked 
|  88|0x0000000714400000, 0x0000000714400000, 0x0000000714600000|  0%| F|  |TAMS 0x0000000714400000, 0x0000000714400000| Untracked 
|  89|0x0000000714600000, 0x0000000714600000, 0x0000000714800000|  0%| F|  |TAMS 0x0000000714600000, 0x0000000714600000| Untracked 
|  90|0x0000000714800000, 0x0000000714800000, 0x0000000714a00000|  0%| F|  |TAMS 0x0000000714800000, 0x0000000714800000| Untracked 
|  91|0x0000000714a00000, 0x0000000714a00000, 0x0000000714c00000|  0%| F|  |TAMS 0x0000000714a00000, 0x0000000714a00000| Untracked 
|  92|0x0000000714c00000, 0x0000000714c00000, 0x0000000714e00000|  0%| F|  |TAMS 0x0000000714c00000, 0x0000000714c00000| Untracked 
|  93|0x0000000714e00000, 0x0000000714e00000, 0x0000000715000000|  0%| F|  |TAMS 0x0000000714e00000, 0x0000000714e00000| Untracked 
|  94|0x0000000715000000, 0x0000000715000000, 0x0000000715200000|  0%| F|  |TAMS 0x0000000715000000, 0x0000000715000000| Untracked 
|  95|0x0000000715200000, 0x0000000715200000, 0x0000000715400000|  0%| F|  |TAMS 0x0000000715200000, 0x0000000715200000| Untracked 
|  96|0x0000000715400000, 0x0000000715400000, 0x0000000715600000|  0%| F|  |TAMS 0x0000000715400000, 0x0000000715400000| Untracked 
|  97|0x0000000715600000, 0x0000000715600000, 0x0000000715800000|  0%| F|  |TAMS 0x0000000715600000, 0x0000000715600000| Untracked 
|  98|0x0000000715800000, 0x0000000715800000, 0x0000000715a00000|  0%| F|  |TAMS 0x0000000715800000, 0x0000000715800000| Untracked 
|  99|0x0000000715a00000, 0x0000000715a00000, 0x0000000715c00000|  0%| F|  |TAMS 0x0000000715a00000, 0x0000000715a00000| Untracked 
| 100|0x0000000715c00000, 0x0000000715c00000, 0x0000000715e00000|  0%| F|  |TAMS 0x0000000715c00000, 0x0000000715c00000| Untracked 
| 101|0x0000000715e00000, 0x0000000715e00000, 0x0000000716000000|  0%| F|  |TAMS 0x0000000715e00000, 0x0000000715e00000| Untracked 
| 102|0x0000000716000000, 0x0000000716000000, 0x0000000716200000|  0%| F|  |TAMS 0x0000000716000000, 0x0000000716000000| Untracked 
| 103|0x0000000716200000, 0x0000000716200000, 0x0000000716400000|  0%| F|  |TAMS 0x0000000716200000, 0x0000000716200000| Untracked 
| 104|0x0000000716400000, 0x0000000716400000, 0x0000000716600000|  0%| F|  |TAMS 0x0000000716400000, 0x0000000716400000| Untracked 
| 105|0x0000000716600000, 0x0000000716600000, 0x0000000716800000|  0%| F|  |TAMS 0x0000000716600000, 0x0000000716600000| Untracked 
| 106|0x0000000716800000, 0x0000000716800000, 0x0000000716a00000|  0%| F|  |TAMS 0x0000000716800000, 0x0000000716800000| Untracked 
| 107|0x0000000716a00000, 0x0000000716a00000, 0x0000000716c00000|  0%| F|  |TAMS 0x0000000716a00000, 0x0000000716a00000| Untracked 
| 108|0x0000000716c00000, 0x0000000716c00000, 0x0000000716e00000|  0%| F|  |TAMS 0x0000000716c00000, 0x0000000716c00000| Untracked 
| 109|0x0000000716e00000, 0x0000000716e00000, 0x0000000717000000|  0%| F|  |TAMS 0x0000000716e00000, 0x0000000716e00000| Untracked 
| 110|0x0000000717000000, 0x0000000717000000, 0x0000000717200000|  0%| F|  |TAMS 0x0000000717000000, 0x0000000717000000| Untracked 
| 111|0x0000000717200000, 0x0000000717200000, 0x0000000717400000|  0%| F|  |TAMS 0x0000000717200000, 0x0000000717200000| Untracked 
| 112|0x0000000717400000, 0x0000000717400000, 0x0000000717600000|  0%| F|  |TAMS 0x0000000717400000, 0x0000000717400000| Untracked 
| 113|0x0000000717600000, 0x0000000717600000, 0x0000000717800000|  0%| F|  |TAMS 0x0000000717600000, 0x0000000717600000| Untracked 
| 114|0x0000000717800000, 0x0000000717800000, 0x0000000717a00000|  0%| F|  |TAMS 0x0000000717800000, 0x0000000717800000| Untracked 
| 115|0x0000000717a00000, 0x0000000717a00000, 0x0000000717c00000|  0%| F|  |TAMS 0x0000000717a00000, 0x0000000717a00000| Untracked 
| 116|0x0000000717c00000, 0x0000000717c00000, 0x0000000717e00000|  0%| F|  |TAMS 0x0000000717c00000, 0x0000000717c00000| Untracked 
| 117|0x0000000717e00000, 0x0000000717e00000, 0x0000000718000000|  0%| F|  |TAMS 0x0000000717e00000, 0x0000000717e00000| Untracked 
| 118|0x0000000718000000, 0x0000000718000000, 0x0000000718200000|  0%| F|  |TAMS 0x0000000718000000, 0x0000000718000000| Untracked 
| 119|0x0000000718200000, 0x0000000718200000, 0x0000000718400000|  0%| F|  |TAMS 0x0000000718200000, 0x0000000718200000| Untracked 
| 120|0x0000000718400000, 0x0000000718400000, 0x0000000718600000|  0%| F|  |TAMS 0x0000000718400000, 0x0000000718400000| Untracked 
| 121|0x0000000718600000, 0x00000007187c2950, 0x0000000718800000| 88%| E|  |TAMS 0x0000000718600000, 0x0000000718600000| Complete 
| 122|0x0000000718800000, 0x0000000718a00000, 0x0000000718a00000|100%| E|CS|TAMS 0x0000000718800000, 0x0000000718800000| Complete 
| 123|0x0000000718a00000, 0x0000000718c00000, 0x0000000718c00000|100%| E|CS|TAMS 0x0000000718a00000, 0x0000000718a00000| Complete 
|1972|0x00000007ffc00000, 0x00000007ffd75000, 0x00000007ffe00000| 72%|OA|  |TAMS 0x00000007ffc00000, 0x00000007ffc00000| Untracked 
|1973|0x00000007ffe00000, 0x00000007ffe78000, 0x0000000800000000| 23%|CA|  |TAMS 0x00000007ffe00000, 0x00000007ffe00000| Untracked 

Card table byte_map: [0x000074a6bbb8d000,0x000074a6bc343000] _byte_map_base: 0x000074a6b8343000

Marking Bits (Prev, Next): (CMBitMap*) 0x000074a6d4095710, (CMBitMap*) 0x000074a6d4095750
 Prev Bits: [0x000074a6b7627000, 0x000074a6bb3d7000)
 Next Bits: [0x000074a6b3877000, 0x000074a6b7627000)

Polling page: 0x000074a6d97dc000

Metaspace:

Usage:
  Non-class:      2.33 MB used.
      Class:    270.70 KB used.
       Both:      2.59 MB used.

Virtual space:
  Non-class space:       64.00 MB reserved,       2.38 MB (  4%) committed,  1 nodes.
      Class space:        1.00 GB reserved,     384.00 KB ( <1%) committed,  1 nodes.
             Both:        1.06 GB reserved,       2.75 MB ( <1%) committed. 

Chunk freelists:
   Non-Class:  11.00 MB
       Class:  15.60 MB
        Both:  26.60 MB

MaxMetaspaceSize: unlimited
CompressedClassSpaceSize: 1.00 GB
Initial GC threshold: 21.00 MB
Current GC threshold: 21.00 MB
CDS: on
MetaspaceReclaimPolicy: balanced
 - commit_granule_bytes: 65536.
 - commit_granule_words: 8192.
 - virtual_space_node_default_size: 8388608.
 - enlarge_chunks_in_place: 1.
 - new_chunks_are_fully_committed: 0.
 - uncommit_free_chunks: 1.
 - use_allocation_guard: 0.
 - handle_deallocations: 1.


Internal statistics:

num_allocs_failed_limit: 0.
num_arena_births: 76.
num_arena_deaths: 0.
num_vsnodes_births: 2.
num_vsnodes_deaths: 0.
num_space_committed: 44.
num_space_uncommitted: 0.
num_chunks_returned_to_freelist: 0.
num_chunks_taken_from_freelist: 140.
num_chunk_merges: 0.
num_chunk_splits: 91.
num_chunks_enlarged: 55.
num_inconsistent_stats: 0.

CodeHeap 'non-profiled nmethods': size=120028Kb used=189Kb max_used=189Kb free=119838Kb
 bounds [0x000074a6c4cc9000, 0x000074a6c4f39000, 0x000074a6cc200000]
CodeHeap 'profiled nmethods': size=120028Kb used=844Kb max_used=844Kb free=119183Kb
 bounds [0x000074a6bd200000, 0x000074a6bd470000, 0x000074a6c4737000]
CodeHeap 'non-nmethods': size=5704Kb used=1161Kb max_used=1176Kb free=4542Kb
 bounds [0x000074a6c4737000, 0x000074a6c49a7000, 0x000074a6c4cc9000]
 total_blobs=1068 nmethods=607 adapters=375
 compilation: enabled
              stopped_count=0, restarted_count=0
 full_count=0

Compilation events (20 events):
Event: 0.384 Thread 0x000074a6d41995e0 nmethod 577 0x000074a6bd2cad90 code [0x000074a6bd2cafa0, 0x000074a6bd2cb670]
Event: 0.385 Thread 0x000074a6d41995e0  579       3       sun.invoke.util.BytecodeDescriptor::unparseSig (49 bytes)
Event: 0.385 Thread 0x000074a6d41995e0 nmethod 579 0x000074a6bd2cb910 code [0x000074a6bd2cbb40, 0x000074a6bd2cc060]
Event: 0.385 Thread 0x000074a6d41995e0  580       3       sun.invoke.util.Wrapper::forBasicType (16 bytes)
Event: 0.386 Thread 0x000074a6d41995e0 nmethod 580 0x000074a6bd2cc290 code [0x000074a6bd2cc440, 0x000074a6bd2cc5e0]
Event: 0.387 Thread 0x000074a6d41980b0 nmethod 569 0x000074a6c4cf4c90 code [0x000074a6c4cf4e20, 0x000074a6c4cf5338]
Event: 0.387 Thread 0x000074a6d41980b0  571       4       java.lang.AbstractStringBuilder::ensureCapacityInternal (39 bytes)
Event: 0.389 Thread 0x000074a6d41995e0  582       3       jdk.internal.ref.CleanerImpl::getCleanerImpl (13 bytes)
Event: 0.389 Thread 0x000074a6d41995e0 nmethod 582 0x000074a6bd2cc690 code [0x000074a6bd2cc840, 0x000074a6bd2ccb00]
Event: 0.389 Thread 0x000074a6d41995e0  583       3       java.lang.ref.Cleaner$1::apply (9 bytes)
Event: 0.389 Thread 0x000074a6d41995e0 nmethod 583 0x000074a6bd2ccc10 code [0x000074a6bd2ccdc0, 0x000074a6bd2cd030]
Event: 0.389 Thread 0x000074a6d41995e0  584       3       java.lang.ref.Cleaner$1::apply (5 bytes)
Event: 0.389 Thread 0x000074a6d41995e0 nmethod 584 0x000074a6bd2cd110 code [0x000074a6bd2cd2a0, 0x000074a6bd2cd3b0]
Event: 0.389 Thread 0x000074a6d41980b0 nmethod 571 0x000074a6c4cf5990 code [0x000074a6c4cf5b20, 0x000074a6c4cf5f78]
Event: 0.389 Thread 0x000074a6d41995e0  586       3       java.lang.System$2::findBootstrapClassOrNull (5 bytes)
Event: 0.389 Thread 0x000074a6d41995e0 nmethod 586 0x000074a6bd2cd490 code [0x000074a6bd2cd660, 0x000074a6bd2cd870]
Event: 0.389 Thread 0x000074a6d41995e0  587       3       java.lang.ClassLoader::findBootstrapClassOrNull (14 bytes)
Event: 0.389 Thread 0x000074a6d41995e0 nmethod 587 0x000074a6bd2cd990 code [0x000074a6bd2cdb40, 0x000074a6bd2cdcf0]
Event: 0.390 Thread 0x000074a6d41980b0  594       4       java.lang.String::<init> (15 bytes)
Event: 0.390 Thread 0x000074a6d41995e0  589   !   3       jdk.internal.loader.BuiltinClassLoader::loadClassOrNull (143 bytes)

GC Heap History (0 events):
No events

Dll operation events (9 events):
Event: 0.001 Loaded shared library /home/tom/.jdks/temurin-17.0.15/lib/libjava.so
Event: 0.015 Loaded shared library /home/tom/.jdks/temurin-17.0.15/lib/libjsvml.so
Event: 0.074 Loaded shared library /home/tom/.jdks/temurin-17.0.15/lib/libnio.so
Event: 0.079 Loaded shared library /home/tom/.jdks/temurin-17.0.15/lib/libzip.so
Event: 0.117 Loaded shared library /home/tom/.jdks/temurin-17.0.15/lib/libjimage.so
Event: 0.148 Loaded shared library /usr/lib/libraylib.so.5.5.0
Event: 0.163 Loaded shared library /home/tom/.javacpp/cache/jaylib-5.5.0-2.jar/com/raylib/linux-x86_64/libjniRaylib.so
Event: 0.368 Loaded shared library /home/tom/.jdks/temurin-17.0.15/lib/libawt.so
Event: 0.370 Loaded shared library /home/tom/.jdks/temurin-17.0.15/lib/libawt_xawt.so

Deoptimization events (6 events):
Event: 0.178 Thread 0x000074a6d402a290 DEOPT PACKING pc=0x000074a6bd22aa36 sp=0x000074a6d83164a0
Event: 0.178 Thread 0x000074a6d402a290 DEOPT UNPACKING pc=0x000074a6c478de2f sp=0x000074a6d83158e0 mode 0
Event: 0.186 Thread 0x000074a6d402a290 DEOPT PACKING pc=0x000074a6bd2067c2 sp=0x000074a6d83165f0
Event: 0.186 Thread 0x000074a6d402a290 DEOPT UNPACKING pc=0x000074a6c478de2f sp=0x000074a6d8315a88 mode 0
Event: 0.381 Thread 0x000074a6d402a290 DEOPT PACKING pc=0x000074a6bd22b89a sp=0x000074a6d8317a50
Event: 0.381 Thread 0x000074a6d402a290 DEOPT UNPACKING pc=0x000074a6c478de2f sp=0x000074a6d8316ee8 mode 0

Classes loaded (20 events):
Event: 0.387 Loading class java/util/stream/SpinedBuffer done
Event: 0.387 Loading class java/util/stream/Nodes$SpinedNodeBuilder done
Event: 0.388 Loading class java/lang/NoSuchFieldError
Event: 0.388 Loading class java/lang/NoSuchFieldError done
Event: 0.388 Loading class java/lang/StrictMath
Event: 0.389 Loading class java/lang/StrictMath done
Event: 0.389 Loading class javax/sound/sampled/UnsupportedAudioFileException
Event: 0.389 Loading class javax/sound/sampled/UnsupportedAudioFileException done
Event: 0.389 Loading class javax/sound/sampled/LineUnavailableException
Event: 0.389 Loading class javax/sound/sampled/LineUnavailableException done
Event: 0.389 Loading class javax/sound/sampled/Line$Info
Event: 0.389 Loading class javax/sound/sampled/Line$Info done
Event: 0.389 Loading class javax/sound/sampled/DataLine$Info
Event: 0.389 Loading class javax/sound/sampled/DataLine$Info done
Event: 0.389 Loading class javax/sound/sampled/Control$Type
Event: 0.389 Loading class javax/sound/sampled/Control$Type done
Event: 0.389 Loading class javax/sound/sampled/FloatControl$Type
Event: 0.389 Loading class javax/sound/sampled/FloatControl$Type done
Event: 0.390 Loading class java/lang/Math$RandomNumberGeneratorHolder
Event: 0.390 Loading class java/lang/Math$RandomNumberGeneratorHolder done

Classes unloaded (0 events):
No events

Classes redefined (0 events):
No events

Internal exceptions (14 events):
Event: 0.102 Thread 0x000074a6d402a290 Exception <a 'java/lang/NoSuchMethodError'{0x0000000718ba1610}: 'int java.lang.invoke.DirectMethodHandle$Holder.invokeStaticInit(java.lang.Object, java.lang.Object, java.lang.Object, java.lang.Object)'> (0x0000000718ba1610) 
thrown [src/hotspot/share/interpreter/linkResolver.cpp, line 758]
Event: 0.104 Thread 0x000074a6d402a290 Exception <a 'java/lang/NoSuchMethodError'{0x0000000718baad58}: 'java.lang.Object java.lang.invoke.DirectMethodHandle$Holder.invokeInterface(java.lang.Object, java.lang.Object)'> (0x0000000718baad58) 
thrown [src/hotspot/share/interpreter/linkResolver.cpp, line 758]
Event: 0.105 Thread 0x000074a6d402a290 Exception <a 'java/lang/IncompatibleClassChangeError'{0x0000000718bae2a8}: Found class java.lang.Object, but interface was expected> (0x0000000718bae2a8) 
thrown [src/hotspot/share/interpreter/linkResolver.cpp, line 826]
Event: 0.106 Thread 0x000074a6d402a290 Exception <a 'java/lang/NoSuchMethodError'{0x0000000718bb1240}: 'void java.lang.invoke.DirectMethodHandle$Holder.invokeStatic(java.lang.Object, java.lang.Object)'> (0x0000000718bb1240) 
thrown [src/hotspot/share/interpreter/linkResolver.cpp, line 758]
Event: 0.107 Thread 0x000074a6d402a290 Exception <a 'java/lang/NoSuchMethodError'{0x0000000718bb48b0}: 'void java.lang.invoke.DirectMethodHandle$Holder.invokeStaticInit(java.lang.Object, java.lang.Object)'> (0x0000000718bb48b0) 
thrown [src/hotspot/share/interpreter/linkResolver.cpp, line 758]
Event: 0.109 Thread 0x000074a6d402a290 Exception <a 'java/lang/NoSuchMethodError'{0x0000000718bbbdb0}: 'int java.lang.invoke.DirectMethodHandle$Holder.invokeStaticInit(java.lang.Object, java.lang.Object)'> (0x0000000718bbbdb0) 
thrown [src/hotspot/share/interpreter/linkResolver.cpp, line 758]
Event: 0.161 Thread 0x000074a6d402a290 Exception <a 'java/lang/NoSuchMethodError'{0x000000071891d3a8}: 'java.lang.Object java.lang.invoke.DirectMethodHandle$Holder.invokeStatic(java.lang.Object, int, java.lang.Object)'> (0x000000071891d3a8) 
thrown [src/hotspot/share/interpreter/linkResolver.cpp, line 758]
Event: 0.363 Thread 0x000074a6d402a290 Exception <a 'java/lang/ClassNotFoundException'{0x000000071864b0b8}: sun/awt/resources/spi/awtProvider> (0x000000071864b0b8) 
thrown [src/hotspot/share/classfile/systemDictionary.cpp, line 256]
Event: 0.374 Thread 0x000074a6d402a290 Exception <a 'java/io/FileNotFoundException'{0x0000000718686848}> (0x0000000718686848) 
thrown [src/hotspot/share/prims/jni.cpp, line 516]
Event: 0.378 Thread 0x000074a6d402a290 Exception <a 'java/io/FileNotFoundException'{0x00000007186b3518}> (0x00000007186b3518) 
thrown [src/hotspot/share/prims/jni.cpp, line 516]
Event: 0.382 Thread 0x000074a6d402a290 Exception <a 'java/lang/NoSuchMethodError'{0x00000007186d25d8}: 'double java.lang.invoke.DirectMethodHandle$Holder.invokeStatic(java.lang.Object, java.lang.Object)'> (0x00000007186d25d8) 
thrown [src/hotspot/share/interpreter/linkResolver.cpp, line 758]
Event: 0.383 Thread 0x000074a6d402a290 Exception <a 'java/lang/NoSuchMethodError'{0x00000007186d94c0}: 'java.lang.Object java.lang.invoke.Invokers$Holder.invokeExact_MT(java.lang.Object, java.lang.Object, java.lang.Object, java.lang.Object, java.lang.Object, java.lang.Object)'> (0x00000007186d94c0) 
thrown [src/hotspot/share/interpreter/linkResolver.cpp, line 758]
Event: 0.385 Thread 0x000074a6d402a290 Exception <a 'java/lang/NoSuchMethodError'{0x00000007186e1cc0}: 'int java.lang.invoke.DirectMethodHandle$Holder.invokeSpecial(java.lang.Object, java.lang.Object, java.lang.Object)'> (0x00000007186e1cc0) 
thrown [src/hotspot/share/interpreter/linkResolver.cpp, line 758]
Event: 0.390 Thread 0x000074a6d402a290 Exception <a 'java/lang/NoSuchMethodError'{0x00000007186f5970}: 'void java.lang.invoke.DirectMethodHandle$Holder.invokeStatic(java.lang.Object, java.lang.Object, java.lang.Object)'> (0x00000007186f5970) 
thrown [src/hotspot/share/interpreter/linkResolver.cpp, line 758]

VM Operations (0 events):
No events

Memory protections (13 events):
Event: 0.001 Protecting memory [0x000074a6d821a000,0x000074a6d821e000] with protection modes 0
Event: 0.019 Protecting memory [0x000074a6b07a4000,0x000074a6b07a8000] with protection modes 0
Event: 0.019 Protecting memory [0x000074a6b06a3000,0x000074a6b06a7000] with protection modes 0
Event: 0.022 Protecting memory [0x000074a6b05a2000,0x000074a6b05a6000] with protection modes 0
Event: 0.022 Protecting memory [0x000074a6b04a1000,0x000074a6b04a5000] with protection modes 0
Event: 0.022 Protecting memory [0x000074a6b03a0000,0x000074a6b03a4000] with protection modes 0
Event: 0.022 Protecting memory [0x000074a6b029f000,0x000074a6b02a3000] with protection modes 0
Event: 0.022 Protecting memory [0x000074a6b019e000,0x000074a6b01a2000] with protection modes 0
Event: 0.022 Protecting memory [0x000074a6b009d000,0x000074a6b00a1000] with protection modes 0
Event: 0.026 Protecting memory [0x000074a656f00000,0x000074a656f04000] with protection modes 0
Event: 0.028 Protecting memory [0x000074a656cfe000,0x000074a656d02000] with protection modes 0
Event: 0.170 Protecting memory [0x000074a656a1a000,0x000074a656a1e000] with protection modes 0
Event: 0.389 Protecting memory [0x000074a655442000,0x000074a655446000] with protection modes 0

Nmethod flushes (0 events):
No events

Events (13 events):
Event: 0.015 Thread 0x000074a6d402a290 Thread added: 0x000074a6d402a290
Event: 0.018 Thread 0x000074a6d402a290 Thread added: 0x000074a6d418d5c0
Event: 0.019 Thread 0x000074a6d402a290 Thread added: 0x000074a6d418e9a0
Event: 0.022 Thread 0x000074a6d402a290 Thread added: 0x000074a6d4193f40
Event: 0.022 Thread 0x000074a6d402a290 Thread added: 0x000074a6d41952f0
Event: 0.022 Thread 0x000074a6d402a290 Thread added: 0x000074a6d4196700
Event: 0.022 Thread 0x000074a6d402a290 Thread added: 0x000074a6d41980b0
Event: 0.022 Thread 0x000074a6d402a290 Thread added: 0x000074a6d41995e0
Event: 0.022 Thread 0x000074a6d402a290 Thread added: 0x000074a6d41a2a40
Event: 0.026 Thread 0x000074a6d402a290 Thread added: 0x000074a6d41aabf0
Event: 0.028 Thread 0x000074a6d402a290 Thread added: 0x000074a6d41ada40
Event: 0.170 Thread 0x000074a6d402a290 Thread added: 0x000074a6d4291740
Event: 0.389 Thread 0x000074a6d402a290 Thread added: 0x000074a6d4d565e0


Dynamic libraries:
404f9000-405a8000 rw-p 00000000 00:00 0 
419d6000-419d8000 r-xs 00000000 00:01 60919                              /memfd:/.glXXXXXX (deleted)
709400000-718c00000 rw-p 00000000 00:00 0 
718c00000-7ffc00000 ---p 00000000 00:00 0 
7ffc00000-7ffd00000 rw-p 00000000 00:00 0 
7ffd00000-7ffd75000 rw-p 00c79000 00:28 1033232                          /home/tom/.jdks/temurin-17.0.15/lib/server/classes.jsa
7ffd75000-7ffe00000 rw-p 00000000 00:00 0 
7ffe00000-7ffe78000 rw-p 00c01000 00:28 1033232                          /home/tom/.jdks/temurin-17.0.15/lib/server/classes.jsa
7ffe78000-800000000 rw-p 00000000 00:00 0 
5c04251b0000-5c04251b1000 r--p 00000000 00:28 1033380                    /home/tom/.jdks/temurin-17.0.15/bin/java
5c04251b1000-5c04251b2000 r-xp 00001000 00:28 1033380                    /home/tom/.jdks/temurin-17.0.15/bin/java
5c04251b2000-5c04251b3000 r--p 00002000 00:28 1033380                    /home/tom/.jdks/temurin-17.0.15/bin/java
5c04251b3000-5c04251b4000 r--p 00002000 00:28 1033380                    /home/tom/.jdks/temurin-17.0.15/bin/java
5c04251b4000-5c04251b5000 rw-p 00003000 00:28 1033380                    /home/tom/.jdks/temurin-17.0.15/bin/java
5c0438d03000-5c0438d4b000 rw-p 00000000 00:00 0                          [heap]
74a604000000-74a604021000 rw-p 00000000 00:00 0 
74a604021000-74a608000000 ---p 00000000 00:00 0 
74a608200000-74a608445000 r--p 00000000 00:28 439067                     /usr/lib64/libnvidia-gpucomp.so.570.124.04
74a608445000-74a60b021000 r-xp 00245000 00:28 439067                     /usr/lib64/libnvidia-gpucomp.so.570.124.04
74a60b021000-74a60bc75000 r--p 02e21000 00:28 439067                     /usr/lib64/libnvidia-gpucomp.so.570.124.04
74a60bc75000-74a60bde9000 r--p 03a74000 00:28 439067                     /usr/lib64/libnvidia-gpucomp.so.570.124.04
74a60bde9000-74a60becc000 rw-p 03be8000 00:28 439067                     /usr/lib64/libnvidia-gpucomp.so.570.124.04
74a60becc000-74a60bfa7000 rw-p 00000000 00:00 0 
74a60c000000-74a60c021000 rw-p 00000000 00:00 0 
74a60c021000-74a610000000 ---p 00000000 00:00 0 
74a611c00000-74a611e53000 r-xp 00000000 00:28 439064                     /usr/lib64/libnvidia-glcore.so.570.124.04
74a611e53000-74a611e74000 rwxp 00253000 00:28 439064                     /usr/lib64/libnvidia-glcore.so.570.124.04
74a611e74000-74a612000000 r-xp 00274000 00:28 439064                     /usr/lib64/libnvidia-glcore.so.570.124.04
74a612000000-74a612c00000 r-xp 00400000 00:28 439064                     /usr/lib64/libnvidia-glcore.so.570.124.04
74a612c00000-74a613c7a000 r-xp 01000000 00:28 439064                     /usr/lib64/libnvidia-glcore.so.570.124.04
74a613c7a000-74a613c7b000 ---p 0207a000 00:28 439064                     /usr/lib64/libnvidia-glcore.so.570.124.04
74a613c7b000-74a613df0000 r--p 0207a000 00:28 439064                     /usr/lib64/libnvidia-glcore.so.570.124.04
74a613df0000-74a613e52000 rw-p 021ef000 00:28 439064                     /usr/lib64/libnvidia-glcore.so.570.124.04
74a613e52000-74a613e70000 rw-p 00000000 00:00 0 
74a614000000-74a614021000 rw-p 00000000 00:00 0 
74a614021000-74a618000000 ---p 00000000 00:00 0 
74a618000000-74a618021000 rw-p 00000000 00:00 0 
74a618021000-74a61c000000 ---p 00000000 00:00 0 
74a61c000000-74a61c021000 rw-p 00000000 00:00 0 
74a61c021000-74a620000000 ---p 00000000 00:00 0 
74a620000000-74a620021000 rw-p 00000000 00:00 0 
74a620021000-74a624000000 ---p 00000000 00:00 0 
74a624000000-74a62411d000 rw-p 00000000 00:00 0 
74a62411d000-74a628000000 ---p 00000000 00:00 0 
74a628000000-74a628147000 rw-p 00000000 00:00 0 
74a628147000-74a62c000000 ---p 00000000 00:00 0 
74a62c000000-74a62c021000 rw-p 00000000 00:00 0 
74a62c021000-74a630000000 ---p 00000000 00:00 0 
74a630000000-74a630021000 rw-p 00000000 00:00 0 
74a630021000-74a634000000 ---p 00000000 00:00 0 
74a634000000-74a634021000 rw-p 00000000 00:00 0 
74a634021000-74a638000000 ---p 00000000 00:00 0 
74a63a200000-74a647f97000 r--p 00000000 00:28 32291                      /usr/lib/locale/locale-archive
74a648000000-74a648021000 rw-p 00000000 00:00 0 
74a648021000-74a64c000000 ---p 00000000 00:00 0 
74a64c000000-74a64c021000 rw-p 00000000 00:00 0 
74a64c021000-74a650000000 ---p 00000000 00:00 0 
74a650000000-74a650021000 rw-p 00000000 00:00 0 
74a650021000-74a654000000 ---p 00000000 00:00 0 
74a655441000-74a655442000 ---p 00000000 00:00 0 
74a655442000-74a655446000 ---p 00000000 00:00 0 
74a655446000-74a655542000 rw-p 00000000 00:00 0 
74a655542000-74a655556000 r--p 00000000 00:28 1033186                    /home/tom/.jdks/temurin-17.0.15/lib/libawt_xawt.so
74a655556000-74a65559d000 r-xp 00014000 00:28 1033186                    /home/tom/.jdks/temurin-17.0.15/lib/libawt_xawt.so
74a65559d000-74a6555b5000 r--p 0005b000 00:28 1033186                    /home/tom/.jdks/temurin-17.0.15/lib/libawt_xawt.so
74a6555b5000-74a6555b6000 ---p 00073000 00:28 1033186                    /home/tom/.jdks/temurin-17.0.15/lib/libawt_xawt.so
74a6555b6000-74a6555bb000 r--p 00073000 00:28 1033186                    /home/tom/.jdks/temurin-17.0.15/lib/libawt_xawt.so
74a6555bb000-74a6555bd000 rw-p 00078000 00:28 1033186                    /home/tom/.jdks/temurin-17.0.15/lib/libawt_xawt.so
74a6555bd000-74a6555bf000 rw-p 00000000 00:00 0 
74a6555bf000-74a6555ec000 r--p 00000000 00:28 1033206                    /home/tom/.jdks/temurin-17.0.15/lib/libawt.so
74a6555ec000-74a65566f000 r-xp 0002d000 00:28 1033206                    /home/tom/.jdks/temurin-17.0.15/lib/libawt.so
74a65566f000-74a65567c000 r--p 000b0000 00:28 1033206                    /home/tom/.jdks/temurin-17.0.15/lib/libawt.so
74a65567c000-74a65567d000 r--p 000bc000 00:28 1033206                    /home/tom/.jdks/temurin-17.0.15/lib/libawt.so
74a65567d000-74a655688000 rw-p 000bd000 00:28 1033206                    /home/tom/.jdks/temurin-17.0.15/lib/libawt.so
74a655688000-74a6556ad000 rw-p 00000000 00:00 0 
74a6556ad000-74a6558ad000 rw-s 00000000 00:06 1025                       /dev/nvidiactl
74a6558ad000-74a65592d000 rw-s 00000000 00:06 1025                       /dev/nvidiactl
74a65592d000-74a655a2d000 rw-s 00000000 00:06 1025                       /dev/nvidiactl
74a655a2d000-74a655aad000 rw-s 00000000 00:06 1025                       /dev/nvidiactl
74a655aad000-74a655ac0000 rw-s 00000000 00:06 1025                       /dev/nvidiactl
74a655ac0000-74a655b00000 rw-s 00000000 00:06 1025                       /dev/nvidiactl
74a655b00000-74a655b20000 rw-s 00000000 00:06 1025                       /dev/nvidiactl
74a655b20000-74a655b60000 rw-s 00000000 00:06 1025                       /dev/nvidiactl
74a655b60000-74a655b80000 rw-s 00000000 00:06 1025                       /dev/nvidiactl
74a655b80000-74a655c00000 rw-s 00000000 00:06 1027                       /dev/nvidia0
74a655c00000-74a655c22000 r-xp 00000000 00:28 439061                     /usr/lib64/libnvidia-allocator.so.570.124.04
74a655c22000-74a655e22000 ---p 00022000 00:28 439061                     /usr/lib64/libnvidia-allocator.so.570.124.04
74a655e22000-74a655e2a000 r--p 00022000 00:28 439061                     /usr/lib64/libnvidia-allocator.so.570.124.04
74a655e2a000-74a655e2b000 rw-p 0002a000 00:28 439061                     /usr/lib64/libnvidia-allocator.so.570.124.04
74a655e2b000-74a655e2c000 rw-p 00000000 00:00 0 
74a655e33000-74a655e37000 r-xp 00000000 00:28 56369                      /usr/lib64/libXtst.so.6.1.0
74a655e37000-74a655e39000 r--p 00004000 00:28 56369                      /usr/lib64/libXtst.so.6.1.0
74a655e39000-74a655e3a000 r--p 00005000 00:28 56369                      /usr/lib64/libXtst.so.6.1.0
74a655e3a000-74a655e3b000 rw-p 00006000 00:28 56369                      /usr/lib64/libXtst.so.6.1.0
74a655e3b000-74a655e7b000 rw-s 00000000 00:06 1025                       /dev/nvidiactl
74a655e7b000-74a655e7c000 r--p 00000000 00:28 57514                      /usr/lib64/libsystemd.so.0.39.0
74a655e7c000-74a655f1b000 r-xp 00001000 00:28 57514                      /usr/lib64/libsystemd.so.0.39.0
74a655f1b000-74a655f60000 r--p 000a0000 00:28 57514                      /usr/lib64/libsystemd.so.0.39.0
74a655f60000-74a655f6c000 r--p 000e4000 00:28 57514                      /usr/lib64/libsystemd.so.0.39.0
74a655f6c000-74a655f6d000 rw-p 000f0000 00:28 57514                      /usr/lib64/libsystemd.so.0.39.0
74a655f6d000-74a655f6e000 rw-p 00000000 00:00 0 
74a655f6e000-74a655f7b000 r--p 00000000 00:28 56557                      /usr/lib64/libdbus-1.so.3.32.4
74a655f7b000-74a655fae000 r-xp 0000d000 00:28 56557                      /usr/lib64/libdbus-1.so.3.32.4
74a655fae000-74a655fbf000 r--p 00040000 00:28 56557                      /usr/lib64/libdbus-1.so.3.32.4
74a655fbf000-74a655fc1000 r--p 00050000 00:28 56557                      /usr/lib64/libdbus-1.so.3.32.4
74a655fc1000-74a655fc2000 rw-p 00052000 00:28 56557                      /usr/lib64/libdbus-1.so.3.32.4
74a655fc2000-74a655fd2000 r--p 00000000 00:28 439065                     /usr/lib64/libnvidia-glsi.so.570.124.04
74a655fd2000-74a656031000 r-xp 00010000 00:28 439065                     /usr/lib64/libnvidia-glsi.so.570.124.04
74a656031000-74a65604e000 r--p 0006f000 00:28 439065                     /usr/lib64/libnvidia-glsi.so.570.124.04
74a65604e000-74a656054000 r--p 0008b000 00:28 439065                     /usr/lib64/libnvidia-glsi.so.570.124.04
74a656054000-74a656055000 rw-p 00091000 00:28 439065                     /usr/lib64/libnvidia-glsi.so.570.124.04
74a656055000-74a65605d000 rw-p 00000000 00:00 0 
74a65605d000-74a6560ae000 r--p 00000000 00:28 439059                     /usr/lib64/libGLX_nvidia.so.570.124.04
74a6560ae000-74a65610a000 r-xp 00051000 00:28 439059                     /usr/lib64/libGLX_nvidia.so.570.124.04
74a65610a000-74a65613f000 rwxp 000ad000 00:28 439059                     /usr/lib64/libGLX_nvidia.so.570.124.04
74a65613f000-74a656140000 r-xp 000e2000 00:28 439059                     /usr/lib64/libGLX_nvidia.so.570.124.04
74a656140000-74a656160000 r--p 000e3000 00:28 439059                     /usr/lib64/libGLX_nvidia.so.570.124.04
74a656160000-74a656180000 r--p 00102000 00:28 439059                     /usr/lib64/libGLX_nvidia.so.570.124.04
74a656180000-74a656185000 rw-p 00122000 00:28 439059                     /usr/lib64/libGLX_nvidia.so.570.124.04
74a656185000-74a656187000 rw-p 00000000 00:00 0 
74a656187000-74a656189000 r--p 00000000 00:28 55912                      /usr/lib64/libGLdispatch.so.0.0.0
74a656189000-74a65618c000 r-xp 00002000 00:28 55912                      /usr/lib64/libGLdispatch.so.0.0.0
74a65618c000-74a6561c7000 r-xp 00005000 00:28 55912                      /usr/lib64/libGLdispatch.so.0.0.0
74a6561c7000-74a6561c8000 r-xp 00040000 00:28 55912                      /usr/lib64/libGLdispatch.so.0.0.0
74a6561c8000-74a6561db000 r--p 00041000 00:28 55912                      /usr/lib64/libGLdispatch.so.0.0.0
74a6561db000-74a6561f7000 r--p 00054000 00:28 55912                      /usr/lib64/libGLdispatch.so.0.0.0
74a6561f7000-74a6561f8000 rw-p 00070000 00:28 55912                      /usr/lib64/libGLdispatch.so.0.0.0
74a6561f8000-74a656200000 rw-p 00000000 00:00 0 
74a656200000-74a656201000 r--p 00000000 00:28 57505                      /usr/lib64/libstdc++.so.6.0.33
74a656201000-74a656338000 r-xp 00001000 00:28 57505                      /usr/lib64/libstdc++.so.6.0.33
74a656338000-74a656451000 r--p 00138000 00:28 57505                      /usr/lib64/libstdc++.so.6.0.33
74a656451000-74a65645e000 r--p 00250000 00:28 57505                      /usr/lib64/libstdc++.so.6.0.33
74a65645e000-74a65645f000 rw-p 0025d000 00:28 57505                      /usr/lib64/libstdc++.so.6.0.33
74a65645f000-74a656463000 rw-p 00000000 00:00 0 
74a656469000-74a65646c000 rw-s 00000000 00:06 1025                       /dev/nvidiactl
74a65646c000-74a656470000 rw-s 00000000 00:06 1025                       /dev/nvidiactl
74a656470000-74a65647d000 r-xp 00000000 00:28 56595                      /usr/lib64/libdrm.so.2.124.0
74a65647d000-74a656485000 r--p 0000d000 00:28 56595                      /usr/lib64/libdrm.so.2.124.0
74a656485000-74a656486000 r--p 00015000 00:28 56595                      /usr/lib64/libdrm.so.2.124.0
74a656486000-74a656487000 rw-p 00000000 00:00 0 
74a6564a8000-74a6564ac000 r-xp 00000000 00:28 57708                      /usr/lib64/libxcb-xfixes.so.0.0.0
74a6564ac000-74a6564b0000 r--p 00004000 00:28 57708                      /usr/lib64/libxcb-xfixes.so.0.0.0
74a6564b0000-74a6564b1000 r--p 00008000 00:28 57708                      /usr/lib64/libxcb-xfixes.so.0.0.0
74a6564b1000-74a6564b2000 rw-p 00009000 00:28 57708                      /usr/lib64/libxcb-xfixes.so.0.0.0
74a6564b2000-74a6564b6000 r-xp 00000000 00:28 57705                      /usr/lib64/libxcb-sync.so.1.0.0
74a6564b6000-74a6564b9000 r--p 00004000 00:28 57705                      /usr/lib64/libxcb-sync.so.1.0.0
74a6564b9000-74a6564ba000 r--p 00007000 00:28 57705                      /usr/lib64/libxcb-sync.so.1.0.0
74a6564ba000-74a6564bb000 rw-p 00008000 00:28 57705                      /usr/lib64/libxcb-sync.so.1.0.0
74a6564bb000-74a6564bc000 r--p 00000000 00:28 56347                      /usr/lib64/libX11.so.6.4.0
74a6564bc000-74a656554000 r-xp 00001000 00:28 56347                      /usr/lib64/libX11.so.6.4.0
74a656554000-74a6565f9000 r--p 00099000 00:28 56347                      /usr/lib64/libX11.so.6.4.0
74a6565f9000-74a6565fc000 r--p 0013d000 00:28 56347                      /usr/lib64/libX11.so.6.4.0
74a6565fc000-74a656600000 rw-p 00140000 00:28 56347                      /usr/lib64/libX11.so.6.4.0
74a656600000-74a65666d000 r--p 00000000 00:28 441577                     /home/tom/.javacpp/cache/jaylib-5.5.0-2.jar/com/raylib/linux-x86_64/libjniRaylib.so
74a65666d000-74a6568d1000 r-xp 0006d000 00:28 441577                     /home/tom/.javacpp/cache/jaylib-5.5.0-2.jar/com/raylib/linux-x86_64/libjniRaylib.so
74a6568d1000-74a656963000 r--p 002d1000 00:28 441577                     /home/tom/.javacpp/cache/jaylib-5.5.0-2.jar/com/raylib/linux-x86_64/libjniRaylib.so
74a656963000-74a656964000 ---p 00363000 00:28 441577                     /home/tom/.javacpp/cache/jaylib-5.5.0-2.jar/com/raylib/linux-x86_64/libjniRaylib.so
74a656964000-74a656965000 r--p 00363000 00:28 441577                     /home/tom/.javacpp/cache/jaylib-5.5.0-2.jar/com/raylib/linux-x86_64/libjniRaylib.so
74a656965000-74a65696f000 rw-p 00364000 00:28 441577                     /home/tom/.javacpp/cache/jaylib-5.5.0-2.jar/com/raylib/linux-x86_64/libjniRaylib.so
74a65696f000-74a6569a9000 rw-p 00000000 00:00 0 
74a6569aa000-74a6569b4000 r-xp 00000000 00:28 57692                      /usr/lib64/libxcb-glx.so.0.0.0
74a6569b4000-74a6569c4000 r--p 0000a000 00:28 57692                      /usr/lib64/libxcb-glx.so.0.0.0
74a6569c4000-74a6569c6000 r--p 0001a000 00:28 57692                      /usr/lib64/libxcb-glx.so.0.0.0
74a6569c6000-74a6569c7000 rw-p 0001c000 00:28 57692                      /usr/lib64/libxcb-glx.so.0.0.0
74a6569c7000-74a6569c9000 r--p 00000000 00:28 55909                      /usr/lib64/libGLX.so.0.0.0
74a6569c9000-74a6569e4000 r-xp 00002000 00:28 55909                      /usr/lib64/libGLX.so.0.0.0
74a6569e4000-74a6569e6000 r--p 0001d000 00:28 55909                      /usr/lib64/libGLX.so.0.0.0
74a6569e6000-74a6569e7000 r--p 0001f000 00:28 55909                      /usr/lib64/libGLX.so.0.0.0
74a6569e7000-74a6569e8000 rw-p 00020000 00:28 55909                      /usr/lib64/libGLX.so.0.0.0
74a6569e8000-74a6569f8000 rw-p 00000000 00:00 0 
74a6569f8000-74a6569fa000 rw-s 00000000 00:01 60919                      /memfd:/.glXXXXXX (deleted)
74a6569fa000-74a6569fc000 rw-s 00000000 00:06 1025                       /dev/nvidiactl
74a6569fc000-74a6569ff000 r--p 00000000 00:28 56496                      /usr/lib64/libcap.so.2.70
74a6569ff000-74a656a05000 r-xp 00003000 00:28 56496                      /usr/lib64/libcap.so.2.70
74a656a05000-74a656a07000 r--p 00009000 00:28 56496                      /usr/lib64/libcap.so.2.70
74a656a07000-74a656a08000 r--p 0000a000 00:28 56496                      /usr/lib64/libcap.so.2.70
74a656a08000-74a656a09000 rw-p 0000b000 00:28 56496                      /usr/lib64/libcap.so.2.70
74a656a09000-74a656a19000 rw-s 00000000 00:06 1027                       /dev/nvidia0
74a656a19000-74a656a1a000 ---p 00000000 00:00 0 
74a656a1a000-74a656a1e000 ---p 00000000 00:00 0 
74a656a1e000-74a656b1a000 rw-p 00000000 00:00 0 
74a656b1a000-74a656b46000 r--p 00000000 00:28 590948                     /usr/lib/libraylib.so.5.5.0
74a656b46000-74a656c5c000 r-xp 0002c000 00:28 590948                     /usr/lib/libraylib.so.5.5.0
74a656c5c000-74a656cc5000 r--p 00142000 00:28 590948                     /usr/lib/libraylib.so.5.5.0
74a656cc5000-74a656cc9000 r--p 001aa000 00:28 590948                     /usr/lib/libraylib.so.5.5.0
74a656cc9000-74a656ccd000 rw-p 001ae000 00:28 590948                     /usr/lib/libraylib.so.5.5.0
74a656ccd000-74a656cfd000 rw-p 00000000 00:00 0 
74a656cfd000-74a656cfe000 ---p 00000000 00:00 0 
74a656cfe000-74a656d02000 ---p 00000000 00:00 0 
74a656d02000-74a656dfe000 rw-p 00000000 00:00 0 
74a656dfe000-74a656dff000 ---p 00000000 00:00 0 
74a656dff000-74a656eff000 rw-p 00000000 00:00 0 
74a656eff000-74a656f00000 ---p 00000000 00:00 0 
74a656f00000-74a656f04000 ---p 00000000 00:00 0 
74a656f04000-74a657000000 rw-p 00000000 00:00 0 
74a657000000-74a657160000 rw-p 00000000 00:00 0 
74a657160000-74a657400000 ---p 00000000 00:00 0 
74a657400000-74a657500000 rw-p 00000000 00:00 0 
74a657500000-74a65b000000 ---p 00000000 00:00 0 
74a65b000000-74a65bbc9000 rw-p 00001000 00:28 1033232                    /home/tom/.jdks/temurin-17.0.15/lib/server/classes.jsa
74a65bbc9000-74a65c000000 ---p 00000000 00:00 0 
74a65c000000-74a65c030000 rw-p 00000000 00:00 0 
74a65c030000-74a65c040000 ---p 00000000 00:00 0 
74a65c040000-74a65c070000 rw-p 00000000 00:00 0 
74a65c070000-74a69c000000 ---p 00000000 00:00 0 
74a69c000000-74a69c021000 rw-p 00000000 00:00 0 
74a69c021000-74a6a0000000 ---p 00000000 00:00 0 
74a6a0000000-74a6a0021000 rw-p 00000000 00:00 0 
74a6a0021000-74a6a4000000 ---p 00000000 00:00 0 
74a6a4000000-74a6a4021000 rw-p 00000000 00:00 0 
74a6a4021000-74a6a8000000 ---p 00000000 00:00 0 
74a6a8000000-74a6a8021000 rw-p 00000000 00:00 0 
74a6a8021000-74a6ac000000 ---p 00000000 00:00 0 
74a6ac000000-74a6ac021000 rw-p 00000000 00:00 0 
74a6ac021000-74a6b0000000 ---p 00000000 00:00 0 
74a6b0001000-74a6b0003000 r-xp 00000000 00:28 57696                      /usr/lib64/libxcb-present.so.0.0.0
74a6b0003000-74a6b0005000 r--p 00002000 00:28 57696                      /usr/lib64/libxcb-present.so.0.0.0
74a6b0005000-74a6b0006000 r--p 00003000 00:28 57696                      /usr/lib64/libxcb-present.so.0.0.0
74a6b0006000-74a6b0007000 rw-p 00004000 00:28 57696                      /usr/lib64/libxcb-present.so.0.0.0
74a6b0007000-74a6b000a000 r-xp 00000000 00:28 57690                      /usr/lib64/libxcb-dri3.so.0.1.0
74a6b000a000-74a6b000c000 r--p 00003000 00:28 57690                      /usr/lib64/libxcb-dri3.so.0.1.0
74a6b000c000-74a6b000d000 r--p 00005000 00:28 57690                      /usr/lib64/libxcb-dri3.so.0.1.0
74a6b000d000-74a6b000e000 rw-p 00006000 00:28 57690                      /usr/lib64/libxcb-dri3.so.0.1.0
74a6b000e000-74a6b000f000 r--p 00000000 00:28 56346                      /usr/lib64/libX11-xcb.so.1.0.0
74a6b000f000-74a6b0010000 r-xp 00001000 00:28 56346                      /usr/lib64/libX11-xcb.so.1.0.0
74a6b0010000-74a6b0011000 r--p 00002000 00:28 56346                      /usr/lib64/libX11-xcb.so.1.0.0
74a6b0011000-74a6b0012000 r--p 00002000 00:28 56346                      /usr/lib64/libX11-xcb.so.1.0.0
74a6b0012000-74a6b0013000 rw-p 00000000 00:00 0 
74a6b0013000-74a6b0014000 r--p 00000000 00:28 56361                      /usr/lib64/libXinerama.so.1.0.0
74a6b0014000-74a6b0015000 r-xp 00001000 00:28 56361                      /usr/lib64/libXinerama.so.1.0.0
74a6b0015000-74a6b0016000 r--p 00002000 00:28 56361                      /usr/lib64/libXinerama.so.1.0.0
74a6b0016000-74a6b0017000 r--p 00002000 00:28 56361                      /usr/lib64/libXinerama.so.1.0.0
74a6b0017000-74a6b0018000 rw-p 00003000 00:28 56361                      /usr/lib64/libXinerama.so.1.0.0
74a6b0018000-74a6b001a000 r--p 00000000 00:28 56357                      /usr/lib64/libXfixes.so.3.1.0
74a6b001a000-74a6b001d000 r-xp 00002000 00:28 56357                      /usr/lib64/libXfixes.so.3.1.0
74a6b001d000-74a6b001e000 r--p 00005000 00:28 56357                      /usr/lib64/libXfixes.so.3.1.0
74a6b001e000-74a6b001f000 r--p 00005000 00:28 56357                      /usr/lib64/libXfixes.so.3.1.0
74a6b001f000-74a6b0020000 rw-p 00006000 00:28 56357                      /usr/lib64/libXfixes.so.3.1.0
74a6b0020000-74a6b0028000 r-xp 00000000 00:28 56353                      /usr/lib64/libXcursor.so.1.0.2
74a6b0028000-74a6b002c000 r--p 00008000 00:28 56353                      /usr/lib64/libXcursor.so.1.0.2
74a6b002c000-74a6b002d000 r--p 0000c000 00:28 56353                      /usr/lib64/libXcursor.so.1.0.2
74a6b002d000-74a6b002e000 rw-p 00000000 00:00 0 
74a6b002e000-74a6b002f000 r--p 00000000 00:28 56360                      /usr/lib64/libXi.so.6.1.0
74a6b002f000-74a6b003b000 r-xp 00001000 00:28 56360                      /usr/lib64/libXi.so.6.1.0
74a6b003b000-74a6b003f000 r--p 0000d000 00:28 56360                      /usr/lib64/libXi.so.6.1.0
74a6b003f000-74a6b0040000 r--p 00010000 00:28 56360                      /usr/lib64/libXi.so.6.1.0
74a6b0040000-74a6b0041000 rw-p 00011000 00:28 56360                      /usr/lib64/libXi.so.6.1.0
74a6b0041000-74a6b0057000 r-xp 00000000 00:28 57716                      /usr/lib64/libxcb.so.1.1.0
74a6b0057000-74a6b006b000 r--p 00016000 00:28 57716                      /usr/lib64/libxcb.so.1.1.0
74a6b006b000-74a6b006c000 r--p 0002a000 00:28 57716                      /usr/lib64/libxcb.so.1.1.0
74a6b006c000-74a6b006d000 rw-p 0002b000 00:28 57716                      /usr/lib64/libxcb.so.1.1.0
74a6b006d000-74a6b006e000 r--p 00000000 00:28 56712                      /usr/lib64/libgcc_s-14-20250110.so.1
74a6b006e000-74a6b0092000 r-xp 00001000 00:28 56712                      /usr/lib64/libgcc_s-14-20250110.so.1
74a6b0092000-74a6b009a000 r--p 00025000 00:28 56712                      /usr/lib64/libgcc_s-14-20250110.so.1
74a6b009a000-74a6b009b000 r--p 0002c000 00:28 56712                      /usr/lib64/libgcc_s-14-20250110.so.1
74a6b009b000-74a6b009c000 rw-p 00000000 00:00 0 
74a6b009c000-74a6b009d000 ---p 00000000 00:00 0 
74a6b009d000-74a6b00a1000 ---p 00000000 00:00 0 
74a6b00a1000-74a6b019d000 rw-p 00000000 00:00 0 
74a6b019d000-74a6b019e000 ---p 00000000 00:00 0 
74a6b019e000-74a6b01a2000 ---p 00000000 00:00 0 
74a6b01a2000-74a6b029e000 rw-p 00000000 00:00 0 
74a6b029e000-74a6b029f000 ---p 00000000 00:00 0 
74a6b029f000-74a6b02a3000 ---p 00000000 00:00 0 
74a6b02a3000-74a6b039f000 rw-p 00000000 00:00 0 
74a6b039f000-74a6b03a0000 ---p 00000000 00:00 0 
74a6b03a0000-74a6b03a4000 ---p 00000000 00:00 0 
74a6b03a4000-74a6b04a0000 rw-p 00000000 00:00 0 
74a6b04a0000-74a6b04a1000 ---p 00000000 00:00 0 
74a6b04a1000-74a6b04a5000 ---p 00000000 00:00 0 
74a6b04a5000-74a6b05a1000 rw-p 00000000 00:00 0 
74a6b05a1000-74a6b05a2000 ---p 00000000 00:00 0 
74a6b05a2000-74a6b05a6000 ---p 00000000 00:00 0 
74a6b05a6000-74a6b06a2000 rw-p 00000000 00:00 0 
74a6b06a2000-74a6b06a3000 ---p 00000000 00:00 0 
74a6b06a3000-74a6b06a7000 ---p 00000000 00:00 0 
74a6b06a7000-74a6b07a3000 rw-p 00000000 00:00 0 
74a6b07a3000-74a6b07a4000 ---p 00000000 00:00 0 
74a6b07a4000-74a6b07a8000 ---p 00000000 00:00 0 
74a6b07a8000-74a6b08a4000 rw-p 00000000 00:00 0 
74a6b08a4000-74a6b08a5000 ---p 00000000 00:00 0 
74a6b08a5000-74a6b09a5000 rw-p 00000000 00:00 0 
74a6b09a5000-74a6b09aa000 r--p 00000000 00:28 1033213                    /home/tom/.jdks/temurin-17.0.15/lib/libjsvml.so
74a6b09aa000-74a6b09eb000 r-xp 00005000 00:28 1033213                    /home/tom/.jdks/temurin-17.0.15/lib/libjsvml.so
74a6b09eb000-74a6b0a74000 r--p 00046000 00:28 1033213                    /home/tom/.jdks/temurin-17.0.15/lib/libjsvml.so
74a6b0a74000-74a6b0a75000 r--p 000ce000 00:28 1033213                    /home/tom/.jdks/temurin-17.0.15/lib/libjsvml.so
74a6b0a75000-74a6b0a76000 rw-p 000cf000 00:28 1033213                    /home/tom/.jdks/temurin-17.0.15/lib/libjsvml.so
74a6b0a76000-74a6b0af7000 rw-p 00000000 00:00 0 
74a6b0af7000-74a6b0af8000 ---p 00000000 00:00 0 
74a6b0af8000-74a6b0bf8000 rw-p 00000000 00:00 0 
74a6b0bf8000-74a6b0bf9000 ---p 00000000 00:00 0 
74a6b0bf9000-74a6b0cf9000 rw-p 00000000 00:00 0 
74a6b0cf9000-74a6b3400000 rw-p 00000000 00:00 0 
74a6b3400000-74a6b3408000 r-xp 00000000 00:28 56366                      /usr/lib64/libXrender.so.1.3.0
74a6b3408000-74a6b340b000 r--p 00008000 00:28 56366                      /usr/lib64/libXrender.so.1.3.0
74a6b340b000-74a6b340c000 r--p 0000a000 00:28 56366                      /usr/lib64/libXrender.so.1.3.0
74a6b340c000-74a6b340d000 rw-p 0000b000 00:28 56366                      /usr/lib64/libXrender.so.1.3.0
74a6b340d000-74a6b3411000 r--p 00000000 00:28 56356                      /usr/lib64/libXext.so.6.4.0
74a6b3411000-74a6b341c000 r-xp 00004000 00:28 56356                      /usr/lib64/libXext.so.6.4.0
74a6b341c000-74a6b341f000 r--p 0000f000 00:28 56356                      /usr/lib64/libXext.so.6.4.0
74a6b341f000-74a6b3420000 r--p 00011000 00:28 56356                      /usr/lib64/libXext.so.6.4.0
74a6b3420000-74a6b3421000 rw-p 00012000 00:28 56356                      /usr/lib64/libXext.so.6.4.0
74a6b3421000-74a6b3422000 r--p 00000000 00:28 294601                     /usr/share/locale/en_GB/LC_MESSAGES/libc.mo
74a6b3422000-74a6b3429000 r-xp 00000000 00:28 57697                      /usr/lib64/libxcb-randr.so.0.1.0
74a6b3429000-74a6b3433000 r--p 00007000 00:28 57697                      /usr/lib64/libxcb-randr.so.0.1.0
74a6b3433000-74a6b3434000 r--p 00011000 00:28 57697                      /usr/lib64/libxcb-randr.so.0.1.0
74a6b3434000-74a6b3435000 rw-p 00012000 00:28 57697                      /usr/lib64/libxcb-randr.so.0.1.0
74a6b3435000-74a6b3436000 r--p 00000000 00:28 439071                     /usr/lib64/libnvidia-tls.so.570.124.04
74a6b3436000-74a6b3438000 r-xp 00001000 00:28 439071                     /usr/lib64/libnvidia-tls.so.570.124.04
74a6b3438000-74a6b3439000 r--p 00003000 00:28 439071                     /usr/lib64/libnvidia-tls.so.570.124.04
74a6b3439000-74a6b343a000 r--p 00003000 00:28 439071                     /usr/lib64/libnvidia-tls.so.570.124.04
74a6b343a000-74a6b343b000 rw-p 00004000 00:28 439071                     /usr/lib64/libnvidia-tls.so.570.124.04
74a6b343b000-74a6b3442000 r--s 00000000 00:28 60335                      /usr/lib64/gconv/gconv-modules.cache
74a6b3442000-74a6b3574000 rw-p 00000000 00:00 0 
74a6b3574000-74a6b3575000 ---p 00000000 00:00 0 
74a6b3575000-74a6b3675000 rw-p 00000000 00:00 0 
74a6b3675000-74a6b3676000 ---p 00000000 00:00 0 
74a6b3676000-74a6b3776000 rw-p 00000000 00:00 0 
74a6b3776000-74a6b3777000 ---p 00000000 00:00 0 
74a6b3777000-74a6b3877000 rw-p 00000000 00:00 0 
74a6b3877000-74a6b3c57000 rw-p 00000000 00:00 0 
74a6b3c57000-74a6b7617000 ---p 00000000 00:00 0 
74a6b7617000-74a6b7a07000 rw-p 00000000 00:00 0 
74a6b7a07000-74a6bb3c7000 ---p 00000000 00:00 0 
74a6bb3c7000-74a6bb453000 rw-p 00000000 00:00 0 
74a6bb453000-74a6bbb8b000 ---p 00000000 00:00 0 
74a6bbb8b000-74a6bbc09000 rw-p 00000000 00:00 0 
74a6bbc09000-74a6bc341000 ---p 00000000 00:00 0 
74a6bc341000-74a6bc3bf000 rw-p 00000000 00:00 0 
74a6bc3bf000-74a6bcaf7000 ---p 00000000 00:00 0 
74a6bcaf7000-74a6bd200000 rw-p 00000000 00:00 0 
74a6bd200000-74a6bd470000 rwxp 00000000 00:00 0 
74a6bd470000-74a6c4737000 ---p 00000000 00:00 0 
74a6c4737000-74a6c49a7000 rwxp 00000000 00:00 0 
74a6c49a7000-74a6c4cc9000 ---p 00000000 00:00 0 
74a6c4cc9000-74a6c4f39000 rwxp 00000000 00:00 0 
74a6c4f39000-74a6cc200000 ---p 00000000 00:00 0 
74a6cc200000-74a6d3e02000 r--s 00000000 00:28 1033181                    /home/tom/.jdks/temurin-17.0.15/lib/modules
74a6d3e02000-74a6d3e06000 rw-s 00000000 00:06 1025                       /dev/nvidiactl
74a6d3e06000-74a6d3e08000 r--p 00000000 00:28 1033182                    /home/tom/.jdks/temurin-17.0.15/lib/libzip.so
74a6d3e08000-74a6d3e1a000 r-xp 00002000 00:28 1033182                    /home/tom/.jdks/temurin-17.0.15/lib/libzip.so
74a6d3e1a000-74a6d3e22000 r--p 00014000 00:28 1033182                    /home/tom/.jdks/temurin-17.0.15/lib/libzip.so
74a6d3e22000-74a6d3e23000 r--p 0001b000 00:28 1033182                    /home/tom/.jdks/temurin-17.0.15/lib/libzip.so
74a6d3e23000-74a6d3e24000 rw-p 0001c000 00:28 1033182                    /home/tom/.jdks/temurin-17.0.15/lib/libzip.so
74a6d3e24000-74a6d4d63000 rw-p 00000000 00:00 0 
74a6d4d63000-74a6d8000000 ---p 00000000 00:00 0 
74a6d8000000-74a6d8001000 rw-s 00000000 00:06 1027                       /dev/nvidia0
74a6d8001000-74a6d8002000 rw-s 00000000 00:06 1025                       /dev/nvidiactl
74a6d8002000-74a6d8003000 rw-s 00000000 00:06 1025                       /dev/nvidiactl
74a6d8003000-74a6d8049000 rw-p 00000000 00:00 0 
74a6d8049000-74a6d812f000 ---p 00000000 00:00 0 
74a6d812f000-74a6d8134000 rw-p 00000000 00:00 0 
74a6d8134000-74a6d821a000 ---p 00000000 00:00 0 
74a6d821a000-74a6d821e000 ---p 00000000 00:00 0 
74a6d821e000-74a6d831a000 rw-p 00000000 00:00 0 
74a6d831a000-74a6d831b000 r--p 00000000 00:28 57049                      /usr/lib64/libm.so.6
74a6d831b000-74a6d8394000 r-xp 00001000 00:28 57049                      /usr/lib64/libm.so.6
74a6d8394000-74a6d83fe000 r--p 0007a000 00:28 57049                      /usr/lib64/libm.so.6
74a6d83fe000-74a6d83ff000 r--p 000e3000 00:28 57049                      /usr/lib64/libm.so.6
74a6d83ff000-74a6d8400000 rw-p 000e4000 00:28 57049                      /usr/lib64/libm.so.6
74a6d8400000-74a6d8653000 r--p 00000000 00:28 1033234                    /home/tom/.jdks/temurin-17.0.15/lib/server/libjvm.so
74a6d8653000-74a6d937c000 r-xp 00253000 00:28 1033234                    /home/tom/.jdks/temurin-17.0.15/lib/server/libjvm.so
74a6d937c000-74a6d9609000 r--p 00f7c000 00:28 1033234                    /home/tom/.jdks/temurin-17.0.15/lib/server/libjvm.so
74a6d9609000-74a6d960a000 ---p 01209000 00:28 1033234                    /home/tom/.jdks/temurin-17.0.15/lib/server/libjvm.so
74a6d960a000-74a6d96c3000 r--p 01209000 00:28 1033234                    /home/tom/.jdks/temurin-17.0.15/lib/server/libjvm.so
74a6d96c3000-74a6d96f8000 rw-p 012c2000 00:28 1033234                    /home/tom/.jdks/temurin-17.0.15/lib/server/libjvm.so
74a6d96f8000-74a6d9753000 rw-p 00000000 00:00 0 
74a6d9753000-74a6d9754000 r--s 00000000 00:06 1025                       /dev/nvidiactl
74a6d9754000-74a6d9756000 r--p 00000000 00:28 56365                      /usr/lib64/libXrandr.so.2.2.0
74a6d9756000-74a6d975d000 r-xp 00002000 00:28 56365                      /usr/lib64/libXrandr.so.2.2.0
74a6d975d000-74a6d975f000 r--p 00009000 00:28 56365                      /usr/lib64/libXrandr.so.2.2.0
74a6d975f000-74a6d9760000 r--p 0000a000 00:28 56365                      /usr/lib64/libXrandr.so.2.2.0
74a6d9760000-74a6d9761000 rw-p 0000b000 00:28 56365                      /usr/lib64/libXrandr.so.2.2.0
74a6d9761000-74a6d9765000 r-xp 00000000 00:28 56372                      /usr/lib64/libXxf86vm.so.1.0.0
74a6d9765000-74a6d9767000 r--p 00004000 00:28 56372                      /usr/lib64/libXxf86vm.so.1.0.0
74a6d9767000-74a6d9768000 r--p 00005000 00:28 56372                      /usr/lib64/libXxf86vm.so.1.0.0
74a6d9768000-74a6d9769000 rw-p 00006000 00:28 56372                      /usr/lib64/libXxf86vm.so.1.0.0
74a6d9769000-74a6d976a000 r--p 00000000 00:28 56350                      /usr/lib64/libXau.so.6.0.0
74a6d976a000-74a6d976c000 r-xp 00001000 00:28 56350                      /usr/lib64/libXau.so.6.0.0
74a6d976c000-74a6d976d000 r--p 00003000 00:28 56350                      /usr/lib64/libXau.so.6.0.0
74a6d976d000-74a6d976e000 r--p 00003000 00:28 56350                      /usr/lib64/libXau.so.6.0.0
74a6d976e000-74a6d976f000 rw-p 00000000 00:00 0 
74a6d976f000-74a6d9773000 r--p 00000000 00:28 1033226                    /home/tom/.jdks/temurin-17.0.15/lib/libnet.so
74a6d9773000-74a6d9781000 r-xp 00004000 00:28 1033226                    /home/tom/.jdks/temurin-17.0.15/lib/libnet.so
74a6d9781000-74a6d9785000 r--p 00012000 00:28 1033226                    /home/tom/.jdks/temurin-17.0.15/lib/libnet.so
74a6d9785000-74a6d9786000 r--p 00015000 00:28 1033226                    /home/tom/.jdks/temurin-17.0.15/lib/libnet.so
74a6d9786000-74a6d9787000 rw-p 00016000 00:28 1033226                    /home/tom/.jdks/temurin-17.0.15/lib/libnet.so
74a6d9787000-74a6d978e000 r--p 00000000 00:28 1033235                    /home/tom/.jdks/temurin-17.0.15/lib/libnio.so
74a6d978e000-74a6d9797000 r-xp 00007000 00:28 1033235                    /home/tom/.jdks/temurin-17.0.15/lib/libnio.so
74a6d9797000-74a6d979b000 r--p 00010000 00:28 1033235                    /home/tom/.jdks/temurin-17.0.15/lib/libnio.so
74a6d979b000-74a6d979c000 ---p 00014000 00:28 1033235                    /home/tom/.jdks/temurin-17.0.15/lib/libnio.so
74a6d979c000-74a6d979d000 r--p 00014000 00:28 1033235                    /home/tom/.jdks/temurin-17.0.15/lib/libnio.so
74a6d979d000-74a6d979e000 rw-p 00015000 00:28 1033235                    /home/tom/.jdks/temurin-17.0.15/lib/libnio.so
74a6d979e000-74a6d97a3000 rw-p 00000000 00:00 0 
74a6d97a3000-74a6d97aa000 ---p 00000000 00:00 0 
74a6d97aa000-74a6d97b8000 r--p 00000000 00:28 1033185                    /home/tom/.jdks/temurin-17.0.15/lib/libjava.so
74a6d97b8000-74a6d97ca000 r-xp 0000e000 00:28 1033185                    /home/tom/.jdks/temurin-17.0.15/lib/libjava.so
74a6d97ca000-74a6d97d0000 r--p 00020000 00:28 1033185                    /home/tom/.jdks/temurin-17.0.15/lib/libjava.so
74a6d97d0000-74a6d97d1000 ---p 00026000 00:28 1033185                    /home/tom/.jdks/temurin-17.0.15/lib/libjava.so
74a6d97d1000-74a6d97d2000 r--p 00026000 00:28 1033185                    /home/tom/.jdks/temurin-17.0.15/lib/libjava.so
74a6d97d2000-74a6d97d3000 rw-p 00027000 00:28 1033185                    /home/tom/.jdks/temurin-17.0.15/lib/libjava.so
74a6d97d3000-74a6d97d4000 rw-p 00000000 00:00 0 
74a6d97d4000-74a6d97dc000 rw-s 00000000 00:33 434                        /tmp/hsperfdata_tom/44330
74a6d97dc000-74a6d97dd000 ---p 00000000 00:00 0 
74a6d97dd000-74a6d97de000 r--p 00000000 00:00 0 
74a6d97de000-74a6d97df000 r--p 00000000 00:28 57426                      /usr/lib64/librt.so.1
74a6d97df000-74a6d97e0000 r-xp 00001000 00:28 57426                      /usr/lib64/librt.so.1
74a6d97e0000-74a6d97e1000 r--p 00002000 00:28 57426                      /usr/lib64/librt.so.1
74a6d97e1000-74a6d97e2000 r--p 00002000 00:28 57426                      /usr/lib64/librt.so.1
74a6d97e2000-74a6d97e5000 rw-p 00000000 00:00 0 
74a6d97e5000-74a6d97e6000 r--p 00000000 00:28 56480                      /usr/lib64/libc.so.6
74a6d97e6000-74a6d9955000 r-xp 00001000 00:28 56480                      /usr/lib64/libc.so.6
74a6d9955000-74a6d99ca000 r--p 00170000 00:28 56480                      /usr/lib64/libc.so.6
74a6d99ca000-74a6d99ce000 r--p 001e5000 00:28 56480                      /usr/lib64/libc.so.6
74a6d99ce000-74a6d99d0000 rw-p 001e9000 00:28 56480                      /usr/lib64/libc.so.6
74a6d99d0000-74a6d99d8000 rw-p 00000000 00:00 0 
74a6d99d8000-74a6d99d9000 r--p 00000000 00:28 56581                      /usr/lib64/libdl.so.2
74a6d99d9000-74a6d99da000 r-xp 00001000 00:28 56581                      /usr/lib64/libdl.so.2
74a6d99da000-74a6d99db000 r--p 00002000 00:28 56581                      /usr/lib64/libdl.so.2
74a6d99db000-74a6d99dc000 r--p 00002000 00:28 56581                      /usr/lib64/libdl.so.2
74a6d99dc000-74a6d99dd000 rw-p 00000000 00:00 0 
74a6d99dd000-74a6d99de000 r--p 00000000 00:28 57375                      /usr/lib64/libpthread.so.0
74a6d99de000-74a6d99df000 r-xp 00001000 00:28 57375                      /usr/lib64/libpthread.so.0
74a6d99df000-74a6d99e0000 r--p 00002000 00:28 57375                      /usr/lib64/libpthread.so.0
74a6d99e0000-74a6d99e1000 r--p 00002000 00:28 57375                      /usr/lib64/libpthread.so.0
74a6d99e1000-74a6d99e2000 rw-p 00000000 00:00 0 
74a6d99e2000-74a6d99e3000 ---p 00000000 00:00 0 
74a6d99e3000-74a6d99e7000 r--p 00000000 00:28 1033217                    /home/tom/.jdks/temurin-17.0.15/lib/libjimage.so
74a6d99e7000-74a6d99fa000 r-xp 00004000 00:28 1033217                    /home/tom/.jdks/temurin-17.0.15/lib/libjimage.so
74a6d99fa000-74a6d9a00000 r--p 00017000 00:28 1033217                    /home/tom/.jdks/temurin-17.0.15/lib/libjimage.so
74a6d9a00000-74a6d9a02000 r--p 0001c000 00:28 1033217                    /home/tom/.jdks/temurin-17.0.15/lib/libjimage.so
74a6d9a02000-74a6d9a03000 rw-p 0001e000 00:28 1033217                    /home/tom/.jdks/temurin-17.0.15/lib/libjimage.so
74a6d9a03000-74a6d9a06000 r--p 00000000 00:28 1033190                    /home/tom/.jdks/temurin-17.0.15/lib/libjli.so
74a6d9a06000-74a6d9a16000 r-xp 00003000 00:28 1033190                    /home/tom/.jdks/temurin-17.0.15/lib/libjli.so
74a6d9a16000-74a6d9a1d000 r--p 00013000 00:28 1033190                    /home/tom/.jdks/temurin-17.0.15/lib/libjli.so
74a6d9a1d000-74a6d9a1e000 r--p 00019000 00:28 1033190                    /home/tom/.jdks/temurin-17.0.15/lib/libjli.so
74a6d9a1e000-74a6d9a1f000 rw-p 0001a000 00:28 1033190                    /home/tom/.jdks/temurin-17.0.15/lib/libjli.so
74a6d9a1f000-74a6d9a21000 rw-p 00000000 00:00 0 
74a6d9a21000-74a6d9a23000 r--p 00000000 00:00 0                          [vvar]
74a6d9a23000-74a6d9a25000 r--p 00000000 00:00 0                          [vvar_vclock]
74a6d9a25000-74a6d9a27000 r-xp 00000000 00:00 0                          [vdso]
74a6d9a27000-74a6d9a28000 r--p 00000000 00:28 55890                      /usr/lib64/ld-linux-x86-64.so.2
74a6d9a28000-74a6d9a51000 r-xp 00001000 00:28 55890                      /usr/lib64/ld-linux-x86-64.so.2
74a6d9a51000-74a6d9a5c000 r--p 0002a000 00:28 55890                      /usr/lib64/ld-linux-x86-64.so.2
74a6d9a5c000-74a6d9a5e000 r--p 00035000 00:28 55890                      /usr/lib64/ld-linux-x86-64.so.2
74a6d9a5e000-74a6d9a60000 rw-p 00037000 00:28 55890                      /usr/lib64/ld-linux-x86-64.so.2
7ffd8f6f0000-7ffd8f711000 rw-p 00000000 00:00 0                          [stack]
ffffffffff600000-ffffffffff601000 --xp 00000000 00:00 0                  [vsyscall]


VM Arguments:
jvm_args: -Dfile.encoding=UTF-8 -Duser.country=GB -Duser.language=en -Duser.variant 
java_command: Main
java_class_path (initial): /home/tom/Documents/GitHub/OpenWorldEngine/build/classes/java/main:/home/tom/Documents/GitHub/OpenWorldEngine/build/resources/main:/home/tom/.gradle/caches/modules-2/files-2.1/uk.co.electronstudio.jaylib/jaylib/5.5.0-2/f2131af8a2b69fa2333d92510f15f0d5fab72636/jaylib-5.5.0-2.jar
Launcher Type: SUN_STANDARD

[Global flags]
     intx CICompilerCount                          = 4                                         {product} {ergonomic}
     uint ConcGCThreads                            = 2                                         {product} {ergonomic}
     uint G1ConcRefinementThreads                  = 8                                         {product} {ergonomic}
   size_t G1HeapRegionSize                         = 2097152                                   {product} {ergonomic}
    uintx GCDrainStackTargetSize                   = 64                                        {product} {ergonomic}
   size_t InitialHeapSize                          = 260046848                                 {product} {ergonomic}
   size_t MarkStackSize                            = 4194304                                   {product} {ergonomic}
   size_t MaxHeapSize                              = 4139778048                                {product} {ergonomic}
   size_t MaxNewSize                               = 2483027968                                {product} {ergonomic}
   size_t MinHeapDeltaBytes                        = 2097152                                   {product} {ergonomic}
   size_t MinHeapSize                              = 8388608                                   {product} {ergonomic}
    uintx NonNMethodCodeHeapSize                   = 5839372                                {pd product} {ergonomic}
    uintx NonProfiledCodeHeapSize                  = 122909434                              {pd product} {ergonomic}
    uintx ProfiledCodeHeapSize                     = 122909434                              {pd product} {ergonomic}
    uintx ReservedCodeCacheSize                    = 251658240                              {pd product} {ergonomic}
     bool SegmentedCodeCache                       = true                                      {product} {ergonomic}
   size_t SoftMaxHeapSize                          = 4139778048                             {manageable} {ergonomic}
     bool UseCompressedClassPointers               = true                           {product lp64_product} {ergonomic}
     bool UseCompressedOops                        = true                           {product lp64_product} {ergonomic}
     bool UseG1GC                                  = true                                      {product} {ergonomic}

Logging:
Log output configuration:
 #0: stdout all=warning uptime,level,tags
 #1: stderr all=off uptime,level,tags

Environment Variables:
PATH=/tmp/.mount_osu.Ap7R3etJ/usr/bin/:/home/tom/.local/bin:/home/tom/bin:/usr/local/bin:/usr/bin:/bin:/usr/local/sbin:/usr/sbin:/sbin:/home/tom/.dotnet/tools
SHELL=/bin/bash
DISPLAY=:0
LANG=en_GB.utf8
LC_NUMERIC=en_GB.utf8
LC_TIME=en_GB.utf8

Active Locale:
LC_ALL=en_GB.utf8
LC_COLLATE=en_GB.utf8
LC_CTYPE=en_GB.utf8
LC_MESSAGES=en_GB.utf8
LC_MONETARY=en_GB.utf8
LC_NUMERIC=en_GB.utf8
LC_TIME=en_GB.utf8

Signal Handlers:
   SIGSEGV: crash_handler in libjvm.so, mask=11100100010111111101111111111110, flags=SA_RESTART|SA_SIGINFO, unblocked
    SIGBUS: crash_handler in libjvm.so, mask=11100100010111111101111111111110, flags=SA_RESTART|SA_SIGINFO, unblocked
    SIGFPE: crash_handler in libjvm.so, mask=11100100010111111101111111111110, flags=SA_RESTART|SA_SIGINFO, unblocked
   SIGPIPE: javaSignalHandler in libjvm.so, mask=11100100010111111101111111111110, flags=SA_RESTART|SA_SIGINFO, blocked
   SIGXFSZ: javaSignalHandler in libjvm.so, mask=11100100010111111101111111111110, flags=SA_RESTART|SA_SIGINFO, blocked
    SIGILL: crash_handler in libjvm.so, mask=11100100010111111101111111111110, flags=SA_RESTART|SA_SIGINFO, unblocked
   SIGUSR2: SR_handler in libjvm.so, mask=00100000000000000000000000000000, flags=SA_RESTART|SA_SIGINFO, blocked
    SIGHUP: UserHandler in libjvm.so, mask=11100100010111111101111111111110, flags=SA_RESTART|SA_SIGINFO, blocked
    SIGINT: UserHandler in libjvm.so, mask=11100100010111111101111111111110, flags=SA_RESTART|SA_SIGINFO, blocked
   SIGTERM: UserHandler in libjvm.so, mask=11100100010111111101111111111110, flags=SA_RESTART|SA_SIGINFO, blocked
   SIGQUIT: UserHandler in libjvm.so, mask=11100100010111111101111111111110, flags=SA_RESTART|SA_SIGINFO, blocked
   SIGTRAP: crash_handler in libjvm.so, mask=11100100010111111101111111111110, flags=SA_RESTART|SA_SIGINFO, unblocked


Periodic native trim disabled


---------------  S Y S T E M  ---------------

OS:
Nobara release 41 (Forty One)
uname: Linux 6.13.5-200.nobara.fc41.x86_64 #1 SMP PREEMPT_DYNAMIC Thu Feb 27 18:52:39 UTC 2025 x86_64
OS uptime: 0 days 7:59 hours
libc: glibc 2.40 NPTL 2.40 
rlimit (soft/hard): STACK 8192k/infinity , CORE infinity/infinity , NPROC 62306/62306 , NOFILE 1048576/1048576 , AS infinity/infinity , CPU infinity/infinity , DATA infinity/infinity , FSIZE infinity/infinity , MEMLOCK 8192k/8192k
load average: 1.85 1.42 1.11

/proc/meminfo:
MemTotal:       16167600 kB
MemFree:         1255124 kB
MemAvailable:    8520172 kB
Buffers:            3608 kB
Cached:          7472192 kB
SwapCached:            0 kB
Active:          8343304 kB
Inactive:        5373948 kB
Active(anon):    6318580 kB
Inactive(anon):    17612 kB
Active(file):    2024724 kB
Inactive(file):  5356336 kB
Unevictable:         152 kB
Mlocked:             152 kB
SwapTotal:      26172312 kB
SwapFree:       26172056 kB
Zswap:                 0 kB
Zswapped:              0 kB
Dirty:             20704 kB
Writeback:             0 kB
AnonPages:       6155316 kB
Mapped:          2493412 kB
Shmem:             95056 kB
KReclaimable:     220616 kB
Slab:             430556 kB
SReclaimable:     220616 kB
SUnreclaim:       209940 kB
KernelStack:       23872 kB
PageTables:        50288 kB
SecPageTables:      5304 kB
NFS_Unstable:          0 kB
Bounce:                0 kB
WritebackTmp:          0 kB
CommitLimit:    34256112 kB
Committed_AS:   15795840 kB
VmallocTotal:   34359738367 kB
VmallocUsed:      137324 kB
VmallocChunk:          0 kB
Percpu:             8768 kB
HardwareCorrupted:     0 kB
AnonHugePages:   3106816 kB
ShmemHugePages:        0 kB
ShmemPmdMapped:        0 kB
FileHugePages:   2650112 kB
FilePmdMapped:   1206272 kB
CmaTotal:              0 kB
CmaFree:               0 kB
Unaccepted:            0 kB
HugePages_Total:       0
HugePages_Free:        0
HugePages_Rsvd:        0
HugePages_Surp:        0
Hugepagesize:       2048 kB
Hugetlb:               0 kB
DirectMap4k:     1393592 kB
DirectMap2M:    13078528 kB
DirectMap1G:     2097152 kB

/sys/kernel/mm/transparent_hugepage/enabled: [always] madvise never
/sys/kernel/mm/transparent_hugepage/hpage_pmd_size: 2097152
/sys/kernel/mm/transparent_hugepage/defrag (defrag/compaction efforts parameter): always defer [defer+madvise] madvise never

Process Memory:
Virtual Size: 7455472K (peak: 7521008K)
Resident Set Size: 161656K (peak: 161656K) (anon: 49988K, file: 111668K, shmem: 0K)
Swapped out: 0K
C-Heap outstanding allocations: 37766K, retained: 2373K
glibc malloc tunables: (default)

/proc/sys/kernel/threads-max (system-wide limit on the number of threads): 124612
/proc/sys/vm/max_map_count (maximum number of memory map areas a process may have): 16777216
/proc/sys/vm/swappiness (control to define how aggressively the kernel swaps out anonymous memory): 100
/proc/sys/kernel/pid_max (system-wide limit on number of process identifiers): 4194304

container information not found.
Steal ticks since vm start: 0
Steal ticks percentage since vm start:  0.000

CPU: total 8 (initial active 8) (8 cores per cpu, 2 threads per core) family 23 model 96 stepping 1 microcode 0x860010d, cx8, cmov, fxsr, ht, mmx, 3dnowpref, sse, sse2, sse3, ssse3, sse4a, sse4.1, sse4.2, popcnt, lzcnt, tsc, tscinvbit, avx, avx2, aes, clmul, bmi1, bmi2, adx, sha, fma, vzeroupper, clflush, clflushopt
CPU Model and flags from /proc/cpuinfo:
model name	: AMD Ryzen 3 4100 4-Core Processor
flags		: fpu vme de pse tsc msr pae mce cx8 apic sep mtrr pge mca cmov pat pse36 clflush mmx fxsr sse sse2 ht syscall nx mmxext fxsr_opt pdpe1gb rdtscp lm constant_tsc rep_good nopl xtopology nonstop_tsc cpuid extd_apicid aperfmperf rapl pni pclmulqdq monitor ssse3 fma cx16 sse4_1 sse4_2 x2apic movbe popcnt aes xsave avx f16c rdrand lahf_lm cmp_legacy svm extapic cr8_legacy abm sse4a misalignsse 3dnowprefetch osvw ibs skinit wdt tce topoext perfctr_core perfctr_nb bpext perfctr_llc mwaitx cpb cat_l3 cdp_l3 hw_pstate ssbd mba ibrs ibpb stibp vmmcall fsgsbase bmi1 avx2 smep bmi2 cqm rdt_a rdseed adx smap clflushopt clwb sha_ni xsaveopt xsavec xgetbv1 cqm_llc cqm_occup_llc cqm_mbm_total cqm_mbm_local clzero irperf xsaveerptr rdpru wbnoinvd cppc arat npt lbrv svm_lock nrip_save tsc_scale vmcb_clean flushbyasid decodeassists pausefilter pfthreshold avic v_vmsave_vmload vgif v_spec_ctrl umip rdpid overflow_recov succor smca

Online cpus: 0-7
Offline cpus: 
BIOS frequency limitation: <Not Available>
Frequency switch latency (ns): 0
Available cpu frequencies: <Not Available>
Current governor: powersave
Core performance/turbo boost: 1

Memory: 4k page, physical 16167600k(1255124k free), swap 26172312k(26172056k free)
Page Sizes: 4k

vm_info: OpenJDK 64-Bit Server VM (17.0.15+6) for linux-amd64 JRE (17.0.15+6), built on Apr 15 2025 00:00:00 by "admin" with gcc 10.3.0

END.
