#
# A fatal error has been detected by the Java Runtime Environment:
#
#  SIGSEGV (0xb) at pc=0x00007a2d9c58cc20, pid=120408, tid=120414
#
# JRE version: OpenJDK Runtime Environment Temurin-17.0.15+6 (17.0.15+6) (build 17.0.15+6)
# Java VM: OpenJDK 64-Bit Server VM Temurin-17.0.15+6 (17.0.15+6, mixed mode, sharing, tiered, compressed oops, compressed class ptrs, g1 gc, linux-amd64)
# Problematic frame:
# C  [libjniRaylib.so+0x1e83be]  rlDrawRenderBatch+0x5e
#
# Core dump will be written. Default location: Core dumps may be processed with "/usr/lib/systemd/systemd-coredump %P %u %g %s %t %c %h" (or dumping to /home/tom/Documents/GitHub/OpenWorldEngine/core.120408)
#
# If you would like to submit a bug report, please visit:
#   https://github.com/adoptium/adoptium-support/issues
# The crash happened outside the Java Virtual Machine in native code.
# See problematic frame for where to report the bug.
#

---------------  S U M M A R Y ------------

Command Line: -Dfile.encoding=UTF-8 -Duser.country=GB -Duser.language=en -Duser.variant Main

Host: AMD Ryzen 3 4100 4-Core Processor, 8 cores, 15G, Nobara release 41 (Forty One)
Time: Tue Jun  3 23:42:45 2025 BST elapsed time: 8.313562 seconds (0d 0h 0m 8s)

---------------  T H R E A D  ---------------

Current thread (0x00007a2dcc02a290):  JavaThread "main" [_thread_in_native, id=120414, stack(0x00007a2dd161a000,0x00007a2dd171a000)]

Stack: [0x00007a2dd161a000,0x00007a2dd171a000],  sp=0x00007a2dd17182a0,  free space=1016k
Native frames: (J=compiled Java code, j=interpreted, Vv=VM code, C=native code)
C  [libjniRaylib.so+0x1e83be]  rlDrawRenderBatch+0x5e

Java frames: (J=compiled Java code, j=interpreted, Vv=VM code)
J 543  com.raylib.Raylib.DrawFPS(II)V (0 bytes) @ 0x00007a2dbccf4eec [0x00007a2dbccf4ea0+0x000000000000004c]
j  dev.spruce.game.graphics.RenderPanel.run()V+37
j  dev.spruce.game.Game.start()V+178
j  Main.main([Ljava/lang/String;)V+9
v  ~StubRoutines::call_stub

siginfo: si_signo: 11 (SIGSEGV), si_code: 1 (SEGV_MAPERR), si_addr: 0x00007a2d9c58cc20

Registers:
RAX=0x00007a2d9cd7c778, RBX=0x0000000000007a2d, RCX=0x0000000000007a2d, RDX=0x0000000000000000
RSP=0x00007a2dd1718298, RBP=0x00000000cc000710, RSI=0x0000000000000100, RDI=0x0000000000000001
R8 =0x00007a2d9cd81d28, R9 =0x00007a2dccab3660, R10=0x0000000000000000, R11=0x0000000000000000
R12=0x00007a2d9cd81d28, R13=0x0000000000000002, R14=0x00007a2dccab3660, R15=0x0000000000000032
RIP=0x00007a2d9c58cc20, EFLAGS=0x0000000000010202, CSGSFS=0x002b000000000033, ERR=0x0000000000000014
  TRAPNO=0x000000000000000e

XMM[0]=0x0000000000000000 0x0000000000000000
XMM[1]=0x0000000000000000 0x0000000000000000
XMM[2]=0x0000000000000000 0x0000000041200000
XMM[3]=0x0000000000000000 0x0000000041f00000
XMM[4]=0x0000000000000000 0x0000000041a00000
XMM[5]=0x0000000000000000 0x0000000041200000
XMM[6]=0x0000000000000000 0x0000000000000000
XMM[7]=0x0000000000000000 0x0000000041200000
XMM[8]=0x00007a2dcc2d5640 0x00007a2dd2de6730
XMM[9]=0x0000000000000000 0x0000000043d40000
XMM[10]=0x0000000000000000 0x0000000044520000
XMM[11]=0x0000000000000000 0x0000000043dc0000
XMM[12]=0x0000000000000000 0x000000003f800000
XMM[13]=0x0000000000000000 0x0000000000000000
XMM[14]=0x0000000000000000 0x0000000000000000
XMM[15]=0x0000000000000000 0x0000000000000000
  MXCSR=0x00001fa0


Register to memory mapping:

RAX=0x00007a2d9cd7c778: glad_glBindVertexArray+0x0000000000000000 in /home/tom/.javacpp/cache/jaylib-5.5.0-2.jar/com/raylib/linux-x86_64/libjniRaylib.so at 0x00007a2d9ca00000
RBX=0x0000000000007a2d is an unknown value
RCX=0x0000000000007a2d is an unknown value
RDX=0x0 is NULL
RSP=0x00007a2dd1718298 is pointing into the stack for thread: 0x00007a2dcc02a290
RBP=0x00000000cc000710 is an unknown value
RSI=0x0000000000000100 is an unknown value
RDI=0x0000000000000001 is an unknown value
R8 =0x00007a2d9cd81d28: <offset 0x0000000000381d28> in /home/tom/.javacpp/cache/jaylib-5.5.0-2.jar/com/raylib/linux-x86_64/libjniRaylib.so at 0x00007a2d9ca00000
R9 =0x00007a2dccab3660 points into unknown readable memory: 0x00007a2dcc9e05d0 | d0 05 9e cc 2d 7a 00 00
R10=0x0 is NULL
R11=0x0 is NULL
R12=0x00007a2d9cd81d28: <offset 0x0000000000381d28> in /home/tom/.javacpp/cache/jaylib-5.5.0-2.jar/com/raylib/linux-x86_64/libjniRaylib.so at 0x00007a2d9ca00000
R13=0x0000000000000002 is an unknown value
R14=0x00007a2dccab3660 points into unknown readable memory: 0x00007a2dcc9e05d0 | d0 05 9e cc 2d 7a 00 00
R15=0x0000000000000032 is an unknown value


Top of Stack: (sp=0x00007a2dd1718298)
0x00007a2dd1718298:   00007a2d9cbe83be 00007a2d9cda6718
0x00007a2dd17182a8:   0000000000000000 00007a2dcc3f8230
0x00007a2dd17182b8:   00007a2dd2e268d0 57464c4720656854
0x00007a2dd17182c8:   7972617262696c20 20746f6e20736920
0x00007a2dd17182d8:   696c616974696e69 00007a2d0064657a
0x00007a2dd17182e8:   00007a2dcc03ab50 0000566333c2b7e0
0x00007a2dd17182f8:   0000566333c2bd60 00007a2dcc27f4a0
0x00007a2dd1718308:   00007a2dcc287180 00007a2dcc287900
0x00007a2dd1718318:   0000566333c2c8f0 00007a2dd2e262f0
0x00007a2dd1718328:   00007a2dd2de61e0 00007a2dd2de6730
0x00007a2dd1718338:   00007a2dcc2d5640 00007a2dcc2d89b0
0x00007a2dd1718348:   00007a2dcc420c60 00007a2dcc421150
0x00007a2dd1718358:   00007a2dcc421650 0000000000000000
0x00007a2dd1718368:   0000000000000000 00007a2dd2e262f0
0x00007a2dd1718378:   00007a2dd2de61e0 00007a2dcc287900
0x00007a2dd1718388:   00007a2dd1718400 00007a2dd1718520
0x00007a2dd1718398:   00007a2dd1718508 00007a2dd17183c0
0x00007a2dd17183a8:   00007a2dd2be250c 0000000000000002
0x00007a2dd17183b8:   00007a2dd2d965c0 00007a2dd17184f0
0x00007a2dd17183c8:   00007a2dd2bedd12 00007a2dcc03ab50
0x00007a2dd17183d8:   0000002133c2b7e0 00007a2dd2be1170
0x00007a2dd17183e8:   00007a2dd2c94551 0000000000000000
0x00007a2dd17183f8:   0000000000000021 00007a2dcc2b35f0
0x00007a2dd1718408:   0000000000000021 00007a2dd1718440
0x00007a2dd1718418:   00007a2dd2c14fa5 00007a2dd2d965c0
0x00007a2dd1718428:   00007a2dd2d93fd0 00007a2dcc2b35f0
0x00007a2dd1718438:   0000000000000021 00007a2dd1718480
0x00007a2dd1718448:   00007a2dd2c1311d 0000000000000000
0x00007a2dd1718458:   0000000000000021 00007a2dd2d93fd0
0x00007a2dd1718468:   00007a2d4b41d568 00007a2dd17187a0
0x00007a2dd1718478:   00007a2dcc02a290 00007a2dd17184a0
0x00007a2dd1718488:   00007a2dd2c13fb1 0000000000000000 

Instructions: (pc=0x00007a2d9cbe83be)
0x00007a2d9cbe82be:   59 e8 f3 0f 5c d3 f3 0f 10 5c 24 40 f3 44 0f 11
0x00007a2d9cbe82ce:   6f 2c f3 0f 59 dd f3 0f 5c d3 f3 0f 59 d0 f3 0f
0x00007a2d9cbe82de:   11 57 30 f3 0f 10 54 24 30 f3 0f 59 d7 f3 0f 5c
0x00007a2d9cbe82ee:   ca f3 0f 10 54 24 40 f3 41 0f 59 d6 f3 0f 58 ca
0x00007a2d9cbe82fe:   f3 0f 59 c8 f3 0f 11 4f 34 f3 0f 59 7c 24 20 f3
0x00007a2d9cbe830e:   0f 10 54 24 40 f3 0f 59 74 24 10 f3 41 0f 59 d7
0x00007a2d9cbe831e:   f3 0f 59 6c 24 10 f3 44 0f 59 74 24 20 f3 44 0f
0x00007a2d9cbe832e:   59 7c 24 30 0f 28 cf f3 0f 5c ce f3 0f 5c ca f3
0x00007a2d9cbe833e:   0f 59 c8 f3 0f 11 4f 38 0f 28 cd f3 41 0f 5c ce
0x00007a2d9cbe834e:   f3 41 0f 58 cf f3 0f 59 c1 f3 0f 11 47 3c c3 0f
0x00007a2d9cbe835e:   1f 00 f3 0f 1e fa 41 57 41 56 41 55 41 54 49 89
0x00007a2d9cbe836e:   fc 55 53 48 81 ec a8 02 00 00 8b 35 ca 99 19 00
0x00007a2d9cbe837e:   64 48 8b 04 25 28 00 00 00 48 89 84 24 98 02 00
0x00007a2d9cbe838e:   00 31 c0 85 f6 0f 8e 71 01 00 00 48 63 47 04 80
0x00007a2d9cbe839e:   3d 04 a4 19 00 00 48 8d 14 c0 48 8b 47 08 48 8d
0x00007a2d9cbe83ae:   04 d0 74 1e 8b 78 30 48 8d 05 bc 43 19 00 ff 10
0x00007a2d9cbe83be:   49 63 44 24 04 48 8d 14 c0 49 8b 44 24 08 48 8d
0x00007a2d9cbe83ce:   04 d0 48 8d 2d 51 44 19 00 8b 70 34 bf 92 88 00
0x00007a2d9cbe83de:   00 ff 55 00 49 63 44 24 04 4d 8b 54 24 08 31 f6
0x00007a2d9cbe83ee:   48 8d 1d c3 42 19 00 bf 92 88 00 00 48 8d 04 c0
0x00007a2d9cbe83fe:   49 8d 04 c2 48 8b 48 08 8b 05 3c 99 19 00 8d 14
0x00007a2d9cbe840e:   40 48 63 d2 48 c1 e2 02 ff 13 49 63 44 24 04 4d
0x00007a2d9cbe841e:   8b 5c 24 08 bf 92 88 00 00 48 8d 04 c0 49 8d 04
0x00007a2d9cbe842e:   c3 8b 70 38 ff 55 00 49 63 44 24 04 4d 8b 6c 24
0x00007a2d9cbe843e:   08 31 f6 bf 92 88 00 00 48 8d 04 c0 49 8d 44 c5
0x00007a2d9cbe844e:   00 48 8b 48 10 8b 05 ef 98 19 00 8d 14 00 48 63
0x00007a2d9cbe845e:   d2 48 c1 e2 02 ff 13 49 63 44 24 04 4d 8b 74 24
0x00007a2d9cbe846e:   08 bf 92 88 00 00 48 8d 04 c0 49 8d 04 c6 8b 70
0x00007a2d9cbe847e:   3c ff 55 00 49 63 44 24 04 4d 8b 7c 24 08 31 f6
0x00007a2d9cbe848e:   bf 92 88 00 00 48 8d 04 c0 49 8d 04 c7 48 8b 48
0x00007a2d9cbe849e:   18 8b 05 a3 98 19 00 8d 14 40 48 63 d2 48 c1 e2
0x00007a2d9cbe84ae:   02 ff 13 49 63 44 24 04 49 8b 54 24 08 bf 92 88 


Stack slot to memory mapping:
stack at sp + 0 slots: 0x00007a2d9cda6718: _glfw+0x0000000000020938 in /home/tom/.javacpp/cache/jaylib-5.5.0-2.jar/com/raylib/linux-x86_64/libjniRaylib.so at 0x00007a2d9ca00000
stack at sp + 1 slots: 0x0 is NULL
stack at sp + 2 slots: 0x00007a2dcc3f8230 points into unknown readable memory: 0x0000000000000004 | 04 00 00 00 00 00 00 00
stack at sp + 3 slots: 0x00007a2dd2e268d0 points into unknown readable memory: 0x00007a2dd2dec000 | 00 c0 de d2 2d 7a 00 00
stack at sp + 4 slots: 0x57464c4720656854 is an unknown value
stack at sp + 5 slots: 0x7972617262696c20 is an unknown value
stack at sp + 6 slots: 0x20746f6e20736920 is an unknown value
stack at sp + 7 slots: 0x696c616974696e69 is an unknown value


Compiled method (n/a)    8325  543     n 0       com.raylib.Raylib::DrawFPS (native)
 total in heap  [0x00007a2dbccf4d10,0x00007a2dbccf5070] = 864
 relocation     [0x00007a2dbccf4e70,0x00007a2dbccf4ea0] = 48
 main code      [0x00007a2dbccf4ea0,0x00007a2dbccf5068] = 456
 oops           [0x00007a2dbccf5068,0x00007a2dbccf5070] = 8

[Constant Pool (empty)]

[MachCode]
[Entry Point]
  # {method} {0x00007a2d4b432cc8} 'DrawFPS' '(II)V' in 'com/raylib/Raylib'
  # parm0:    rsi       = int
  # parm1:    rdx       = int
  #           [sp+0x50]  (sp of caller)
  0x00007a2dbccf4ea0: 448b 5608 | 49bb 0000 | 004f 2d7a | 0000 4d03 | d349 3bc2 | 0f84 0600 

  0x00007a2dbccf4eb8: ;   {runtime_call ic_miss_stub}
  0x00007a2dbccf4eb8: 0000 e9c1 | 2ea9 ff90 
[Verified Entry Point]
  0x00007a2dbccf4ec0: 8984 2400 | c0fe ff55 | 488b ec48 | 83ec 4048 | 8bca 488b 

  0x00007a2dbccf4ed4: ;   {oop(a 'java/lang/Class'{0x0000000718b3e1a8} = 'com/raylib/Raylib')}
  0x00007a2dbccf4ed4: d649 bea8 | e1b3 1807 | 0000 004c | 8974 2430 | 4c8d 7424 | 3049 8bf6 

  0x00007a2dbccf4eec: ;   {internal_word}
  0x00007a2dbccf4eec: c5f8 7749 | baec 4ecf | bc2d 7a00 | 004d 8997 | 9802 0000 | 4989 a790 

  0x00007a2dbccf4f04: ;   {external_word}
  0x00007a2dbccf4f04: 0200 0080 | 3d37 92e1 | 1500 0f84 | 3600 0000 

  0x00007a2dbccf4f14: ;   {metadata({method} {0x00007a2d4b432cc8} 'DrawFPS' '(II)V' in 'com/raylib/Raylib')}
  0x00007a2dbccf4f14: 5652 5148 | bec8 2c43 | 4b2d 7a00 | 0049 8bff | f7c4 0f00 | 0000 0f84 | 1200 0000 | 4883 ec08 
  0x00007a2dbccf4f34: ;   {runtime_call SharedRuntime::dtrace_method_entry(JavaThread*, Method*)}
  0x00007a2dbccf4f34: e897 d77e | 1548 83c4 | 08e9 0500 

  0x00007a2dbccf4f40: ;   {runtime_call SharedRuntime::dtrace_method_entry(JavaThread*, Method*)}
  0x00007a2dbccf4f40: 0000 e889 | d77e 1559 | 5a5e 498d | bfb0 0200 | 0041 c787 | 3803 0000 | 0400 0000 

  0x00007a2dbccf4f5c: ;   {runtime_call Java_com_raylib_Raylib_DrawFPS}
  0x00007a2dbccf4f5c: e8ce c3de | dfc5 f877 | 41c7 8738 | 0300 0005 | 0000 00f0 | 8344 24c0 | 0049 3baf | 4003 0000 
  0x00007a2dbccf4f7c: 0f87 1100 | 0000 4181 | bf28 0300 | 0000 0000 | 000f 841c | 0000 00c5 | f877 498b | ff4c 8be4 
  0x00007a2dbccf4f9c: 4883 ec00 | 4883 e4f0 

  0x00007a2dbccf4fa4: ;   {runtime_call JavaThread::check_special_condition_for_native_trans(JavaThread*)}
  0x00007a2dbccf4fa4: e807 9a97 | 1549 8be4 | 4d33 e441 | c787 3803 | 0000 0800 | 0000 4181 | bfa8 0300 | 0002 0000 
  0x00007a2dbccf4fc4: 000f 847c 

  0x00007a2dbccf4fc8: ;   {external_word}
  0x00007a2dbccf4fc8: 0000 0080 | 3d73 91e1 | 1500 0f84 | 3000 0000 

  0x00007a2dbccf4fd8: ;   {metadata({method} {0x00007a2d4b432cc8} 'DrawFPS' '(II)V' in 'com/raylib/Raylib')}
  0x00007a2dbccf4fd8: 48be c82c | 434b 2d7a | 0000 498b | fff7 c40f | 0000 000f | 8412 0000 | 0048 83ec 

  0x00007a2dbccf4ff4: ;   {runtime_call SharedRuntime::dtrace_method_exit(JavaThread*, Method*)}
  0x00007a2dbccf4ff4: 08e8 86d7 | 7e15 4883 | c408 e905 

  0x00007a2dbccf5000: ;   {runtime_call SharedRuntime::dtrace_method_exit(JavaThread*, Method*)}
  0x00007a2dbccf5000: 0000 00e8 | 78d7 7e15 | 49c7 8790 | 0200 0000 | 0000 0049 | c787 9802 | 0000 0000 | 0000 c5f8 
  0x00007a2dbccf5020: 7749 8b8f | d800 0000 | c781 0001 | 0000 0000 | 0000 c949 | 817f 0800 | 0000 000f | 8501 0000 
  0x00007a2dbccf5040: ;   {runtime_call StubRoutines (1)}
  0x00007a2dbccf5040: 00c3 e9b9 | 2ba4 ffc5 | f877 4c8b | e448 83ec | 0048 83e4 

  0x00007a2dbccf5054: ;   {runtime_call SharedRuntime::reguard_yellow_pages()}
  0x00007a2dbccf5054: f0e8 96e5 | 7e15 498b | e44d 33e4 | e966 ffff | fff4 f4f4 
[/MachCode]


---------------  P R O C E S S  ---------------

Threads class SMR info:
_java_thread_list=0x00007a2dcc2a2b70, length=12, elements={
0x00007a2dcc02a290, 0x00007a2dcc18d5c0, 0x00007a2dcc18e9a0, 0x00007a2dcc193f40,
0x00007a2dcc1952f0, 0x00007a2dcc196700, 0x00007a2dcc1980b0, 0x00007a2dcc1995e0,
0x00007a2dcc1a2a40, 0x00007a2dcc1aaac0, 0x00007a2dcc1ad910, 0x00007a2dcc2a1d00
}

Java Threads: ( => current thread )
=>0x00007a2dcc02a290 JavaThread "main" [_thread_in_native, id=120414, stack(0x00007a2dd161a000,0x00007a2dd171a000)]
  0x00007a2dcc18d5c0 JavaThread "Reference Handler" daemon [_thread_blocked, id=120421, stack(0x00007a2d9dbac000,0x00007a2d9dcac000)]
  0x00007a2dcc18e9a0 JavaThread "Finalizer" daemon [_thread_blocked, id=120422, stack(0x00007a2d9daab000,0x00007a2d9dbab000)]
  0x00007a2dcc193f40 JavaThread "Signal Dispatcher" daemon [_thread_blocked, id=120423, stack(0x00007a2d9d9aa000,0x00007a2d9daaa000)]
  0x00007a2dcc1952f0 JavaThread "Service Thread" daemon [_thread_blocked, id=120424, stack(0x00007a2d9d8a9000,0x00007a2d9d9a9000)]
  0x00007a2dcc196700 JavaThread "Monitor Deflation Thread" daemon [_thread_blocked, id=120425, stack(0x00007a2d9d7a8000,0x00007a2d9d8a8000)]
  0x00007a2dcc1980b0 JavaThread "C2 CompilerThread0" daemon [_thread_blocked, id=120426, stack(0x00007a2d9d6a7000,0x00007a2d9d7a7000)]
  0x00007a2dcc1995e0 JavaThread "C1 CompilerThread0" daemon [_thread_blocked, id=120427, stack(0x00007a2d9d5a6000,0x00007a2d9d6a6000)]
  0x00007a2dcc1a2a40 JavaThread "Sweeper thread" daemon [_thread_blocked, id=120428, stack(0x00007a2d9d4a5000,0x00007a2d9d5a5000)]
  0x00007a2dcc1aaac0 JavaThread "Notification Thread" daemon [_thread_blocked, id=120429, stack(0x00007a2d9d3a4000,0x00007a2d9d4a4000)]
  0x00007a2dcc1ad910 JavaThread "Common-Cleaner" daemon [_thread_blocked, id=120431, stack(0x00007a2d9d1a2000,0x00007a2d9d2a2000)]
  0x00007a2dcc2a1d00 JavaThread "JavaCPP Deallocator" daemon [_thread_blocked, id=120442, stack(0x00007a2d9ce5e000,0x00007a2d9cf5e000)]

Other Threads:
  0x00007a2dcc189630 VMThread "VM Thread" [stack: 0x00007a2d9dcad000,0x00007a2d9ddad000] [id=120420]
  0x00007a2dcc1ac400 WatcherThread [stack: 0x00007a2d9d2a3000,0x00007a2d9d3a3000] [id=120430]
  0x00007a2dcc094c80 GCTaskThread "GC Thread#0" [stack: 0x00007a2dd0306000,0x00007a2dd0406000] [id=120415]
  0x00007a2dcc0a5950 ConcurrentGCThread "G1 Main Marker" [stack: 0x00007a2dd0205000,0x00007a2dd0305000] [id=120416]
  0x00007a2dcc0a68c0 ConcurrentGCThread "G1 Conc#0" [stack: 0x00007a2dd0104000,0x00007a2dd0204000] [id=120417]
  0x00007a2dcc15a260 ConcurrentGCThread "G1 Refine#0" [stack: 0x00007a2dac02e000,0x00007a2dac12e000] [id=120418]
  0x00007a2dcc15b160 ConcurrentGCThread "G1 Service" [stack: 0x00007a2d9df00000,0x00007a2d9e000000] [id=120419]

Threads with active compile tasks:

VM state: not at safepoint (normal execution)

VM Mutex/Monitor currently owned by a thread: None

Heap address: 0x0000000709400000, size: 3948 MB, Compressed Oops mode: Zero based, Oop shift amount: 3

CDS archive(s) mapped at: [0x00007a2d4f000000-0x00007a2d4fbc9000-0x00007a2d4fbc9000), size 12357632, SharedBaseAddress: 0x00007a2d4f000000, ArchiveRelocationMode: 1.
Compressed class space mapped at: 0x00007a2d50000000-0x00007a2d90000000, reserved size: 1073741824
Narrow klass base: 0x00007a2d4f000000, Narrow klass shift: 0, Narrow klass range: 0x100000000

GC Precious Log:
 CPUs: 8 total, 8 available
 Memory: 15788M
 Large Page Support: Disabled
 NUMA Support: Disabled
 Compressed Oops: Enabled (Zero based)
 Heap Region Size: 2M
 Heap Min Capacity: 8M
 Heap Initial Capacity: 248M
 Heap Max Capacity: 3948M
 Pre-touch: Disabled
 Parallel Workers: 8
 Concurrent Workers: 2
 Concurrent Refinement Workers: 8
 Periodic GC: Disabled

Heap:
 garbage-first heap   total 258048K, used 6068K [0x0000000709400000, 0x0000000800000000)
  region size 2048K, 3 young (6144K), 0 survivors (0K)
 Metaspace       used 2206K, committed 2368K, reserved 1114112K
  class space    used 211K, committed 256K, reserved 1048576K

Heap Regions: E=young(eden), S=young(survivor), O=old, HS=humongous(starts), HC=humongous(continues), CS=collection set, F=free, OA=open archive, CA=closed archive, TAMS=top-at-mark-start (previous, next)
|   0|0x0000000709400000, 0x0000000709400000, 0x0000000709600000|  0%| F|  |TAMS 0x0000000709400000, 0x0000000709400000| Untracked 
|   1|0x0000000709600000, 0x0000000709600000, 0x0000000709800000|  0%| F|  |TAMS 0x0000000709600000, 0x0000000709600000| Untracked 
|   2|0x0000000709800000, 0x0000000709800000, 0x0000000709a00000|  0%| F|  |TAMS 0x0000000709800000, 0x0000000709800000| Untracked 
|   3|0x0000000709a00000, 0x0000000709a00000, 0x0000000709c00000|  0%| F|  |TAMS 0x0000000709a00000, 0x0000000709a00000| Untracked 
|   4|0x0000000709c00000, 0x0000000709c00000, 0x0000000709e00000|  0%| F|  |TAMS 0x0000000709c00000, 0x0000000709c00000| Untracked 
|   5|0x0000000709e00000, 0x0000000709e00000, 0x000000070a000000|  0%| F|  |TAMS 0x0000000709e00000, 0x0000000709e00000| Untracked 
|   6|0x000000070a000000, 0x000000070a000000, 0x000000070a200000|  0%| F|  |TAMS 0x000000070a000000, 0x000000070a000000| Untracked 
|   7|0x000000070a200000, 0x000000070a200000, 0x000000070a400000|  0%| F|  |TAMS 0x000000070a200000, 0x000000070a200000| Untracked 
|   8|0x000000070a400000, 0x000000070a400000, 0x000000070a600000|  0%| F|  |TAMS 0x000000070a400000, 0x000000070a400000| Untracked 
|   9|0x000000070a600000, 0x000000070a600000, 0x000000070a800000|  0%| F|  |TAMS 0x000000070a600000, 0x000000070a600000| Untracked 
|  10|0x000000070a800000, 0x000000070a800000, 0x000000070aa00000|  0%| F|  |TAMS 0x000000070a800000, 0x000000070a800000| Untracked 
|  11|0x000000070aa00000, 0x000000070aa00000, 0x000000070ac00000|  0%| F|  |TAMS 0x000000070aa00000, 0x000000070aa00000| Untracked 
|  12|0x000000070ac00000, 0x000000070ac00000, 0x000000070ae00000|  0%| F|  |TAMS 0x000000070ac00000, 0x000000070ac00000| Untracked 
|  13|0x000000070ae00000, 0x000000070ae00000, 0x000000070b000000|  0%| F|  |TAMS 0x000000070ae00000, 0x000000070ae00000| Untracked 
|  14|0x000000070b000000, 0x000000070b000000, 0x000000070b200000|  0%| F|  |TAMS 0x000000070b000000, 0x000000070b000000| Untracked 
|  15|0x000000070b200000, 0x000000070b200000, 0x000000070b400000|  0%| F|  |TAMS 0x000000070b200000, 0x000000070b200000| Untracked 
|  16|0x000000070b400000, 0x000000070b400000, 0x000000070b600000|  0%| F|  |TAMS 0x000000070b400000, 0x000000070b400000| Untracked 
|  17|0x000000070b600000, 0x000000070b600000, 0x000000070b800000|  0%| F|  |TAMS 0x000000070b600000, 0x000000070b600000| Untracked 
|  18|0x000000070b800000, 0x000000070b800000, 0x000000070ba00000|  0%| F|  |TAMS 0x000000070b800000, 0x000000070b800000| Untracked 
|  19|0x000000070ba00000, 0x000000070ba00000, 0x000000070bc00000|  0%| F|  |TAMS 0x000000070ba00000, 0x000000070ba00000| Untracked 
|  20|0x000000070bc00000, 0x000000070bc00000, 0x000000070be00000|  0%| F|  |TAMS 0x000000070bc00000, 0x000000070bc00000| Untracked 
|  21|0x000000070be00000, 0x000000070be00000, 0x000000070c000000|  0%| F|  |TAMS 0x000000070be00000, 0x000000070be00000| Untracked 
|  22|0x000000070c000000, 0x000000070c000000, 0x000000070c200000|  0%| F|  |TAMS 0x000000070c000000, 0x000000070c000000| Untracked 
|  23|0x000000070c200000, 0x000000070c200000, 0x000000070c400000|  0%| F|  |TAMS 0x000000070c200000, 0x000000070c200000| Untracked 
|  24|0x000000070c400000, 0x000000070c400000, 0x000000070c600000|  0%| F|  |TAMS 0x000000070c400000, 0x000000070c400000| Untracked 
|  25|0x000000070c600000, 0x000000070c600000, 0x000000070c800000|  0%| F|  |TAMS 0x000000070c600000, 0x000000070c600000| Untracked 
|  26|0x000000070c800000, 0x000000070c800000, 0x000000070ca00000|  0%| F|  |TAMS 0x000000070c800000, 0x000000070c800000| Untracked 
|  27|0x000000070ca00000, 0x000000070ca00000, 0x000000070cc00000|  0%| F|  |TAMS 0x000000070ca00000, 0x000000070ca00000| Untracked 
|  28|0x000000070cc00000, 0x000000070cc00000, 0x000000070ce00000|  0%| F|  |TAMS 0x000000070cc00000, 0x000000070cc00000| Untracked 
|  29|0x000000070ce00000, 0x000000070ce00000, 0x000000070d000000|  0%| F|  |TAMS 0x000000070ce00000, 0x000000070ce00000| Untracked 
|  30|0x000000070d000000, 0x000000070d000000, 0x000000070d200000|  0%| F|  |TAMS 0x000000070d000000, 0x000000070d000000| Untracked 
|  31|0x000000070d200000, 0x000000070d200000, 0x000000070d400000|  0%| F|  |TAMS 0x000000070d200000, 0x000000070d200000| Untracked 
|  32|0x000000070d400000, 0x000000070d400000, 0x000000070d600000|  0%| F|  |TAMS 0x000000070d400000, 0x000000070d400000| Untracked 
|  33|0x000000070d600000, 0x000000070d600000, 0x000000070d800000|  0%| F|  |TAMS 0x000000070d600000, 0x000000070d600000| Untracked 
|  34|0x000000070d800000, 0x000000070d800000, 0x000000070da00000|  0%| F|  |TAMS 0x000000070d800000, 0x000000070d800000| Untracked 
|  35|0x000000070da00000, 0x000000070da00000, 0x000000070dc00000|  0%| F|  |TAMS 0x000000070da00000, 0x000000070da00000| Untracked 
|  36|0x000000070dc00000, 0x000000070dc00000, 0x000000070de00000|  0%| F|  |TAMS 0x000000070dc00000, 0x000000070dc00000| Untracked 
|  37|0x000000070de00000, 0x000000070de00000, 0x000000070e000000|  0%| F|  |TAMS 0x000000070de00000, 0x000000070de00000| Untracked 
|  38|0x000000070e000000, 0x000000070e000000, 0x000000070e200000|  0%| F|  |TAMS 0x000000070e000000, 0x000000070e000000| Untracked 
|  39|0x000000070e200000, 0x000000070e200000, 0x000000070e400000|  0%| F|  |TAMS 0x000000070e200000, 0x000000070e200000| Untracked 
|  40|0x000000070e400000, 0x000000070e400000, 0x000000070e600000|  0%| F|  |TAMS 0x000000070e400000, 0x000000070e400000| Untracked 
|  41|0x000000070e600000, 0x000000070e600000, 0x000000070e800000|  0%| F|  |TAMS 0x000000070e600000, 0x000000070e600000| Untracked 
|  42|0x000000070e800000, 0x000000070e800000, 0x000000070ea00000|  0%| F|  |TAMS 0x000000070e800000, 0x000000070e800000| Untracked 
|  43|0x000000070ea00000, 0x000000070ea00000, 0x000000070ec00000|  0%| F|  |TAMS 0x000000070ea00000, 0x000000070ea00000| Untracked 
|  44|0x000000070ec00000, 0x000000070ec00000, 0x000000070ee00000|  0%| F|  |TAMS 0x000000070ec00000, 0x000000070ec00000| Untracked 
|  45|0x000000070ee00000, 0x000000070ee00000, 0x000000070f000000|  0%| F|  |TAMS 0x000000070ee00000, 0x000000070ee00000| Untracked 
|  46|0x000000070f000000, 0x000000070f000000, 0x000000070f200000|  0%| F|  |TAMS 0x000000070f000000, 0x000000070f000000| Untracked 
|  47|0x000000070f200000, 0x000000070f200000, 0x000000070f400000|  0%| F|  |TAMS 0x000000070f200000, 0x000000070f200000| Untracked 
|  48|0x000000070f400000, 0x000000070f400000, 0x000000070f600000|  0%| F|  |TAMS 0x000000070f400000, 0x000000070f400000| Untracked 
|  49|0x000000070f600000, 0x000000070f600000, 0x000000070f800000|  0%| F|  |TAMS 0x000000070f600000, 0x000000070f600000| Untracked 
|  50|0x000000070f800000, 0x000000070f800000, 0x000000070fa00000|  0%| F|  |TAMS 0x000000070f800000, 0x000000070f800000| Untracked 
|  51|0x000000070fa00000, 0x000000070fa00000, 0x000000070fc00000|  0%| F|  |TAMS 0x000000070fa00000, 0x000000070fa00000| Untracked 
|  52|0x000000070fc00000, 0x000000070fc00000, 0x000000070fe00000|  0%| F|  |TAMS 0x000000070fc00000, 0x000000070fc00000| Untracked 
|  53|0x000000070fe00000, 0x000000070fe00000, 0x0000000710000000|  0%| F|  |TAMS 0x000000070fe00000, 0x000000070fe00000| Untracked 
|  54|0x0000000710000000, 0x0000000710000000, 0x0000000710200000|  0%| F|  |TAMS 0x0000000710000000, 0x0000000710000000| Untracked 
|  55|0x0000000710200000, 0x0000000710200000, 0x0000000710400000|  0%| F|  |TAMS 0x0000000710200000, 0x0000000710200000| Untracked 
|  56|0x0000000710400000, 0x0000000710400000, 0x0000000710600000|  0%| F|  |TAMS 0x0000000710400000, 0x0000000710400000| Untracked 
|  57|0x0000000710600000, 0x0000000710600000, 0x0000000710800000|  0%| F|  |TAMS 0x0000000710600000, 0x0000000710600000| Untracked 
|  58|0x0000000710800000, 0x0000000710800000, 0x0000000710a00000|  0%| F|  |TAMS 0x0000000710800000, 0x0000000710800000| Untracked 
|  59|0x0000000710a00000, 0x0000000710a00000, 0x0000000710c00000|  0%| F|  |TAMS 0x0000000710a00000, 0x0000000710a00000| Untracked 
|  60|0x0000000710c00000, 0x0000000710c00000, 0x0000000710e00000|  0%| F|  |TAMS 0x0000000710c00000, 0x0000000710c00000| Untracked 
|  61|0x0000000710e00000, 0x0000000710e00000, 0x0000000711000000|  0%| F|  |TAMS 0x0000000710e00000, 0x0000000710e00000| Untracked 
|  62|0x0000000711000000, 0x0000000711000000, 0x0000000711200000|  0%| F|  |TAMS 0x0000000711000000, 0x0000000711000000| Untracked 
|  63|0x0000000711200000, 0x0000000711200000, 0x0000000711400000|  0%| F|  |TAMS 0x0000000711200000, 0x0000000711200000| Untracked 
|  64|0x0000000711400000, 0x0000000711400000, 0x0000000711600000|  0%| F|  |TAMS 0x0000000711400000, 0x0000000711400000| Untracked 
|  65|0x0000000711600000, 0x0000000711600000, 0x0000000711800000|  0%| F|  |TAMS 0x0000000711600000, 0x0000000711600000| Untracked 
|  66|0x0000000711800000, 0x0000000711800000, 0x0000000711a00000|  0%| F|  |TAMS 0x0000000711800000, 0x0000000711800000| Untracked 
|  67|0x0000000711a00000, 0x0000000711a00000, 0x0000000711c00000|  0%| F|  |TAMS 0x0000000711a00000, 0x0000000711a00000| Untracked 
|  68|0x0000000711c00000, 0x0000000711c00000, 0x0000000711e00000|  0%| F|  |TAMS 0x0000000711c00000, 0x0000000711c00000| Untracked 
|  69|0x0000000711e00000, 0x0000000711e00000, 0x0000000712000000|  0%| F|  |TAMS 0x0000000711e00000, 0x0000000711e00000| Untracked 
|  70|0x0000000712000000, 0x0000000712000000, 0x0000000712200000|  0%| F|  |TAMS 0x0000000712000000, 0x0000000712000000| Untracked 
|  71|0x0000000712200000, 0x0000000712200000, 0x0000000712400000|  0%| F|  |TAMS 0x0000000712200000, 0x0000000712200000| Untracked 
|  72|0x0000000712400000, 0x0000000712400000, 0x0000000712600000|  0%| F|  |TAMS 0x0000000712400000, 0x0000000712400000| Untracked 
|  73|0x0000000712600000, 0x0000000712600000, 0x0000000712800000|  0%| F|  |TAMS 0x0000000712600000, 0x0000000712600000| Untracked 
|  74|0x0000000712800000, 0x0000000712800000, 0x0000000712a00000|  0%| F|  |TAMS 0x0000000712800000, 0x0000000712800000| Untracked 
|  75|0x0000000712a00000, 0x0000000712a00000, 0x0000000712c00000|  0%| F|  |TAMS 0x0000000712a00000, 0x0000000712a00000| Untracked 
|  76|0x0000000712c00000, 0x0000000712c00000, 0x0000000712e00000|  0%| F|  |TAMS 0x0000000712c00000, 0x0000000712c00000| Untracked 
|  77|0x0000000712e00000, 0x0000000712e00000, 0x0000000713000000|  0%| F|  |TAMS 0x0000000712e00000, 0x0000000712e00000| Untracked 
|  78|0x0000000713000000, 0x0000000713000000, 0x0000000713200000|  0%| F|  |TAMS 0x0000000713000000, 0x0000000713000000| Untracked 
|  79|0x0000000713200000, 0x0000000713200000, 0x0000000713400000|  0%| F|  |TAMS 0x0000000713200000, 0x0000000713200000| Untracked 
|  80|0x0000000713400000, 0x0000000713400000, 0x0000000713600000|  0%| F|  |TAMS 0x0000000713400000, 0x0000000713400000| Untracked 
|  81|0x0000000713600000, 0x0000000713600000, 0x0000000713800000|  0%| F|  |TAMS 0x0000000713600000, 0x0000000713600000| Untracked 
|  82|0x0000000713800000, 0x0000000713800000, 0x0000000713a00000|  0%| F|  |TAMS 0x0000000713800000, 0x0000000713800000| Untracked 
|  83|0x0000000713a00000, 0x0000000713a00000, 0x0000000713c00000|  0%| F|  |TAMS 0x0000000713a00000, 0x0000000713a00000| Untracked 
|  84|0x0000000713c00000, 0x0000000713c00000, 0x0000000713e00000|  0%| F|  |TAMS 0x0000000713c00000, 0x0000000713c00000| Untracked 
|  85|0x0000000713e00000, 0x0000000713e00000, 0x0000000714000000|  0%| F|  |TAMS 0x0000000713e00000, 0x0000000713e00000| Untracked 
|  86|0x0000000714000000, 0x0000000714000000, 0x0000000714200000|  0%| F|  |TAMS 0x0000000714000000, 0x0000000714000000| Untracked 
|  87|0x0000000714200000, 0x0000000714200000, 0x0000000714400000|  0%| F|  |TAMS 0x0000000714200000, 0x0000000714200000| Untracked 
|  88|0x0000000714400000, 0x0000000714400000, 0x0000000714600000|  0%| F|  |TAMS 0x0000000714400000, 0x0000000714400000| Untracked 
|  89|0x0000000714600000, 0x0000000714600000, 0x0000000714800000|  0%| F|  |TAMS 0x0000000714600000, 0x0000000714600000| Untracked 
|  90|0x0000000714800000, 0x0000000714800000, 0x0000000714a00000|  0%| F|  |TAMS 0x0000000714800000, 0x0000000714800000| Untracked 
|  91|0x0000000714a00000, 0x0000000714a00000, 0x0000000714c00000|  0%| F|  |TAMS 0x0000000714a00000, 0x0000000714a00000| Untracked 
|  92|0x0000000714c00000, 0x0000000714c00000, 0x0000000714e00000|  0%| F|  |TAMS 0x0000000714c00000, 0x0000000714c00000| Untracked 
|  93|0x0000000714e00000, 0x0000000714e00000, 0x0000000715000000|  0%| F|  |TAMS 0x0000000714e00000, 0x0000000714e00000| Untracked 
|  94|0x0000000715000000, 0x0000000715000000, 0x0000000715200000|  0%| F|  |TAMS 0x0000000715000000, 0x0000000715000000| Untracked 
|  95|0x0000000715200000, 0x0000000715200000, 0x0000000715400000|  0%| F|  |TAMS 0x0000000715200000, 0x0000000715200000| Untracked 
|  96|0x0000000715400000, 0x0000000715400000, 0x0000000715600000|  0%| F|  |TAMS 0x0000000715400000, 0x0000000715400000| Untracked 
|  97|0x0000000715600000, 0x0000000715600000, 0x0000000715800000|  0%| F|  |TAMS 0x0000000715600000, 0x0000000715600000| Untracked 
|  98|0x0000000715800000, 0x0000000715800000, 0x0000000715a00000|  0%| F|  |TAMS 0x0000000715800000, 0x0000000715800000| Untracked 
|  99|0x0000000715a00000, 0x0000000715a00000, 0x0000000715c00000|  0%| F|  |TAMS 0x0000000715a00000, 0x0000000715a00000| Untracked 
| 100|0x0000000715c00000, 0x0000000715c00000, 0x0000000715e00000|  0%| F|  |TAMS 0x0000000715c00000, 0x0000000715c00000| Untracked 
| 101|0x0000000715e00000, 0x0000000715e00000, 0x0000000716000000|  0%| F|  |TAMS 0x0000000715e00000, 0x0000000715e00000| Untracked 
| 102|0x0000000716000000, 0x0000000716000000, 0x0000000716200000|  0%| F|  |TAMS 0x0000000716000000, 0x0000000716000000| Untracked 
| 103|0x0000000716200000, 0x0000000716200000, 0x0000000716400000|  0%| F|  |TAMS 0x0000000716200000, 0x0000000716200000| Untracked 
| 104|0x0000000716400000, 0x0000000716400000, 0x0000000716600000|  0%| F|  |TAMS 0x0000000716400000, 0x0000000716400000| Untracked 
| 105|0x0000000716600000, 0x0000000716600000, 0x0000000716800000|  0%| F|  |TAMS 0x0000000716600000, 0x0000000716600000| Untracked 
| 106|0x0000000716800000, 0x0000000716800000, 0x0000000716a00000|  0%| F|  |TAMS 0x0000000716800000, 0x0000000716800000| Untracked 
| 107|0x0000000716a00000, 0x0000000716a00000, 0x0000000716c00000|  0%| F|  |TAMS 0x0000000716a00000, 0x0000000716a00000| Untracked 
| 108|0x0000000716c00000, 0x0000000716c00000, 0x0000000716e00000|  0%| F|  |TAMS 0x0000000716c00000, 0x0000000716c00000| Untracked 
| 109|0x0000000716e00000, 0x0000000716e00000, 0x0000000717000000|  0%| F|  |TAMS 0x0000000716e00000, 0x0000000716e00000| Untracked 
| 110|0x0000000717000000, 0x0000000717000000, 0x0000000717200000|  0%| F|  |TAMS 0x0000000717000000, 0x0000000717000000| Untracked 
| 111|0x0000000717200000, 0x0000000717200000, 0x0000000717400000|  0%| F|  |TAMS 0x0000000717200000, 0x0000000717200000| Untracked 
| 112|0x0000000717400000, 0x0000000717400000, 0x0000000717600000|  0%| F|  |TAMS 0x0000000717400000, 0x0000000717400000| Untracked 
| 113|0x0000000717600000, 0x0000000717600000, 0x0000000717800000|  0%| F|  |TAMS 0x0000000717600000, 0x0000000717600000| Untracked 
| 114|0x0000000717800000, 0x0000000717800000, 0x0000000717a00000|  0%| F|  |TAMS 0x0000000717800000, 0x0000000717800000| Untracked 
| 115|0x0000000717a00000, 0x0000000717a00000, 0x0000000717c00000|  0%| F|  |TAMS 0x0000000717a00000, 0x0000000717a00000| Untracked 
| 116|0x0000000717c00000, 0x0000000717c00000, 0x0000000717e00000|  0%| F|  |TAMS 0x0000000717c00000, 0x0000000717c00000| Untracked 
| 117|0x0000000717e00000, 0x0000000717e00000, 0x0000000718000000|  0%| F|  |TAMS 0x0000000717e00000, 0x0000000717e00000| Untracked 
| 118|0x0000000718000000, 0x0000000718000000, 0x0000000718200000|  0%| F|  |TAMS 0x0000000718000000, 0x0000000718000000| Untracked 
| 119|0x0000000718200000, 0x0000000718200000, 0x0000000718400000|  0%| F|  |TAMS 0x0000000718200000, 0x0000000718200000| Untracked 
| 120|0x0000000718400000, 0x0000000718400000, 0x0000000718600000|  0%| F|  |TAMS 0x0000000718400000, 0x0000000718400000| Untracked 
| 121|0x0000000718600000, 0x00000007187c2990, 0x0000000718800000| 88%| E|  |TAMS 0x0000000718600000, 0x0000000718600000| Complete 
| 122|0x0000000718800000, 0x0000000718a00000, 0x0000000718a00000|100%| E|CS|TAMS 0x0000000718800000, 0x0000000718800000| Complete 
| 123|0x0000000718a00000, 0x0000000718c00000, 0x0000000718c00000|100%| E|CS|TAMS 0x0000000718a00000, 0x0000000718a00000| Complete 
|1972|0x00000007ffc00000, 0x00000007ffd75000, 0x00000007ffe00000| 72%|OA|  |TAMS 0x00000007ffc00000, 0x00000007ffc00000| Untracked 
|1973|0x00000007ffe00000, 0x00000007ffe78000, 0x0000000800000000| 23%|CA|  |TAMS 0x00000007ffe00000, 0x00000007ffe00000| Untracked 

Card table byte_map: [0x00007a2db4a4a000,0x00007a2db5200000] _byte_map_base: 0x00007a2db1200000

Marking Bits (Prev, Next): (CMBitMap*) 0x00007a2dcc095710, (CMBitMap*) 0x00007a2dcc095750
 Prev Bits: [0x00007a2db04e4000, 0x00007a2db4294000)
 Next Bits: [0x00007a2dac734000, 0x00007a2db04e4000)

Polling page: 0x00007a2dd2ba3000

Metaspace:

Usage:
  Non-class:      1.95 MB used.
      Class:    211.34 KB used.
       Both:      2.16 MB used.

Virtual space:
  Non-class space:       64.00 MB reserved,       2.06 MB (  3%) committed,  1 nodes.
      Class space:        1.00 GB reserved,     256.00 KB ( <1%) committed,  1 nodes.
             Both:        1.06 GB reserved,       2.31 MB ( <1%) committed. 

Chunk freelists:
   Non-Class:  11.11 MB
       Class:  15.64 MB
        Both:  26.75 MB

MaxMetaspaceSize: unlimited
CompressedClassSpaceSize: 1.00 GB
Initial GC threshold: 21.00 MB
Current GC threshold: 21.00 MB
CDS: on
MetaspaceReclaimPolicy: balanced
 - commit_granule_bytes: 65536.
 - commit_granule_words: 8192.
 - virtual_space_node_default_size: 8388608.
 - enlarge_chunks_in_place: 1.
 - new_chunks_are_fully_committed: 0.
 - uncommit_free_chunks: 1.
 - use_allocation_guard: 0.
 - handle_deallocations: 1.


Internal statistics:

num_allocs_failed_limit: 0.
num_arena_births: 36.
num_arena_deaths: 0.
num_vsnodes_births: 2.
num_vsnodes_deaths: 0.
num_space_committed: 37.
num_space_uncommitted: 0.
num_chunks_returned_to_freelist: 0.
num_chunks_taken_from_freelist: 84.
num_chunk_merges: 0.
num_chunk_splits: 58.
num_chunks_enlarged: 41.
num_inconsistent_stats: 0.

CodeHeap 'non-profiled nmethods': size=120028Kb used=209Kb max_used=209Kb free=119818Kb
 bounds [0x00007a2dbccc9000, 0x00007a2dbcf39000, 0x00007a2dc4200000]
CodeHeap 'profiled nmethods': size=120028Kb used=769Kb max_used=769Kb free=119258Kb
 bounds [0x00007a2db5200000, 0x00007a2db5470000, 0x00007a2dbc737000]
CodeHeap 'non-nmethods': size=5704Kb used=1149Kb max_used=1167Kb free=4554Kb
 bounds [0x00007a2dbc737000, 0x00007a2dbc9a7000, 0x00007a2dbccc9000]
 total_blobs=1018 nmethods=574 adapters=358
 compilation: enabled
              stopped_count=0, restarted_count=0
 full_count=0

Compilation events (20 events):
Event: 6.926 Thread 0x00007a2dcc1980b0  565   !   4       java.util.WeakHashMap::expungeStaleEntries (139 bytes)
Event: 6.926 Thread 0x00007a2dcc1980b0 nmethod 565 0x00007a2dbccf8a10 code [0x00007a2dbccf8ba0, 0x00007a2dbccf8c58]
Event: 7.080 Thread 0x00007a2dcc1980b0  566       4       java.util.HashMap::get (19 bytes)
Event: 7.086 Thread 0x00007a2dcc1980b0 nmethod 566 0x00007a2dbccf8d10 code [0x00007a2dbccf8ee0, 0x00007a2dbccf9508]
Event: 7.114 Thread 0x00007a2dcc1980b0  567       4       java.util.WeakHashMap::hash (28 bytes)
Event: 7.114 Thread 0x00007a2dcc1980b0 nmethod 567 0x00007a2dbccf9990 code [0x00007a2dbccf9b20, 0x00007a2dbccf9c38]
Event: 7.322 Thread 0x00007a2dcc1980b0  568       4       java.lang.ThreadLocal::get (38 bytes)
Event: 7.324 Thread 0x00007a2dcc1980b0 nmethod 568 0x00007a2dbccf9d10 code [0x00007a2dbccf9ec0, 0x00007a2dbccfa038]
Event: 7.351 Thread 0x00007a2dcc1980b0  569       4       java.lang.Object::equals (11 bytes)
Event: 7.352 Thread 0x00007a2dcc1980b0 nmethod 569 0x00007a2dbccfa210 code [0x00007a2dbccfa380, 0x00007a2dbccfa418]
Event: 7.418 Thread 0x00007a2dcc1980b0  570       4       java.util.WeakHashMap::get (75 bytes)
Event: 7.421 Thread 0x00007a2dcc1980b0 nmethod 570 0x00007a2dbccfa510 code [0x00007a2dbccfa6a0, 0x00007a2dbccfa8f8]
Event: 7.802 Thread 0x00007a2dcc1980b0  571       4       java.util.ArrayDeque$DeqIterator::<init> (34 bytes)
Event: 7.803 Thread 0x00007a2dcc1980b0 nmethod 571 0x00007a2dbccfab90 code [0x00007a2dbccfad20, 0x00007a2dbccfaef8]
Event: 7.810 Thread 0x00007a2dcc1980b0  572       4       org.bytedeco.javacpp.Pointer::init (52 bytes)
Event: 7.822 Thread 0x00007a2dcc1980b0 nmethod 572 0x00007a2dbccfb010 code [0x00007a2dbccfb220, 0x00007a2dbccfc068]
Event: 7.822 Thread 0x00007a2dcc1980b0  573       4       org.bytedeco.javacpp.Pointer::<init> (86 bytes)
Event: 7.823 Thread 0x00007a2dcc1980b0 nmethod 573 0x00007a2dbccfca90 code [0x00007a2dbccfcc20, 0x00007a2dbccfcd18]
Event: 7.985 Thread 0x00007a2dcc1980b0  574   !   4       org.bytedeco.javacpp.Pointer$DeallocatorReference::add (82 bytes)
Event: 7.987 Thread 0x00007a2dcc1980b0 nmethod 574 0x00007a2dbccfcd90 code [0x00007a2dbccfcf20, 0x00007a2dbccfd498]

GC Heap History (0 events):
No events

Dll operation events (7 events):
Event: 0.001 Loaded shared library /home/tom/.jdks/temurin-17.0.15/lib/libjava.so
Event: 0.016 Loaded shared library /home/tom/.jdks/temurin-17.0.15/lib/libjsvml.so
Event: 0.050 Loaded shared library /home/tom/.jdks/temurin-17.0.15/lib/libnio.so
Event: 0.053 Loaded shared library /home/tom/.jdks/temurin-17.0.15/lib/libzip.so
Event: 0.077 Loaded shared library /home/tom/.jdks/temurin-17.0.15/lib/libjimage.so
Event: 0.116 Loaded shared library /usr/lib/libraylib.so.5.5.0
Event: 0.139 Loaded shared library /home/tom/.javacpp/cache/jaylib-5.5.0-2.jar/com/raylib/linux-x86_64/libjniRaylib.so

Deoptimization events (10 events):
Event: 0.164 Thread 0x00007a2dcc02a290 DEOPT PACKING pc=0x00007a2db5225236 sp=0x00007a2dd17164a0
Event: 0.164 Thread 0x00007a2dcc02a290 DEOPT UNPACKING pc=0x00007a2dbc78de2f sp=0x00007a2dd17158e0 mode 0
Event: 0.177 Thread 0x00007a2dcc02a290 DEOPT PACKING pc=0x00007a2db52056c2 sp=0x00007a2dd17164b0
Event: 0.177 Thread 0x00007a2dcc02a290 DEOPT UNPACKING pc=0x00007a2dbc78de2f sp=0x00007a2dd1715948 mode 0
Event: 0.371 Thread 0x00007a2dcc02a290 DEOPT PACKING pc=0x00007a2db522443c sp=0x00007a2dd1717ca0
Event: 0.371 Thread 0x00007a2dcc02a290 DEOPT UNPACKING pc=0x00007a2dbc78de2f sp=0x00007a2dd1717110 mode 0
Event: 1.196 Thread 0x00007a2dcc02a290 DEOPT PACKING pc=0x00007a2db52aca33 sp=0x00007a2dd1718800
Event: 1.196 Thread 0x00007a2dcc02a290 DEOPT UNPACKING pc=0x00007a2dbc78de2f sp=0x00007a2dd1717cc0 mode 0
Event: 2.606 Thread 0x00007a2dcc02a290 DEOPT PACKING pc=0x00007a2db52a899a sp=0x00007a2dd1718090
Event: 2.606 Thread 0x00007a2dcc02a290 DEOPT UNPACKING pc=0x00007a2dbc78de2f sp=0x00007a2dd17174d8 mode 0

Classes loaded (20 events):
Event: 0.373 Loading class java/util/stream/Nodes$EmptyNode$OfInt
Event: 0.373 Loading class java/util/stream/Node$OfInt
Event: 0.373 Loading class java/util/stream/Node$OfPrimitive
Event: 0.373 Loading class java/util/stream/Node$OfPrimitive done
Event: 0.373 Loading class java/util/stream/Node$OfInt done
Event: 0.373 Loading class java/util/stream/Nodes$EmptyNode$OfInt done
Event: 0.373 Loading class java/util/stream/Nodes$EmptyNode$OfLong
Event: 0.373 Loading class java/util/stream/Node$OfLong
Event: 0.373 Loading class java/util/stream/Node$OfLong done
Event: 0.373 Loading class java/util/stream/Nodes$EmptyNode$OfLong done
Event: 0.373 Loading class java/util/stream/Nodes$EmptyNode$OfDouble
Event: 0.373 Loading class java/util/stream/Node$OfDouble
Event: 0.373 Loading class java/util/stream/Node$OfDouble done
Event: 0.373 Loading class java/util/stream/Nodes$EmptyNode$OfDouble done
Event: 0.373 Loading class java/util/stream/Nodes$FixedNodeBuilder
Event: 0.374 Loading class java/util/stream/Node$Builder
Event: 0.374 Loading class java/util/stream/Node$Builder done
Event: 0.374 Loading class java/util/stream/Nodes$ArrayNode
Event: 0.374 Loading class java/util/stream/Nodes$ArrayNode done
Event: 0.374 Loading class java/util/stream/Nodes$FixedNodeBuilder done

Classes unloaded (0 events):
No events

Classes redefined (0 events):
No events

Internal exceptions (7 events):
Event: 0.064 Thread 0x00007a2dcc02a290 Exception <a 'java/lang/NoSuchMethodError'{0x0000000718ba2fe8}: 'int java.lang.invoke.DirectMethodHandle$Holder.invokeStaticInit(java.lang.Object, java.lang.Object, java.lang.Object, java.lang.Object)'> (0x0000000718ba2fe8) 
thrown [src/hotspot/share/interpreter/linkResolver.cpp, line 758]
Event: 0.065 Thread 0x00007a2dcc02a290 Exception <a 'java/lang/NoSuchMethodError'{0x0000000718bac730}: 'java.lang.Object java.lang.invoke.DirectMethodHandle$Holder.invokeInterface(java.lang.Object, java.lang.Object)'> (0x0000000718bac730) 
thrown [src/hotspot/share/interpreter/linkResolver.cpp, line 758]
Event: 0.066 Thread 0x00007a2dcc02a290 Exception <a 'java/lang/IncompatibleClassChangeError'{0x0000000718bafc80}: Found class java.lang.Object, but interface was expected> (0x0000000718bafc80) 
thrown [src/hotspot/share/interpreter/linkResolver.cpp, line 826]
Event: 0.066 Thread 0x00007a2dcc02a290 Exception <a 'java/lang/NoSuchMethodError'{0x0000000718bb2c18}: 'void java.lang.invoke.DirectMethodHandle$Holder.invokeStatic(java.lang.Object, java.lang.Object)'> (0x0000000718bb2c18) 
thrown [src/hotspot/share/interpreter/linkResolver.cpp, line 758]
Event: 0.066 Thread 0x00007a2dcc02a290 Exception <a 'java/lang/NoSuchMethodError'{0x0000000718bb6288}: 'void java.lang.invoke.DirectMethodHandle$Holder.invokeStaticInit(java.lang.Object, java.lang.Object)'> (0x0000000718bb6288) 
thrown [src/hotspot/share/interpreter/linkResolver.cpp, line 758]
Event: 0.067 Thread 0x00007a2dcc02a290 Exception <a 'java/lang/NoSuchMethodError'{0x0000000718bbc4e8}: 'int java.lang.invoke.DirectMethodHandle$Holder.invokeStaticInit(java.lang.Object, java.lang.Object)'> (0x0000000718bbc4e8) 
thrown [src/hotspot/share/interpreter/linkResolver.cpp, line 758]
Event: 0.134 Thread 0x00007a2dcc02a290 Exception <a 'java/lang/NoSuchMethodError'{0x000000071891e170}: 'java.lang.Object java.lang.invoke.DirectMethodHandle$Holder.invokeStatic(java.lang.Object, int, java.lang.Object)'> (0x000000071891e170) 
thrown [src/hotspot/share/interpreter/linkResolver.cpp, line 758]

VM Operations (4 events):
Event: 1.016 Executing VM operation: Cleanup
Event: 1.016 Executing VM operation: Cleanup done
Event: 8.017 Executing VM operation: Cleanup
Event: 8.017 Executing VM operation: Cleanup done

Memory protections (12 events):
Event: 0.001 Protecting memory [0x00007a2dd161a000,0x00007a2dd161e000] with protection modes 0
Event: 0.017 Protecting memory [0x00007a2d9dbac000,0x00007a2d9dbb0000] with protection modes 0
Event: 0.018 Protecting memory [0x00007a2d9daab000,0x00007a2d9daaf000] with protection modes 0
Event: 0.020 Protecting memory [0x00007a2d9d9aa000,0x00007a2d9d9ae000] with protection modes 0
Event: 0.020 Protecting memory [0x00007a2d9d8a9000,0x00007a2d9d8ad000] with protection modes 0
Event: 0.020 Protecting memory [0x00007a2d9d7a8000,0x00007a2d9d7ac000] with protection modes 0
Event: 0.020 Protecting memory [0x00007a2d9d6a7000,0x00007a2d9d6ab000] with protection modes 0
Event: 0.020 Protecting memory [0x00007a2d9d5a6000,0x00007a2d9d5aa000] with protection modes 0
Event: 0.020 Protecting memory [0x00007a2d9d4a5000,0x00007a2d9d4a9000] with protection modes 0
Event: 0.023 Protecting memory [0x00007a2d9d3a4000,0x00007a2d9d3a8000] with protection modes 0
Event: 0.025 Protecting memory [0x00007a2d9d1a2000,0x00007a2d9d1a6000] with protection modes 0
Event: 0.151 Protecting memory [0x00007a2d9ce5e000,0x00007a2d9ce62000] with protection modes 0

Nmethod flushes (0 events):
No events

Events (12 events):
Event: 0.016 Thread 0x00007a2dcc02a290 Thread added: 0x00007a2dcc02a290
Event: 0.017 Thread 0x00007a2dcc02a290 Thread added: 0x00007a2dcc18d5c0
Event: 0.018 Thread 0x00007a2dcc02a290 Thread added: 0x00007a2dcc18e9a0
Event: 0.020 Thread 0x00007a2dcc02a290 Thread added: 0x00007a2dcc193f40
Event: 0.020 Thread 0x00007a2dcc02a290 Thread added: 0x00007a2dcc1952f0
Event: 0.020 Thread 0x00007a2dcc02a290 Thread added: 0x00007a2dcc196700
Event: 0.020 Thread 0x00007a2dcc02a290 Thread added: 0x00007a2dcc1980b0
Event: 0.020 Thread 0x00007a2dcc02a290 Thread added: 0x00007a2dcc1995e0
Event: 0.020 Thread 0x00007a2dcc02a290 Thread added: 0x00007a2dcc1a2a40
Event: 0.023 Thread 0x00007a2dcc02a290 Thread added: 0x00007a2dcc1aaac0
Event: 0.025 Thread 0x00007a2dcc02a290 Thread added: 0x00007a2dcc1ad910
Event: 0.151 Thread 0x00007a2dcc02a290 Thread added: 0x00007a2dcc2a1d00


Dynamic libraries:
709400000-718c00000 rw-p 00000000 00:00 0 
718c00000-7ffc00000 ---p 00000000 00:00 0 
7ffc00000-7ffd00000 rw-p 00000000 00:00 0 
7ffd00000-7ffd75000 rw-p 00c79000 00:28 1033232                          /home/tom/.jdks/temurin-17.0.15/lib/server/classes.jsa
7ffd75000-7ffe00000 rw-p 00000000 00:00 0 
7ffe00000-7ffe78000 rw-p 00c01000 00:28 1033232                          /home/tom/.jdks/temurin-17.0.15/lib/server/classes.jsa
7ffe78000-800000000 rw-p 00000000 00:00 0 
56632f7cb000-56632f7cc000 r--p 00000000 00:28 1033380                    /home/tom/.jdks/temurin-17.0.15/bin/java
56632f7cc000-56632f7cd000 r-xp 00001000 00:28 1033380                    /home/tom/.jdks/temurin-17.0.15/bin/java
56632f7cd000-56632f7ce000 r--p 00002000 00:28 1033380                    /home/tom/.jdks/temurin-17.0.15/bin/java
56632f7ce000-56632f7cf000 r--p 00002000 00:28 1033380                    /home/tom/.jdks/temurin-17.0.15/bin/java
56632f7cf000-56632f7d0000 rw-p 00003000 00:28 1033380                    /home/tom/.jdks/temurin-17.0.15/bin/java
566333c2b000-566333c73000 rw-p 00000000 00:00 0                          [heap]
7a2d08000000-7a2d08021000 rw-p 00000000 00:00 0 
7a2d08021000-7a2d0c000000 ---p 00000000 00:00 0 
7a2d0c000000-7a2d0c021000 rw-p 00000000 00:00 0 
7a2d0c021000-7a2d10000000 ---p 00000000 00:00 0 
7a2d10000000-7a2d10021000 rw-p 00000000 00:00 0 
7a2d10021000-7a2d14000000 ---p 00000000 00:00 0 
7a2d14000000-7a2d14021000 rw-p 00000000 00:00 0 
7a2d14021000-7a2d18000000 ---p 00000000 00:00 0 
7a2d18000000-7a2d1818c000 rw-p 00000000 00:00 0 
7a2d1818c000-7a2d1c000000 ---p 00000000 00:00 0 
7a2d1c000000-7a2d1c021000 rw-p 00000000 00:00 0 
7a2d1c021000-7a2d20000000 ---p 00000000 00:00 0 
7a2d20000000-7a2d20021000 rw-p 00000000 00:00 0 
7a2d20021000-7a2d24000000 ---p 00000000 00:00 0 
7a2d24000000-7a2d242d7000 rw-p 00000000 00:00 0 
7a2d242d7000-7a2d28000000 ---p 00000000 00:00 0 
7a2d28000000-7a2d28021000 rw-p 00000000 00:00 0 
7a2d28021000-7a2d2c000000 ---p 00000000 00:00 0 
7a2d2e200000-7a2d3bf97000 r--p 00000000 00:28 32291                      /usr/lib/locale/locale-archive
7a2d3c000000-7a2d3c021000 rw-p 00000000 00:00 0 
7a2d3c021000-7a2d40000000 ---p 00000000 00:00 0 
7a2d40000000-7a2d40021000 rw-p 00000000 00:00 0 
7a2d40021000-7a2d44000000 ---p 00000000 00:00 0 
7a2d44000000-7a2d44021000 rw-p 00000000 00:00 0 
7a2d44021000-7a2d48000000 ---p 00000000 00:00 0 
7a2d48800000-7a2d48822000 r-xp 00000000 00:28 439061                     /usr/lib64/libnvidia-allocator.so.570.124.04
7a2d48822000-7a2d48a22000 ---p 00022000 00:28 439061                     /usr/lib64/libnvidia-allocator.so.570.124.04
7a2d48a22000-7a2d48a2a000 r--p 00022000 00:28 439061                     /usr/lib64/libnvidia-allocator.so.570.124.04
7a2d48a2a000-7a2d48a2b000 rw-p 0002a000 00:28 439061                     /usr/lib64/libnvidia-allocator.so.570.124.04
7a2d48a2b000-7a2d48a2c000 rw-p 00000000 00:00 0 
7a2d4b000000-7a2d4b120000 rw-p 00000000 00:00 0 
7a2d4b120000-7a2d4b400000 ---p 00000000 00:00 0 
7a2d4b400000-7a2d4b4f0000 rw-p 00000000 00:00 0 
7a2d4b4f0000-7a2d4f000000 ---p 00000000 00:00 0 
7a2d4f000000-7a2d4fbc9000 rw-p 00001000 00:28 1033232                    /home/tom/.jdks/temurin-17.0.15/lib/server/classes.jsa
7a2d4fbc9000-7a2d50000000 ---p 00000000 00:00 0 
7a2d50000000-7a2d50020000 rw-p 00000000 00:00 0 
7a2d50020000-7a2d50040000 ---p 00000000 00:00 0 
7a2d50040000-7a2d50060000 rw-p 00000000 00:00 0 
7a2d50060000-7a2d90000000 ---p 00000000 00:00 0 
7a2d90000000-7a2d90021000 rw-p 00000000 00:00 0 
7a2d90021000-7a2d94000000 ---p 00000000 00:00 0 
7a2d94000000-7a2d94021000 rw-p 00000000 00:00 0 
7a2d94021000-7a2d98000000 ---p 00000000 00:00 0 
7a2d98000000-7a2d98021000 rw-p 00000000 00:00 0 
7a2d98021000-7a2d9c000000 ---p 00000000 00:00 0 
7a2d9c243000-7a2d9c250000 r-xp 00000000 00:28 56595                      /usr/lib64/libdrm.so.2.124.0
7a2d9c250000-7a2d9c258000 r--p 0000d000 00:28 56595                      /usr/lib64/libdrm.so.2.124.0
7a2d9c258000-7a2d9c259000 r--p 00015000 00:28 56595                      /usr/lib64/libdrm.so.2.124.0
7a2d9c259000-7a2d9c25a000 rw-p 00000000 00:00 0 
7a2d9c25a000-7a2d9c25b000 r--p 00000000 00:28 57514                      /usr/lib64/libsystemd.so.0.39.0
7a2d9c25b000-7a2d9c2fa000 r-xp 00001000 00:28 57514                      /usr/lib64/libsystemd.so.0.39.0
7a2d9c2fa000-7a2d9c33f000 r--p 000a0000 00:28 57514                      /usr/lib64/libsystemd.so.0.39.0
7a2d9c33f000-7a2d9c34b000 r--p 000e4000 00:28 57514                      /usr/lib64/libsystemd.so.0.39.0
7a2d9c34b000-7a2d9c34c000 rw-p 000f0000 00:28 57514                      /usr/lib64/libsystemd.so.0.39.0
7a2d9c34c000-7a2d9c34d000 rw-p 00000000 00:00 0 
7a2d9c34d000-7a2d9c35a000 r--p 00000000 00:28 56557                      /usr/lib64/libdbus-1.so.3.32.4
7a2d9c35a000-7a2d9c38d000 r-xp 0000d000 00:28 56557                      /usr/lib64/libdbus-1.so.3.32.4
7a2d9c38d000-7a2d9c39e000 r--p 00040000 00:28 56557                      /usr/lib64/libdbus-1.so.3.32.4
7a2d9c39e000-7a2d9c3a0000 r--p 00050000 00:28 56557                      /usr/lib64/libdbus-1.so.3.32.4
7a2d9c3a0000-7a2d9c3a1000 rw-p 00052000 00:28 56557                      /usr/lib64/libdbus-1.so.3.32.4
7a2d9c600000-7a2d9c601000 r--p 00000000 00:28 57505                      /usr/lib64/libstdc++.so.6.0.33
7a2d9c601000-7a2d9c738000 r-xp 00001000 00:28 57505                      /usr/lib64/libstdc++.so.6.0.33
7a2d9c738000-7a2d9c851000 r--p 00138000 00:28 57505                      /usr/lib64/libstdc++.so.6.0.33
7a2d9c851000-7a2d9c85e000 r--p 00250000 00:28 57505                      /usr/lib64/libstdc++.so.6.0.33
7a2d9c85e000-7a2d9c85f000 rw-p 0025d000 00:28 57505                      /usr/lib64/libstdc++.so.6.0.33
7a2d9c85f000-7a2d9c863000 rw-p 00000000 00:00 0 
7a2d9c86b000-7a2d9c86f000 r-xp 00000000 00:28 57708                      /usr/lib64/libxcb-xfixes.so.0.0.0
7a2d9c86f000-7a2d9c873000 r--p 00004000 00:28 57708                      /usr/lib64/libxcb-xfixes.so.0.0.0
7a2d9c873000-7a2d9c874000 r--p 00008000 00:28 57708                      /usr/lib64/libxcb-xfixes.so.0.0.0
7a2d9c874000-7a2d9c875000 rw-p 00009000 00:28 57708                      /usr/lib64/libxcb-xfixes.so.0.0.0
7a2d9c875000-7a2d9c879000 r-xp 00000000 00:28 57705                      /usr/lib64/libxcb-sync.so.1.0.0
7a2d9c879000-7a2d9c87c000 r--p 00004000 00:28 57705                      /usr/lib64/libxcb-sync.so.1.0.0
7a2d9c87c000-7a2d9c87d000 r--p 00007000 00:28 57705                      /usr/lib64/libxcb-sync.so.1.0.0
7a2d9c87d000-7a2d9c87e000 rw-p 00008000 00:28 57705                      /usr/lib64/libxcb-sync.so.1.0.0
7a2d9c87e000-7a2d9c880000 r-xp 00000000 00:28 57696                      /usr/lib64/libxcb-present.so.0.0.0
7a2d9c880000-7a2d9c882000 r--p 00002000 00:28 57696                      /usr/lib64/libxcb-present.so.0.0.0
7a2d9c882000-7a2d9c883000 r--p 00003000 00:28 57696                      /usr/lib64/libxcb-present.so.0.0.0
7a2d9c883000-7a2d9c884000 rw-p 00004000 00:28 57696                      /usr/lib64/libxcb-present.so.0.0.0
7a2d9c884000-7a2d9c887000 r-xp 00000000 00:28 57690                      /usr/lib64/libxcb-dri3.so.0.1.0
7a2d9c887000-7a2d9c889000 r--p 00003000 00:28 57690                      /usr/lib64/libxcb-dri3.so.0.1.0
7a2d9c889000-7a2d9c88a000 r--p 00005000 00:28 57690                      /usr/lib64/libxcb-dri3.so.0.1.0
7a2d9c88a000-7a2d9c88b000 rw-p 00006000 00:28 57690                      /usr/lib64/libxcb-dri3.so.0.1.0
7a2d9c88b000-7a2d9c892000 r-xp 00000000 00:28 57697                      /usr/lib64/libxcb-randr.so.0.1.0
7a2d9c892000-7a2d9c89c000 r--p 00007000 00:28 57697                      /usr/lib64/libxcb-randr.so.0.1.0
7a2d9c89c000-7a2d9c89d000 r--p 00011000 00:28 57697                      /usr/lib64/libxcb-randr.so.0.1.0
7a2d9c89d000-7a2d9c89e000 rw-p 00012000 00:28 57697                      /usr/lib64/libxcb-randr.so.0.1.0
7a2d9c89e000-7a2d9c8a8000 r-xp 00000000 00:28 57692                      /usr/lib64/libxcb-glx.so.0.0.0
7a2d9c8a8000-7a2d9c8b8000 r--p 0000a000 00:28 57692                      /usr/lib64/libxcb-glx.so.0.0.0
7a2d9c8b8000-7a2d9c8ba000 r--p 0001a000 00:28 57692                      /usr/lib64/libxcb-glx.so.0.0.0
7a2d9c8ba000-7a2d9c8bb000 rw-p 0001c000 00:28 57692                      /usr/lib64/libxcb-glx.so.0.0.0
7a2d9c8bb000-7a2d9c8bc000 r--p 00000000 00:28 56347                      /usr/lib64/libX11.so.6.4.0
7a2d9c8bc000-7a2d9c954000 r-xp 00001000 00:28 56347                      /usr/lib64/libX11.so.6.4.0
7a2d9c954000-7a2d9c9f9000 r--p 00099000 00:28 56347                      /usr/lib64/libX11.so.6.4.0
7a2d9c9f9000-7a2d9c9fc000 r--p 0013d000 00:28 56347                      /usr/lib64/libX11.so.6.4.0
7a2d9c9fc000-7a2d9ca00000 rw-p 00140000 00:28 56347                      /usr/lib64/libX11.so.6.4.0
7a2d9ca00000-7a2d9ca6d000 r--p 00000000 00:28 441577                     /home/tom/.javacpp/cache/jaylib-5.5.0-2.jar/com/raylib/linux-x86_64/libjniRaylib.so
7a2d9ca6d000-7a2d9ccd1000 r-xp 0006d000 00:28 441577                     /home/tom/.javacpp/cache/jaylib-5.5.0-2.jar/com/raylib/linux-x86_64/libjniRaylib.so
7a2d9ccd1000-7a2d9cd63000 r--p 002d1000 00:28 441577                     /home/tom/.javacpp/cache/jaylib-5.5.0-2.jar/com/raylib/linux-x86_64/libjniRaylib.so
7a2d9cd63000-7a2d9cd64000 ---p 00363000 00:28 441577                     /home/tom/.javacpp/cache/jaylib-5.5.0-2.jar/com/raylib/linux-x86_64/libjniRaylib.so
7a2d9cd64000-7a2d9cd65000 r--p 00363000 00:28 441577                     /home/tom/.javacpp/cache/jaylib-5.5.0-2.jar/com/raylib/linux-x86_64/libjniRaylib.so
7a2d9cd65000-7a2d9cd6f000 rw-p 00364000 00:28 441577                     /home/tom/.javacpp/cache/jaylib-5.5.0-2.jar/com/raylib/linux-x86_64/libjniRaylib.so
7a2d9cd6f000-7a2d9cda9000 rw-p 00000000 00:00 0 
7a2d9ce1d000-7a2d9ce21000 r--p 00000000 00:28 56356                      /usr/lib64/libXext.so.6.4.0
7a2d9ce21000-7a2d9ce2c000 r-xp 00004000 00:28 56356                      /usr/lib64/libXext.so.6.4.0
7a2d9ce2c000-7a2d9ce2f000 r--p 0000f000 00:28 56356                      /usr/lib64/libXext.so.6.4.0
7a2d9ce2f000-7a2d9ce30000 r--p 00011000 00:28 56356                      /usr/lib64/libXext.so.6.4.0
7a2d9ce30000-7a2d9ce31000 rw-p 00012000 00:28 56356                      /usr/lib64/libXext.so.6.4.0
7a2d9ce31000-7a2d9ce47000 r-xp 00000000 00:28 57716                      /usr/lib64/libxcb.so.1.1.0
7a2d9ce47000-7a2d9ce5b000 r--p 00016000 00:28 57716                      /usr/lib64/libxcb.so.1.1.0
7a2d9ce5b000-7a2d9ce5c000 r--p 0002a000 00:28 57716                      /usr/lib64/libxcb.so.1.1.0
7a2d9ce5c000-7a2d9ce5d000 rw-p 0002b000 00:28 57716                      /usr/lib64/libxcb.so.1.1.0
7a2d9ce5d000-7a2d9ce5e000 ---p 00000000 00:00 0 
7a2d9ce5e000-7a2d9ce62000 ---p 00000000 00:00 0 
7a2d9ce62000-7a2d9cf5e000 rw-p 00000000 00:00 0 
7a2d9cf5e000-7a2d9cf5f000 r--p 00000000 00:28 56712                      /usr/lib64/libgcc_s-14-20250110.so.1
7a2d9cf5f000-7a2d9cf83000 r-xp 00001000 00:28 56712                      /usr/lib64/libgcc_s-14-20250110.so.1
7a2d9cf83000-7a2d9cf8b000 r--p 00025000 00:28 56712                      /usr/lib64/libgcc_s-14-20250110.so.1
7a2d9cf8b000-7a2d9cf8c000 r--p 0002c000 00:28 56712                      /usr/lib64/libgcc_s-14-20250110.so.1
7a2d9cf8c000-7a2d9cf8d000 rw-p 00000000 00:00 0 
7a2d9cf8d000-7a2d9cfb9000 r--p 00000000 00:28 590948                     /usr/lib/libraylib.so.5.5.0
7a2d9cfb9000-7a2d9d0cf000 r-xp 0002c000 00:28 590948                     /usr/lib/libraylib.so.5.5.0
7a2d9d0cf000-7a2d9d138000 r--p 00142000 00:28 590948                     /usr/lib/libraylib.so.5.5.0
7a2d9d138000-7a2d9d13c000 r--p 001aa000 00:28 590948                     /usr/lib/libraylib.so.5.5.0
7a2d9d13c000-7a2d9d140000 rw-p 001ae000 00:28 590948                     /usr/lib/libraylib.so.5.5.0
7a2d9d140000-7a2d9d1a1000 rw-p 00000000 00:00 0 
7a2d9d1a1000-7a2d9d1a2000 ---p 00000000 00:00 0 
7a2d9d1a2000-7a2d9d1a6000 ---p 00000000 00:00 0 
7a2d9d1a6000-7a2d9d2a2000 rw-p 00000000 00:00 0 
7a2d9d2a2000-7a2d9d2a3000 ---p 00000000 00:00 0 
7a2d9d2a3000-7a2d9d3a3000 rw-p 00000000 00:00 0 
7a2d9d3a3000-7a2d9d3a4000 ---p 00000000 00:00 0 
7a2d9d3a4000-7a2d9d3a8000 ---p 00000000 00:00 0 
7a2d9d3a8000-7a2d9d4a4000 rw-p 00000000 00:00 0 
7a2d9d4a4000-7a2d9d4a5000 ---p 00000000 00:00 0 
7a2d9d4a5000-7a2d9d4a9000 ---p 00000000 00:00 0 
7a2d9d4a9000-7a2d9d5a5000 rw-p 00000000 00:00 0 
7a2d9d5a5000-7a2d9d5a6000 ---p 00000000 00:00 0 
7a2d9d5a6000-7a2d9d5aa000 ---p 00000000 00:00 0 
7a2d9d5aa000-7a2d9d6a6000 rw-p 00000000 00:00 0 
7a2d9d6a6000-7a2d9d6a7000 ---p 00000000 00:00 0 
7a2d9d6a7000-7a2d9d6ab000 ---p 00000000 00:00 0 
7a2d9d6ab000-7a2d9d7a7000 rw-p 00000000 00:00 0 
7a2d9d7a7000-7a2d9d7a8000 ---p 00000000 00:00 0 
7a2d9d7a8000-7a2d9d7ac000 ---p 00000000 00:00 0 
7a2d9d7ac000-7a2d9d8a8000 rw-p 00000000 00:00 0 
7a2d9d8a8000-7a2d9d8a9000 ---p 00000000 00:00 0 
7a2d9d8a9000-7a2d9d8ad000 ---p 00000000 00:00 0 
7a2d9d8ad000-7a2d9d9a9000 rw-p 00000000 00:00 0 
7a2d9d9a9000-7a2d9d9aa000 ---p 00000000 00:00 0 
7a2d9d9aa000-7a2d9d9ae000 ---p 00000000 00:00 0 
7a2d9d9ae000-7a2d9daaa000 rw-p 00000000 00:00 0 
7a2d9daaa000-7a2d9daab000 ---p 00000000 00:00 0 
7a2d9daab000-7a2d9daaf000 ---p 00000000 00:00 0 
7a2d9daaf000-7a2d9dbab000 rw-p 00000000 00:00 0 
7a2d9dbab000-7a2d9dbac000 ---p 00000000 00:00 0 
7a2d9dbac000-7a2d9dbb0000 ---p 00000000 00:00 0 
7a2d9dbb0000-7a2d9dcac000 rw-p 00000000 00:00 0 
7a2d9dcac000-7a2d9dcad000 ---p 00000000 00:00 0 
7a2d9dcad000-7a2d9ddad000 rw-p 00000000 00:00 0 
7a2d9ddad000-7a2d9ddb2000 r--p 00000000 00:28 1033213                    /home/tom/.jdks/temurin-17.0.15/lib/libjsvml.so
7a2d9ddb2000-7a2d9ddf3000 r-xp 00005000 00:28 1033213                    /home/tom/.jdks/temurin-17.0.15/lib/libjsvml.so
7a2d9ddf3000-7a2d9de7c000 r--p 00046000 00:28 1033213                    /home/tom/.jdks/temurin-17.0.15/lib/libjsvml.so
7a2d9de7c000-7a2d9de7d000 r--p 000ce000 00:28 1033213                    /home/tom/.jdks/temurin-17.0.15/lib/libjsvml.so
7a2d9de7d000-7a2d9de7e000 rw-p 000cf000 00:28 1033213                    /home/tom/.jdks/temurin-17.0.15/lib/libjsvml.so
7a2d9de7e000-7a2d9deff000 rw-p 00000000 00:00 0 
7a2d9deff000-7a2d9df00000 ---p 00000000 00:00 0 
7a2d9df00000-7a2d9e000000 rw-p 00000000 00:00 0 
7a2d9e000000-7a2da0021000 rw-p 00000000 00:00 0 
7a2da0021000-7a2da4000000 ---p 00000000 00:00 0 
7a2da4000000-7a2da4021000 rw-p 00000000 00:00 0 
7a2da4021000-7a2da8000000 ---p 00000000 00:00 0 
7a2da8000000-7a2da8021000 rw-p 00000000 00:00 0 
7a2da8021000-7a2dac000000 ---p 00000000 00:00 0 
7a2dac009000-7a2dac00c000 r--p 00000000 00:28 56496                      /usr/lib64/libcap.so.2.70
7a2dac00c000-7a2dac012000 r-xp 00003000 00:28 56496                      /usr/lib64/libcap.so.2.70
7a2dac012000-7a2dac014000 r--p 00009000 00:28 56496                      /usr/lib64/libcap.so.2.70
7a2dac014000-7a2dac015000 r--p 0000a000 00:28 56496                      /usr/lib64/libcap.so.2.70
7a2dac015000-7a2dac016000 rw-p 0000b000 00:28 56496                      /usr/lib64/libcap.so.2.70
7a2dac026000-7a2dac02d000 r--s 00000000 00:28 60335                      /usr/lib64/gconv/gconv-modules.cache
7a2dac02d000-7a2dac02e000 ---p 00000000 00:00 0 
7a2dac02e000-7a2dac12e000 rw-p 00000000 00:00 0 
7a2dac12e000-7a2dacb14000 rw-p 00000000 00:00 0 
7a2dacb14000-7a2db04d4000 ---p 00000000 00:00 0 
7a2db04d4000-7a2db08c4000 rw-p 00000000 00:00 0 
7a2db08c4000-7a2db4284000 ---p 00000000 00:00 0 
7a2db4284000-7a2db4310000 rw-p 00000000 00:00 0 
7a2db4310000-7a2db4a48000 ---p 00000000 00:00 0 
7a2db4a48000-7a2db4ac6000 rw-p 00000000 00:00 0 
7a2db4ac6000-7a2db51fe000 ---p 00000000 00:00 0 
7a2db51fe000-7a2db5200000 rw-p 00000000 00:00 0 
7a2db5200000-7a2db5470000 rwxp 00000000 00:00 0 
7a2db5470000-7a2dbc737000 ---p 00000000 00:00 0 
7a2dbc737000-7a2dbc9a7000 rwxp 00000000 00:00 0 
7a2dbc9a7000-7a2dbccc9000 ---p 00000000 00:00 0 
7a2dbccc9000-7a2dbcf39000 rwxp 00000000 00:00 0 
7a2dbcf39000-7a2dc4200000 ---p 00000000 00:00 0 
7a2dc4200000-7a2dcbe02000 r--s 00000000 00:28 1033181                    /home/tom/.jdks/temurin-17.0.15/lib/modules
7a2dcbe04000-7a2dcbe05000 r--p 00000000 00:28 56346                      /usr/lib64/libX11-xcb.so.1.0.0
7a2dcbe05000-7a2dcbe06000 r-xp 00001000 00:28 56346                      /usr/lib64/libX11-xcb.so.1.0.0
7a2dcbe06000-7a2dcbe07000 r--p 00002000 00:28 56346                      /usr/lib64/libX11-xcb.so.1.0.0
7a2dcbe07000-7a2dcbe08000 r--p 00002000 00:28 56346                      /usr/lib64/libX11-xcb.so.1.0.0
7a2dcbe08000-7a2dcbe09000 rw-p 00000000 00:00 0 
7a2dcbe0e000-7a2dcbe10000 r--p 00000000 00:28 1033182                    /home/tom/.jdks/temurin-17.0.15/lib/libzip.so
7a2dcbe10000-7a2dcbe22000 r-xp 00002000 00:28 1033182                    /home/tom/.jdks/temurin-17.0.15/lib/libzip.so
7a2dcbe22000-7a2dcbe2a000 r--p 00014000 00:28 1033182                    /home/tom/.jdks/temurin-17.0.15/lib/libzip.so
7a2dcbe2a000-7a2dcbe2b000 r--p 0001b000 00:28 1033182                    /home/tom/.jdks/temurin-17.0.15/lib/libzip.so
7a2dcbe2b000-7a2dcbe2c000 rw-p 0001c000 00:28 1033182                    /home/tom/.jdks/temurin-17.0.15/lib/libzip.so
7a2dcbe2c000-7a2dcbec8000 rw-p 00000000 00:00 0 
7a2dcbed0000-7a2dcbed4000 r--p 00000000 00:28 1033226                    /home/tom/.jdks/temurin-17.0.15/lib/libnet.so
7a2dcbed4000-7a2dcbee2000 r-xp 00004000 00:28 1033226                    /home/tom/.jdks/temurin-17.0.15/lib/libnet.so
7a2dcbee2000-7a2dcbee6000 r--p 00012000 00:28 1033226                    /home/tom/.jdks/temurin-17.0.15/lib/libnet.so
7a2dcbee6000-7a2dcbee7000 r--p 00015000 00:28 1033226                    /home/tom/.jdks/temurin-17.0.15/lib/libnet.so
7a2dcbee7000-7a2dcbee8000 rw-p 00016000 00:28 1033226                    /home/tom/.jdks/temurin-17.0.15/lib/libnet.so
7a2dcbee8000-7a2dcbeef000 r--p 00000000 00:28 1033235                    /home/tom/.jdks/temurin-17.0.15/lib/libnio.so
7a2dcbeef000-7a2dcbef8000 r-xp 00007000 00:28 1033235                    /home/tom/.jdks/temurin-17.0.15/lib/libnio.so
7a2dcbef8000-7a2dcbefc000 r--p 00010000 00:28 1033235                    /home/tom/.jdks/temurin-17.0.15/lib/libnio.so
7a2dcbefc000-7a2dcbefd000 ---p 00014000 00:28 1033235                    /home/tom/.jdks/temurin-17.0.15/lib/libnio.so
7a2dcbefd000-7a2dcbefe000 r--p 00014000 00:28 1033235                    /home/tom/.jdks/temurin-17.0.15/lib/libnio.so
7a2dcbefe000-7a2dcbeff000 rw-p 00015000 00:28 1033235                    /home/tom/.jdks/temurin-17.0.15/lib/libnio.so
7a2dcbeff000-7a2dccd6e000 rw-p 00000000 00:00 0 
7a2dccd6e000-7a2dd0000000 ---p 00000000 00:00 0 
7a2dd0002000-7a2dd0103000 rw-p 00000000 00:00 0 
7a2dd0103000-7a2dd0104000 ---p 00000000 00:00 0 
7a2dd0104000-7a2dd0204000 rw-p 00000000 00:00 0 
7a2dd0204000-7a2dd0205000 ---p 00000000 00:00 0 
7a2dd0205000-7a2dd0305000 rw-p 00000000 00:00 0 
7a2dd0305000-7a2dd0306000 ---p 00000000 00:00 0 
7a2dd0306000-7a2dd0406000 rw-p 00000000 00:00 0 
7a2dd0406000-7a2dd0502000 rw-p 00000000 00:00 0 
7a2dd0502000-7a2dd0c3a000 ---p 00000000 00:00 0 
7a2dd0c3a000-7a2dd1449000 rw-p 00000000 00:00 0 
7a2dd1449000-7a2dd152f000 ---p 00000000 00:00 0 
7a2dd152f000-7a2dd1534000 rw-p 00000000 00:00 0 
7a2dd1534000-7a2dd161a000 ---p 00000000 00:00 0 
7a2dd161a000-7a2dd161e000 ---p 00000000 00:00 0 
7a2dd161e000-7a2dd171a000 rw-p 00000000 00:00 0 
7a2dd171a000-7a2dd171b000 r--p 00000000 00:28 57049                      /usr/lib64/libm.so.6
7a2dd171b000-7a2dd1794000 r-xp 00001000 00:28 57049                      /usr/lib64/libm.so.6
7a2dd1794000-7a2dd17fe000 r--p 0007a000 00:28 57049                      /usr/lib64/libm.so.6
7a2dd17fe000-7a2dd17ff000 r--p 000e3000 00:28 57049                      /usr/lib64/libm.so.6
7a2dd17ff000-7a2dd1800000 rw-p 000e4000 00:28 57049                      /usr/lib64/libm.so.6
7a2dd1800000-7a2dd1a53000 r--p 00000000 00:28 1033234                    /home/tom/.jdks/temurin-17.0.15/lib/server/libjvm.so
7a2dd1a53000-7a2dd277c000 r-xp 00253000 00:28 1033234                    /home/tom/.jdks/temurin-17.0.15/lib/server/libjvm.so
7a2dd277c000-7a2dd2a09000 r--p 00f7c000 00:28 1033234                    /home/tom/.jdks/temurin-17.0.15/lib/server/libjvm.so
7a2dd2a09000-7a2dd2a0a000 ---p 01209000 00:28 1033234                    /home/tom/.jdks/temurin-17.0.15/lib/server/libjvm.so
7a2dd2a0a000-7a2dd2ac3000 r--p 01209000 00:28 1033234                    /home/tom/.jdks/temurin-17.0.15/lib/server/libjvm.so
7a2dd2ac3000-7a2dd2af8000 rw-p 012c2000 00:28 1033234                    /home/tom/.jdks/temurin-17.0.15/lib/server/libjvm.so
7a2dd2af8000-7a2dd2b53000 rw-p 00000000 00:00 0 
7a2dd2b5e000-7a2dd2b5f000 r--p 00000000 00:28 294601                     /usr/share/locale/en_GB/LC_MESSAGES/libc.mo
7a2dd2b5f000-7a2dd2b60000 r--p 00000000 00:28 56350                      /usr/lib64/libXau.so.6.0.0
7a2dd2b60000-7a2dd2b62000 r-xp 00001000 00:28 56350                      /usr/lib64/libXau.so.6.0.0
7a2dd2b62000-7a2dd2b63000 r--p 00003000 00:28 56350                      /usr/lib64/libXau.so.6.0.0
7a2dd2b63000-7a2dd2b64000 r--p 00003000 00:28 56350                      /usr/lib64/libXau.so.6.0.0
7a2dd2b64000-7a2dd2b6a000 rw-p 00000000 00:00 0 
7a2dd2b6a000-7a2dd2b71000 ---p 00000000 00:00 0 
7a2dd2b71000-7a2dd2b7f000 r--p 00000000 00:28 1033185                    /home/tom/.jdks/temurin-17.0.15/lib/libjava.so
7a2dd2b7f000-7a2dd2b91000 r-xp 0000e000 00:28 1033185                    /home/tom/.jdks/temurin-17.0.15/lib/libjava.so
7a2dd2b91000-7a2dd2b97000 r--p 00020000 00:28 1033185                    /home/tom/.jdks/temurin-17.0.15/lib/libjava.so
7a2dd2b97000-7a2dd2b98000 ---p 00026000 00:28 1033185                    /home/tom/.jdks/temurin-17.0.15/lib/libjava.so
7a2dd2b98000-7a2dd2b99000 r--p 00026000 00:28 1033185                    /home/tom/.jdks/temurin-17.0.15/lib/libjava.so
7a2dd2b99000-7a2dd2b9a000 rw-p 00027000 00:28 1033185                    /home/tom/.jdks/temurin-17.0.15/lib/libjava.so
7a2dd2b9a000-7a2dd2b9b000 rw-p 00000000 00:00 0 
7a2dd2b9b000-7a2dd2ba3000 rw-s 00000000 00:33 632                        /tmp/hsperfdata_tom/120408
7a2dd2ba3000-7a2dd2ba4000 ---p 00000000 00:00 0 
7a2dd2ba4000-7a2dd2ba5000 r--p 00000000 00:00 0 
7a2dd2ba5000-7a2dd2ba6000 r--p 00000000 00:28 57426                      /usr/lib64/librt.so.1
7a2dd2ba6000-7a2dd2ba7000 r-xp 00001000 00:28 57426                      /usr/lib64/librt.so.1
7a2dd2ba7000-7a2dd2ba8000 r--p 00002000 00:28 57426                      /usr/lib64/librt.so.1
7a2dd2ba8000-7a2dd2ba9000 r--p 00002000 00:28 57426                      /usr/lib64/librt.so.1
7a2dd2ba9000-7a2dd2bac000 rw-p 00000000 00:00 0 
7a2dd2bac000-7a2dd2bad000 r--p 00000000 00:28 56480                      /usr/lib64/libc.so.6
7a2dd2bad000-7a2dd2d1c000 r-xp 00001000 00:28 56480                      /usr/lib64/libc.so.6
7a2dd2d1c000-7a2dd2d91000 r--p 00170000 00:28 56480                      /usr/lib64/libc.so.6
7a2dd2d91000-7a2dd2d95000 r--p 001e5000 00:28 56480                      /usr/lib64/libc.so.6
7a2dd2d95000-7a2dd2d97000 rw-p 001e9000 00:28 56480                      /usr/lib64/libc.so.6
7a2dd2d97000-7a2dd2d9f000 rw-p 00000000 00:00 0 
7a2dd2d9f000-7a2dd2da0000 r--p 00000000 00:28 56581                      /usr/lib64/libdl.so.2
7a2dd2da0000-7a2dd2da1000 r-xp 00001000 00:28 56581                      /usr/lib64/libdl.so.2
7a2dd2da1000-7a2dd2da2000 r--p 00002000 00:28 56581                      /usr/lib64/libdl.so.2
7a2dd2da2000-7a2dd2da3000 r--p 00002000 00:28 56581                      /usr/lib64/libdl.so.2
7a2dd2da3000-7a2dd2da4000 rw-p 00000000 00:00 0 
7a2dd2da4000-7a2dd2da5000 r--p 00000000 00:28 57375                      /usr/lib64/libpthread.so.0
7a2dd2da5000-7a2dd2da6000 r-xp 00001000 00:28 57375                      /usr/lib64/libpthread.so.0
7a2dd2da6000-7a2dd2da7000 r--p 00002000 00:28 57375                      /usr/lib64/libpthread.so.0
7a2dd2da7000-7a2dd2da8000 r--p 00002000 00:28 57375                      /usr/lib64/libpthread.so.0
7a2dd2da8000-7a2dd2da9000 rw-p 00000000 00:00 0 
7a2dd2da9000-7a2dd2daa000 ---p 00000000 00:00 0 
7a2dd2daa000-7a2dd2dae000 r--p 00000000 00:28 1033217                    /home/tom/.jdks/temurin-17.0.15/lib/libjimage.so
7a2dd2dae000-7a2dd2dc1000 r-xp 00004000 00:28 1033217                    /home/tom/.jdks/temurin-17.0.15/lib/libjimage.so
7a2dd2dc1000-7a2dd2dc7000 r--p 00017000 00:28 1033217                    /home/tom/.jdks/temurin-17.0.15/lib/libjimage.so
7a2dd2dc7000-7a2dd2dc9000 r--p 0001c000 00:28 1033217                    /home/tom/.jdks/temurin-17.0.15/lib/libjimage.so
7a2dd2dc9000-7a2dd2dca000 rw-p 0001e000 00:28 1033217                    /home/tom/.jdks/temurin-17.0.15/lib/libjimage.so
7a2dd2dca000-7a2dd2dcd000 r--p 00000000 00:28 1033190                    /home/tom/.jdks/temurin-17.0.15/lib/libjli.so
7a2dd2dcd000-7a2dd2ddd000 r-xp 00003000 00:28 1033190                    /home/tom/.jdks/temurin-17.0.15/lib/libjli.so
7a2dd2ddd000-7a2dd2de4000 r--p 00013000 00:28 1033190                    /home/tom/.jdks/temurin-17.0.15/lib/libjli.so
7a2dd2de4000-7a2dd2de5000 r--p 00019000 00:28 1033190                    /home/tom/.jdks/temurin-17.0.15/lib/libjli.so
7a2dd2de5000-7a2dd2de6000 rw-p 0001a000 00:28 1033190                    /home/tom/.jdks/temurin-17.0.15/lib/libjli.so
7a2dd2de6000-7a2dd2de8000 rw-p 00000000 00:00 0 
7a2dd2de8000-7a2dd2dea000 r--p 00000000 00:00 0                          [vvar]
7a2dd2dea000-7a2dd2dec000 r--p 00000000 00:00 0                          [vvar_vclock]
7a2dd2dec000-7a2dd2dee000 r-xp 00000000 00:00 0                          [vdso]
7a2dd2dee000-7a2dd2def000 r--p 00000000 00:28 55890                      /usr/lib64/ld-linux-x86-64.so.2
7a2dd2def000-7a2dd2e18000 r-xp 00001000 00:28 55890                      /usr/lib64/ld-linux-x86-64.so.2
7a2dd2e18000-7a2dd2e23000 r--p 0002a000 00:28 55890                      /usr/lib64/ld-linux-x86-64.so.2
7a2dd2e23000-7a2dd2e25000 r--p 00035000 00:28 55890                      /usr/lib64/ld-linux-x86-64.so.2
7a2dd2e25000-7a2dd2e27000 rw-p 00037000 00:28 55890                      /usr/lib64/ld-linux-x86-64.so.2
7ffee4f25000-7ffee4f46000 rw-p 00000000 00:00 0                          [stack]
ffffffffff600000-ffffffffff601000 --xp 00000000 00:00 0                  [vsyscall]


VM Arguments:
jvm_args: -Dfile.encoding=UTF-8 -Duser.country=GB -Duser.language=en -Duser.variant 
java_command: Main
java_class_path (initial): /home/tom/Documents/GitHub/OpenWorldEngine/build/classes/java/main:/home/tom/Documents/GitHub/OpenWorldEngine/build/resources/main:/home/tom/.gradle/caches/modules-2/files-2.1/uk.co.electronstudio.jaylib/jaylib/5.5.0-2/f2131af8a2b69fa2333d92510f15f0d5fab72636/jaylib-5.5.0-2.jar
Launcher Type: SUN_STANDARD

[Global flags]
     intx CICompilerCount                          = 4                                         {product} {ergonomic}
     uint ConcGCThreads                            = 2                                         {product} {ergonomic}
     uint G1ConcRefinementThreads                  = 8                                         {product} {ergonomic}
   size_t G1HeapRegionSize                         = 2097152                                   {product} {ergonomic}
    uintx GCDrainStackTargetSize                   = 64                                        {product} {ergonomic}
   size_t InitialHeapSize                          = 260046848                                 {product} {ergonomic}
   size_t MarkStackSize                            = 4194304                                   {product} {ergonomic}
   size_t MaxHeapSize                              = 4139778048                                {product} {ergonomic}
   size_t MaxNewSize                               = 2483027968                                {product} {ergonomic}
   size_t MinHeapDeltaBytes                        = 2097152                                   {product} {ergonomic}
   size_t MinHeapSize                              = 8388608                                   {product} {ergonomic}
    uintx NonNMethodCodeHeapSize                   = 5839372                                {pd product} {ergonomic}
    uintx NonProfiledCodeHeapSize                  = 122909434                              {pd product} {ergonomic}
    uintx ProfiledCodeHeapSize                     = 122909434                              {pd product} {ergonomic}
    uintx ReservedCodeCacheSize                    = 251658240                              {pd product} {ergonomic}
     bool SegmentedCodeCache                       = true                                      {product} {ergonomic}
   size_t SoftMaxHeapSize                          = 4139778048                             {manageable} {ergonomic}
     bool UseCompressedClassPointers               = true                           {product lp64_product} {ergonomic}
     bool UseCompressedOops                        = true                           {product lp64_product} {ergonomic}
     bool UseG1GC                                  = true                                      {product} {ergonomic}

Logging:
Log output configuration:
 #0: stdout all=warning uptime,level,tags
 #1: stderr all=off uptime,level,tags

Environment Variables:
PATH=/tmp/.mount_osu.Ap7R3etJ/usr/bin/:/home/tom/.local/bin:/home/tom/bin:/usr/local/bin:/usr/bin:/bin:/usr/local/sbin:/usr/sbin:/sbin:/home/tom/.dotnet/tools
SHELL=/bin/bash
DISPLAY=:0
LANG=en_GB.utf8
LC_NUMERIC=en_GB.utf8
LC_TIME=en_GB.utf8

Active Locale:
LC_ALL=en_GB.utf8
LC_COLLATE=en_GB.utf8
LC_CTYPE=en_GB.utf8
LC_MESSAGES=en_GB.utf8
LC_MONETARY=en_GB.utf8
LC_NUMERIC=en_GB.utf8
LC_TIME=en_GB.utf8

Signal Handlers:
   SIGSEGV: crash_handler in libjvm.so, mask=11100100010111111101111111111110, flags=SA_RESTART|SA_SIGINFO, unblocked
    SIGBUS: crash_handler in libjvm.so, mask=11100100010111111101111111111110, flags=SA_RESTART|SA_SIGINFO, unblocked
    SIGFPE: crash_handler in libjvm.so, mask=11100100010111111101111111111110, flags=SA_RESTART|SA_SIGINFO, unblocked
   SIGPIPE: javaSignalHandler in libjvm.so, mask=11100100010111111101111111111110, flags=SA_RESTART|SA_SIGINFO, blocked
   SIGXFSZ: javaSignalHandler in libjvm.so, mask=11100100010111111101111111111110, flags=SA_RESTART|SA_SIGINFO, blocked
    SIGILL: crash_handler in libjvm.so, mask=11100100010111111101111111111110, flags=SA_RESTART|SA_SIGINFO, unblocked
   SIGUSR2: SR_handler in libjvm.so, mask=00100000000000000000000000000000, flags=SA_RESTART|SA_SIGINFO, blocked
    SIGHUP: UserHandler in libjvm.so, mask=11100100010111111101111111111110, flags=SA_RESTART|SA_SIGINFO, blocked
    SIGINT: UserHandler in libjvm.so, mask=11100100010111111101111111111110, flags=SA_RESTART|SA_SIGINFO, blocked
   SIGTERM: UserHandler in libjvm.so, mask=11100100010111111101111111111110, flags=SA_RESTART|SA_SIGINFO, blocked
   SIGQUIT: UserHandler in libjvm.so, mask=11100100010111111101111111111110, flags=SA_RESTART|SA_SIGINFO, blocked
   SIGTRAP: crash_handler in libjvm.so, mask=11100100010111111101111111111110, flags=SA_RESTART|SA_SIGINFO, unblocked


Periodic native trim disabled


---------------  S Y S T E M  ---------------

OS:
Nobara release 41 (Forty One)
uname: Linux 6.13.5-200.nobara.fc41.x86_64 #1 SMP PREEMPT_DYNAMIC Thu Feb 27 18:52:39 UTC 2025 x86_64
OS uptime: 0 days 13:49 hours
libc: glibc 2.40 NPTL 2.40 
rlimit (soft/hard): STACK 8192k/infinity , CORE infinity/infinity , NPROC 62306/62306 , NOFILE 1048576/1048576 , AS infinity/infinity , CPU infinity/infinity , DATA infinity/infinity , FSIZE infinity/infinity , MEMLOCK 8192k/8192k
load average: 2.43 1.45 1.31

/proc/meminfo:
MemTotal:       16167600 kB
MemFree:         3417160 kB
MemAvailable:    7916268 kB
Buffers:             320 kB
Cached:          4760116 kB
SwapCached:         5764 kB
Active:          6463520 kB
Inactive:        4736148 kB
Active(anon):    5021148 kB
Inactive(anon):  1559444 kB
Active(file):    1442372 kB
Inactive(file):  3176704 kB
Unevictable:         288 kB
Mlocked:             288 kB
SwapTotal:      26172312 kB
SwapFree:       24733852 kB
Zswap:                 0 kB
Zswapped:              0 kB
Dirty:              3300 kB
Writeback:            32 kB
AnonPages:       6277428 kB
Mapped:          2155556 kB
Shmem:            141692 kB
KReclaimable:     216660 kB
Slab:             432556 kB
SReclaimable:     216660 kB
SUnreclaim:       215896 kB
KernelStack:       24464 kB
PageTables:        57836 kB
SecPageTables:      5512 kB
NFS_Unstable:          0 kB
Bounce:                0 kB
WritebackTmp:          0 kB
CommitLimit:    34256112 kB
Committed_AS:   19479400 kB
VmallocTotal:   34359738367 kB
VmallocUsed:      138228 kB
VmallocChunk:          0 kB
Percpu:             8768 kB
HardwareCorrupted:     0 kB
AnonHugePages:   3172352 kB
ShmemHugePages:        0 kB
ShmemPmdMapped:        0 kB
FileHugePages:   1204224 kB
FilePmdMapped:    972800 kB
CmaTotal:              0 kB
CmaFree:               0 kB
Unaccepted:            0 kB
HugePages_Total:       0
HugePages_Free:        0
HugePages_Rsvd:        0
HugePages_Surp:        0
Hugepagesize:       2048 kB
Hugetlb:               0 kB
DirectMap4k:     2051000 kB
DirectMap2M:    13469696 kB
DirectMap1G:     1048576 kB

/sys/kernel/mm/transparent_hugepage/enabled: [always] madvise never
/sys/kernel/mm/transparent_hugepage/hpage_pmd_size: 2097152
/sys/kernel/mm/transparent_hugepage/defrag (defrag/compaction efforts parameter): always defer [defer+madvise] madvise never

Process Memory:
Virtual Size: 7279636K (peak: 7398668K)
Resident Set Size: 84168K (peak: 173812K) (anon: 42900K, file: 41268K, shmem: 0K)
Swapped out: 0K

[error occurred during error reporting (printing OS information), id 0xb, SIGSEGV (0xb) at pc=0x00007a2dd2c29380]

CPU: total 8 (initial active 8) (8 cores per cpu, 2 threads per core) family 23 model 96 stepping 1 microcode 0x860010d, cx8, cmov, fxsr, ht, mmx, 3dnowpref, sse, sse2, sse3, ssse3, sse4a, sse4.1, sse4.2, popcnt, lzcnt, tsc, tscinvbit, avx, avx2, aes, clmul, bmi1, bmi2, adx, sha, fma, vzeroupper, clflush, clflushopt
CPU Model and flags from /proc/cpuinfo:
model name	: AMD Ryzen 3 4100 4-Core Processor
flags		: fpu vme de pse tsc msr pae mce cx8 apic sep mtrr pge mca cmov pat pse36 clflush mmx fxsr sse sse2 ht syscall nx mmxext fxsr_opt pdpe1gb rdtscp lm constant_tsc rep_good nopl xtopology nonstop_tsc cpuid extd_apicid aperfmperf rapl pni pclmulqdq monitor ssse3 fma cx16 sse4_1 sse4_2 x2apic movbe popcnt aes xsave avx f16c rdrand lahf_lm cmp_legacy svm extapic cr8_legacy abm sse4a misalignsse 3dnowprefetch osvw ibs skinit wdt tce topoext perfctr_core perfctr_nb bpext perfctr_llc mwaitx cpb cat_l3 cdp_l3 hw_pstate ssbd mba ibrs ibpb stibp vmmcall fsgsbase bmi1 avx2 smep bmi2 cqm rdt_a rdseed adx smap clflushopt clwb sha_ni xsaveopt xsavec xgetbv1 cqm_llc cqm_occup_llc cqm_mbm_total cqm_mbm_local clzero irperf xsaveerptr rdpru wbnoinvd cppc arat npt lbrv svm_lock nrip_save tsc_scale vmcb_clean flushbyasid decodeassists pausefilter pfthreshold avic v_vmsave_vmload vgif v_spec_ctrl umip rdpid overflow_recov succor smca

Online cpus: 0-7
Offline cpus: 
BIOS frequency limitation: <Not Available>
Frequency switch latency (ns): 0
Available cpu frequencies: <Not Available>
Current governor: powersave
Core performance/turbo boost: 1

Memory: 4k page, physical 16167600k(3417160k free), swap 26172312k(24733852k free)
Page Sizes: 4k

vm_info: OpenJDK 64-Bit Server VM (17.0.15+6) for linux-amd64 JRE (17.0.15+6), built on Apr 15 2025 00:00:00 by "admin" with gcc 10.3.0

END.
